C51 COMPILER V9.60.0.0   SYSDP                                                             09/18/2026 16:57:19 PAGE 1   


C51 COMPILER V9.60.0.0, COMPILATION OF MODULE SYSDP
OBJECT MODULE PLACED IN .\Output\RL6851_Project\SysDP.obj
COMPILER INVOKED BY: C:\Keil_v5\C51\BIN\C51.EXE Kernel\System\Code\SysDP.c LARGE OPTIMIZE(9,SPEED) INCDIR(.\Output\RL685
                    -1;.\Project\Header;.\Pcb;.\Panel;.\Kernel\Device\Header;.\Kernel\Common;.\Kernel\System\Header;.\Kernel\Scaler_Group2\RL
                    -6851_Series_Scaler\Header;.\Kernel\Scaler_Group2\RL6851_Series_Scaler\Lib\Header;.\Kernel\User Common Function\Header;.\
                    -User\RTD Series\RTD2014Function\Header;.\User\RTD Series\RTD2014Osd\Header;.\User\RTD Factory\Header;.\User\None Series\
                    -NoneFunction\Header;.\User\None Series\NoneOsd\Header;.\User\None Factory\Header) DEFINE(_PROJECT=_RL6851_PROJECT,_SCALE
                    -R_TYPE=_RL6851_SERIES) DEBUG OBJECTEXTEND PRINT(.\Output\RL6851_Project\SysDP.lst) TABS(2) OBJECT(.\Output\RL6851_Projec
                    -t\SysDP.obj)

line level    source

   1          /********************************************************************************/
   2          /*   Copyright (c) 2021 Realtek Semiconductor Corp. All rights reserved.        */
   3          /*                                                                              */
   4          /*   SPDX-License-Identifier: LicenseRef-Realtek-Proprietary                    */
   5          /*                                                                              */
   6          /*   This software component is confidential and proprietary to Realtek         */
   7          /*   Semiconductor Corp. Disclosure, reproduction, redistribution, in whole     */
   8          /*   or in part, of this work and its derivatives without express permission    */
   9          /*   is prohibited.                                                             */
  10          /********************************************************************************/
  11          
  12          //----------------------------------------------------------------------------------------------------
  13          // ID Code      : SysDP.c No.0000
  14          // Update Note  :
  15          //----------------------------------------------------------------------------------------------------
  16          
  17          #define __SYSTEM_DP__
  18          
  19          #include "SysInclude.h"
*** WARNING C322 IN LINE 624 OF \Workdir\workdir\Project-CNR27\Project\Header\RL6851_Project.h: unknown identifier
*** WARNING C320 IN LINE 431 OF \Workdir\workdir\Project-CNR27\Kernel\Common\Pcb_Config_Check.h: "Please Confirm D0 Port
             - Max Link Rate Over HW Support~!!"
*** WARNING C320 IN LINE 658 OF \Workdir\workdir\Project-CNR27\Kernel\Common\Pcb_Config_Check.h: "LVDS Port Selection Sh
             -ould be _LVDS_2_PORT_CD, _LVDS_2_PORT_C or _LVDS_2_PORT_D"
*** WARNING C322 IN LINE 794 OF \Workdir\workdir\Project-CNR27\Kernel\Common\Pcb_Config_Check.h: unknown identifier
*** WARNING C322 IN LINE 1229 OF \Workdir\workdir\Project-CNR27\Kernel\Common\Pcb_Config_Check.h: unknown identifier
*** WARNING C322 IN LINE 1229 OF \Workdir\workdir\Project-CNR27\Kernel\Common\Pcb_Config_Check.h: unknown identifier
*** WARNING C322 IN LINE 1229 OF \Workdir\workdir\Project-CNR27\Kernel\Common\Pcb_Config_Check.h: unknown identifier
*** WARNING C322 IN LINE 1229 OF \Workdir\workdir\Project-CNR27\Kernel\Common\Pcb_Config_Check.h: unknown identifier
  20          
  21          //****************************************************************************
  22          // DEFINITIONS / MACROS
  23          //****************************************************************************
  24          
  25          
  26          //--------------------------------------------------
  27          // Definitions of mode search status
  28          //--------------------------------------------------
  29          
  30          
  31          //****************************************************************************
  32          // STRUCT / TYPE / ENUM DEFINITTIONS
  33          //****************************************************************************
  34          
  35          
  36          //****************************************************************************
  37          // CODE TABLES
  38          //****************************************************************************
  39          
C51 COMPILER V9.60.0.0   SYSDP                                                             09/18/2026 16:57:19 PAGE 2   

  40          //****************************************************************************
  41          // VARIABLE DECLARATIONS
  42          //****************************************************************************
  43          
  44          //****************************************************************************
  45          // FUNCTION DECLARATIONS
  46          //****************************************************************************
  47          #if(_DP_SUPPORT == _ON)
  48          void SysDpRxHandler(void);
  49          void SysDpCableDetection(void);
  50          bit SysDpCableStatus(EnumSourceSearchPort enumInputPort);
  51          void SysDpJudgeHPDToggle(void);
  52          void SysDpDcOffHPDToggleProc(EnumPowerAction enumSwitch);
  53          bit SysDpSourceKeepDetectingCheck(void);
  54          
  55          #if(_HW_DP_MAC_ARBITER_SUPPORT == _ON)
              void SysDpMacArbiter(EnumSourceSearchPort enumInputPort);
              #endif
  58          
  59          #if(_TWO_CHIP_DATA_EXCHANGE_MODE != _DATA_EXCHANGE_MODE_NONE)
              bit SysDpCheckTwoChipDataExchangePort(BYTE ucInputPort);
              #endif
  62          #endif
  63          
  64          #if(_DP_TX_SUPPORT == _ON)
              void SysDpTxHandler(void);
              bit SysDpTxCloneOutputStatus(void);
              #if(_DP_HDCP_2_2_SUPPORT == _ON)
              void SysDpTxHdcp2Handler(void);
              #endif
              #endif
  71          
  72          #if(_DP_MST_SUPPORT == _ON)
              void SysDpMstHandler(void);
              
              #if(_DP_MST_AUTO_SEARCH_SUPPORT == _ON)
              void SysDpMstAutoSwitch(void);
              #endif
              #endif
  79          
  80          //****************************************************************************
  81          // FUNCTION DEFINITIONS
  82          //****************************************************************************
  83          #if(_DP_SUPPORT == _ON)
  84          //--------------------------------------------------
  85          // Description  : DP Rx Handler
  86          // Input Value  : None
  87          // Output Value : None
  88          //--------------------------------------------------
  89          void SysDpRxHandler(void)
  90          {
  91   1          SysDpCableDetection();
  92   1      
  93   1      #if(_DP_TX_SUPPORT == _ON)
                  ScalerSyncDpTxHdcpUpstreamSwitchProc(SysSourceGetInputPort());
                  ScalerSyncDpRxSinkCountUpdateProc(SysSourceGetInputPort());
              #endif
  97   1      
  98   1          if((GET_MODE_STATE() == _MODE_STATUS_SEARCH) || (GET_MODE_STATE() == _MODE_STATUS_NOSIGNAL) || (GET_MO
             -DE_STATE() == _MODE_STATUS_FACTORY))
  99   1          {
 100   2              ScalerDpMainLinkQualityManagement(SysSourceGetInputPort());
C51 COMPILER V9.60.0.0   SYSDP                                                             09/18/2026 16:57:19 PAGE 3   

 101   2          }
 102   1      
 103   1      #if(_DP_MST_AUTO_SEARCH_SUPPORT == _ON)
                  if((GET_MODE_STATE() == _MODE_STATUS_SEARCH) || (GET_MODE_STATE() == _MODE_STATUS_NOSIGNAL) || (GET_MO
             -DE_STATE() == _MODE_STATUS_POWER_SAVING))
                  {
                      SysDpMstAutoSwitch();
                  }
              #endif
 109   1      
 110   1          ScalerSyncDpCapabilitySwitchProc();
 111   1      
 112   1          // DP Judge HPD Toggle
 113   1          SysDpJudgeHPDToggle();
 114   1      
 115   1      #if((_DP_TX_SUPPORT == _ON) && (_DP_HDCP_2_2_SUPPORT == _ON))
                  if(GET_POWER_STATUS() == _POWER_STATUS_NORMAL)
                  {
                      ScalerSyncDpHdcpRepeaterCapableProc();
                  }
              #endif
 121   1      
 122   1          ScalerDpHotPlugHandler();
 123   1      
 124   1      #if(_DP_EMBEDDED_SWITCH_SUPPORT_TYPE == _DP_EMBEDDED_SWITCH_2_DP)
              
                  // Set Embedded switch select to the target after HPD low of current port toggled by HotPlugHandler
                  if(GET_DP_EMBEDDED_SWITCH_SELECT() != GET_DP_EMBEDDED_SWITCH_TARGET())
                  {
                      ScalerDpEmbeddedSwitchSetting(GET_DP_EMBEDDED_SWITCH_TARGET());
                  }
              #endif
 132   1      
 133   1      #if(_DP_TX_SUPPORT == _ON)
                  if(GET_MODE_STATE() == _MODE_STATUS_ACTIVE)
                  {
                      ScalerDpTxCloneOutputProc(SysSourceGetInputPort(), GET_PORT_TYPE(SysSourceGetInputPortType(SysSour
             -ceGetInputPort())), SysDpTxCloneOutputStatus());
                  }
              
              #if((_SLEEP_AUDIO_SUPPORT == _ON) && ((_PS_AUDIO_INPUT == _PS_AUDIO_DP) || (_PS_AUDIO_INPUT == _PS_AUDIO_B
             -OTH)))
                  ScalerDpTxAudioSetSleepAudioState(UserInterfaceGetAudioStandAloneStatus());
              #endif
              
              #endif
 144   1      }
 145          
 146          //--------------------------------------------------
 147          // Description  : DP Cable Detection
 148          // Input Value  : None
 149          // Output Value : None
 150          //--------------------------------------------------
 151          void SysDpCableDetection(void)
 152          {
 153   1      #if(_D0_INPUT_PORT_TYPE == _D0_DP_PORT)
 154   1      #if((_D0_INPUT_PORT_TYPE == _D0_DP_PORT) && (_DP_EMBEDDED_SWITCH_SUPPORT_TYPE == _DP_EMBEDDED_SWITCH_2_DP)
             -)
                  if(GET_DP_EMBEDDED_SWITCH_SELECT() == _D0_INPUT_PORT)
              #endif
 157   1          {
 158   2              if(ScalerSyncDpCableStatus(_D0_INPUT_PORT) != SysDpCableStatus(_D0_INPUT_PORT))
C51 COMPILER V9.60.0.0   SYSDP                                                             09/18/2026 16:57:19 PAGE 4   

 159   2              {
 160   3                  if(SysDpCableStatus(_D0_INPUT_PORT) == _TRUE)
 161   3                  {
 162   4      #if((_D6_INPUT_PORT_TYPE == _D6_DP_PORT) && (_D6_INPUT_PORT_SWITCH_FROM == _SWITCH_FROM_D0))
                              if(GET_D6_SWITCH_SELECT() == _D0_INPUT_PORT)
              #endif
 165   4                      {
 166   5                          if((GET_DP_DC_OFF_HPD_HIGH() == _ON) || (SysPowerGetPowerStatus() != _POWER_STATUS_OFF
             -))
 167   5                          {
 168   6      #if(_DP_MST_AUTO_SEARCH_SUPPORT == _ON)
                                      if(!((SysPowerGetPowerStatus() == _POWER_STATUS_OFF) && (ScalerDpRxMstGetMstCapabi
             -lity(_D0_INPUT_PORT) == _TRUE)))
              #else
 171   6                              if(!((SysPowerGetPowerStatus() == _POWER_STATUS_OFF) && (UserCommonInterfaceGetDpM
             -stCapablePort() == _DP_MST_RX0_PORT)))
 172   6      #endif
 173   6                              {
 174   7      #if(_D0_DP_TYPE_C_PORT_CTRL_SUPPORT == _ON)
                                          DebugMessageSystem("HPD - High Event", SysTypeCGetAltModeReady(_D0_INPUT_PORT)
             -);
              #endif
 177   7      
 178   7      #if(_D0_DP_CONNECTOR_TYPE == _DP_CONNECTOR_EMBEDDED)
                                          ScalerTimerReactiveTimerEvent(0, _SCALER_TIMER_EVENT_DP_RX0_HOTPLUG_ASSERTED);
              #else
 181   7                                  ScalerTimerReactiveTimerEvent(SEC(0.1), _SCALER_TIMER_EVENT_DP_RX0_HOTPLUG_ASS
             -ERTED);
 182   7      #endif
 183   7                              }
 184   6                          }
 185   5                      }
 186   4                  }
 187   3                  else
 188   3                  {
 189   4      #if((_D6_INPUT_PORT_TYPE == _D6_DP_PORT) && (_D6_INPUT_PORT_SWITCH_FROM == _SWITCH_FROM_D0))
                              if(GET_D6_SWITCH_SELECT() == _D0_INPUT_PORT)
              #endif
 192   4                      {
 193   5      #if(_DP_MST_SUPPORT == _ON)
                                  // Fake Off to Off while MST port unplug
                                  if((SysPowerGetPowerStatus() == _POWER_STATUS_OFF) && (GET_DP_RX_MST_DC_OFF_HPD_TOGGLE
             -_HOLD() == _TRUE))
                                  {
                                      if(ScalerDpRxMstGetCapablePort() == _DP_MST_RX0_PORT)
                                      {
                                          ScalerTimerCancelTimerEvent(_SYSTEM_TIMER_EVENT_POWER_FAKE_OFF_TO_OFF);
              
                                          ScalerDpMstFakeOffDoneProc();
              
                                          SET_TARGET_POWER_STATUS(_POWER_STATUS_OFF);
                                      }
                                  }
              
                                  // Cable Unplug Reset
                                  ScalerDpRxMstCableUnplugReset(_D0_INPUT_PORT);
              
                                  // Reset MST Backup
                                  ScalerDpRxMstInfoBackup(_D0_INPUT_PORT, _DP_MST_BACKUP_INFO_RESET);
              #endif
 213   5      
 214   5      #if(_AUDIO_SUPPORT == _ON)
C51 COMPILER V9.60.0.0   SYSDP                                                             09/18/2026 16:57:19 PAGE 5   

 215   5                          SysAudioDpAudioSecDataResetProc(_D0_INPUT_PORT);
 216   5      #else
                                  ScalerDpSecDataReset(_D0_INPUT_PORT);
              #endif
 219   5                          ScalerDpSetHotPlugEvent(_D0_INPUT_PORT, _DP_HPD_LOW);
 220   5      
 221   5      #if(_D0_DP_TYPE_C_PORT_CTRL_SUPPORT == _ON)
                                  DebugMessageSystem("HPD - Low", SysTypeCGetAltModeReady(_D0_INPUT_PORT));
              #endif
 224   5      
 225   5                          ScalerDpHDCPUnplugReset(_D0_INPUT_PORT);
 226   5                      }
 227   4                  }
 228   3      
 229   3                  ScalerSyncDpSetCableStatus(_D0_INPUT_PORT, SysDpCableStatus(_D0_INPUT_PORT));
 230   3              }
 231   2      
 232   2      #if((_D6_INPUT_PORT_TYPE == _D6_DP_PORT) && (_D6_INPUT_PORT_SWITCH_FROM == _SWITCH_FROM_D0))
                      if((GET_D6_SWITCH_POWER_STATUS() == _DIGITAL_D6_SWITCH_POWER_DOWN) && (GET_D6_SWITCH_SELECT() == _
             -D0_INPUT_PORT))
                      {
              #if(_D6_DP_CONNECTOR_TYPE == _DP_CONNECTOR_EMBEDDED)
                          ScalerTimerActiveTimerEvent(0, _SCALER_TIMER_EVENT_DP_RX0_HOTPLUG_ASSERTED);
              #else
                          ScalerTimerActiveTimerEvent(SEC(0.1), _SCALER_TIMER_EVENT_DP_RX0_HOTPLUG_ASSERTED);
              #endif
                      }
              #elif((_D0_INPUT_PORT_TYPE == _D0_DP_PORT) && (_DP_EMBEDDED_SWITCH_SUPPORT_TYPE != _DP_EMBEDDED_SWITCH_NON
             -E))
 242   2              if((GET_DP_EMBEDDED_SWITCH_EVENT() == _TRUE) && (GET_DP_EMBEDDED_SWITCH_SELECT() == _D0_INPUT_PORT
             -))
 243   2              {
 244   3      #if(_D0_DP_CONNECTOR_TYPE == _DP_CONNECTOR_EMBEDDED)
                          ScalerTimerActiveTimerEvent(0, _SCALER_TIMER_EVENT_DP_RX0_HOTPLUG_ASSERTED);
              #else
 247   3                  ScalerTimerActiveTimerEvent(SEC(0.1), _SCALER_TIMER_EVENT_DP_RX0_HOTPLUG_ASSERTED);
 248   3      #endif
 249   3                  SET_DP_EMBEDDED_SWITCH_EVENT(_FALSE);
 250   3              }
 251   2      #endif
 252   2      
 253   2              ScalerDpAuxChPowerStatusCheck(_D0_INPUT_PORT, ScalerSyncDpCableStatus(_D0_INPUT_PORT));
 254   2          }
 255   1      #endif // End of #if(_D0_DP_SUPPORT == _ON)
 256   1      
 257   1      #if(_D1_INPUT_PORT_TYPE == _D1_DP_PORT)
              #if((_D1_INPUT_PORT_TYPE == _D1_DP_PORT) && (_DP_EMBEDDED_SWITCH_SUPPORT_TYPE == _DP_EMBEDDED_SWITCH_2_DP)
             -)
                  if(GET_DP_EMBEDDED_SWITCH_SELECT() == _D1_INPUT_PORT)
              #endif
                  {
                      if(ScalerSyncDpCableStatus(_D1_INPUT_PORT) != SysDpCableStatus(_D1_INPUT_PORT))
                      {
                          if(SysDpCableStatus(_D1_INPUT_PORT) == _TRUE)
                          {
                              if((GET_DP_DC_OFF_HPD_HIGH() == _ON) || (SysPowerGetPowerStatus() != _POWER_STATUS_OFF))
                              {
              #if(_DP_MST_AUTO_SEARCH_SUPPORT == _ON)
                                  if(!((SysPowerGetPowerStatus() == _POWER_STATUS_OFF) && (ScalerDpRxMstGetMstCapability
             -(_D1_INPUT_PORT) == _TRUE)))
              #else
                                  if(!((SysPowerGetPowerStatus() == _POWER_STATUS_OFF) && (UserCommonInterfaceGetDpMstCa
C51 COMPILER V9.60.0.0   SYSDP                                                             09/18/2026 16:57:19 PAGE 6   

             -pablePort() == _DP_MST_RX1_PORT)))
              #endif
                                  {
              #if(_D1_DP_TYPE_C_PORT_CTRL_SUPPORT == _ON)
                                      DebugMessageSystem("HPD - High Event", SysTypeCGetAltModeReady(_D1_INPUT_PORT));
              #endif
              #if(_D1_DP_CONNECTOR_TYPE == _DP_CONNECTOR_EMBEDDED)
                                      ScalerTimerReactiveTimerEvent(0, _SCALER_TIMER_EVENT_DP_RX1_HOTPLUG_ASSERTED);
              #else
                                      ScalerTimerReactiveTimerEvent(SEC(0.1), _SCALER_TIMER_EVENT_DP_RX1_HOTPLUG_ASSERTE
             -D);
              #endif
                                  }
                              }
                          }
                          else
                          {
              #if(_DP_MST_SUPPORT == _ON)
                              // Fake Off to Off while MST port unplug
                              if((SysPowerGetPowerStatus() == _POWER_STATUS_OFF) && (GET_DP_RX_MST_DC_OFF_HPD_TOGGLE_HOL
             -D() == _TRUE))
                              {
                                  if(ScalerDpRxMstGetCapablePort() == _DP_MST_RX1_PORT)
                                  {
                                      ScalerTimerCancelTimerEvent(_SYSTEM_TIMER_EVENT_POWER_FAKE_OFF_TO_OFF);
              
                                      ScalerDpMstFakeOffDoneProc();
              
                                      SET_TARGET_POWER_STATUS(_POWER_STATUS_OFF);
                                  }
                              }
              
                              // Cable Unplug Reset
                              ScalerDpRxMstCableUnplugReset(_D1_INPUT_PORT);
              
                              // Reset MST Backup
                              ScalerDpRxMstInfoBackup(_D1_INPUT_PORT, _DP_MST_BACKUP_INFO_RESET);
              #endif
              
              #if(_AUDIO_SUPPORT == _ON)
                              SysAudioDpAudioSecDataResetProc(_D1_INPUT_PORT);
              #else
                              ScalerDpSecDataReset(_D1_INPUT_PORT);
              #endif
                              ScalerDpSetHotPlugEvent(_D1_INPUT_PORT, _DP_HPD_LOW);
              
              #if(_D1_DP_TYPE_C_PORT_CTRL_SUPPORT == _ON)
                              DebugMessageSystem("HPD - Low", SysTypeCGetAltModeReady(_D1_INPUT_PORT));
              #endif
              
                              ScalerDpHDCPUnplugReset(_D1_INPUT_PORT);
                          }
              
                          ScalerSyncDpSetCableStatus(_D1_INPUT_PORT, SysDpCableStatus(_D1_INPUT_PORT));
                      }
              
              #if((_D1_INPUT_PORT_TYPE == _D1_DP_PORT) && (_DP_EMBEDDED_SWITCH_SUPPORT_TYPE != _DP_EMBEDDED_SWITCH_NONE)
             -)
                      if((GET_DP_EMBEDDED_SWITCH_EVENT() == _TRUE) && (GET_DP_EMBEDDED_SWITCH_SELECT() == _D1_INPUT_PORT
             -))
                      {
              #if(_D1_DP_CONNECTOR_TYPE == _DP_CONNECTOR_EMBEDDED)
C51 COMPILER V9.60.0.0   SYSDP                                                             09/18/2026 16:57:19 PAGE 7   

                          ScalerTimerActiveTimerEvent(0, _SCALER_TIMER_EVENT_DP_RX1_HOTPLUG_ASSERTED);
              #else
                          ScalerTimerActiveTimerEvent(SEC(0.1), _SCALER_TIMER_EVENT_DP_RX1_HOTPLUG_ASSERTED);
              #endif
                          SET_DP_EMBEDDED_SWITCH_EVENT(_FALSE);
                      }
              #endif
              
                      ScalerDpAuxChPowerStatusCheck(_D1_INPUT_PORT, ScalerSyncDpCableStatus(_D1_INPUT_PORT));
                  }
              #endif // End of #if(_D1_DP_SUPPORT == _ON)
 340   1      
 341   1      #if(_D2_INPUT_PORT_TYPE == _D2_DP_PORT)
              #if((_D2_INPUT_PORT_TYPE == _D2_DP_PORT) && (_DP_EMBEDDED_SWITCH_SUPPORT_TYPE == _DP_EMBEDDED_SWITCH_2_DP)
             -)
                  if(GET_DP_EMBEDDED_SWITCH_SELECT() == _D2_INPUT_PORT)
              #endif
                  {
                      if(ScalerSyncDpCableStatus(_D2_INPUT_PORT) != SysDpCableStatus(_D2_INPUT_PORT))
                      {
                          if(SysDpCableStatus(_D2_INPUT_PORT) == _TRUE)
                          {
                              if((GET_DP_DC_OFF_HPD_HIGH() == _ON) || (SysPowerGetPowerStatus() != _POWER_STATUS_OFF))
                              {
              #if(_D2_DP_CONNECTOR_TYPE == _DP_CONNECTOR_EMBEDDED)
                                  ScalerTimerReactiveTimerEvent(0, _SCALER_TIMER_EVENT_DP_RX2_HOTPLUG_ASSERTED);
              #else
                                  ScalerTimerReactiveTimerEvent(SEC(0.1), _SCALER_TIMER_EVENT_DP_RX2_HOTPLUG_ASSERTED);
              #endif
                              }
                          }
                          else
                          {
              #if(_DP_MST_SUPPORT == _ON)
                              // Cable Unplug Reset
                              ScalerDpRxMstCableUnplugReset(_D2_INPUT_PORT);
              
                              // Reset MST Backup
                              ScalerDpRxMstInfoBackup(_D2_INPUT_PORT, _DP_MST_BACKUP_INFO_RESET);
              #endif
              
              #if(_AUDIO_SUPPORT == _ON)
                              SysAudioDpAudioSecDataResetProc(_D2_INPUT_PORT);
              #else
                              ScalerDpSecDataReset(_D2_INPUT_PORT);
              #endif
                              ScalerDpSetHotPlugEvent(_D2_INPUT_PORT, _DP_HPD_LOW);
              
                              ScalerDpHDCPUnplugReset(_D2_INPUT_PORT);
                          }
              
                          ScalerSyncDpSetCableStatus(_D2_INPUT_PORT, SysDpCableStatus(_D2_INPUT_PORT));
                      }
              
              #if((_D2_INPUT_PORT_TYPE == _D2_DP_PORT) && (_DP_EMBEDDED_SWITCH_SUPPORT_TYPE != _DP_EMBEDDED_SWITCH_NONE)
             -)
                      if((GET_DP_EMBEDDED_SWITCH_EVENT() == _TRUE) && (GET_DP_EMBEDDED_SWITCH_SELECT() == _D2_INPUT_PORT
             -))
                      {
              #if(_D2_DP_CONNECTOR_TYPE == _DP_CONNECTOR_EMBEDDED)
                          ScalerTimerActiveTimerEvent(0, _SCALER_TIMER_EVENT_DP_RX2_HOTPLUG_ASSERTED);
              #else
C51 COMPILER V9.60.0.0   SYSDP                                                             09/18/2026 16:57:19 PAGE 8   

                          ScalerTimerActiveTimerEvent(SEC(0.1), _SCALER_TIMER_EVENT_DP_RX2_HOTPLUG_ASSERTED);
              #endif
                          SET_DP_EMBEDDED_SWITCH_EVENT(_FALSE);
                      }
              #endif
                  }
              #endif // End of #if(_D2_DP_SUPPORT == _ON)
 395   1      
 396   1      #if(_D6_INPUT_PORT_TYPE == _D6_DP_PORT)
                  if(ScalerSyncDpCableStatus(_D6_INPUT_PORT) != SysDpCableStatus(_D6_INPUT_PORT))
                  {
                      if(SysDpCableStatus(_D6_INPUT_PORT) == _TRUE)
                      {
              #if((_D6_INPUT_PORT_TYPE == _D6_DP_PORT) && (_D6_INPUT_PORT_SWITCH_FROM == _SWITCH_FROM_D0))
                          if(GET_D6_SWITCH_SELECT() == _D6_INPUT_PORT)
              #endif
                          {
                              if((GET_DP_DC_OFF_HPD_HIGH() == _ON) || (SysPowerGetPowerStatus() != _POWER_STATUS_OFF))
                              {
              #if(_DP_MST_AUTO_SEARCH_SUPPORT == _ON)
                                  if(!((SysPowerGetPowerStatus() == _POWER_STATUS_OFF) && (ScalerDpRxMstGetMstCapability
             -(_D6_INPUT_PORT) == _TRUE)))
              #else
                                  if(!((SysPowerGetPowerStatus() == _POWER_STATUS_OFF) && (UserCommonInterfaceGetDpMstCa
             -pablePort() == _DP_MST_RX0_PORT)))
              #endif
                                  {
              #if(_D6_DP_TYPE_C_PORT_CTRL_SUPPORT == _ON)
                                      DebugMessageSystem("HPD - High Event", SysTypeCGetAltModeReady(_D6_INPUT_PORT));
              #endif
              #if(_D6_DP_CONNECTOR_TYPE == _DP_CONNECTOR_EMBEDDED)
                                      ScalerTimerReactiveTimerEvent(0, _SCALER_TIMER_EVENT_DP_RX0_HOTPLUG_ASSERTED);
              #else
                                      ScalerTimerReactiveTimerEvent(SEC(0.1), _SCALER_TIMER_EVENT_DP_RX0_HOTPLUG_ASSERTE
             -D);
              #endif
                                  }
                              }
                          }
                      }
                      else
                      {
              #if((_D6_INPUT_PORT_TYPE == _D6_DP_PORT) && (_D6_INPUT_PORT_SWITCH_FROM == _SWITCH_FROM_D0))
                          if(GET_D6_SWITCH_SELECT() == _D6_INPUT_PORT)
              #endif
                          {
              #if((_DP_MST_SUPPORT == _ON) && ((_D6_INPUT_PORT_TYPE == _D6_DP_PORT) && (_D6_INPUT_PORT_SWITCH_FROM == _S
             -WITCH_FROM_D0)))
                              // Fake Off to Off while MST port unplug
                              if((SysPowerGetPowerStatus() == _POWER_STATUS_OFF) && (GET_DP_RX_MST_DC_OFF_HPD_TOGGLE_HOL
             -D() == _TRUE))
                              {
                                  if(ScalerDpRxMstGetCapablePort() == _DP_MST_RX0_PORT)
                                  {
                                      ScalerTimerCancelTimerEvent(_SYSTEM_TIMER_EVENT_POWER_FAKE_OFF_TO_OFF);
              
                                      ScalerDpMstFakeOffDoneProc();
              
                                      SET_TARGET_POWER_STATUS(_POWER_STATUS_OFF);
                                  }
                              }
              
C51 COMPILER V9.60.0.0   SYSDP                                                             09/18/2026 16:57:19 PAGE 9   

                              // Cable Unplug Reset
                              ScalerDpRxMstCableUnplugReset(_D0_INPUT_PORT);
              
                              // Reset MST Backup
                              ScalerDpRxMstInfoBackup(_D6_INPUT_PORT, _DP_MST_BACKUP_INFO_RESET);
              #endif
              
              #if(_AUDIO_SUPPORT == _ON)
                              SysAudioDpAudioSecDataResetProc(_D0_INPUT_PORT);
              #else
                              ScalerDpSecDataReset(_D0_INPUT_PORT);
              #endif
                              ScalerDpSetHotPlugEvent(_D0_INPUT_PORT, _DP_HPD_LOW);
              
              #if(_D6_DP_TYPE_C_PORT_CTRL_SUPPORT == _ON)
                              DebugMessageSystem("HPD - Low", SysTypeCGetAltModeReady(_D6_INPUT_PORT));
              #endif
              
                              ScalerDpHDCPUnplugReset(_D0_INPUT_PORT);
                          }
                      }
              
                      ScalerSyncDpSetCableStatus(_D6_INPUT_PORT, SysDpCableStatus(_D6_INPUT_PORT));
                  }
              
              #if((_D6_INPUT_PORT_TYPE == _D6_DP_PORT) && (_D6_INPUT_PORT_SWITCH_FROM == _SWITCH_FROM_D0))
                  if((GET_D6_SWITCH_SELECT() == _D6_INPUT_PORT) && (GET_D6_SWITCH_POWER_STATUS() == _DIGITAL_D6_SWITCH_P
             -OWER_DOWN))
                  {
              #if(_D6_DP_CONNECTOR_TYPE == _DP_CONNECTOR_EMBEDDED)
                      ScalerTimerActiveTimerEvent(0, _SCALER_TIMER_EVENT_DP_RX0_HOTPLUG_ASSERTED);
              #else
                      ScalerTimerActiveTimerEvent(SEC(0.1), _SCALER_TIMER_EVENT_DP_RX0_HOTPLUG_ASSERTED);
              #endif
                  }
              #endif
              
                  ScalerDpAuxChPowerStatusCheck(_D6_INPUT_PORT, ScalerSyncDpCableStatus(_D6_INPUT_PORT));
              #endif // End of #if(_D6_DP_SUPPORT == _ON)
 483   1      }
 484          
 485          //--------------------------------------------------
 486          // Description  : DP Port Cable Status
 487          // Input Value  : enumInputPort
 488          // Output Value : _TRUE / _FALSE
 489          //--------------------------------------------------
 490          bit SysDpCableStatus(EnumSourceSearchPort enumInputPort)
 491          {
 492   1          switch(enumInputPort)
 493   1          {
 494   2      #if(_D0_INPUT_PORT_TYPE == _D0_DP_PORT)
 495   2              case _D0_INPUT_PORT:
 496   2      
 497   2      #if(_D0_DP_REPEATER_TYPE == _REPEATER_RTS_TRANSLATOR)
                          return _TRUE;
              #endif
 500   2      
 501   2      #if(_DP_MST_CAP_ON_INACTIVE_PORT_HPD_LOW == _ON)
                          if((UserInterfaceGetDpMstTargetPort() != _DP_MST_NO_PORT) && (SysSourceGetInputPort() != _D0_I
             -NPUT_PORT))
                          {
                              return _FALSE;
C51 COMPILER V9.60.0.0   SYSDP                                                             09/18/2026 16:57:19 PAGE 10  

                          }
              #endif
 507   2      
 508   2      #if(_D0_DP_TYPE_C_PORT_CTRL_SUPPORT == _ON)
                          return SysTypeCGetAltModeReady(_D0_INPUT_PORT);
              #else
 511   2                  return GET_D0_CABLE_STATUS();
 512   2      #endif
 513   2      #endif
 514   2      
 515   2      #if(_D1_INPUT_PORT_TYPE == _D1_DP_PORT)
                      case _D1_INPUT_PORT:
              
              #if(_D1_DP_REPEATER_TYPE == _REPEATER_RTS_TRANSLATOR)
                          return _TRUE;
              #endif
              
              #if(_DP_MST_CAP_ON_INACTIVE_PORT_HPD_LOW == _ON)
                          if((UserInterfaceGetDpMstTargetPort() != _DP_MST_NO_PORT) && (SysSourceGetInputPort() != _D1_I
             -NPUT_PORT))
                          {
                              return _FALSE;
                          }
              #endif
              
              #if(_D1_DP_TYPE_C_PORT_CTRL_SUPPORT == _ON)
                          return SysTypeCGetAltModeReady(_D1_INPUT_PORT);
              #else
                          return GET_D1_CABLE_STATUS();
              #endif
              #endif
 535   2      
 536   2      #if(_D2_INPUT_PORT_TYPE == _D2_DP_PORT)
                      case _D2_INPUT_PORT:
              
              #if(_DP_MST_CAP_ON_INACTIVE_PORT_HPD_LOW == _ON)
                          if((UserInterfaceGetDpMstTargetPort() != _DP_MST_NO_PORT) && (SysSourceGetInputPort() != _D2_I
             -NPUT_PORT))
                          {
                              return _FALSE;
                          }
              #endif
                          return GET_D2_CABLE_STATUS();
              #endif
 547   2      
 548   2      #if(_D6_INPUT_PORT_TYPE == _D6_DP_PORT)
                      case _D6_INPUT_PORT:
              
              #if(_DP_MST_CAP_ON_INACTIVE_PORT_HPD_LOW == _ON)
                          if((UserInterfaceGetDpMstTargetPort() != _DP_MST_NO_PORT) && (SysSourceGetInputPort() != _D6_I
             -NPUT_PORT))
                          {
                              return _FALSE;
                          }
              #endif
              
              #if(_D6_DP_TYPE_C_PORT_CTRL_SUPPORT == _ON)
                          return SysTypeCGetAltModeReady(_D6_INPUT_PORT);
              #else
                          return GET_D6_CABLE_STATUS();
              #endif
              #endif
C51 COMPILER V9.60.0.0   SYSDP                                                             09/18/2026 16:57:19 PAGE 11  

 564   2              default:
 565   2                  break;
 566   2          }
 567   1      
 568   1          return _FALSE;
 569   1      }
 570          
 571          //--------------------------------------------------
 572          // Description  : Decide DP Rx Judge HPD Toggle
 573          // Input Value  : None
 574          // Output Value : None
 575          //--------------------------------------------------
 576          void SysDpJudgeHPDToggle(void)
 577          {
 578   1          if(GET_DP_DC_OFF_HPD_TOGGLE_FLAG() == _TRUE)
 579   1          {
 580   2              CLR_DP_DC_OFF_HPD_TOGGLE_FLAG();
 581   2      
 582   2              switch(GET_POWER_STATUS())
 583   2              {
 584   3                  case _POWER_STATUS_OFF:
 585   3      
 586   3                      ScalerDpJudgeHPDToggle(_POWER_ACTION_NORMAL_TO_OFF);
 587   3                      break;
 588   3      
 589   3                  case _POWER_STATUS_NORMAL:
 590   3      
 591   3                      if(GET_POWER_SWITCH_TO_FAKE_OFF() == _TRUE)
 592   3                      {
 593   4                          ScalerDpJudgeHPDToggle(_POWER_ACTION_NORMAL_TO_FAKE_OFF);
 594   4                      }
 595   3                      else
 596   3                      {
 597   4      #if(_DP_MST_SUPPORT == _ON)
                                  if(GET_DP_RX_MST_DC_OFF_HPD_TOGGLE_HOLD() == _FALSE)
              #endif
 600   4                          {
 601   5                              ScalerDpJudgeHPDToggle(_POWER_ACTION_OFF_TO_NORMAL);
 602   5                          }
 603   4                      }
 604   3      
 605   3                      break;
 606   3      
 607   3                  default:
 608   3      
 609   3                      break;
 610   3              }
 611   2          }
 612   1      }
 613          
 614          //--------------------------------------------------
 615          // Description  : Decide DP Rx Dc Off Set HPD Toggle Flag
 616          // Input Value  : None
 617          // Output Value : None
 618          //--------------------------------------------------
 619          void SysDpDcOffHPDToggleProc(EnumPowerAction enumSwitch)
 620          {
 621   1          switch(enumSwitch)
 622   1          {
 623   2              case _POWER_ACTION_OFF_TO_NORMAL:
 624   2              case _POWER_ACTION_FAKE_OFF_TO_NORMAL:
 625   2      
C51 COMPILER V9.60.0.0   SYSDP                                                             09/18/2026 16:57:19 PAGE 12  

 626   2                  SET_DP_DC_OFF_HPD_TOGGLE_FLAG();
 627   2      
 628   2      #if(_DP_DC_ON_HPD_CONTROL_BY_USER_SUPPORT == _ON)
                          SET_DP_DC_ON_HPD_TOGGLE_MODE(UserInterfaceGetDpDcOnHpdMode());
              #endif
 631   2                  break;
 632   2      
 633   2              default:
 634   2      
 635   2                  break;
 636   2          }
 637   1      }
 638          
 639          //--------------------------------------------------
 640          // Description  : Check DP Source Keep Detecting or Not
 641          // Input Value  : None
 642          // Output Value : _TRUE: keep detecting, _FALSE: stop detecting
 643          //--------------------------------------------------
 644          bit SysDpSourceKeepDetectingCheck(void)
 645          {
 646   1      #if((_SLEEP_AUDIO_SUPPORT == _ON) && (_DP_SUPPORT == _ON) && ((_PS_AUDIO_INPUT == _PS_AUDIO_BOTH) || (_PS_
             -AUDIO_INPUT == _PS_AUDIO_DP)))
 647   1          if((GET_AUDIO_PLAYING_ALONE() == _TRUE) && (UserInterfaceGetAudioSource() == _DIGITAL_AUDIO))
 648   1          {
 649   2              return _TRUE;
 650   2          }
 651   1      #endif
 652   1      
 653   1      #if(_DP_MST_AUTO_SEARCH_SUPPORT == _ON)
                  if((GET_SOURCE_SCAN_TYPE() != _SOURCE_SWITCH_FIXED_PORT) &&
                     (GET_SOURCE_JUDGE(g_ucSearchIndex) == _FALSE) &&
                     (SysSourceGetInputPort() == ScalerDpRxMstGetInputPort(ScalerDpRxMstGetCapablePort())))
                  {
                      if((ScalerDpRxMstGetSrcMsgEnable(SysSourceGetInputPort()) == _TRUE) &&
                         ((ScalerDpGetPowerStatus(SysSourceGetInputPort()) == _DP_POWER_NORMAL) ||
                          (ScalerSyncDpRxGetSourceWritePowerStatusEvent(SysSourceGetInputPort()) != _DP_SOURCE_WRITE_POW
             -ER_STATUS_EVENT_NONE)))
                      {
                          return _TRUE;
                      }
                  }
              #endif
 666   1      
 667   1          return _FALSE;
 668   1      }
 669          
 670          #if(_HW_DP_MAC_ARBITER_SUPPORT == _ON)
              //--------------------------------------------------
              // Description  : DP Mac Arbitration
              // Input Value  : EnumInputPort, StructDpSwitchedStatus
              // Output Value : None
              //--------------------------------------------------
              void SysDpMacArbiter(EnumSourceSearchPort enumInputPort)
              {
                  // Get Inputport Mac Status
                  if(ScalerDpGetMacSwitch(enumInputPort) == _FALSE)
                  {
                      if(SysSourceGetCableDetect(enumInputPort) == _TRUE)
                      {
                          ScalerDpMacSwitch(enumInputPort);
                      }
                  }
C51 COMPILER V9.60.0.0   SYSDP                                                             09/18/2026 16:57:19 PAGE 13  

              
              #if(_DP_HDCP_ARBITER_SUPPORT == _ON)
                  if(GET_SOURCE_SEARCH_DELAY_MODE() != _SOURCE_SEARCH_POLLING_MODE)
                  {
                      if(ScalerDpGetMacSwitch(enumInputPort) == _TRUE)
                      {
                          ScalerDpHdcpCapSwitch(enumInputPort);
                      }
                  }
              #endif
              }
              #endif
 698          
 699          #if(_TWO_CHIP_DATA_EXCHANGE_MODE != _DATA_EXCHANGE_MODE_NONE)
              //--------------------------------------------------
              // Description  : Check if Specific ucInputPort is TwoChip Data Exchange Port or Not
              // Input Value  : ucInputPort
              // Output Value : TwoChip Data Exchange Port _TRUE / _FALSE
              //--------------------------------------------------
              bit SysDpCheckTwoChipDataExchangePort(BYTE ucInputPort)
              {
                  switch(ucInputPort)
                  {
                      case _D0_INPUT_PORT:
              #if((_D0_INPUT_PORT_TYPE == _D0_DP_PORT) && (_D0_TWO_CHIP_DATA_EXCHANGE_MODE != _DATA_EXCHANGE_MODE_NONE))
                          return _TRUE;
              #else
                          return _FALSE;
              #endif
                          break;
              
                      case _D1_INPUT_PORT:
              #if((_D1_INPUT_PORT_TYPE == _D1_DP_PORT) && (_D1_TWO_CHIP_DATA_EXCHANGE_MODE != _DATA_EXCHANGE_MODE_NONE))
                          return _TRUE;
              #else
                          return _FALSE;
              #endif
                          break;
              
                      default:
              
                          return _FALSE;
              
                          break;
                  }
                  return _FALSE;
              }
              #endif // End of #if(_TWO_CHIP_DATA_EXCHANGE_MODE != _DATA_EXCHANGE_MODE_NONE)
 734          
 735          #endif // End of #if(_DP_SUPPORT == _ON)
 736          
 737          #if(_DP_TX_SUPPORT == _ON)
              //--------------------------------------------------
              // Description  : DP Tx Handler
              // Input Value  : None
              // Output Value : None
              //--------------------------------------------------
              void SysDpTxHandler(void)
              {
                  if(GET_POWER_STATUS() == _POWER_STATUS_NORMAL)
                  {
                      // HPD Detection Function
C51 COMPILER V9.60.0.0   SYSDP                                                             09/18/2026 16:57:19 PAGE 14  

                      ScalerDpTxHPDProc();
              
                      ScalerDpTxJudgeHandler();
              
                      ScalerDpTxModeHandler();
              
              #if(_DP_HDCP_2_2_SUPPORT == _ON)
                      SysDpTxHdcp2Handler();
              #endif
              
              #if(_DP_MST_SUPPORT == _ON)
                      ScalerDpHDCPHandler();
              #endif
                  }
              }
              
              //--------------------------------------------------
              // Description  : Decide whether to Clone output to DP Tx
              // Input Value  : None
              // Output Value : _TRUE or _FALSE
              //--------------------------------------------------
              bit SysDpTxCloneOutputStatus(void)
              {
                  if(UserInterfaceGetDpCloneOutputStatus() == _FALSE)
                  {
                      return _FALSE;
                  }
              
                  if(ScalerSyncDpTxCloneOutputPortCheck(SysSourceGetInputPort()) == _FALSE)
                  {
                      return _FALSE;
                  }
              
                  if(GET_PORT_TYPE(SysSourceGetInputPortType(SysSourceGetInputPort())) == _PORT_DP)
                  {
              #if((_D0_INPUT_PORT_TYPE == _D0_DP_PORT) && (_D0_DP_MST_PORT_SUPPORT == _OFF))
                      if(SysSourceGetInputPort() == _D0_INPUT_PORT)
                      {
                          return _FALSE;
                      }
              #endif
              
              #if((_D1_INPUT_PORT_TYPE == _D1_DP_PORT) && (_D1_DP_MST_PORT_SUPPORT == _OFF))
                      if(SysSourceGetInputPort() == _D1_INPUT_PORT)
                      {
                          return _FALSE;
                      }
              #endif
                  }
              
                  return _TRUE;
              }
              
              #if(_DP_HDCP_2_2_SUPPORT == _ON)
              //--------------------------------------------------
              // Description  : DP Rx MST Handler
              // Input Value  : None
              // Output Value : None
              //--------------------------------------------------
              void SysDpTxHdcp2Handler(void)
              {
                  BYTE pucDpTxHdcp2Key[384];
C51 COMPILER V9.60.0.0   SYSDP                                                             09/18/2026 16:57:19 PAGE 15  

              
                  if(GET_DP_TX_HDCP2_LOAD_KEY_EN() == _TRUE)
                  {
                      CLR_DP_TX_HDCP2_LOAD_KEY_EN();
              
                      ScalerDpTxHdcp2DcpLlcRsaInit();
              
                      UserCommonInterfaceGetDpTxHdcp2RRMODN(0, 0x180, pucDpTxHdcp2Key);
                      ScalerDpTxHdcp2LoadKeyProc(_DP_TX_HDCP2_KEY_RRMODN, pucDpTxHdcp2Key);
              
                      UserCommonInterfaceGetDpTxHdcp2DcpLlcN(0, 0x180, pucDpTxHdcp2Key);
                      ScalerDpTxHdcp2LoadKeyProc(_DP_TX_HDCP2_KEY_DCP_LLC_N, pucDpTxHdcp2Key);
              
                      ScalerDpTxHdcp2LoadKeyProc(_DP_TX_HDCP2_KEY_EKEY1, pucDpTxHdcp2Key);
              
                      UserCommonInterfaceGetDpTxHdcp2EKey(0, 0x80, pucDpTxHdcp2Key);
                      ScalerDpTxHdcp2LoadKeyProc(_DP_TX_HDCP2_KEY_EKEY2, pucDpTxHdcp2Key);
              
                      UserCommonInterfaceGetDpTxHdcp2NPinv(0, 0x04, pucDpTxHdcp2Key);
                      ScalerDpTxHdcp2LoadKeyProc(_DP_TX_HDCP2_KEY_NPINV, pucDpTxHdcp2Key);
              
                      SET_DP_TX_HDCP2_LOAD_KEY_FINISH();
                  }
              }
              #endif
              #endif
 836          
 837          #if(_DP_MST_SUPPORT == _ON)
              //--------------------------------------------------
              // Description  : DP Rx MST Handler
              // Input Value  : None
              // Output Value : None
              //--------------------------------------------------
              void SysDpMstHandler(void)
              {
                  if(GET_POWER_STATUS() == _POWER_STATUS_NORMAL)
                  {
                      ScalerDpRxMstHandler();
              
                      ScalerDpRxMstStreamsHandler();
              
                      ScalerSyncDpSourceWritePowerStatusEventProc();
              
                      if(SysPowerGetPowerStatus() != _POWER_STATUS_OFF)
                      {
                          ScalerDpRxMstStreamMuxChangeHandler();
                      }
                  }
              }
              
              #if(_DP_MST_AUTO_SEARCH_SUPPORT == _ON)
              //--------------------------------------------------
              // Description  : DP MST Auto Switch
              // Input Value  : None
              // Output Value : None
              //--------------------------------------------------
              void SysDpMstAutoSwitch(void)
              {
                  bit bMstForceSwitchEn = _FALSE;
              
              #if(_HP_SOURCE_SCAN_SUPPORT == _ON)
                  // For some of HP scan type, the first loop of source search for checking monitor status
C51 COMPILER V9.60.0.0   SYSDP                                                             09/18/2026 16:57:19 PAGE 16  

                  if(SysSourceHpGetMonitorStatusCheckProcessing() == _TRUE)
                  {
                      if(GET_SOURCE_HP_PORT_SWITCH_TARGET() == g_ucSearchIndex)
                      {
                          bMstForceSwitchEn = _TRUE;
                      }
                      else
                      {
                          return;
                      }
                  }
              #endif
              
                  if((GET_SOURCE_JUDGE(g_ucSearchIndex) == _TRUE) || (GET_SOURCE_SCAN_TYPE() == _SOURCE_SWITCH_FIXED_POR
             -T) || (bMstForceSwitchEn == _TRUE))
                  {
                      // Disable other ports
              #if(_D0_DP_EXIST == _ON)
              
              #if((_D6_INPUT_PORT_TYPE == _D6_DP_PORT) && (_D6_INPUT_PORT_SWITCH_FROM == _SWITCH_FROM_D0))
                      if((SysSourceGetInputPort() != _D0_INPUT_PORT) && (SysSourceGetInputPort() != _D6_INPUT_PORT))
              #else
                      if(SysSourceGetInputPort() != _D0_INPUT_PORT)
              #endif
                      {
                          ScalerDpRxMstCapabilitySwitch(_D0_INPUT_PORT, _DISABLE);
                      }
              #endif
              
              #if(_D1_DP_EXIST == _ON)
                      if(SysSourceGetInputPort() != _D1_INPUT_PORT)
                      {
                          ScalerDpRxMstCapabilitySwitch(_D1_INPUT_PORT, _DISABLE);
                      }
              #endif
              
                      if(ScalerDpRxMstGetCapablePort() == _DP_MST_NO_PORT)
                      {
                          if(ScalerDpRxMstGetMstCapability(SysSourceGetInputPort()) == _TRUE)
                          {
                              ScalerDpRxMstInitial(UserCommonInterfaceGetDpMstCapablePort());
                          }
                      }
                      else if(ScalerDpRxMstGetInputPort(ScalerDpRxMstGetCapablePort()) != SysSourceGetInputPort())
                      {
                          ScalerDpMstReset(ScalerDpRxMstGetCapablePort());
                      }
                  }
              
                  // Input port has the right to become a MST capable port
                  if(SysSourceGetInputPort() == ScalerDpRxMstGetInputPort(UserCommonInterfaceGetDpMstCapablePort()))
                  {
                      ScalerDpRxMstCapabilitySwitch(SysSourceGetInputPort(), _ENABLE);
                  }
                  else
                  {
                      ScalerDpRxMstCapabilitySwitch(SysSourceGetInputPort(), _DISABLE);
                  }
              }
              #endif
              #endif

C51 COMPILER V9.60.0.0   SYSDP                                                             09/18/2026 16:57:19 PAGE 17  


MODULE INFORMATION:   STATIC OVERLAYABLE
   CODE SIZE        =    265    ----
   CONSTANT SIZE    =   ----    ----
   XDATA SIZE       =   ----    ----
   PDATA SIZE       =   ----    ----
   DATA SIZE        =   ----    ----
   IDATA SIZE       =   ----    ----
   BIT SIZE         =   ----    ----
END OF MODULE INFORMATION.


C51 COMPILATION COMPLETE.  8 WARNING(S),  0 ERROR(S)
