C51 COMPILER V8.12   RL6432_SERIES_EFUSE                                                   09/16/2026 20:28:40 PAGE 1   


C51 COMPILER V8.12, COMPILATION OF MODULE RL6432_SERIES_EFUSE
OBJECT MODULE PLACED IN .\Output\RL6432_Project\RL6432_Series_Efuse.obj
COMPILER INVOKED BY: c:\Keil\C51\BIN\C51.EXE Kernel\Scaler\RL6432_Series_Scaler\Code\RL6432_Series_Efuse.c LARGE OPTIMIZ
                    -E(9,SPEED) INCDIR(.\Output\RL6432;.\Project\Header;.\Pcb;.\Panel;.\Kernel\Device\Header;.\Kernel\Common;.\Kernel\System\
                    -Header;.\Kernel\Scaler\ScalerFunction\Header;.\Kernel\Scaler\ScalerCommonFunction\Header;.\Kernel\Scaler\ScalerFunction\
                    -Lib\Header;.\Kernel\Scaler\ScalerCommonFunction\Lib\Header;.\Kernel\Scaler\RL6432_Series_Scaler\Header;.\Kernel\Scaler\R
                    -L6432_Series_Common\Header;.\Kernel\Scaler\RL6432_Series_Scaler\Lib\Header;.\Kernel\Scaler\RL6432_Series_Common\Lib\Head
                    -er;.\Kernel\User Common Function\Header;.\User\RTD Series\RTD2014Function\Header;.\User\RTD Series\RTD2014Osd\Header;.\U
                    -ser\RTD Factory\Header;.\User\None Series\NoneFunction\Header;.\User\None Series\NoneOsd\Header;.\User\None Factory\Head
                    -er) DEFINE(_PROJECT=_RL6432_PROJECT,_SCALER_TYPE=_RL6432_SERIES) DEBUG OBJECTEXTEND PRINT(.\Output\RL6432_Project\RL6432
                    -_Series_Efuse.lst) OBJECT(.\Output\RL6432_Project\RL6432_Series_Efuse.obj)

line level    source

   1          /********************************************************************************/
   2          /*   Copyright (c) 2021 Realtek Semiconductor Corp. All rights reserved.        */
   3          /*                                                                              */
   4          /*   SPDX-License-Identifier: LicenseRef-Realtek-Proprietary                    */
   5          /*                                                                              */
   6          /*   This software component is confidential and proprietary to Realtek         */
   7          /*   Semiconductor Corp. Disclosure, reproduction, redistribution, in whole     */
   8          /*   or in part, of this work and its derivatives without express permission    */
   9          /*   is prohibited.                                                             */
  10          /********************************************************************************/
  11          
  12          //----------------------------------------------------------------------------------------------------
  13          // ID Code      : RL6432_Series_Efuse.c No.0000
  14          // Update Note  :
  15          //----------------------------------------------------------------------------------------------------
  16          
  17          #include "ScalerFunctionInclude.h"
  18          
  19          //****************************************************************************
  20          // DEFINITIONS / MACROS
  21          //****************************************************************************
  22          
  23          //****************************************************************************
  24          // STRUCT / TYPE / ENUM DEFINITTIONS
  25          //****************************************************************************
  26          
  27          //****************************************************************************
  28          // CODE TABLES
  29          //****************************************************************************
  30          
  31          //****************************************************************************
  32          // VARIABLE DECLARATIONS
  33          //****************************************************************************
  34          
  35          //****************************************************************************
  36          // FUNCTION DECLARATIONS
  37          //****************************************************************************
  38          void ScalerEfuseGetData(EnumEfuseDataState enumEfuseDataState, BYTE ucEfuseLength, BYTE *pucEfuseData);
  39          
  40          //****************************************************************************
  41          // FUNCTION DEFINITIONS
  42          //****************************************************************************
  43          
  44          //--------------------------------------------------
  45          // Description  : M2PLL Power COntrol.
  46          // Input Value  : enumEfuseDataState, pucEfuseData
  47          // Output Value : None
C51 COMPILER V8.12   RL6432_SERIES_EFUSE                                                   09/16/2026 20:28:40 PAGE 2   

  48          //--------------------------------------------------
  49          void ScalerEfuseGetData(EnumEfuseDataState enumEfuseDataState, BYTE ucEfuseLength, BYTE *pucEfuseData)
  50          {
  51   1          WORD usEfuseAddress = 0;
  52   1      
  53   1          switch(enumEfuseDataState)
  54   1          {
  55   2              case _EFUSE_INIT_DATA:
  56   2                  usEfuseAddress = 326;
  57   2                  break;
  58   2      
  59   2              default:
  60   2                  return;
  61   2          }
  62   1      
  63   1          // Enable eFuse Module Clk
  64   1          ScalerSetBit(P24_A3_EFUSE_CTRL_0, ~_BIT0, 0x00);
  65   1      
  66   1          // Set eFuse Read Start Address
  67   1          ScalerSetByte(P24_A1_EFUSE_BURN_IN_1, (usEfuseAddress >> 1));
  68   1      
  69   1          // Enable Read eFuse
  70   1          ScalerSetBit(P24_A3_EFUSE_CTRL_0, ~(_BIT7 | _BIT6 | _BIT5), _BIT6);
  71   1      
  72   1          // Delay Time us [10,x] for eFuse ready
  73   1          DELAY_10US();
  74   1      
  75   1          // Load eFuse data
  76   1          if((usEfuseAddress % 2) == 0)
  77   1          {
  78   2              memcpy(pucEfuseData, (volatile BYTE xdata *)P24_A6_EFUSE_DATA0, ucEfuseLength);
  79   2          }
  80   1          else
  81   1          {
  82   2              memcpy(pucEfuseData, (volatile BYTE xdata *)P24_A7_EFUSE_DATA1, ucEfuseLength);
  83   2          }
  84   1      
  85   1          // Reset eFuse Read Start Address
  86   1          ScalerSetByte(P24_A1_EFUSE_BURN_IN_1, 0x00);
  87   1      
  88   1          // Enable Read eFuse
  89   1          ScalerSetBit(P24_A3_EFUSE_CTRL_0, ~(_BIT7 | _BIT6 | _BIT5), _BIT6);
  90   1      
  91   1          // Delay Time us [10,x] for eFuse ready
  92   1          DELAY_10US();
  93   1      
  94   1          // Disable eFuse Module Clk
  95   1          ScalerSetBit(P24_A3_EFUSE_CTRL_0, ~_BIT0, _BIT0);
  96   1      }
  97          


MODULE INFORMATION:   STATIC OVERLAYABLE
   CODE SIZE        =    133    ----
   CONSTANT SIZE    =   ----    ----
   XDATA SIZE       =   ----       4
   PDATA SIZE       =   ----    ----
   DATA SIZE        =   ----    ----
   IDATA SIZE       =   ----    ----
   BIT SIZE         =   ----    ----
END OF MODULE INFORMATION.


C51 COMPILATION COMPLETE.  0 WARNING(S),  0 ERROR(S)
