C51 COMPILER V9.60.0.0   RL6432_SERIES_MDOMAIN                                             09/18/2026 20:39:18 PAGE 1   


C51 COMPILER V9.60.0.0, COMPILATION OF MODULE RL6432_SERIES_MDOMAIN
OBJECT MODULE PLACED IN .\Output\RL6432_Project\RL6432_Series_MDomain.obj
COMPILER INVOKED BY: C:\Keil_v5\C51\BIN\C51.EXE Kernel\Scaler\RL6432_Series_Scaler\Code\RL6432_Series_MDomain.c LARGE OP
                    -TIMIZE(9,SPEED) INCDIR(.\Output\RL6432;.\Project\Header;.\Pcb;.\Panel;.\Kernel\Device\Header;.\Kernel\Common;.\Kernel\Sy
                    -stem\Header;.\Kernel\Scaler\ScalerFunction\Header;.\Kernel\Scaler\ScalerCommonFunction\Header;.\Kernel\Scaler\ScalerFunc
                    -tion\Lib\Header;.\Kernel\Scaler\ScalerCommonFunction\Lib\Header;.\Kernel\Scaler\RL6432_Series_Scaler\Header;.\Kernel\Sca
                    -ler\RL6432_Series_Common\Header;.\Kernel\Scaler\RL6432_Series_Scaler\Lib\Header;.\Kernel\Scaler\RL6432_Series_Common\Lib
                    -\Header;.\Kernel\User Common Function\Header;.\User\RTD Series\RTD2014Function\Header;.\User\RTD Series\RTD2014Osd\Heade
                    -r;.\User\RTD Factory\Header;.\User\None Series\NoneFunction\Header;.\User\None Series\NoneOsd\Header;.\User\None Factory
                    -\Header) DEFINE(_PROJECT=_RL6432_PROJECT,_SCALER_TYPE=_RL6432_SERIES) DEBUG OBJECTEXTEND PRINT(.\Output\RL6432_Project\R
                    -L6432_Series_MDomain.lst) TABS(2) OBJECT(.\Output\RL6432_Project\RL6432_Series_MDomain.obj)

line level    source

   1          /********************************************************************************/
   2          /*   Copyright (c) 2021 Realtek Semiconductor Corp. All rights reserved.        */
   3          /*                                                                              */
   4          /*   SPDX-License-Identifier: LicenseRef-Realtek-Proprietary                    */
   5          /*                                                                              */
   6          /*   This software component is confidential and proprietary to Realtek         */
   7          /*   Semiconductor Corp. Disclosure, reproduction, redistribution, in whole     */
   8          /*   or in part, of this work and its derivatives without express permission    */
   9          /*   is prohibited.                                                             */
  10          /********************************************************************************/
  11          
  12          //----------------------------------------------------------------------------------------------------
  13          // ID Code      : RL6432_Series_MDomain.c No.0000
  14          // Update Note  :
  15          //----------------------------------------------------------------------------------------------------
  16          
  17          #include "ScalerFunctionInclude.h"
  18          
  19          //****************************************************************************
  20          // DEFINITIONS / MACROS
  21          //****************************************************************************
  22          
  23          //****************************************************************************
  24          // STRUCT / TYPE / ENUM DEFINITTIONS
  25          //****************************************************************************
  26          
  27          //****************************************************************************
  28          // CODE TABLES
  29          //****************************************************************************
  30          
  31          //****************************************************************************
  32          // VARIABLE DECLARATIONS
  33          //****************************************************************************
  34          
  35          //****************************************************************************
  36          // FUNCTION DECLARATIONS
  37          //****************************************************************************
  38          void ScalerMDomainControlDBApply(void);
  39          bit ScalerMDomainMemoryCheck(void);
  40          void ScalerMDomainDisplayTimingGenDBApply(EnumDBApply enumDBApply);
  41          
  42          //****************************************************************************
  43          // FUNCTION DEFINITIONS
  44          //****************************************************************************
  45          
  46          //--------------------------------------------------
  47          // Description  : Special Double Buffer Apply Procedure for FS
C51 COMPILER V9.60.0.0   RL6432_SERIES_MDOMAIN                                             09/18/2026 20:39:18 PAGE 2   

  48          // Input Value  : None
  49          // Output Value : None
  50          // Note : Only for Frame Sync case
  51          //--------------------------------------------------
  52          void ScalerMDomainControlDBApply(void)
  53          {
  54   1          bit bFreeRunEn = _FALSE;
  55   1      
  56   1          // Enable double buffer
  57   1          if((GET_MEMORY_SELECT() == _FRAME_SYNC_LINE_BUFFER) || (GET_MEMORY_SELECT() == _FRAME_SYNC_MEMORY) || 
             -(GET_MEMORY_SELECT() == _MN_FRAME_SYNC_MEMORY))
  58   1          {
  59   2              if(ScalerGetBit(P0_10_M1_VGIP_CTRL, _BIT1) == _BIT1)
  60   2              {
  61   3                  // Avoid (Current_IVStart + IVHeight) > IVToal + New_IVSDelay in digital capture
  62   3                  PDATA_WORD(0) = (g_stInputTimingData.usVStart + ScalerVgipGetCaptureVStartPosition() + g_stMDo
             -mainInputData.usVHeight);
  63   3              }
  64   2              else
  65   2              {
  66   3                  // Avoid (Current_IVSDelay + IVStart + IVHeight) > IVToal + New_IVSDelay in analog capture
  67   3                  PDATA_WORD(0) = (ScalerVgipGetCaptureVDelay() + ScalerVgipGetCaptureVStartPosition() + g_stMDo
             -mainInputData.usVHeight);
  68   3              }
  69   2      
  70   2              bFreeRunEn = (PDATA_WORD(0) > g_stMDomainInputData.usVTotal) ? (_TRUE) : (_FALSE);
  71   2      
  72   2              if(bFreeRunEn == _TRUE)
  73   2              {
  74   3                  ScalerTimerWaitForEvent(_EVENT_DEN_START);
  75   3      
  76   3                  // Set Free run
  77   3                  ScalerSetBit(P0_28_VIDEO_DISPLAY_CONTROL_REG, ~_BIT3, 0x00);
  78   3      
  79   3                  ScalerSetDataPortBit(P0_2A_DISPLAY_FORMAT_ADDR_PORT, _P0_2B_PT_25_MN_FRAME_RATE_EN, ~_BIT7, 0x
             -00);
  80   3              }
  81   2      
  82   2              ScalerGlobalIDomainDBApply(_DB_APPLY_POLLING);
  83   2      
  84   2              if(bFreeRunEn == _TRUE)
  85   2              {
  86   3                  switch(GET_MEMORY_DVF_SELECT())
  87   3                  {
  88   4                      case _1_IVF:
  89   4                          ScalerTimerWaitForEvent(_EVENT_IVS);
  90   4                          ScalerTimerWaitForEvent(_EVENT_DEN_STOP);
  91   4      
  92   4                          // Set Frame sync
  93   4                          ScalerSetBit(P0_28_VIDEO_DISPLAY_CONTROL_REG, ~_BIT3, _BIT3);
  94   4                          break;
  95   4      
  96   4                      case _6_5_IVF:
  97   4                      case _5_4_IVF:
  98   4                          ScalerTimerWaitForEvent(_EVENT_IVS);
  99   4                          ScalerTimerWaitForEvent(_EVENT_DEN_STOP);
 100   4      
 101   4                          ScalerSetBit(P0_28_VIDEO_DISPLAY_CONTROL_REG, ~_BIT3, _BIT3);
 102   4                          ScalerSetDataPortBit(P0_2A_DISPLAY_FORMAT_ADDR_PORT, _P0_2B_PT_25_MN_FRAME_RATE_EN, ~_
             -BIT7, _BIT7);
 103   4                          break;
 104   4      
C51 COMPILER V9.60.0.0   RL6432_SERIES_MDOMAIN                                             09/18/2026 20:39:18 PAGE 3   

 105   4                      case _2_IVF:
 106   4                      case _3_IVF:
 107   4                          ScalerGetDataPortByte(P0_2A_DISPLAY_FORMAT_ADDR_PORT, _P0_2B_PT_27_N_FOR_MN_FRAME_RATE
             -, 1, &pData[15], _NON_AUTOINC);
 108   4      
 109   4                          ScalerTimerWaitForEvent(_EVENT_IEN_STOP);
 110   4                          ScalerTimerWaitForEvent(_EVENT_IVS);
 111   4      
 112   4                          while(pData[15] > 0)
 113   4                          {
 114   5                              pData[15] --;
 115   5                              ScalerTimerWaitForEvent(_EVENT_DEN_START);
 116   5                          }
 117   4                          ScalerTimerWaitForEvent(_EVENT_DEN_STOP);
 118   4      
 119   4                          ScalerSetBit(P0_28_VIDEO_DISPLAY_CONTROL_REG, ~_BIT3, _BIT3);
 120   4                          ScalerSetDataPortBit(P0_2A_DISPLAY_FORMAT_ADDR_PORT, _P0_2B_PT_25_MN_FRAME_RATE_EN, ~_
             -BIT7, _BIT7);
 121   4                          break;
 122   4      
 123   4                      case _2_5_IVF:
 124   4                          // Measure DVtotal in current mode
 125   4                          ScalerSetBit(P0_43_FS_DELAY_FINE_TUNE, ~_BIT5, _BIT5);
 126   4                          ScalerSetBit(P0_44_LAST_LINE_H, ~_BIT7, _BIT7);
 127   4      
 128   4                          // Get N frame
 129   4                          ScalerGetDataPortByte(P0_2A_DISPLAY_FORMAT_ADDR_PORT, _P0_2B_PT_27_N_FOR_MN_FRAME_RATE
             -, 1, &pData[15], _NON_AUTOINC);
 130   4      
 131   4                          // Get free run DVtotal
 132   4                          PDATA_WORD(6) = GET_FREE_RUN_DVTOTAL();
 133   4      
 134   4                          ScalerTimerWaitForEvent(_EVENT_IEN_STOP);
 135   4                          ScalerTimerWaitForEvent(_EVENT_IVS);
 136   4      
 137   4                          GET_DVTOTAL_LASTLINE(PDATA_WORD(0));
 138   4      
 139   4                          if(PDATA_WORD(0) < (PDATA_WORD(6) * 7 / 10))
 140   4                          {
 141   5                              while(pData[15] > 0)
 142   5                              {
 143   6                                  pData[15] --;
 144   6                                  ScalerTimerWaitForEvent(_EVENT_DEN_START);
 145   6                              }
 146   5                          }
 147   4                          else
 148   4                          {
 149   5                              ScalerTimerWaitForEvent(_EVENT_DEN_START);
 150   5                          }
 151   4      
 152   4                          ScalerTimerWaitForEvent(_EVENT_DEN_STOP);
 153   4      
 154   4                          ScalerSetBit(P0_28_VIDEO_DISPLAY_CONTROL_REG, ~_BIT3, _BIT3);
 155   4                          ScalerSetDataPortBit(P0_2A_DISPLAY_FORMAT_ADDR_PORT, _P0_2B_PT_25_MN_FRAME_RATE_EN, ~_
             -BIT7, _BIT7);
 156   4                          ScalerSetBit(P0_43_FS_DELAY_FINE_TUNE, ~_BIT5, 0x00);
 157   4                          break;
 158   4      
 159   4                      default:
 160   4                          break;
 161   4                  }
 162   3              }
C51 COMPILER V9.60.0.0   RL6432_SERIES_MDOMAIN                                             09/18/2026 20:39:18 PAGE 4   

 163   2          }
 164   1          else
 165   1          {
 166   2              ScalerGlobalIDomainDBApply(_DB_APPLY_POLLING);
 167   2          }
 168   1          ScalerGlobalDDomainDBApply(_DB_APPLY_POLLING);
 169   1      }
 170          
 171          //--------------------------------------------------
 172          // Description  : Check memory
 173          // Input Value  : None
 174          // Output Value : Memory check pass or fail
 175          //--------------------------------------------------
 176          bit ScalerMDomainMemoryCheck(void)
 177          {
 178   1          // Check fifo underflow & overflow and Input HVsync error flag, Display Vsync timeout flag
 179   1          if((ScalerGetBit(P0_02_STATUS0, (_BIT6 | _BIT5 | _BIT1 | _BIT0)) != 0x00) || (ScalerGetBit(P0_0C_WATCH
             -_DOG_CTRL0, _BIT0) != 0x00))
 180   1          {
 181   2              return _FALSE;
 182   2          }
 183   1      
 184   1          return _TRUE;
 185   1      }
 186          
 187          //--------------------------------------------------
 188          // Description  : Apply Display Timing Gen Double Buffer
 189          // Input Value  : None
 190          // Output Value : None
 191          //--------------------------------------------------
 192          void ScalerMDomainDisplayTimingGenDBApply(EnumDBApply enumDBApply)
 193          {
 194   1          if(enumDBApply != _DB_APPLY_NONE)
 195   1          {
 196   2              // Check if Display Timing Gen DB is enabled
 197   2              if(ScalerGetBit(P0_2F_DISPLAY_FORMAT_DOUBLE_BUFFER, _BIT7) == 0x00)
 198   2              {
 199   3                  return;
 200   3              }
 201   2      
 202   2              // Check D domain status
 203   2              if((ScalerGetBit(P0_28_VIDEO_DISPLAY_CONTROL_REG, _BIT0) == 0x00) ||
 204   2                 (GET_DPLL_POWER_STATUS() == _FALSE))
 205   2              {
 206   3                  // Disable Double Buffer
 207   3                  ScalerSetBit(P0_2F_DISPLAY_FORMAT_DOUBLE_BUFFER, ~_BIT7, 0x00);
 208   3                  return;
 209   3              }
 210   2      
 211   2              // Apply Display Timing Gen Double Buffer
 212   2              ScalerSetBit(P0_2F_DISPLAY_FORMAT_DOUBLE_BUFFER, ~_BIT6, _BIT6);
 213   2      
 214   2              if(enumDBApply == _DB_APPLY_POLLING)
 215   2              {
 216   3                  // Wait Display Timing Gen double buffer
 217   3                  if(ScalerTimerPollingFlagProc(_DOUBLE_BUFFER_WAIT_TIME, P0_2F_DISPLAY_FORMAT_DOUBLE_BUFFER, _B
             -IT6, 0) == _FALSE)
 218   3                  {
 219   4                      // Disable Double Buffer
 220   4                      ScalerSetBit(P0_2F_DISPLAY_FORMAT_DOUBLE_BUFFER, ~_BIT7, 0x00);
 221   4                  }
 222   3              }
C51 COMPILER V9.60.0.0   RL6432_SERIES_MDOMAIN                                             09/18/2026 20:39:18 PAGE 5   

 223   2          }
 224   1      }
 225          


MODULE INFORMATION:   STATIC OVERLAYABLE
   CODE SIZE        =    574    ----
   CONSTANT SIZE    =   ----    ----
   XDATA SIZE       =   ----    ----
   PDATA SIZE       =   ----    ----
   DATA SIZE        =   ----    ----
   IDATA SIZE       =   ----    ----
   BIT SIZE         =   ----       1
END OF MODULE INFORMATION.


C51 COMPILATION COMPLETE.  0 WARNING(S),  0 ERROR(S)
