C51 COMPILER V8.12   RL6432_SERIES_OD                                                      09/16/2026 20:28:29 PAGE 1   


C51 COMPILER V8.12, COMPILATION OF MODULE RL6432_SERIES_OD
OBJECT MODULE PLACED IN .\Output\RL6432_Project\RL6432_Series_OD.obj
COMPILER INVOKED BY: c:\Keil\C51\BIN\C51.EXE Kernel\Scaler\RL6432_Series_Scaler\Code\RL6432_Series_OD.c LARGE OPTIMIZE(9
                    -,SPEED) INCDIR(.\Output\RL6432;.\Project\Header;.\Pcb;.\Panel;.\Kernel\Device\Header;.\Kernel\Common;.\Kernel\System\Hea
                    -der;.\Kernel\Scaler\ScalerFunction\Header;.\Kernel\Scaler\ScalerCommonFunction\Header;.\Kernel\Scaler\ScalerFunction\Lib
                    -\Header;.\Kernel\Scaler\ScalerCommonFunction\Lib\Header;.\Kernel\Scaler\RL6432_Series_Scaler\Header;.\Kernel\Scaler\RL64
                    -32_Series_Common\Header;.\Kernel\Scaler\RL6432_Series_Scaler\Lib\Header;.\Kernel\Scaler\RL6432_Series_Common\Lib\Header;
                    -.\Kernel\User Common Function\Header;.\User\RTD Series\RTD2014Function\Header;.\User\RTD Series\RTD2014Osd\Header;.\User
                    -\RTD Factory\Header;.\User\None Series\NoneFunction\Header;.\User\None Series\NoneOsd\Header;.\User\None Factory\Header)
                    - DEFINE(_PROJECT=_RL6432_PROJECT,_SCALER_TYPE=_RL6432_SERIES) DEBUG OBJECTEXTEND PRINT(.\Output\RL6432_Project\RL6432_Se
                    -ries_OD.lst) OBJECT(.\Output\RL6432_Project\RL6432_Series_OD.obj)

line level    source

   1          /********************************************************************************/
   2          /*   Copyright (c) 2021 Realtek Semiconductor Corp. All rights reserved.        */
   3          /*                                                                              */
   4          /*   SPDX-License-Identifier: LicenseRef-Realtek-Proprietary                    */
   5          /*                                                                              */
   6          /*   This software component is confidential and proprietary to Realtek         */
   7          /*   Semiconductor Corp. Disclosure, reproduction, redistribution, in whole     */
   8          /*   or in part, of this work and its derivatives without express permission    */
   9          /*   is prohibited.                                                             */
  10          /********************************************************************************/
  11          
  12          //----------------------------------------------------------------------------------------------------
  13          // ID Code      : RL6432_Series_OD.c No.0000
  14          // Update Note  :
  15          //----------------------------------------------------------------------------------------------------
  16          
  17          #define __RL6432_SERIES_OD__
  18          
  19          #include "ScalerFunctionInclude.h"
  20          
  21          #if(_OD_SUPPORT == _ON)
  22          //****************************************************************************
  23          // DEFINITIONS / MACROS
  24          //****************************************************************************
  25          
  26          //****************************************************************************
  27          // STRUCT / TYPE / ENUM DEFINITTIONS
  28          //****************************************************************************
  29          
  30          //****************************************************************************
  31          // CODE TABLES
  32          //****************************************************************************
  33          
  34          //****************************************************************************
  35          // VARIABLE DECLARATIONS
  36          //****************************************************************************
  37          
  38          //****************************************************************************
  39          // FUNCTION DECLARATIONS
  40          //****************************************************************************
  41          void ScalerODEnable(EnumFunctionOnOFF enumOn);
  42          void ScalerODSetMemoryStartAddress(void);
  43          
  44          #if(_FRC_SUPPORT == _ON)
  45          void ScalerODIntHandler_EXINT0(void);
  46          #endif
  47          
C51 COMPILER V8.12   RL6432_SERIES_OD                                                      09/16/2026 20:28:29 PAGE 2   

  48          //****************************************************************************
  49          // FUNCTION DEFINITIONS
  50          //****************************************************************************
  51          
  52          //--------------------------------------------------
  53          // Description  : OD on/off
  54          // Input Value  : enumOn --> _FUNCTION_ON/_FUNCTION_OFF
  55          // Output Value : None
  56          //--------------------------------------------------
  57          void ScalerODEnable(EnumFunctionOnOFF enumOn)
  58          {
  59   1          //=================
  60   1          // Enable OD
  61   1          //=================
  62   1          if((enumOn == _FUNCTION_ON) && (GET_OD_USE_BIT() != _OFF))
  63   1          {
  64   2              // Enable OD clock
  65   2              ScalerSetBit(P1_DC_DCLK_GATED_CTRL2, ~_BIT2, _BIT2);
  66   2      
  67   2      #if(_FRC_SUPPORT == _ON)
  68   2              DebugMessageFRC("OD_ON", 0);
  69   2      
  70   2      #if(_MEMORY_TYPE_CONFIG == _MEMORY_DDR1)
  71   2              ScalerTimerWaitForEvent(_EVENT_DEN_STOP);
  72   2              ScalerDDR1SetFRCDisplayTokenRing(enumOn);
  73   2      #endif
  74   2              if(GET_DYNAMIC_OD_STATUS() == _ENABLE)
  75   2              {
  76   3                  DebugMessageFRC("Dynamic OD", GET_MEMORY_DVF_SELECT());
  77   3      
  78   3                  // Enable DEN_START IRQ
  79   3                  SET_OD_CURR_DYNAMIC_STATUS(_ENABLE);
  80   3                  ScalerGlobalSetInterrupt(_IRQ_DEN_START, _ENABLE);
  81   3              }
  82   2              else
  83   2              {
  84   3                  DebugMessageFRC("Static OD", 0);
  85   3      
  86   3                  // Enable OD function, disable DEN_START IRQ
  87   3                  SET_OD_CURR_DYNAMIC_STATUS(_DISABLE);
  88   3                  ScalerGlobalSetInterrupt(_IRQ_DEN_START, _DISABLE);
  89   3                  ScalerSetBit(P3_A1_LS_CTRL0, ~(_BIT7 | _BIT6), (_BIT7 | _BIT6));
  90   3              }
  91   2      #else
                      // Enable OD function
                      ScalerSetBit(P3_A1_LS_CTRL0, ~(_BIT7 | _BIT6), (_BIT7 | _BIT6));
              #endif
  95   2          }
  96   1          //=================
  97   1          // Disable OD
  98   1          //=================
  99   1          else
 100   1          {
 101   2              // Enable OD clock
 102   2              ScalerSetBit(P1_DC_DCLK_GATED_CTRL2, ~_BIT2, _BIT2);
 103   2      
 104   2      #if(_FRC_SUPPORT == _ON)
 105   2              DebugMessageFRC("OD_OFF", 0);
 106   2      
 107   2              SET_OD_CURR_DYNAMIC_STATUS(_DISABLE);
 108   2              ScalerGlobalSetInterrupt(_IRQ_DEN_START, _DISABLE);
 109   2      #endif
C51 COMPILER V8.12   RL6432_SERIES_OD                                                      09/16/2026 20:28:29 PAGE 3   

 110   2              // Disable OD function
 111   2              ScalerSetBit(P3_A1_LS_CTRL0, ~(_BIT7 | _BIT6), 0x00);
 112   2      
 113   2      #if(_MEMORY_TYPE_CONFIG == _MEMORY_DDR1)
 114   2      #if(_FRC_SUPPORT == _ON)
 115   2              ScalerTimerWaitForEvent(_EVENT_DVS);
 116   2      
 117   2              ScalerTimerWaitForEvent(_EVENT_DEN_STOP);
 118   2              ScalerDDR1SetFRCDisplayTokenRing(enumOn);
 119   2      #endif
 120   2      #endif
 121   2              //=================
 122   2              // Clock Gated
 123   2              //=================
 124   2              if(enumOn == _FUNCTION_CLOCK_GATED)
 125   2              {
 126   3                  ScalerTimerWaitForEvent(_EVENT_DVS);
 127   3                  ScalerTimerDelayXms(2);
 128   3      
 129   3                  // Disable OD clock
 130   3                  ScalerSetBit(P1_DC_DCLK_GATED_CTRL2, ~_BIT2, 0x00);
 131   3              }
 132   2          }
 133   1      }
 134          
 135          //--------------------------------------------------
 136          // Description  : Initialize OD memory start address
 137          // Input Value  : None
 138          // Output Value : None
 139          //--------------------------------------------------
 140          void ScalerODSetMemoryStartAddress(void)
 141          {
 142   1          // Calculate OD memory use space, unit:row
 143   1          PDATA_WORD(0) = ((((DWORD)CEILING(_PANEL_DH_WIDTH, _OD_PIXEL_PER_COMP)) * _PANEL_DV_HEIGHT * GET_OD_US
             -E_BIT() / _MEMORY_BIT_NUM) /
 144   1                           (_MEMORY_COL_PER_BANK * _MEMORY_BANK) / 10 + 1);
 145   1      
 146   1          // Set Memory Start Address
 147   1          PDATA_WORD(0) = ((DWORD)_MEMORY_ROW - PDATA_WORD(0)) << 2;
 148   1      
 149   1          ScalerSetByte(P3_DB_LS_DDR_START_ADDR_H, pData[0]);
 150   1          ScalerSetByte(P3_DC_LS_DDR_START_ADDR_M, pData[1]);
 151   1          ScalerSetByte(P3_DD_LS_DDR_START_ADDR_L, 0x00);
 152   1      }
 153          
 154          #if(_FRC_SUPPORT == _ON)
 155          //--------------------------------------------------
 156          // Description  : Dynamic OD handler interrupt process (EXINT0 only)
 157          //                Dynamically enable/disable OD for memory bandwidth saving
 158          //                Switch OD memory address when FRC_3BLOCK_TOGGLE is enabled
 159          // Input Value  : None
 160          // Output Value : None
 161          //--------------------------------------------------
 162          void ScalerODIntHandler_EXINT0(void) using 1
 163          {
 164   1          // DEN_START event
 165   1          if(ScalerGetBit_EXINT(P0_05_IRQ_CTRL1, (_BIT3 | _BIT2)) == (_BIT3 | _BIT2))
 166   1          {
 167   2              BYTE ucBackupDataPortAddr = 0;
 168   2              BYTE ucFreerunDVSCount = 0;
 169   2      
 170   2              // Set DEN_START flag
C51 COMPILER V8.12   RL6432_SERIES_OD                                                      09/16/2026 20:28:29 PAGE 4   

 171   2              SET_EVENT_DEN_START_INT(_TRUE);
 172   2      
 173   2              // Clear DEN_START IRQ flag
 174   2              ScalerSetBit_EXINT(P0_05_IRQ_CTRL1, ~(_BIT6 | _BIT4 | _BIT2), _BIT2);
 175   2      
 176   2              //=======================================================
 177   2              // Get current serial number in repeated frame sequence
 178   2              //=======================================================
 179   2              // Backup data port address
 180   2              ucBackupDataPortAddr = ScalerGetByte_EXINT(P0_2A_DISPLAY_FORMAT_ADDR_PORT);
 181   2      
 182   2              // Get current free run DVS counter
 183   2              ScalerSetByte_EXINT(P0_2A_DISPLAY_FORMAT_ADDR_PORT, _P0_2B_PT_28_FREE_RUN_DVS_CNT);
 184   2              ucFreerunDVSCount = ScalerGetByte_EXINT(P0_2B_DISPLAY_FORMAT_DATA_PORT);
 185   2      
 186   2              // Resume data port address
 187   2              ScalerSetByte_EXINT(P0_2A_DISPLAY_FORMAT_ADDR_PORT, ucBackupDataPortAddr);
 188   2      
 189   2              //=======================================================
 190   2              // Set OD control registers according to current state
 191   2              //=======================================================
 192   2              switch(GET_MEMORY_DVF_SELECT())
 193   2              {
 194   3                  //====================================
 195   3                  // DVF = 2 IVF, EX: 30 to 60Hz
 196   3                  //====================================
 197   3                  // I-domain frame:          |______F1_______|______F2_______|______F3_______|
 198   3                  // D-domain frame:   |__F0___|__F0___|__F1___|__F1___|__F2___|__F2___|__F3___|
 199   3                  // <Free run DVS count>:     |___0___|___1___|___0___|___1___|___0___|___1___|
 200   3                  // <OD control>:             |__off__|___on__|__off__|___on__|__off__|___on__|
 201   3                  // OD actual(DB effective):  |_______|__OFF__|___ON__|__OFF__|___ON__|__OFF__|
 202   3                  // OD memory access:         |_______|_______|___W___|___R___|___W___|___R___|
 203   3                  case _2_IVF:
 204   3                      switch(ucFreerunDVSCount)
 205   3                      {
 206   4                          case 0:
 207   4                              // Disable OD
 208   4                              ScalerSetBit_EXINT(P3_A1_LS_CTRL0, ~(_BIT7 | _BIT6), 0x00);
 209   4                              break;
 210   4      
 211   4                          case 1:
 212   4                              // Enable OD
 213   4                              ScalerSetBit_EXINT(P3_A1_LS_CTRL0, ~(_BIT7 | _BIT6), (_BIT7 | _BIT6));
 214   4                              break;
 215   4      
 216   4                          default:
 217   4                              break;
 218   4                      }
 219   3                      break;
 220   3      
 221   3                  //====================================
 222   3                  // DVF = 2.5 IVF, EX: 24 to 60Hz
 223   3                  //====================================
 224   3                  // I-domain frame:          |________F1_________|________F2_________|________F3_________|_____
             -___F4_________|
 225   3                  // D-domain frame:   |__F0___|__F0___|__F0___|__F1___|__F1___|__F2___|__F2___|__F2___|__F3___|
             -__F3___|__F4___|
 226   3                  // <Free run DVS count>:     |___0___|___1___|___2___|___3___|___4___|___0___|___1___|___2___|
             -___3___|___4___|
 227   3                  // <OD control>:             |___on__|__off__|___on__|__off__|__off__|___on__|__off__|___on__|
             -__off__|__off__|
 228   3                  // OD actual(DB effective):  |_______|___ON__|__OFF__|___ON__|__OFF__|__OFF__|___ON__|__OFF__|
C51 COMPILER V8.12   RL6432_SERIES_OD                                                      09/16/2026 20:28:29 PAGE 5   

             -___ON__|__OFF__|
 229   3                  // OD memory access:         |_______|_______|___R___|___W___|___R___|_______|___W___|___R___|
             -___W___|___R___|
 230   3                  case _2_5_IVF:
 231   3                      switch(ucFreerunDVSCount)
 232   3                      {
 233   4                          case 0:
 234   4                          case 2:
 235   4                              // Switch OD memory address
 236   4                              if(ScalerGetBit_EXINT(P5_C1_MN_MADDR_TOG_CTL, (_BIT1 | _BIT0)) == 0x00)
 237   4                              {
 238   5                                  ScalerSetByte_EXINT(P3_DB_LS_DDR_START_ADDR_H, (g_ulMemoryThreeBlockAddr1 >> 1
             -6) & 0xFF);
 239   5                                  ScalerSetByte_EXINT(P3_DC_LS_DDR_START_ADDR_M, (g_ulMemoryThreeBlockAddr1 >> 8
             -) & 0xFF);
 240   5                                  ScalerSetByte_EXINT(P3_DD_LS_DDR_START_ADDR_L, g_ulMemoryThreeBlockAddr1 & 0xF
             -F);
 241   5                              }
 242   4                              else if(ScalerGetBit_EXINT(P5_C1_MN_MADDR_TOG_CTL, (_BIT1 | _BIT0)) == _BIT0)
 243   4                              {
 244   5                                  ScalerSetByte_EXINT(P3_DB_LS_DDR_START_ADDR_H, (g_ulMemoryThreeBlockAddr2 >> 1
             -6) & 0xFF);
 245   5                                  ScalerSetByte_EXINT(P3_DC_LS_DDR_START_ADDR_M, (g_ulMemoryThreeBlockAddr2 >> 8
             -) & 0xFF);
 246   5                                  ScalerSetByte_EXINT(P3_DD_LS_DDR_START_ADDR_L, g_ulMemoryThreeBlockAddr2 & 0xF
             -F);
 247   5                              }
 248   4                              else
 249   4                              {
 250   5                                  ScalerSetByte_EXINT(P3_DB_LS_DDR_START_ADDR_H, (g_ulMemoryThreeBlockAddr3 >> 1
             -6) & 0xFF);
 251   5                                  ScalerSetByte_EXINT(P3_DC_LS_DDR_START_ADDR_M, (g_ulMemoryThreeBlockAddr3 >> 8
             -) & 0xFF);
 252   5                                  ScalerSetByte_EXINT(P3_DD_LS_DDR_START_ADDR_L, g_ulMemoryThreeBlockAddr3 & 0xF
             -F);
 253   5                              }
 254   4      
 255   4                              // Enable OD
 256   4                              ScalerSetBit_EXINT(P3_A1_LS_CTRL0, ~(_BIT7 | _BIT6), (_BIT7 | _BIT6));
 257   4                              break;
 258   4      
 259   4                          case 1:
 260   4                          case 3:
 261   4                          case 4:
 262   4                              // Disable OD
 263   4                              ScalerSetBit_EXINT(P3_A1_LS_CTRL0, ~(_BIT7 | _BIT6), 0x00);
 264   4                              break;
 265   4      
 266   4                          default:
 267   4                              break;
 268   4                      }
 269   3                      break;
 270   3      
 271   3                  //====================================
 272   3                  // DVF = 3 IVF, EX: 24 to 72Hz
 273   3                  //====================================
 274   3                  // I-domain frame:          |__________F1___________|__________F2___________|__________F3_____
             -______|
 275   3                  // D-domain frame:   |__F0___|__F0___|__F0___|__F1___|__F1___|__F1___|__F2___|__F2___|__F2___|
             -__F3___|
 276   3                  // <Free run DVS count>:     |___0___|___1___|___2___|___0___|___1___|___2___|___0___|___1___|
             -___2___|
C51 COMPILER V8.12   RL6432_SERIES_OD                                                      09/16/2026 20:28:29 PAGE 6   

 277   3                  // <OD control>:             |___on__|__off__|__off__|___on__|__off__|__off__|___on__|__off__|
             -__off__|
 278   3                  // OD actual(DB effective):  |_______|___ON__|__OFF__|__OFF__|___ON__|__OFF__|__OFF__|___ON__|
             -__OFF__|
 279   3                  // OD memory access:         |_______|_______|___R___|_______|___W___|___R___|_______|___W___|
             -___R___|
 280   3                  case _3_IVF:
 281   3                      switch(ucFreerunDVSCount)
 282   3                      {
 283   4                          case 0:
 284   4                              // Switch OD memory address
 285   4                              if(ScalerGetBit_EXINT(P5_C1_MN_MADDR_TOG_CTL, (_BIT1 | _BIT0)) == 0x00)
 286   4                              {
 287   5                                  ScalerSetByte_EXINT(P3_DB_LS_DDR_START_ADDR_H, (g_ulMemoryThreeBlockAddr1 >> 1
             -6) & 0xFF);
 288   5                                  ScalerSetByte_EXINT(P3_DC_LS_DDR_START_ADDR_M, (g_ulMemoryThreeBlockAddr1 >> 8
             -) & 0xFF);
 289   5                                  ScalerSetByte_EXINT(P3_DD_LS_DDR_START_ADDR_L, g_ulMemoryThreeBlockAddr1 & 0xF
             -F);
 290   5                              }
 291   4                              else if(ScalerGetBit_EXINT(P5_C1_MN_MADDR_TOG_CTL, (_BIT1 | _BIT0)) == _BIT0)
 292   4                              {
 293   5                                  ScalerSetByte_EXINT(P3_DB_LS_DDR_START_ADDR_H, (g_ulMemoryThreeBlockAddr2 >> 1
             -6) & 0xFF);
 294   5                                  ScalerSetByte_EXINT(P3_DC_LS_DDR_START_ADDR_M, (g_ulMemoryThreeBlockAddr2 >> 8
             -) & 0xFF);
 295   5                                  ScalerSetByte_EXINT(P3_DD_LS_DDR_START_ADDR_L, g_ulMemoryThreeBlockAddr2 & 0xF
             -F);
 296   5                              }
 297   4                              else
 298   4                              {
 299   5                                  ScalerSetByte_EXINT(P3_DB_LS_DDR_START_ADDR_H, (g_ulMemoryThreeBlockAddr3 >> 1
             -6) & 0xFF);
 300   5                                  ScalerSetByte_EXINT(P3_DC_LS_DDR_START_ADDR_M, (g_ulMemoryThreeBlockAddr3 >> 8
             -) & 0xFF);
 301   5                                  ScalerSetByte_EXINT(P3_DD_LS_DDR_START_ADDR_L, g_ulMemoryThreeBlockAddr3 & 0xF
             -F);
 302   5                              }
 303   4      
 304   4                              // Enable OD
 305   4                              ScalerSetBit_EXINT(P3_A1_LS_CTRL0, ~(_BIT7 | _BIT6), (_BIT7 | _BIT6));
 306   4                              break;
 307   4      
 308   4                          case 1:
 309   4                          case 2:
 310   4                              // Disable OD
 311   4                              ScalerSetBit_EXINT(P3_A1_LS_CTRL0, ~(_BIT7 | _BIT6), 0x00);
 312   4                              break;
 313   4      
 314   4                          default:
 315   4                              break;
 316   4                      }
 317   3                      break;
 318   3      
 319   3                  //====================================
 320   3                  // Other cases
 321   3                  //====================================
 322   3                  default:
 323   3                      break;
 324   3              }// End of switch(GET_MEMORY_DVF_SELECT())
 325   2          }// End of if(ScalerGetBit_EXINT(P0_05_IRQ_CTRL1, (_BIT3 | _BIT2)) == (_BIT3 | _BIT2))
 326   1      } // End of void ScalerODIntHandler_EXINT0()
C51 COMPILER V8.12   RL6432_SERIES_OD                                                      09/16/2026 20:28:29 PAGE 7   

 327          #endif // End of #if(_FRC_SUPPORT == _ON)
 328          #endif  // End of #if(_OD_SUPPORT == _ON)


MODULE INFORMATION:   STATIC OVERLAYABLE
   CODE SIZE        =    657    ----
   CONSTANT SIZE    =   ----    ----
   XDATA SIZE       =   ----       3
   PDATA SIZE       =   ----    ----
   DATA SIZE        =   ----    ----
   IDATA SIZE       =   ----    ----
   BIT SIZE         =   ----    ----
END OF MODULE INFORMATION.


C51 COMPILATION COMPLETE.  0 WARNING(S),  0 ERROR(S)
