C51 COMPILER V8.12   RL6432_SERIES_DUALLINKDVI                                             09/16/2026 20:28:20 PAGE 1   


C51 COMPILER V8.12, COMPILATION OF MODULE RL6432_SERIES_DUALLINKDVI
OBJECT MODULE PLACED IN .\Output\RL6432_Project\RL6432_Series_DualLinkDVI.obj
COMPILER INVOKED BY: c:\Keil\C51\BIN\C51.EXE Kernel\Scaler\RL6432_Series_Scaler\Code\RL6432_Series_DualLinkDVI.c LARGE O
                    -PTIMIZE(9,SPEED) INCDIR(.\Output\RL6432;.\Project\Header;.\Pcb;.\Panel;.\Kernel\Device\Header;.\Kernel\Common;.\Kernel\S
                    -ystem\Header;.\Kernel\Scaler\ScalerFunction\Header;.\Kernel\Scaler\ScalerCommonFunction\Header;.\Kernel\Scaler\ScalerFun
                    -ction\Lib\Header;.\Kernel\Scaler\ScalerCommonFunction\Lib\Header;.\Kernel\Scaler\RL6432_Series_Scaler\Header;.\Kernel\Sc
                    -aler\RL6432_Series_Common\Header;.\Kernel\Scaler\RL6432_Series_Scaler\Lib\Header;.\Kernel\Scaler\RL6432_Series_Common\Li
                    -b\Header;.\Kernel\User Common Function\Header;.\User\RTD Series\RTD2014Function\Header;.\User\RTD Series\RTD2014Osd\Head
                    -er;.\User\RTD Factory\Header;.\User\None Series\NoneFunction\Header;.\User\None Series\NoneOsd\Header;.\User\None Factor
                    -y\Header) DEFINE(_PROJECT=_RL6432_PROJECT,_SCALER_TYPE=_RL6432_SERIES) DEBUG OBJECTEXTEND PRINT(.\Output\RL6432_Project\
                    -RL6432_Series_DualLinkDVI.lst) OBJECT(.\Output\RL6432_Project\RL6432_Series_DualLinkDVI.obj)

line level    source

   1          /********************************************************************************/
   2          /*   Copyright (c) 2021 Realtek Semiconductor Corp. All rights reserved.        */
   3          /*                                                                              */
   4          /*   SPDX-License-Identifier: LicenseRef-Realtek-Proprietary                    */
   5          /*                                                                              */
   6          /*   This software component is confidential and proprietary to Realtek         */
   7          /*   Semiconductor Corp. Disclosure, reproduction, redistribution, in whole     */
   8          /*   or in part, of this work and its derivatives without express permission    */
   9          /*   is prohibited.                                                             */
  10          /********************************************************************************/
  11          
  12          //----------------------------------------------------------------------------------------------------
  13          // ID Code      : RL6432_Series_DualLinkDVI.c No.0000
  14          // Update Note  :
  15          //----------------------------------------------------------------------------------------------------
  16          
  17          #include "ScalerFunctionInclude.h"
  18          
  19          //****************************************************************************
  20          // DEFINITIONS / MACROS
  21          //****************************************************************************
  22          
  23          //****************************************************************************
  24          // STRUCT / TYPE / ENUM DEFINITTIONS
  25          //****************************************************************************
  26          
  27          //****************************************************************************
  28          // CODE TABLES
  29          //****************************************************************************
  30          
  31          //****************************************************************************
  32          // VARIABLE DECLARATIONS
  33          //****************************************************************************
  34          
  35          //****************************************************************************
  36          // FUNCTION DECLARATIONS
  37          //****************************************************************************
  38          #if(_D2_INPUT_PORT_TYPE == _D2_DUAL_DVI_PORT)
              bit ScalerDualLinkDVIRx2GetDualDVIMode(void);
              BYTE ScalerDualLinkDVIRx2GetDualDVIMode_EXINT0(void);
              #endif
  42          
  43          //****************************************************************************
  44          // FUNCTION DEFINITIONS
  45          //****************************************************************************
  46          #if(_D2_INPUT_PORT_TYPE == _D2_DUAL_DVI_PORT)
              //--------------------------------------------------
C51 COMPILER V8.12   RL6432_SERIES_DUALLINKDVI                                             09/16/2026 20:28:20 PAGE 2   

              // Description  : Get Whehter Current Mode is Dual DVI Mode
              // Input Value  : None
              // Output Value : _TRUE or _FALSE
              //--------------------------------------------------
              bit ScalerDualLinkDVIRx2GetDualDVIMode(void)
              {
                  return (ScalerGetBit(P31_03_FC_DUAL_DVI_CTRL1, _BIT7) == _BIT7);
              }
              
              //--------------------------------------------------
              // Description  : Get Whehter Current Mode is Dual DVI Mode in Interupt
              // Input Value  : None
              // Output Value : _TRUE or _FALSE
              //--------------------------------------------------
              BYTE ScalerDualLinkDVIRx2GetDualDVIMode_EXINT0(void) using 1
              {
                  return (ScalerGetBit_EXINT(P31_03_FC_DUAL_DVI_CTRL1, _BIT7) == _BIT7);
              }
              #endif
  67          


MODULE INFORMATION:   STATIC OVERLAYABLE
   CODE SIZE        =   ----    ----
   CONSTANT SIZE    =   ----    ----
   XDATA SIZE       =   ----    ----
   PDATA SIZE       =   ----    ----
   DATA SIZE        =   ----    ----
   IDATA SIZE       =   ----    ----
   BIT SIZE         =   ----    ----
END OF MODULE INFORMATION.


C51 COMPILATION COMPLETE.  0 WARNING(S),  0 ERROR(S)
