C51 COMPILER V9.60.0.0   RL6432_SERIES_SDRAM                                               09/21/2026 15:33:13 PAGE 1   


C51 COMPILER V9.60.0.0, COMPILATION OF MODULE RL6432_SERIES_SDRAM
OBJECT MODULE PLACED IN .\Output\RL6432_Project\RL6432_Series_SDRAM.obj
COMPILER INVOKED BY: C:\Keil_v5\C51\BIN\C51.EXE Kernel\Scaler\RL6432_Series_Scaler\Code\RL6432_Series_SDRAM.c LARGE OPTI
                    -MIZE(9,SPEED) INCDIR(.\Output\RL6432;.\Project\Header;.\Pcb;.\Panel;.\Kernel\Device\Header;.\Kernel\Common;.\Kernel\Syst
                    -em\Header;.\Kernel\Scaler\ScalerFunction\Header;.\Kernel\Scaler\ScalerCommonFunction\Header;.\Kernel\Scaler\ScalerFuncti
                    -on\Lib\Header;.\Kernel\Scaler\ScalerCommonFunction\Lib\Header;.\Kernel\Scaler\RL6432_Series_Scaler\Header;.\Kernel\Scale
                    -r\RL6432_Series_Common\Header;.\Kernel\Scaler\RL6432_Series_Scaler\Lib\Header;.\Kernel\Scaler\RL6432_Series_Common\Lib\H
                    -eader;.\Kernel\User Common Function\Header;.\User\RTD Series\RTD2014Function\Header;.\User\RTD Series\RTD2014Osd\Header;
                    -.\User\RTD Factory\Header;.\User\None Series\NoneFunction\Header;.\User\None Series\NoneOsd\Header;.\User\None Factory\H
                    -eader) DEFINE(_PROJECT=_RL6432_PROJECT,_SCALER_TYPE=_RL6432_SERIES) DEBUG OBJECTEXTEND PRINT(.\Output\RL6432_Project\RL6
                    -432_Series_SDRAM.lst) TABS(2) OBJECT(.\Output\RL6432_Project\RL6432_Series_SDRAM.obj)

line level    source

   1          /********************************************************************************/
   2          /*   Copyright (c) 2021 Realtek Semiconductor Corp. All rights reserved.        */
   3          /*                                                                              */
   4          /*   SPDX-License-Identifier: LicenseRef-Realtek-Proprietary                    */
   5          /*                                                                              */
   6          /*   This software component is confidential and proprietary to Realtek         */
   7          /*   Semiconductor Corp. Disclosure, reproduction, redistribution, in whole     */
   8          /*   or in part, of this work and its derivatives without express permission    */
   9          /*   is prohibited.                                                             */
  10          /********************************************************************************/
  11          
  12          //----------------------------------------------------------------------------------------------------
  13          // ID Code      : RL6432_Series_SDRAM.c No.0000
  14          // Update Note  :
  15          //----------------------------------------------------------------------------------------------------
  16          
  17          #include "ScalerFunctionInclude.h"
  18          
  19          //****************************************************************************
  20          // DEFINITIONS / MACROS
  21          //****************************************************************************
  22          
  23          //****************************************************************************
  24          // STRUCT / TYPE / ENUM DEFINITTIONS
  25          //****************************************************************************
  26          
  27          //****************************************************************************
  28          // CODE TABLES
  29          //****************************************************************************
  30          
  31          //****************************************************************************
  32          // VARIABLE DECLARATIONS
  33          //****************************************************************************
  34          
  35          //****************************************************************************
  36          // FUNCTION DECLARATIONS
  37          //****************************************************************************
  38          #if(_MEMORY_TYPE_CONFIG == _MEMORY_SDRAM)
              void ScalerSdramPowerEnable(bit bOn);
              void ScalerSdramPinshareInitial(void);
              void ScalerSdramMpllPowerDown(void);
              #endif
  43          
  44          //****************************************************************************
  45          // FUNCTION DEFINITIONS
  46          //****************************************************************************
  47          #if(_MEMORY_TYPE_CONFIG == _MEMORY_SDRAM)
C51 COMPILER V9.60.0.0   RL6432_SERIES_SDRAM                                               09/21/2026 15:33:13 PAGE 2   

              //--------------------------------------------------
              // Description  : Sdram ScalerSdramPowerMode
              // Input Value  : None
              // Output Value : None
              //--------------------------------------------------
              void ScalerSdramPowerEnable(bit bOn)
              {
                  if(bOn == _ON)
                  {
                      // Config for SDRAM mode
                      ScalerSetBit(P4_00_SDDR_CTRL, ~_BIT0, 0x00);
              
                      // Enable OP power
                      ScalerSetBit(P4_00_SDDR_CTRL, ~_BIT1, 0x00);
              
                      // DDR Vref select internal
                      ScalerSetBit(P4_00_SDDR_CTRL, ~_BIT4, 0x00);
              
                      // Enable DQ low different amplifier
                      ScalerSetBit(P4_00_SDDR_CTRL, ~_BIT2, 0x00);
              
                      // Enable DQ high different amplifier
                      ScalerSetBit(P4_00_SDDR_CTRL, ~_BIT3, 0x00);
              
                      // Enable Pad power on
                      ScalerSetBit(P4_00_SDDR_CTRL, ~_BIT5, _BIT5);
              
                      // Disable Second OP power
                      ScalerSetBit(P4_10_SDDR_CTRL, ~_BIT1, _BIT1);
              
                      // Disable Sdram CKE force low into Power down mode
                      ScalerSetBit(P4_A6_SDR_SLEW_RATE, ~_BIT1, 0x00);
              
                      // Precharge power down mode select
                      ScalerSetBit(P4_B7_SDR_POWER_CTRL0, ~(_BIT5 | _BIT4), 0x00);
              
                      // Delay Time us [5,x] Waiting for DDR setting
                      DELAY_5US();
              
                      // Inactive power down
                      ScalerSetBit(P4_B7_SDR_POWER_CTRL0, ~_BIT7, 0x00);
                  }
                  else
                  {
                      // Enable OP power
                      ScalerSetBit(P4_00_SDDR_CTRL, ~_BIT1, 0x00);
              
                      // DDR Vref select internal
                      ScalerSetBit(P4_00_SDDR_CTRL, ~_BIT4, 0x00);
              
                      // Enable DQ low different amplifier
                      ScalerSetBit(P4_00_SDDR_CTRL, ~_BIT2, 0x00);
              
                      // Enable DQ high different amplifier
                      ScalerSetBit(P4_00_SDDR_CTRL, ~_BIT3, 0x00);
              
                      // Enable Pad power on
                      ScalerSetBit(P4_00_SDDR_CTRL, ~_BIT5, _BIT5);
              
                      // Enable Second OP power
                      ScalerSetBit(P4_10_SDDR_CTRL, ~_BIT1, 0x00);
              
C51 COMPILER V9.60.0.0   RL6432_SERIES_SDRAM                                               09/21/2026 15:33:13 PAGE 3   

                      // DDR Second Vref select internal
                      ScalerSetBit(P4_10_SDDR_CTRL, ~_BIT4, 0x00);
              
                      // Enable Second DQ low different amplifier
                      ScalerSetBit(P4_10_SDDR_CTRL, ~_BIT2, 0x00);
              
                      // Enable Second DQ high different amplifier
                      ScalerSetBit(P4_10_SDDR_CTRL, ~_BIT3, 0x00);
              
                      // Enable Second Pad power on
                      ScalerSetBit(P4_10_SDDR_CTRL, ~_BIT5, _BIT5);
              
                      // Enable Deep power down
                      ScalerSetBit(P4_B7_SDR_POWER_CTRL0, ~(_BIT5 | _BIT4), _BIT5);
              
                      // Delay Time us [5,x] Waiting for DDR setting
                      DELAY_5US();
              
                      // Active power down
                      ScalerSetBit(P4_B7_SDR_POWER_CTRL0, ~_BIT7, _BIT7);
              
                      // Enable Sdram CKE force low into Power down mode
                      ScalerSetBit(P4_A6_SDR_SLEW_RATE, ~_BIT1, _BIT1);
              
                      // Disable DQ low different amplifier
                      ScalerSetBit(P4_00_SDDR_CTRL, ~_BIT2, _BIT2);
              
                      // Disable DQ high different amplifier
                      ScalerSetBit(P4_00_SDDR_CTRL, ~_BIT3, _BIT3);
              
                      // DDR Vref select external
                      ScalerSetBit(P4_00_SDDR_CTRL, ~_BIT4, _BIT4);
              
                      // Disable Pad power off
                      ScalerSetBit(P4_00_SDDR_CTRL, ~_BIT5, 0x00);
              
                      // Disable Second DQ low different amplifier
                      ScalerSetBit(P4_10_SDDR_CTRL, ~_BIT2, _BIT2);
              
                      // Disable Second DQ high different amplifier
                      ScalerSetBit(P4_10_SDDR_CTRL, ~_BIT3, _BIT3);
              
                      // DDR Second Vref select external
                      ScalerSetBit(P4_10_SDDR_CTRL, ~_BIT4, _BIT4);
              
                      // Disable Second Pad power off
                      ScalerSetBit(P4_10_SDDR_CTRL, ~_BIT5, 0x00);
                  }
              }
              
              //--------------------------------------------------
              // Description  : Sdram Pinshare Initial
              // Input Value  : None
              // Output Value : None
              //--------------------------------------------------
              void ScalerSdramPinshareInitial(void)
              {
                  ScalerSetByte(P4_01_SDDR_CLK_CTRL0, 0x80);
                  ScalerSetByte(P4_02_SDDR_CLK_CTRL1, 0xAA);
                  ScalerSetByte(P4_03_SDDR_CDAR_CTRL, 0x50);
                  ScalerSetByte(P4_04_SDDR_DQSX0_CTRL0, 0x01);
                  ScalerSetByte(P4_05_SDDR_DQSX0_CTRL1, 0xAA);
C51 COMPILER V9.60.0.0   RL6432_SERIES_SDRAM                                               09/21/2026 15:33:13 PAGE 4   

                  ScalerSetByte(P4_06_SDDR_DQX0_CTRL0, 0x01);
                  ScalerSetByte(P4_07_SDDR_DQX0_CTRL1, 0xAA);
                  ScalerSetByte(P4_08_SDDR_DQSX1_CTRL0, 0x01);
                  ScalerSetByte(P4_09_SDDR_DQSX1_CTRL1, 0xAA);
                  ScalerSetByte(P4_0A_SDDR_DQX1_CTRL0, 0x01);
                  ScalerSetByte(P4_0B_SDDR_DQX1_CTRL1, 0xAA);
              }
              
              //--------------------------------------------------
              // Description  : SDRAM MPLL Power Down
              // Input Value  : None
              // Output Value : None
              //--------------------------------------------------
              void ScalerSdramMpllPowerDown(void)
              {
                  // Power off MPLL
                  ScalerSetBit(P0_F8_MPLL_WD, ~_BIT0, _BIT0);
              }
              #endif


MODULE INFORMATION:   STATIC OVERLAYABLE
   CODE SIZE        =   ----    ----
   CONSTANT SIZE    =   ----    ----
   XDATA SIZE       =   ----    ----
   PDATA SIZE       =   ----    ----
   DATA SIZE        =   ----    ----
   IDATA SIZE       =   ----    ----
   BIT SIZE         =   ----    ----
END OF MODULE INFORMATION.


C51 COMPILATION COMPLETE.  0 WARNING(S),  0 ERROR(S)
