C51 COMPILER V9.60.0.0   RL6432_SERIES_PINSHARE                                            09/18/2026 20:39:24 PAGE 1   


C51 COMPILER V9.60.0.0, COMPILATION OF MODULE RL6432_SERIES_PINSHARE
OBJECT MODULE PLACED IN .\Output\RL6432_Project\RL6432_Series_Pinshare.obj
COMPILER INVOKED BY: C:\Keil_v5\C51\BIN\C51.EXE Kernel\Scaler\RL6432_Series_Scaler\Code\RL6432_Series_Pinshare.c LARGE O
                    -PTIMIZE(9,SPEED) INCDIR(.\Output\RL6432;.\Project\Header;.\Pcb;.\Panel;.\Kernel\Device\Header;.\Kernel\Common;.\Kernel\S
                    -ystem\Header;.\Kernel\Scaler\ScalerFunction\Header;.\Kernel\Scaler\ScalerCommonFunction\Header;.\Kernel\Scaler\ScalerFun
                    -ction\Lib\Header;.\Kernel\Scaler\ScalerCommonFunction\Lib\Header;.\Kernel\Scaler\RL6432_Series_Scaler\Header;.\Kernel\Sc
                    -aler\RL6432_Series_Common\Header;.\Kernel\Scaler\RL6432_Series_Scaler\Lib\Header;.\Kernel\Scaler\RL6432_Series_Common\Li
                    -b\Header;.\Kernel\User Common Function\Header;.\User\RTD Series\RTD2014Function\Header;.\User\RTD Series\RTD2014Osd\Head
                    -er;.\User\RTD Factory\Header;.\User\None Series\NoneFunction\Header;.\User\None Series\NoneOsd\Header;.\User\None Factor
                    -y\Header) DEFINE(_PROJECT=_RL6432_PROJECT,_SCALER_TYPE=_RL6432_SERIES) DEBUG OBJECTEXTEND PRINT(.\Output\RL6432_Project\
                    -RL6432_Series_Pinshare.lst) TABS(2) OBJECT(.\Output\RL6432_Project\RL6432_Series_Pinshare.obj)

line level    source

   1          /********************************************************************************/
   2          /*   Copyright (c) 2021 Realtek Semiconductor Corp. All rights reserved.        */
   3          /*                                                                              */
   4          /*   SPDX-License-Identifier: LicenseRef-Realtek-Proprietary                    */
   5          /*                                                                              */
   6          /*   This software component is confidential and proprietary to Realtek         */
   7          /*   Semiconductor Corp. Disclosure, reproduction, redistribution, in whole     */
   8          /*   or in part, of this work and its derivatives without express permission    */
   9          /*   is prohibited.                                                             */
  10          /********************************************************************************/
  11          
  12          //----------------------------------------------------------------------------------------------------
  13          // ID Code      : RL6432_Series_Pinshare.c No.0000
  14          // Update Note  :
  15          //----------------------------------------------------------------------------------------------------
  16          
  17          #define __RL6432_SERIES_PINSHARE__
  18          
  19          #include "ScalerFunctionInclude.h"
  20          
  21          //****************************************************************************
  22          // DEFINITIONS / MACROS
  23          //****************************************************************************
  24          #define _GPIO_INPUT                             0
  25          #define _GPIO_OPEN_DRAIN                        2
  26          
  27          //****************************************************************************
  28          // STRUCT / TYPE / ENUM DEFINITTIONS
  29          //****************************************************************************
  30          
  31          //****************************************************************************
  32          // CODE TABLES
  33          //****************************************************************************
  34          
  35          //****************************************************************************
  36          // VARIABLE DECLARATIONS
  37          //****************************************************************************
  38          
  39          //****************************************************************************
  40          // FUNCTION DECLARATIONS
  41          //****************************************************************************
  42          void ScalerPinshareInitial(void);
  43          void ScalerPinsharePowerOnReset(void);
  44          
  45          #if(_HW_IIC_SUPPORT == _ON)
  46          void ScalerPinshareHwIICPin(BYTE ucHwIICPinNum);
  47          #endif
C51 COMPILER V9.60.0.0   RL6432_SERIES_PINSHARE                                            09/18/2026 20:39:24 PAGE 2   

  48          
  49          void ScalerPinshareGpioDdcPinSwitch(BYTE ucPinType);
  50          void ScalerPinshareAdjustConfig(EnumConfigPin enumConfigPin, EnumPinConfigType enumConfigType);
  51          void ScalerPinshareAdjustFlashDrive(EnumConfigSPIPinType enumConfigFlashDrive, EnumFlashDriveConfigType en
             -umFlashDriveConfig);
  52          void ScalerPinshareAdjustFlashSlewRate(void);
  53          void ScalerPinshareCBUSPinInitialReset(void);
  54          
  55          #if(_D0_DP_EXIST == _ON)
  56          void ScalerPinshareRx0TypeCPinAssert(EnumTypeCPinCfgType enumTypeCPinCfgType, EnumTypeCOrientation enumTyp
             -eCOrientation);
  57          #endif
  58          
  59          #if(_D1_DP_EXIST == _ON)
              void ScalerPinshareRx1TypeCPinAssert(EnumTypeCPinCfgType enumTypeCPinCfgType, EnumTypeCOrientation enumTyp
             -eCOrientation);
              #endif
  62          
  63          #if(_HDMI_SUPPORT == _ON)
  64          #if(_HDMI_2_0_SUPPORT == _ON)
  65          #if(_HDMI_5V_DETECT_BY_USER == _OFF)
  66          void ScalerPinshareRxHpdPullDownSet(BYTE ucInputPort, bit bEnable);
  67          #endif
  68          #endif
  69          #endif
  70          
  71          //****************************************************************************
  72          // FUNCTION DEFINITIONS
  73          //****************************************************************************
  74          //--------------------------------------------------
  75          // Description  : Pinshare Initial Settings
  76          // Input Value  : None
  77          // Output Value : None
  78          //--------------------------------------------------
  79          void ScalerPinshareInitial(void)
  80          {
  81   1      #if(_PANEL_STYLE == _PANEL_LVDS)
  82   1          // LVDS Pad Power On
  83   1          ScalerDisplayLvdsPadPower(_ON);
  84   1      #elif(_PANEL_STYLE == _PANEL_DPTX)
                  // LVDS Pad Power On for eDP
                  ScalerDisplayUseLvdsPadPower(_ON);
              #endif
  88   1      
  89   1          ScalerSetByte(P10_00_PIN_SHARE_CTRL10, (BYTE)_PIN_1);  // Page 10-00[2:0], Pin_1
  90   1          ScalerSetByte(P10_01_PIN_SHARE_CTRL11, (BYTE)_PIN_3);  // Page 10-01[2:0], Pin_3
  91   1          ScalerSetByte(P10_02_PIN_SHARE_CTRL12, (BYTE)_PIN_15); // Page 10-02[2:0], Pin_15
  92   1          ScalerSetByte(P10_03_PIN_SHARE_CTRL13, (BYTE)_PIN_53); // Page 10-03[2:0], Pin_53
  93   1          ScalerSetByte(P10_04_PIN_SHARE_CTRL14, (BYTE)_PIN_54); // Page 10-04[2:0], Pin_54
  94   1      
  95   1          // Check if pin_AB7-AB6 are assigned to DDC0
  96   1      #if((_PIN_66 == 8) && (_PIN_67 == 8))
  97   1          ScalerPinshareGpioDdcPinSwitch(_DDC_VGA_SWITCH_DDC);
  98   1      #else
                  ScalerSetBit(P10_05_PIN_SHARE_CTRL15, ~(_BIT7 | _BIT2 | _BIT1 | _BIT0), (_BIT7 | ((BYTE)_PIN_66))); //
             - Page 10-05[2:0], Pin_66
                  ScalerSetByte(P10_06_PIN_SHARE_CTRL16, (BYTE)_PIN_67); // Page 10-06[2:0], Pin_67
              #endif
 102   1      
 103   1          ScalerSetByte(P10_07_PIN_SHARE_CTRL17, (BYTE)_PIN_68); // Page 10-07[2:0], Pin_68
 104   1          ScalerSetByte(P10_08_PIN_SHARE_CTRL30, (BYTE)_PIN_71); // Page 10-08[2:0], Pin_71
 105   1          ScalerSetByte(P10_09_PIN_SHARE_CTRL31, (BYTE)_PIN_72); // Page 10-09[2:0], Pin_72
C51 COMPILER V9.60.0.0   RL6432_SERIES_PINSHARE                                            09/18/2026 20:39:24 PAGE 3   

 106   1      
 107   1          // Check if pin_AA7-AA6 are assigned to DDC1
 108   1      #if((_PIN_73 == 8) && (_PIN_74 == 8))
 109   1          ScalerPinshareGpioDdcPinSwitch(_DDC1_SWITCH_DDC);
 110   1      #else
                  ScalerSetBit(P10_0A_PIN_SHARE_CTRL32, ~(_BIT7 | _BIT2 | _BIT1 | _BIT0), (_BIT7 | ((BYTE)_PIN_73))); //
             - Page 10-0A[2:0], Pin_73
                  ScalerSetByte(P10_0B_PIN_SHARE_CTRL33, (BYTE)_PIN_74); // Page 10-0B[2:0], Pin_74
              #endif
 114   1      
 115   1          ScalerSetByte(P10_0C_PIN_SHARE_CTRL34, (BYTE)_PIN_91); // Page 10-0C[2:0], Pin_91
 116   1          ScalerSetByte(P10_0D_PIN_SHARE_CTRL35, (BYTE)_PIN_92); // Page 10-0D[2:0], Pin_92
 117   1          ScalerSetByte(P10_0E_PIN_SHARE_CTRL36, (BYTE)_PIN_93); // Page 10-0E[2:0], Pin_93
 118   1          ScalerSetByte(P10_0F_PIN_SHARE_CTRL37, (BYTE)_PIN_94); // Page 10-0F[2:0], Pin_94
 119   1      
 120   1          ScalerSetByte(P10_10_PIN_SHARE_CTRL40, (BYTE)_PIN_89); // Page 10-10[2:0], Pin_89
 121   1          ScalerSetByte(P10_11_PIN_SHARE_CTRL41, (BYTE)_PIN_90); // Page 10-11[2:0], Pin_90
 122   1          ScalerSetByte(P10_12_PIN_SHARE_CTRL42, (BYTE)_PIN_99); // Page 10-12[2:0], Pin_99
 123   1          ScalerSetByte(P10_13_PIN_SHARE_CTRL43, (BYTE)_PIN_100); // Page 10-13[2:0], Pin_100
 124   1          ScalerSetByte(P10_14_PIN_SHARE_CTRL44, (BYTE)_PIN_103); // Page 10-14[2:0], Pin_103
 125   1          ScalerSetByte(P10_15_PIN_SHARE_CTRL45, (BYTE)_PIN_104); // Page 10-15[2:0], Pin_104
 126   1          ScalerSetByte(P10_16_PIN_SHARE_CTRL46, (BYTE)_PIN_105); // Page 10-16[2:0], Pin_105
 127   1          ScalerSetByte(P10_17_PIN_SHARE_CTRL47, (BYTE)_PIN_106); // Page 10-17[2:0], Pin_106
 128   1          ScalerSetByte(P10_18_PIN_SHARE_CTRL50, (BYTE)_PIN_107); // Page 10-18[2:0], Pin_107
 129   1          ScalerSetByte(P10_19_PIN_SHARE_CTRL51, (BYTE)_PIN_174_OFF_REGION); // Page 10-19[2:0], Pin_174
 130   1          ScalerSetByte(P10_1A_PIN_SHARE_CTRL52, (BYTE)_PIN_175_OFF_REGION); // Page 10-1A[2:0], Pin_175
 131   1          ScalerSetByte(P10_1B_PIN_SHARE_CTRL53, (BYTE)_PIN_173_OFF_REGION); // Page 10-1B[2:0], Pin_173
 132   1          ScalerSetByte(P10_1C_PIN_SHARE_CTRL54, (BYTE)_PIN_164_OFF_REGION); // Page 10-1C[2:0], Pin_164
 133   1          ScalerSetByte(P10_1D_PIN_SHARE_CTRL55, (BYTE)_PIN_165_OFF_REGION);  // Page 10-1D[2:0], Pin_165
 134   1          ScalerSetByte(P10_1E_PIN_SHARE_CTRL56, (BYTE)_PIN_166_OFF_REGION);  // Page 10-1E[2:0], Pin_166
 135   1          ScalerSetByte(P10_1F_PIN_SHARE_CTRL57, (BYTE)_PIN_167_OFF_REGION);  // Page 10-1F[2:0], Pin_167
 136   1      
 137   1          // Check if pin_168-172 are assigned to USB_SPI
 138   1      #if((_PIN_168_OFF_REGION == 8) && (_PIN_169_OFF_REGION == 8) && (_PIN_170_OFF_REGION == 8) && (_PIN_171_OF
             -F_REGION == 8) && (_PIN_172_OFF_REGION == 8))
                  ScalerSetBit(P10_20_PIN_SHARE_CTRL60, ~_BIT7, _BIT7);  // Enable USB_SPI
              #else
 141   1          ScalerSetBit(P10_20_PIN_SHARE_CTRL60, ~(_BIT7 | _BIT2 | _BIT1 | _BIT0), (BYTE)_PIN_168_OFF_REGION); //
             - Page 10-20[2:0], Pin_168
 142   1          ScalerSetByte(P10_21_PIN_SHARE_CTRL61, (BYTE)_PIN_169_OFF_REGION); // Page 10-21[2:0], Pin_169
 143   1          ScalerSetByte(P10_22_PIN_SHARE_CTRL62, (BYTE)_PIN_170_OFF_REGION); // Page 10-22[2:0], Pin_170
 144   1          ScalerSetByte(P10_23_PIN_SHARE_CTRL63, (BYTE)_PIN_171_OFF_REGION); // Page 10-23[2:0], Pin_171
 145   1          ScalerSetByte(P10_24_PIN_SHARE_CTRL64, (BYTE)_PIN_172_OFF_REGION); // Page 10-24[2:0], Pin_172
 146   1      #endif
 147   1      
 148   1          ScalerSetByte(P10_25_PIN_SHARE_CTRL65, (BYTE)_PIN_178_OFF_REGION); // Page 10-25[2:0], Pin_178
 149   1      
 150   1          // Check if pin 179-180 are assigned to IIC1
 151   1      #if((_PIN_179_OFF_REGION == 8) && (_PIN_180_OFF_REGION == 8))
                  ScalerSetBit(P10_26_PIN_SHARE_CTRL66, ~_BIT7, _BIT7);  // Enable IIC1
              #else
 154   1          ScalerSetBit(P10_26_PIN_SHARE_CTRL66, ~(_BIT7 | _BIT2 | _BIT1 | _BIT0), (BYTE)_PIN_179_OFF_REGION); //
             - Page 10-26[2:0], Pin_179
 155   1          ScalerSetByte(P10_27_PIN_SHARE_CTRL67, (BYTE)_PIN_180_OFF_REGION); // Page 10-27[2:0], Pin_180
 156   1      #endif
 157   1      
 158   1          ScalerSetByte(P10_28_PIN_SHARE_CTRL70, (BYTE)_PIN_183_OFF_REGION); // Page 10-28[2:0], Pin_183
 159   1          ScalerSetByte(P10_29_PIN_SHARE_CTRL71, (BYTE)_PIN_189); // Page 10-29[2:0], Pin_189
 160   1          ScalerSetByte(P10_2A_PIN_SHARE_CTRL72, (BYTE)_PIN_192); // Page 10-2A[2:0], Pin_192
 161   1          ScalerSetByte(P10_2B_PIN_SHARE_CTRL73, (BYTE)_PIN_193); // Page 10-2B[2:0], Pin_193
 162   1          ScalerSetByte(P10_2C_PIN_SHARE_CTRL74, (BYTE)_PIN_194); // Page 10-2C[2:0], Pin_194
 163   1          ScalerSetByte(P10_2D_PIN_SHARE_CTRL75, (BYTE)_PIN_195); // Page 10-2D[2:0], Pin_195
C51 COMPILER V9.60.0.0   RL6432_SERIES_PINSHARE                                            09/18/2026 20:39:24 PAGE 4   

 164   1          ScalerSetByte(P10_2E_PIN_SHARE_CTRL76, (BYTE)_PIN_196); // Page 10-2E[2:0], Pin_196
 165   1          ScalerSetByte(P10_2F_PIN_SHARE_CTRL77, (BYTE)_PIN_197); // Page 10-2F[2:0], Pin_197
 166   1      
 167   1          // Check if pin 198-199 are assigned to IIC2
 168   1      #if((_PIN_198 == 8) && (_PIN_199 == 8))
                  ScalerSetBit(P10_30_PIN_SHARE_CTRL80, ~_BIT7, _BIT7);  // Enable IIC2
              #else
 171   1          ScalerSetBit(P10_30_PIN_SHARE_CTRL80, ~(_BIT7 | _BIT2 | _BIT1 | _BIT0), (BYTE)_PIN_198); // Page 10-30
             -[2:0], Pin_198
 172   1          ScalerSetByte(P10_31_PIN_SHARE_CTRL81, (BYTE)_PIN_199); // Page 10-31[2:0], Pin_199
 173   1      #endif
 174   1      
 175   1          // Check if pin 200-201 are assigned to TXD/RXD
 176   1      #if((_PIN_200 == 8) && (_PIN_201 == 8))
                  ScalerSetBit(P10_32_PIN_SHARE_CTRL82, ~_BIT7, _BIT7);  // Enable TXD/RXD
              #else
 179   1          ScalerSetBit(P10_32_PIN_SHARE_CTRL82, ~(_BIT7 | _BIT2 | _BIT1 | _BIT0), (BYTE)_PIN_201); // Page 10-32
             -[2:0], Pin_201
 180   1          ScalerSetByte(P10_33_PIN_SHARE_CTRL83, (BYTE)_PIN_200); // Page 10-33[2:0], Pin_200
 181   1      #endif
 182   1      
 183   1          ScalerSetByte(P10_34_PIN_SHARE_CTRL84, (BYTE)_PIN_202); // Page 10-34[2:0], Pin_202
 184   1          ScalerSetByte(P10_35_PIN_SHARE_CTRL85, (BYTE)_PIN_203); // Page 10-35[2:0], Pin_203
 185   1          ScalerSetByte(P10_36_PIN_SHARE_CTRL86, (BYTE)_PIN_204); // Page 10-36[2:0], Pin_204
 186   1          ScalerSetByte(P10_37_PIN_SHARE_CTRL87, (BYTE)_PIN_205); // Page 10-37[2:0], Pin_205
 187   1          ScalerSetByte(P10_38_PIN_SHARE_CTRL90, (BYTE)_PIN_208); // Page 10-38[2:0], Pin_208
 188   1          ScalerSetByte(P10_39_PIN_SHARE_CTRL91, (BYTE)_PIN_209); // Page 10-39[2:0], Pin_209
 189   1      
 190   1          // Check if pin 210-211 are assigned to EEIIC
 191   1      #if((_PIN_210 == 8) && (_PIN_211 == 8))
                  ScalerSetBit(P10_3A_PIN_SHARE_CTRL92, ~_BIT7, _BIT7);  // Enable EEIIC
              #else
 194   1          ScalerSetBit(P10_3A_PIN_SHARE_CTRL92, ~(_BIT7 | _BIT2 | _BIT1 | _BIT0), (BYTE)_PIN_210); // Page 10-3A
             -[2:0], Pin_210
 195   1          ScalerSetByte(P10_3B_PIN_SHARE_CTRL93, (BYTE)_PIN_211); // Page 10-3B[2:0], Pin_211
 196   1      #endif
 197   1      
 198   1          // Check if pin_212-213 are assigned to DDC2
 199   1      #if((_PIN_212 == 8) && (_PIN_213 == 8))
                  ScalerPinshareGpioDdcPinSwitch(_DDC2_SWITCH_DDC);
              #else
 202   1          ScalerSetBit(P10_3C_PIN_SHARE_CTRL94, ~(_BIT7 | _BIT2 | _BIT1 | _BIT0), (_BIT7 | ((BYTE)_PIN_212))); /
             -/ Page 10-3C[2:0], Pin_212
 203   1          ScalerSetByte(P10_3D_PIN_SHARE_CTRL95, (BYTE)_PIN_213); // Page 10-3D[2:0], Pin_213
 204   1      #endif
 205   1      
 206   1          // Check if pin_214-215 are assigned to DDC3
 207   1      #if((_PIN_214 == 8) && (_PIN_215 == 8))
 208   1          ScalerPinshareGpioDdcPinSwitch(_DDC3_SWITCH_DDC);
 209   1      #else
                  ScalerSetBit(P10_3E_PIN_SHARE_CTRL96, ~(_BIT7 | _BIT2 | _BIT1 | _BIT0), (_BIT7 | ((BYTE)_PIN_214))); /
             -/ Page 10-3E[2:0], Pin_214
                  ScalerSetByte(P10_3F_PIN_SHARE_CTRL97, (BYTE)_PIN_215); // Page 10-3F[2:0], Pin_215
              #endif
 213   1      
 214   1          ScalerSetByte(P10_40_PIN_SHARE_CTRLA0, (BYTE)_PIN_216); // Page 10-40[2:0], Pin_216
 215   1          ScalerSetByte(P10_45_PIN_SHARE_CTRLA5, (BYTE)_PIN_139_OFF_REGION); // Page 10-45[2:0], Pin_139
 216   1          ScalerSetByte(P10_46_PIN_SHARE_CTRLA6, (BYTE)_PIN_140_OFF_REGION); // Page 10-46[2:0], Pin_140
 217   1          ScalerSetByte(P10_47_PIN_SHARE_CTRLA7, (BYTE)_PIN_141_OFF_REGION); // Page 10-47[2:0], Pin_141
 218   1          ScalerSetByte(P10_48_PIN_SHARE_CTRLB0, (BYTE)_PIN_142_OFF_REGION); // Page 10-48[2:0], Pin_142
 219   1          ScalerSetByte(P10_49_PIN_SHARE_CTRLB1, (BYTE)_PIN_143_OFF_REGION); // Page 10-49[2:0], Pin_143
 220   1          ScalerSetByte(P10_4A_PIN_SHARE_CTRLB2, (BYTE)_PIN_144_OFF_REGION); // Page 10-4A[2:0], Pin_144
C51 COMPILER V9.60.0.0   RL6432_SERIES_PINSHARE                                            09/18/2026 20:39:24 PAGE 5   

 221   1          ScalerSetByte(P10_4B_PIN_SHARE_CTRLB3, (BYTE)_PIN_145_OFF_REGION); // Page 10-4B[2:0], Pin_145
 222   1          ScalerSetByte(P10_4C_PIN_SHARE_CTRLB4, (BYTE)_PIN_146_OFF_REGION); // Page 10-4C[2:0], Pin_146
 223   1          ScalerSetByte(P10_4D_PIN_SHARE_CTRLB5, (BYTE)_PIN_147_OFF_REGION); // Page 10-4D[2:0], Pin_147
 224   1          ScalerSetByte(P10_4E_PIN_SHARE_CTRLB6, (BYTE)_PIN_148_OFF_REGION); // Page 10-4E[2:0], Pin_148
 225   1          ScalerSetByte(P10_4F_PIN_SHARE_CTRLB7, (BYTE)_PIN_150_OFF_REGION); // Page 10-4F[2:0], Pin_150
 226   1          ScalerSetByte(P10_50_PIN_SHARE_CTRLC0, (BYTE)_PIN_151_OFF_REGION); // Page 10-50[2:0], Pin_151
 227   1      
 228   1          ScalerSetByte(P10_51_PIN_SHARE_CTRLC1, (BYTE)_PIN_152_OFF_REGION); // Page 10-51[2:0], Pin_152
 229   1          ScalerSetByte(P10_52_PIN_SHARE_CTRLC2, (BYTE)_PIN_153_OFF_REGION); // Page 10-52[2:0], Pin_153
 230   1          ScalerSetByte(P10_53_PIN_SHARE_CTRLC3, (BYTE)_PIN_154_OFF_REGION); // Page 10-53[2:0], Pin_154
 231   1          ScalerSetByte(P10_54_PIN_SHARE_CTRLC4, (BYTE)_PIN_155_OFF_REGION); // Page 10-54[2:0], Pin_155
 232   1          ScalerSetByte(P10_55_PIN_SHARE_CTRLC5, (BYTE)_PIN_156_OFF_REGION); // Page 10-55[2:0], Pin_156
 233   1          ScalerSetByte(P10_56_PIN_SHARE_CTRLC6, (BYTE)_PIN_157_OFF_REGION); // Page 10-56[2:0], Pin_157
 234   1          ScalerSetByte(P10_57_PIN_SHARE_CTRLC7, (BYTE)_PIN_158_OFF_REGION); // Page 10-57[2:0], Pin_158
 235   1          ScalerSetByte(P10_58_PIN_SHARE_CTRLD0, (BYTE)_PIN_159_OFF_REGION); // Page 10-58[2:0], Pin_159
 236   1          ScalerSetByte(P10_59_PIN_SHARE_CTRLD1, (BYTE)_PIN_160_OFF_REGION); // Page 10-59[2:0], Pin_160
 237   1          ScalerSetByte(P10_5A_PIN_SHARE_CTRLD2, (BYTE)_PIN_161_OFF_REGION); // Page 10-5A[2:0], Pin_161
 238   1          ScalerSetByte(P10_5B_PIN_SHARE_CTRLD3, (BYTE)_PIN_97); // Page 10-5B[2:0], Pin_97
 239   1          ScalerSetByte(P10_5C_PIN_SHARE_CTRLD4, (BYTE)_PIN_98); // Page 10-5C[2:0], Pin_98
 240   1      
 241   1          // DDC Driving Current Set High
 242   1          ScalerSetBit(P10_B0_PIN_DRIVING_CTRL00, ~(_BIT7 | _BIT5), (_BIT7 | _BIT5));
 243   1          ScalerSetBit(P10_B3_PIN_DRIVING_CTRL03, ~(_BIT5 | _BIT4), (_BIT5 | _BIT4));
 244   1      
 245   1          // Set Pin configure to AC ON
 246   1          ScalerPinshareConfig(_POWER_STATUS_AC_ON);
 247   1      
 248   1          // Pin Config adjust sample (this is a ineffective configuration example aviod uncall worning)
 249   1          ScalerPinshareAdjustConfig(_CONFIG_PIN_START, _GPI);
 250   1      }
 251          
 252          //--------------------------------------------------
 253          // Description  : Pinshare Initial Settings
 254          // Input Value  : None
 255          // Output Value : None
 256          //--------------------------------------------------
 257          void ScalerPinsharePowerOnReset(void)
 258          {
 259   1          ScalerSetByte(P10_19_PIN_SHARE_CTRL51, (BYTE)_PIN_174_OFF_REGION); // Page 10-19[2:0], Pin_174
 260   1          ScalerSetByte(P10_1A_PIN_SHARE_CTRL52, (BYTE)_PIN_175_OFF_REGION); // Page 10-1A[2:0], Pin_175
 261   1          ScalerSetByte(P10_1B_PIN_SHARE_CTRL53, (BYTE)_PIN_173_OFF_REGION); // Page 10-1B[2:0], Pin_173
 262   1          ScalerSetByte(P10_1C_PIN_SHARE_CTRL54, (BYTE)_PIN_164_OFF_REGION); // Page 10-1C[2:0], Pin_164
 263   1          ScalerSetByte(P10_1D_PIN_SHARE_CTRL55, (BYTE)_PIN_165_OFF_REGION);  // Page 10-1D[2:0], Pin_165
 264   1          ScalerSetByte(P10_1E_PIN_SHARE_CTRL56, (BYTE)_PIN_166_OFF_REGION);  // Page 10-1E[2:0], Pin_166
 265   1          ScalerSetByte(P10_1F_PIN_SHARE_CTRL57, (BYTE)_PIN_167_OFF_REGION);  // Page 10-1F[2:0], Pin_167
 266   1      
 267   1          // Check if pin_168-172 are assigned to USB_SPI
 268   1      #if((_PIN_168_OFF_REGION == 8) && (_PIN_169_OFF_REGION == 8) && (_PIN_170_OFF_REGION == 8) && (_PIN_171_OF
             -F_REGION == 8) && (_PIN_172_OFF_REGION == 8))
                  ScalerSetBit(P10_20_PIN_SHARE_CTRL60, ~_BIT7, _BIT7);  // Enable USB_SPI
              #else
 271   1          ScalerSetBit(P10_20_PIN_SHARE_CTRL60, ~(_BIT7 | _BIT2 | _BIT1 | _BIT0), (BYTE)_PIN_168_OFF_REGION); //
             - Page 10-20[2:0], Pin_168
 272   1          ScalerSetByte(P10_21_PIN_SHARE_CTRL61, (BYTE)_PIN_169_OFF_REGION); // Page 10-21[2:0], Pin_169
 273   1          ScalerSetByte(P10_22_PIN_SHARE_CTRL62, (BYTE)_PIN_170_OFF_REGION); // Page 10-22[2:0], Pin_170
 274   1          ScalerSetByte(P10_23_PIN_SHARE_CTRL63, (BYTE)_PIN_171_OFF_REGION); // Page 10-23[2:0], Pin_171
 275   1          ScalerSetByte(P10_24_PIN_SHARE_CTRL64, (BYTE)_PIN_172_OFF_REGION); // Page 10-24[2:0], Pin_172
 276   1      #endif
 277   1      
 278   1          ScalerSetByte(P10_25_PIN_SHARE_CTRL65, (BYTE)_PIN_178_OFF_REGION); // Page 10-25[2:0], Pin_178
 279   1      
 280   1          // Check if pin 179-180 are assigned to IIC1
C51 COMPILER V9.60.0.0   RL6432_SERIES_PINSHARE                                            09/18/2026 20:39:24 PAGE 6   

 281   1      #if((_PIN_179_OFF_REGION == 8) && (_PIN_180_OFF_REGION == 8))
                  ScalerSetBit(P10_26_PIN_SHARE_CTRL66, ~_BIT7, _BIT7);  // Enable IIC1
              #else
 284   1          ScalerSetBit(P10_26_PIN_SHARE_CTRL66, ~(_BIT7 | _BIT2 | _BIT1 | _BIT0), (BYTE)_PIN_179_OFF_REGION); //
             - Page 10-26[2:0], Pin_179
 285   1          ScalerSetByte(P10_27_PIN_SHARE_CTRL67, (BYTE)_PIN_180_OFF_REGION); // Page 10-27[2:0], Pin_180
 286   1      #endif
 287   1      
 288   1          ScalerSetByte(P10_28_PIN_SHARE_CTRL70, (BYTE)_PIN_183_OFF_REGION); // Page 10-28[2:0], Pin_183
 289   1      
 290   1          ScalerSetByte(P10_45_PIN_SHARE_CTRLA5, (BYTE)_PIN_139_OFF_REGION); // Page 10-45[2:0], Pin_139
 291   1          ScalerSetByte(P10_46_PIN_SHARE_CTRLA6, (BYTE)_PIN_140_OFF_REGION); // Page 10-46[2:0], Pin_140
 292   1          ScalerSetByte(P10_47_PIN_SHARE_CTRLA7, (BYTE)_PIN_141_OFF_REGION); // Page 10-47[2:0], Pin_141
 293   1          ScalerSetByte(P10_48_PIN_SHARE_CTRLB0, (BYTE)_PIN_142_OFF_REGION); // Page 10-48[2:0], Pin_142
 294   1          ScalerSetByte(P10_49_PIN_SHARE_CTRLB1, (BYTE)_PIN_143_OFF_REGION); // Page 10-49[2:0], Pin_143
 295   1          ScalerSetByte(P10_4A_PIN_SHARE_CTRLB2, (BYTE)_PIN_144_OFF_REGION); // Page 10-4A[2:0], Pin_144
 296   1          ScalerSetByte(P10_4B_PIN_SHARE_CTRLB3, (BYTE)_PIN_145_OFF_REGION); // Page 10-4B[2:0], Pin_145
 297   1          ScalerSetByte(P10_4C_PIN_SHARE_CTRLB4, (BYTE)_PIN_146_OFF_REGION); // Page 10-4C[2:0], Pin_146
 298   1          ScalerSetByte(P10_4D_PIN_SHARE_CTRLB5, (BYTE)_PIN_147_OFF_REGION); // Page 10-4D[2:0], Pin_147
 299   1          ScalerSetByte(P10_4E_PIN_SHARE_CTRLB6, (BYTE)_PIN_148_OFF_REGION); // Page 10-4E[2:0], Pin_148
 300   1          ScalerSetByte(P10_4F_PIN_SHARE_CTRLB7, (BYTE)_PIN_150_OFF_REGION); // Page 10-4F[2:0], Pin_150
 301   1          ScalerSetByte(P10_50_PIN_SHARE_CTRLC0, (BYTE)_PIN_151_OFF_REGION); // Page 10-50[2:0], Pin_151
 302   1      
 303   1          ScalerSetByte(P10_51_PIN_SHARE_CTRLC1, (BYTE)_PIN_152_OFF_REGION); // Page 10-51[2:0], Pin_152
 304   1          ScalerSetByte(P10_52_PIN_SHARE_CTRLC2, (BYTE)_PIN_153_OFF_REGION); // Page 10-52[2:0], Pin_153
 305   1          ScalerSetByte(P10_53_PIN_SHARE_CTRLC3, (BYTE)_PIN_154_OFF_REGION); // Page 10-53[2:0], Pin_154
 306   1          ScalerSetByte(P10_54_PIN_SHARE_CTRLC4, (BYTE)_PIN_155_OFF_REGION); // Page 10-54[2:0], Pin_155
 307   1          ScalerSetByte(P10_55_PIN_SHARE_CTRLC5, (BYTE)_PIN_156_OFF_REGION); // Page 10-55[2:0], Pin_156
 308   1          ScalerSetByte(P10_56_PIN_SHARE_CTRLC6, (BYTE)_PIN_157_OFF_REGION); // Page 10-56[2:0], Pin_157
 309   1          ScalerSetByte(P10_57_PIN_SHARE_CTRLC7, (BYTE)_PIN_158_OFF_REGION); // Page 10-57[2:0], Pin_158
 310   1          ScalerSetByte(P10_58_PIN_SHARE_CTRLD0, (BYTE)_PIN_159_OFF_REGION); // Page 10-58[2:0], Pin_159
 311   1          ScalerSetByte(P10_59_PIN_SHARE_CTRLD1, (BYTE)_PIN_160_OFF_REGION); // Page 10-59[2:0], Pin_160
 312   1          ScalerSetByte(P10_5A_PIN_SHARE_CTRLD2, (BYTE)_PIN_161_OFF_REGION); // Page 10-5A[2:0], Pin_161
 313   1      }
 314          
 315          #if(_HW_IIC_SUPPORT == _ON)
 316          //--------------------------------------------------
 317          // Description  : Set HW IIC Pin Out
 318          // Input Value  : ucHwIICPinNum --> Pin26_27/39_40/52_53/60_61/62_63
 319          // Output Value : None
 320          //--------------------------------------------------
 321          void ScalerPinshareHwIICPin(BYTE ucHwIICPinNum)
 322          {
 323   1          // Set the selected HwIICPinNum to IIC output
 324   1          // Set the others as GPI
 325   1          switch(ucHwIICPinNum)
 326   1          {
 327   2              case _HW_IIC_PIN_179_180:
 328   2      
 329   2      #if((_PIN_179_OFF_REGION == 8) && (_PIN_180_OFF_REGION == 8))
                          ScalerSetBit(P10_26_PIN_SHARE_CTRL66, ~_BIT7, _BIT7);
              #endif
 332   2      
 333   2      #if((_PIN_198 == 8) && (_PIN_199 == 8))
                          ScalerSetByte(P10_30_PIN_SHARE_CTRL80, 0x00);
                          ScalerSetByte(P10_31_PIN_SHARE_CTRL81, 0x00);
              #endif
 337   2      
 338   2      #if((_PIN_210 == 8) && (_PIN_211 == 8))
                          ScalerSetByte(P10_3A_PIN_SHARE_CTRL92, 0x00);
                          ScalerSetByte(P10_3B_PIN_SHARE_CTRL93, 0x00);
              #endif
C51 COMPILER V9.60.0.0   RL6432_SERIES_PINSHARE                                            09/18/2026 20:39:24 PAGE 7   

 342   2      
 343   2                  break;
 344   2      
 345   2              case _HW_IIC_PIN_198_199:
 346   2      
 347   2      #if((_PIN_198 == 8) && (_PIN_199 == 8))
                          ScalerSetBit(P10_30_PIN_SHARE_CTRL80, ~_BIT7, _BIT7);
              #endif
 350   2      
 351   2      #if((_PIN_179_OFF_REGION == 8) && (_PIN_180_OFF_REGION == 8))
                          ScalerSetByte(P10_26_PIN_SHARE_CTRL66, 0x00);
                          ScalerSetByte(P10_27_PIN_SHARE_CTRL67, 0x00);
              #endif
 355   2      
 356   2      #if((_PIN_210 == 8) && (_PIN_211 == 8))
                          ScalerSetByte(P10_3A_PIN_SHARE_CTRL92, 0x00);
                          ScalerSetByte(P10_3B_PIN_SHARE_CTRL93, 0x00);
              #endif
 360   2      
 361   2                  break;
 362   2      
 363   2              case _HW_IIC_PIN_210_211:
 364   2      
 365   2      #if((_PIN_210 == 8) && (_PIN_211 == 8))
                          ScalerSetBit(P10_3A_PIN_SHARE_CTRL92, ~_BIT7, _BIT7);
              #endif
 368   2      
 369   2      #if((_PIN_179_OFF_REGION == 8) && (_PIN_180_OFF_REGION == 8))
                          ScalerSetByte(P10_26_PIN_SHARE_CTRL66, 0x00);
                          ScalerSetByte(P10_27_PIN_SHARE_CTRL67, 0x00);
              #endif
 373   2      
 374   2      #if((_PIN_198 == 8) && (_PIN_199 == 8))
                          ScalerSetByte(P10_30_PIN_SHARE_CTRL80, 0x00);
                          ScalerSetByte(P10_31_PIN_SHARE_CTRL81, 0x00);
              #endif
 378   2      
 379   2                  break;
 380   2      
 381   2              default:
 382   2      
 383   2                  break;
 384   2          }
 385   1      }
 386          #endif  // End of #if(_HW_IIC_SUPPORT == _ON)
 387          
 388          //--------------------------------------------------
 389          // Description  : Switch DDC pin to GPIO or viceversa
 390          // Input Value  : ucPinType --> _PIN_58/59-121/122-123/124_GPIO/DDC
 391          // Output Value : None
 392          //--------------------------------------------------
 393          void ScalerPinshareGpioDdcPinSwitch(BYTE ucPinType)
 394          {
 395   1          switch(ucPinType)
 396   1          {
 397   2              case _DDC1_SWITCH_GPIO:
 398   2                  ScalerSetBit(P10_0A_PIN_SHARE_CTRL32, ~(_BIT7 | _BIT2 | _BIT1 | _BIT0), (_BIT7 | ((BYTE)_GPIO_
             -OPEN_DRAIN))); // Page 10-0A[2:0], Pin_73
 399   2                  ScalerSetByte(P10_0B_PIN_SHARE_CTRL33, (BYTE)_GPIO_OPEN_DRAIN); // Page 10-0B[2:0], Pin_74
 400   2                  break;
 401   2      
 402   2              case _DDC1_SWITCH_DDC:
C51 COMPILER V9.60.0.0   RL6432_SERIES_PINSHARE                                            09/18/2026 20:39:24 PAGE 8   

 403   2                  ScalerSetBit(P10_0A_PIN_SHARE_CTRL32, ~_BIT7, 0x00); // Page 10-0A[2:0], Pin_73
 404   2                  break;
 405   2      
 406   2              case _DDC1_SWITCH_GPI:
 407   2                  ScalerSetBit(P10_0A_PIN_SHARE_CTRL32, ~(_BIT7 | _BIT2 | _BIT1 | _BIT0), (_BIT7 | ((BYTE)_GPIO_
             -INPUT))); // Page 10-0A[2:0], Pin_73
 408   2                  ScalerSetByte(P10_0B_PIN_SHARE_CTRL33, (BYTE)_GPIO_INPUT); // Page 10-0B[2:0], Pin_74
 409   2                  break;
 410   2      
 411   2              case _DDC2_SWITCH_GPIO:
 412   2                  ScalerSetBit(P10_3C_PIN_SHARE_CTRL94, ~(_BIT7 | _BIT2 | _BIT1 | _BIT0), (_BIT7 | ((BYTE)_GPIO_
             -OPEN_DRAIN))); // Page 10-3C[2:0], Pin_212
 413   2                  ScalerSetByte(P10_3D_PIN_SHARE_CTRL95, (BYTE)_GPIO_OPEN_DRAIN); // Page 10-3D[2:0], Pin_213
 414   2                  break;
 415   2      
 416   2              case _DDC2_SWITCH_DDC:
 417   2                  ScalerSetBit(P10_3C_PIN_SHARE_CTRL94, ~_BIT7, 0x00); // Page 10-3C[2:0], Pin_212
 418   2                  break;
 419   2      
 420   2              case _DDC2_SWITCH_GPI:
 421   2                  ScalerSetBit(P10_3C_PIN_SHARE_CTRL94, ~(_BIT7 | _BIT2 | _BIT1 | _BIT0), (_BIT7 | ((BYTE)_GPIO_
             -INPUT))); // Page 10-3C[2:0], Pin_212
 422   2                  ScalerSetByte(P10_3D_PIN_SHARE_CTRL95, (BYTE)_GPIO_INPUT); // Page 10-3D[2:0], Pin_213
 423   2                  break;
 424   2      
 425   2              case _DDC3_SWITCH_GPIO:
 426   2                  ScalerSetBit(P10_3E_PIN_SHARE_CTRL96, ~(_BIT7 | _BIT2 | _BIT1 | _BIT0), (_BIT7 | ((BYTE)_GPIO_
             -OPEN_DRAIN))); // Page 10-3E[2:0], Pin_214
 427   2                  ScalerSetByte(P10_3F_PIN_SHARE_CTRL97, (BYTE)_GPIO_OPEN_DRAIN); // Page 10-3F[2:0], Pin_215
 428   2                  break;
 429   2      
 430   2              case _DDC3_SWITCH_DDC:
 431   2                  ScalerSetBit(P10_3E_PIN_SHARE_CTRL96, ~_BIT7, 0x00); // Page 10-3E[2:0], Pin_214
 432   2                  break;
 433   2      
 434   2              case _DDC3_SWITCH_GPI:
 435   2                  ScalerSetBit(P10_3E_PIN_SHARE_CTRL96, ~(_BIT7 | _BIT2 | _BIT1 | _BIT0), (_BIT7 | ((BYTE)_GPIO_
             -INPUT))); // Page 10-3E[2:0], Pin_214
 436   2                  ScalerSetByte(P10_3F_PIN_SHARE_CTRL97, (BYTE)_GPIO_INPUT); // Page 10-3F[2:0], Pin_215
 437   2                  break;
 438   2      
 439   2              case _DDC_VGA_SWITCH_GPIO:
 440   2                  ScalerSetBit(P10_05_PIN_SHARE_CTRL15, ~(_BIT7 | _BIT2 | _BIT1 | _BIT0), (_BIT7 | ((BYTE)_GPIO_
             -OPEN_DRAIN))); // Page 10-05[2:0], Pin_66
 441   2                  ScalerSetByte(P10_06_PIN_SHARE_CTRL16, (BYTE)_GPIO_OPEN_DRAIN); // Page 10-06[2:0], Pin_67
 442   2                  break;
 443   2      
 444   2              case _DDC_VGA_SWITCH_DDC:
 445   2                  ScalerSetBit(P10_05_PIN_SHARE_CTRL15, ~_BIT7, 0x00); // Page 10-05[2:0], Pin_66
 446   2                  break;
 447   2      
 448   2              default:
 449   2                  break;
 450   2          }
 451   1      }
 452          
 453          //--------------------------------------------------
 454          // Description  : Adjust pin share config
 455          // Input Value  : enumConfigPin  --> Pin num
 456          //                enumConfigTyte --> Pin type(GPIO/PWM..Etc.)
 457          // Output Value : None
 458          //--------------------------------------------------
C51 COMPILER V9.60.0.0   RL6432_SERIES_PINSHARE                                            09/18/2026 20:39:24 PAGE 9   

 459          void ScalerPinshareAdjustConfig(EnumConfigPin enumConfigPin, EnumPinConfigType enumConfigType)
 460          {
 461   1          switch(enumConfigPin)
 462   1          {
 463   2              case _CONFIG_PIN_1:
 464   2      
 465   2                  switch(enumConfigType)
 466   2                  {
 467   3                      case _GPI:
 468   3                          ScalerSetBit(P10_00_PIN_SHARE_CTRL10, ~(_BIT2 | _BIT1 | _BIT0), 0x00);
 469   3                          break;
 470   3      
 471   3                      case _GPO_PP:
 472   3                          ScalerSetBit(P10_00_PIN_SHARE_CTRL10, ~(_BIT2 | _BIT1 | _BIT0), _BIT0);
 473   3                          break;
 474   3      
 475   3                      case _GPO_OD:
 476   3                          ScalerSetBit(P10_00_PIN_SHARE_CTRL10, ~(_BIT2 | _BIT1 | _BIT0), _BIT1);
 477   3                          break;
 478   3      
 479   3                      default:
 480   3                          break;
 481   3                  }
 482   2      
 483   2                  break;
 484   2      
 485   2              case _CONFIG_PIN_3:
 486   2      
 487   2                  switch(enumConfigType)
 488   2                  {
 489   3                      case _GPI:
 490   3                          ScalerSetBit(P10_01_PIN_SHARE_CTRL11, ~(_BIT2 | _BIT1 | _BIT0), 0x00);
 491   3                          break;
 492   3      
 493   3                      case _GPO_PP:
 494   3                          ScalerSetBit(P10_01_PIN_SHARE_CTRL11, ~(_BIT2 | _BIT1 | _BIT0), _BIT0);
 495   3                          break;
 496   3      
 497   3                      case _GPO_OD:
 498   3                          ScalerSetBit(P10_01_PIN_SHARE_CTRL11, ~(_BIT2 | _BIT1 | _BIT0), _BIT1);
 499   3                          break;
 500   3      
 501   3                      default:
 502   3                          break;
 503   3                  }
 504   2      
 505   2                  break;
 506   2      
 507   2              case _CONFIG_PIN_15:
 508   2      
 509   2                  switch(enumConfigType)
 510   2                  {
 511   3                      case _GPI:
 512   3                          ScalerSetBit(P10_02_PIN_SHARE_CTRL12, ~(_BIT2 | _BIT1 | _BIT0), 0x00);
 513   3                          break;
 514   3      
 515   3                      case _GPO_PP:
 516   3                          ScalerSetBit(P10_02_PIN_SHARE_CTRL12, ~(_BIT2 | _BIT1 | _BIT0), _BIT0);
 517   3                          break;
 518   3      
 519   3                      case _GPO_OD:
 520   3                          ScalerSetBit(P10_02_PIN_SHARE_CTRL12, ~(_BIT2 | _BIT1 | _BIT0), _BIT1);
C51 COMPILER V9.60.0.0   RL6432_SERIES_PINSHARE                                            09/18/2026 20:39:24 PAGE 10  

 521   3                          break;
 522   3      
 523   3                      default:
 524   3                          break;
 525   3                  }
 526   2      
 527   2                  break;
 528   2      
 529   2              case _CONFIG_PIN_53:
 530   2      
 531   2                  switch(enumConfigType)
 532   2                  {
 533   3                      case _GPI:
 534   3                          ScalerSetBit(P10_03_PIN_SHARE_CTRL13, ~(_BIT2 | _BIT1 | _BIT0), 0x00);
 535   3                          break;
 536   3      
 537   3                      case _GPO_PP:
 538   3                          ScalerSetBit(P10_03_PIN_SHARE_CTRL13, ~(_BIT2 | _BIT1 | _BIT0), _BIT0);
 539   3                          break;
 540   3      
 541   3                      case _GPO_OD:
 542   3                          ScalerSetBit(P10_03_PIN_SHARE_CTRL13, ~(_BIT2 | _BIT1 | _BIT0), _BIT1);
 543   3                          break;
 544   3      
 545   3                      default:
 546   3                          break;
 547   3                  }
 548   2      
 549   2                  break;
 550   2      
 551   2              case _CONFIG_PIN_54:
 552   2      
 553   2                  switch(enumConfigType)
 554   2                  {
 555   3                      case _GPI:
 556   3                          ScalerSetBit(P10_04_PIN_SHARE_CTRL14, ~(_BIT2 | _BIT1 | _BIT0), 0x00);
 557   3                          break;
 558   3      
 559   3                      case _GPO_PP:
 560   3                          ScalerSetBit(P10_04_PIN_SHARE_CTRL14, ~(_BIT2 | _BIT1 | _BIT0), _BIT0);
 561   3                          break;
 562   3      
 563   3                      case _GPO_OD:
 564   3                          ScalerSetBit(P10_04_PIN_SHARE_CTRL14, ~(_BIT2 | _BIT1 | _BIT0), _BIT1);
 565   3                          break;
 566   3      
 567   3                      default:
 568   3                          break;
 569   3                  }
 570   2      
 571   2                  break;
 572   2      
 573   2              case _CONFIG_PIN_97:
 574   2      
 575   2                  switch(enumConfigType)
 576   2                  {
 577   3                      case _GPI:
 578   3                          ScalerSetBit(P10_5B_PIN_SHARE_CTRLD3, ~(_BIT2 | _BIT1 | _BIT0), 0x00);
 579   3                          break;
 580   3      
 581   3                      case _GPO_PP:
 582   3                          ScalerSetBit(P10_5B_PIN_SHARE_CTRLD3, ~(_BIT2 | _BIT1 | _BIT0), _BIT0);
C51 COMPILER V9.60.0.0   RL6432_SERIES_PINSHARE                                            09/18/2026 20:39:24 PAGE 11  

 583   3                          break;
 584   3      
 585   3                      case _GPO_OD:
 586   3                          ScalerSetBit(P10_5B_PIN_SHARE_CTRLD3, ~(_BIT2 | _BIT1 | _BIT0), _BIT1);
 587   3                          break;
 588   3      
 589   3                      case _PWM1_PP:
 590   3                          ScalerSetBit(P10_5B_PIN_SHARE_CTRLD3, ~(_BIT2 | _BIT1 | _BIT0), (_BIT1 | _BIT0));
 591   3                          break;
 592   3      
 593   3                      case _PWM1_OD:
 594   3                          ScalerSetBit(P10_5B_PIN_SHARE_CTRLD3, ~(_BIT2 | _BIT1 | _BIT0), _BIT2);
 595   3                          break;
 596   3      
 597   3                      default:
 598   3                          break;
 599   3                  }
 600   2      
 601   2                  break;
 602   2      
 603   2              case _CONFIG_PIN_169_OFF_REGION:
 604   2      
 605   2                  switch(enumConfigType)
 606   2                  {
 607   3                      case _GPI:
 608   3                          ScalerSetBit(P10_21_PIN_SHARE_CTRL61, ~(_BIT2 | _BIT1 | _BIT0), 0x00);
 609   3                          break;
 610   3      
 611   3                      case _GPO_PP:
 612   3                          ScalerSetBit(P10_21_PIN_SHARE_CTRL61, ~(_BIT2 | _BIT1 | _BIT0), _BIT0);
 613   3                          break;
 614   3      
 615   3                      case _GPO_OD:
 616   3                          ScalerSetBit(P10_21_PIN_SHARE_CTRL61, ~(_BIT2 | _BIT1 | _BIT0), _BIT1);
 617   3                          break;
 618   3      
 619   3                      default:
 620   3                          break;
 621   3                  }
 622   2      
 623   2                  break;
 624   2      
 625   2              case _CONFIG_PIN_192:
 626   2      
 627   2                  switch(enumConfigType)
 628   2                  {
 629   3                      case _GPI:
 630   3                          ScalerSetBit(P10_2A_PIN_SHARE_CTRL72, ~(_BIT2 | _BIT1 | _BIT0), 0x00);
 631   3                          break;
 632   3      
 633   3                      case _GPO_PP:
 634   3                          ScalerSetBit(P10_2A_PIN_SHARE_CTRL72, ~(_BIT2 | _BIT1 | _BIT0), _BIT0);
 635   3                          break;
 636   3      
 637   3                      case _GPO_OD:
 638   3                          ScalerSetBit(P10_2A_PIN_SHARE_CTRL72, ~(_BIT2 | _BIT1 | _BIT0), _BIT1);
 639   3                          break;
 640   3      
 641   3                      case _PWM2_PP:
 642   3                          ScalerSetBit(P10_2A_PIN_SHARE_CTRL72, ~(_BIT2 | _BIT1 | _BIT0), (_BIT1 | _BIT0));
 643   3                          break;
 644   3      
C51 COMPILER V9.60.0.0   RL6432_SERIES_PINSHARE                                            09/18/2026 20:39:24 PAGE 12  

 645   3                      case _PWM2_OD:
 646   3                          ScalerSetBit(P10_2A_PIN_SHARE_CTRL72, ~(_BIT2 | _BIT1 | _BIT0), _BIT2);
 647   3                          break;
 648   3      
 649   3                      default:
 650   3                          break;
 651   3                  }
 652   2      
 653   2                  break;
 654   2      
 655   2              case _CONFIG_PIN_193:
 656   2      
 657   2                  switch(enumConfigType)
 658   2                  {
 659   3                      case _GPI:
 660   3                          ScalerSetBit(P10_2B_PIN_SHARE_CTRL73, ~(_BIT2 | _BIT1 | _BIT0), 0x00);
 661   3                          break;
 662   3      
 663   3                      case _GPO_PP:
 664   3                          ScalerSetBit(P10_2B_PIN_SHARE_CTRL73, ~(_BIT2 | _BIT1 | _BIT0), _BIT0);
 665   3                          break;
 666   3      
 667   3                      case _GPO_OD:
 668   3                          ScalerSetBit(P10_2B_PIN_SHARE_CTRL73, ~(_BIT2 | _BIT1 | _BIT0), _BIT1);
 669   3                          break;
 670   3      
 671   3                      case _PWM4_PP:
 672   3                          ScalerSetBit(P10_2B_PIN_SHARE_CTRL73, ~(_BIT2 | _BIT1 | _BIT0), (_BIT1 | _BIT0));
 673   3                          break;
 674   3      
 675   3                      case _PWM4_OD:
 676   3                          ScalerSetBit(P10_2B_PIN_SHARE_CTRL73, ~(_BIT2 | _BIT1 | _BIT0), _BIT2);
 677   3                          break;
 678   3      
 679   3                      default:
 680   3                          break;
 681   3                  }
 682   2      
 683   2                  break;
 684   2      
 685   2              case _CONFIG_PIN_197:
 686   2      
 687   2                  switch(enumConfigType)
 688   2                  {
 689   3                      case _GPI:
 690   3                          ScalerSetBit(P10_2F_PIN_SHARE_CTRL77, ~(_BIT2 | _BIT1 | _BIT0), 0x00);
 691   3                          break;
 692   3      
 693   3                      case _GPO_PP:
 694   3                          ScalerSetBit(P10_2F_PIN_SHARE_CTRL77, ~(_BIT2 | _BIT1 | _BIT0), _BIT0);
 695   3                          break;
 696   3      
 697   3                      case _GPO_OD:
 698   3                          ScalerSetBit(P10_2F_PIN_SHARE_CTRL77, ~(_BIT2 | _BIT1 | _BIT0), _BIT1);
 699   3                          break;
 700   3      
 701   3                      case _PWM5_PP:
 702   3                          ScalerSetBit(P10_2F_PIN_SHARE_CTRL77, ~(_BIT2 | _BIT1 | _BIT0), (_BIT1 | _BIT0));
 703   3                          break;
 704   3      
 705   3                      case _PWM5_OD:
 706   3                          ScalerSetBit(P10_2F_PIN_SHARE_CTRL77, ~(_BIT2 | _BIT1 | _BIT0), _BIT2);
C51 COMPILER V9.60.0.0   RL6432_SERIES_PINSHARE                                            09/18/2026 20:39:24 PAGE 13  

 707   3                          break;
 708   3      
 709   3                      default:
 710   3                          break;
 711   3                  }
 712   2      
 713   2                  break;
 714   2      
 715   2              case _CONFIG_PIN_198:
 716   2      
 717   2                  switch(enumConfigType)
 718   2                  {
 719   3                      case _GPI:
 720   3                          ScalerSetBit(P10_30_PIN_SHARE_CTRL80, ~(_BIT2 | _BIT1 | _BIT0), 0x00);
 721   3                          break;
 722   3      
 723   3                      case _GPO_PP:
 724   3                          ScalerSetBit(P10_30_PIN_SHARE_CTRL80, ~(_BIT2 | _BIT1 | _BIT0), _BIT0);
 725   3                          break;
 726   3      
 727   3                      case _GPO_OD:
 728   3                          ScalerSetBit(P10_30_PIN_SHARE_CTRL80, ~(_BIT2 | _BIT1 | _BIT0), _BIT1);
 729   3                          break;
 730   3      
 731   3                      case _PWM4_PP:
 732   3                          ScalerSetBit(P10_30_PIN_SHARE_CTRL80, ~(_BIT2 | _BIT1 | _BIT0), (_BIT1 | _BIT0));
 733   3                          break;
 734   3      
 735   3                      case _PWM4_OD:
 736   3                          ScalerSetBit(P10_30_PIN_SHARE_CTRL80, ~(_BIT2 | _BIT1 | _BIT0), _BIT2);
 737   3                          break;
 738   3      
 739   3                      default:
 740   3                          break;
 741   3                  }
 742   2      
 743   2                  break;
 744   2      
 745   2              case _CONFIG_PIN_199:
 746   2      
 747   2                  switch(enumConfigType)
 748   2                  {
 749   3                      case _GPI:
 750   3                          ScalerSetBit(P10_31_PIN_SHARE_CTRL81, ~(_BIT2 | _BIT1 | _BIT0), 0x00);
 751   3                          break;
 752   3      
 753   3                      case _GPO_PP:
 754   3                          ScalerSetBit(P10_31_PIN_SHARE_CTRL81, ~(_BIT2 | _BIT1 | _BIT0), _BIT0);
 755   3                          break;
 756   3      
 757   3                      case _GPO_OD:
 758   3                          ScalerSetBit(P10_31_PIN_SHARE_CTRL81, ~(_BIT2 | _BIT1 | _BIT0), _BIT1);
 759   3                          break;
 760   3      
 761   3                      case _PWM3_PP:
 762   3                          ScalerSetBit(P10_31_PIN_SHARE_CTRL81, ~(_BIT2 | _BIT1 | _BIT0), (_BIT1 | _BIT0));
 763   3                          break;
 764   3      
 765   3                      case _PWM3_OD:
 766   3                          ScalerSetBit(P10_31_PIN_SHARE_CTRL81, ~(_BIT2 | _BIT1 | _BIT0), _BIT2);
 767   3                          break;
 768   3      
C51 COMPILER V9.60.0.0   RL6432_SERIES_PINSHARE                                            09/18/2026 20:39:24 PAGE 14  

 769   3                      default:
 770   3                          break;
 771   3                  }
 772   2      
 773   2                  break;
 774   2      
 775   2              default:
 776   2                  break;
 777   2          }
 778   1      }
 779          
 780          //--------------------------------------------------
 781          // Description  : Adjust Flash SPI Drive config
 782          // Input Value  : enumConfigPin  --> Pin num
 783          //                enumConfigFlashDrive --> Drine Current
 784          // Output Value : None
 785          //--------------------------------------------------
 786          void ScalerPinshareAdjustFlashDrive(EnumConfigSPIPinType enumConfigFlashDrive, EnumFlashDriveConfigType en
             -umFlashDriveConfig)
 787          {
 788   1          switch(enumConfigFlashDrive)
 789   1          {
 790   2              case _CONFIG_PIN_SPI_CLK:
 791   2      
 792   2                  switch(enumFlashDriveConfig)
 793   2                  {
 794   3                      case _SPI_DRIVE_3_0MA:
 795   3                          ScalerSetBit(P10_B2_PIN_DRIVING_CTRL02, ~(_BIT7 | _BIT6 | _BIT5), _BIT6);
 796   3                          break;
 797   3      
 798   3                      case _SPI_DRIVE_3_5MA:
 799   3                          ScalerSetBit(P10_B2_PIN_DRIVING_CTRL02, ~(_BIT7 | _BIT6 | _BIT5), (_BIT6 | _BIT5));
 800   3                          break;
 801   3      
 802   3                      case _SPI_DRIVE_4_0MA:
 803   3                          ScalerSetBit(P10_B2_PIN_DRIVING_CTRL02, ~(_BIT7 | _BIT6 | _BIT5), _BIT7);
 804   3                          break;
 805   3      
 806   3                      case _SPI_DRIVE_4_5MA:
 807   3                          ScalerSetBit(P10_B2_PIN_DRIVING_CTRL02, ~(_BIT7 | _BIT6 | _BIT5), (_BIT7 | _BIT5));
 808   3                          break;
 809   3      
 810   3                      case _SPI_DRIVE_5_0MA:
 811   3                          ScalerSetBit(P10_B2_PIN_DRIVING_CTRL02, ~(_BIT7 | _BIT6 | _BIT5), (_BIT7 | _BIT6));
 812   3                          break;
 813   3      
 814   3                      case _SPI_DRIVE_5_5MA:
 815   3                          ScalerSetBit(P10_B2_PIN_DRIVING_CTRL02, ~(_BIT7 | _BIT6 | _BIT5), (_BIT7 | _BIT6 | _BI
             -T5));
 816   3                          break;
 817   3      
 818   3                      default:
 819   3                          break;
 820   3                  }
 821   2      
 822   2                  break;
 823   2      
 824   2              case _CONFIG_PIN_SPI_SI_SO_CEB:
 825   2      
 826   2                  switch(enumFlashDriveConfig)
 827   2                  {
 828   3                      case _SPI_DRIVE_3_0MA:
C51 COMPILER V9.60.0.0   RL6432_SERIES_PINSHARE                                            09/18/2026 20:39:24 PAGE 15  

 829   3                          ScalerSetBit(P10_B2_PIN_DRIVING_CTRL02, ~(_BIT4 | _BIT3 | _BIT2), _BIT3);
 830   3                          break;
 831   3      
 832   3                      case _SPI_DRIVE_3_5MA:
 833   3                          ScalerSetBit(P10_B2_PIN_DRIVING_CTRL02, ~(_BIT4 | _BIT3 | _BIT2), (_BIT3 | _BIT2));
 834   3                          break;
 835   3      
 836   3                      case _SPI_DRIVE_4_0MA:
 837   3                          ScalerSetBit(P10_B2_PIN_DRIVING_CTRL02, ~(_BIT4 | _BIT3 | _BIT2), _BIT4);
 838   3                          break;
 839   3      
 840   3                      case _SPI_DRIVE_4_5MA:
 841   3                          ScalerSetBit(P10_B2_PIN_DRIVING_CTRL02, ~(_BIT4 | _BIT3 | _BIT2), (_BIT4 | _BIT2));
 842   3                          break;
 843   3      
 844   3                      case _SPI_DRIVE_5_0MA:
 845   3                          ScalerSetBit(P10_B2_PIN_DRIVING_CTRL02, ~(_BIT4 | _BIT3 | _BIT2), (_BIT4 | _BIT3));
 846   3                          break;
 847   3      
 848   3                      case _SPI_DRIVE_5_5MA:
 849   3                          ScalerSetBit(P10_B2_PIN_DRIVING_CTRL02, ~(_BIT4 | _BIT3 | _BIT2), (_BIT4 | _BIT3 | _BI
             -T2));
 850   3                          break;
 851   3      
 852   3                      default:
 853   3                          break;
 854   3                  }
 855   2      
 856   2                  break;
 857   2      
 858   2              default:
 859   2                  break;
 860   2          }
 861   1      }
 862          
 863          //--------------------------------------------------
 864          // Description  : Adjust Flash SPI Slew-Rate Control
 865          // Input Value  : None
 866          // Output Value : None
 867          //--------------------------------------------------
 868          void ScalerPinshareAdjustFlashSlewRate(void)
 869          {
 870   1          // Setting Flash SPI Clk Pin Slew-Rate Control
 871   1          ScalerSetBit(P10_76_PIN_SLEW_RATE_CTRL1, ~(_BIT7), (_FLASH_CLK_SLEW_RATE_CONTROL & 0x01) << 7);
 872   1      
 873   1          // Setting Flash SPI SI/SO/CEB Pin Slew-Rate Control
 874   1          ScalerSetBit(P10_76_PIN_SLEW_RATE_CTRL1, ~(_BIT6), (_FLASH_SI_SO_CEB_SLEW_RATE_CONTROL & 0x01) << 6);
 875   1      }
 876          
 877          //--------------------------------------------------
 878          // Description  : Reset NHL setting when MHL nonsupport
 879          // Input Value  : None
 880          // Output Value : None
 881          //--------------------------------------------------
 882          void ScalerPinshareCBUSPinInitialReset(void)
 883          {
 884   1          if(ScalerGlobalGetIDCode() == _RL6432_VER_A_ID_CODE)
 885   1          {
 886   2              // Disable 3Ohm Decrease
 887   2              ScalerSetBit(P27_0C_ECBUS_PHY_BIST, ~_BIT0, 0x00);
 888   2              // Disable 3Ohm Decrease
 889   2              ScalerSetBit(P67_0C_ECBUS_PHY_BIST, ~_BIT0, 0x00);
C51 COMPILER V9.60.0.0   RL6432_SERIES_PINSHARE                                            09/18/2026 20:39:24 PAGE 16  

 890   2          }
 891   1      }
 892          
 893          #if(_D0_DP_EXIST == _ON)
 894          //--------------------------------------------------
 895          // Description  : Aux Pin-Share Setting
 896          // Input Value  : TypeC Pin Assigment, TypeC Orientation
 897          // Output Value : None
 898          //--------------------------------------------------
 899          void ScalerPinshareRx0TypeCPinAssert(EnumTypeCPinCfgType enumTypeCPinCfgType, EnumTypeCOrientation enumTyp
             -eCOrientation)
 900          {
 901   1          enumTypeCOrientation = enumTypeCOrientation;
 902   1      
 903   1          // Aux Pin-Share Setting
 904   1          if(enumTypeCPinCfgType == _TYPE_C_PIN_ASSIGNMENT_NONE)
 905   1          {
 906   2              // Pin 71 Pinshare Config : GPI Mode
 907   2              ScalerSetBit(P10_08_PIN_SHARE_CTRL30, ~(_BIT2 | _BIT1 | _BIT0), 0x00);
 908   2      
 909   2              // Pin 72 Pinshare Config : GPI Mode
 910   2              ScalerSetBit(P10_09_PIN_SHARE_CTRL31, ~(_BIT2 | _BIT1 | _BIT0), 0x00);
 911   2          }
 912   1          else
 913   1          {
 914   2              // Pin 71 Pinshare Config : AUX_P Mode
 915   2              ScalerSetBit(P10_08_PIN_SHARE_CTRL30, ~(_BIT2 | _BIT1 | _BIT0), (_BIT1 | _BIT0));
 916   2      
 917   2              // Pin 72 Pinshare Config : AUX_N Mode
 918   2              ScalerSetBit(P10_09_PIN_SHARE_CTRL31, ~(_BIT2 | _BIT1 | _BIT0), (_BIT1 | _BIT0));
 919   2          }
 920   1      }
 921          #endif  // End of #if(_D0_DP_EXIST == _ON)
 922          
 923          #if(_D1_DP_EXIST == _ON)
              //--------------------------------------------------
              // Description  : Aux Pin-Share Setting
              // Input Value  : TypeC Pin Assigment, TypeC Orientation
              // Output Value : None
              //--------------------------------------------------
              void ScalerPinshareRx1TypeCPinAssert(EnumTypeCPinCfgType enumTypeCPinCfgType, EnumTypeCOrientation enumTyp
             -eCOrientation)
              {
                  enumTypeCOrientation = enumTypeCOrientation;
              
                  // Aux Pin-Share Setting
                  if(enumTypeCPinCfgType == _TYPE_C_PIN_ASSIGNMENT_NONE)
                  {
                      // Pin 73 Pinshare Config : GPI Mode
                      ScalerSetBit(P10_0A_PIN_SHARE_CTRL32, ~(_BIT7 | _BIT2 | _BIT1 | _BIT0), _BIT7);
              
                      // Pin 74 Pinshare Config : GPI Mode
                      ScalerSetBit(P10_0B_PIN_SHARE_CTRL33, ~(_BIT2 | _BIT1 | _BIT0), 0x00);
                  }
                  else
                  {
                      // Pin 73 Pinshare Config : AUX_P Mode
                      ScalerSetBit(P10_0A_PIN_SHARE_CTRL32, ~(_BIT7 | _BIT2 | _BIT1 | _BIT0), (_BIT7 | _BIT1 | _BIT0));
              
                      // Pin 74 Pinshare Config : AUX_N Mode
                      ScalerSetBit(P10_0B_PIN_SHARE_CTRL33, ~(_BIT2 | _BIT1 | _BIT0), (_BIT1 | _BIT0));
                  }
C51 COMPILER V9.60.0.0   RL6432_SERIES_PINSHARE                                            09/18/2026 20:39:24 PAGE 17  

              }
              #endif  // End of #if(_D1_DP_EXIST == _ON)
 952          
 953          #if(_HDMI_SUPPORT == _ON)
 954          #if(_HDMI_2_0_SUPPORT == _ON)
 955          #if(_HDMI_5V_DETECT_BY_USER == _OFF)
 956          //--------------------------------------------------
 957          // Description  : Pinshare Hpd Pull Down Setting
 958          // Input Value  : enumInputPort, bEnable
 959          // Output Value : None
 960          //--------------------------------------------------
 961          void ScalerPinshareRxHpdPullDownSet(BYTE ucInputPort, bit bEnable)
 962          {
 963   1          ucInputPort = ucInputPort;
 964   1      
 965   1          switch(ucInputPort)
 966   1          {
 967   2      #if(_D1_HDMI_SUPPORT == _ON)
                      case _D1_INPUT_PORT:
                          if(bEnable == _ENABLE)
                          {
                              ScalerSetBit(P10_7A_PIN_PULLUP_CTRL00, ~(_BIT3 | _BIT2), _BIT3);
                          }
                          else
                          {
                              ScalerSetBit(P10_7A_PIN_PULLUP_CTRL00, ~(_BIT3 | _BIT2), 0x00);
                          }
                          break;
              #endif
 979   2      
 980   2      #if(_D2_HDMI_SUPPORT == _ON)
                      case _D2_INPUT_PORT:
                          if(bEnable == _ENABLE)
                          {
                              ScalerSetBit(P10_7A_PIN_PULLUP_CTRL00, ~(_BIT3 | _BIT2), _BIT3);
                          }
                          else
                          {
                              ScalerSetBit(P10_7A_PIN_PULLUP_CTRL00, ~(_BIT3 | _BIT2), 0x00);
                          }
                          break;
              #endif
 992   2      
 993   2      #if(_D3_HDMI_SUPPORT == _ON)
 994   2              case _D3_INPUT_PORT:
 995   2                  if(bEnable == _ENABLE)
 996   2                  {
 997   3                      ScalerSetBit(P10_7A_PIN_PULLUP_CTRL00, ~(_BIT5 | _BIT4), _BIT5);
 998   3                  }
 999   2                  else
1000   2                  {
1001   3                      ScalerSetBit(P10_7A_PIN_PULLUP_CTRL00, ~(_BIT5 | _BIT4), 0x00);
1002   3                  }
1003   2                  break;
1004   2      #endif
1005   2              default:
1006   2                  break;
1007   2          }
1008   1      }
1009          #endif
1010          #endif
1011          #endif
C51 COMPILER V9.60.0.0   RL6432_SERIES_PINSHARE                                            09/18/2026 20:39:24 PAGE 18  

1012          


MODULE INFORMATION:   STATIC OVERLAYABLE
   CODE SIZE        =   1194    ----
   CONSTANT SIZE    =   ----    ----
   XDATA SIZE       =   ----    ----
   PDATA SIZE       =   ----    ----
   DATA SIZE        =   ----    ----
   IDATA SIZE       =   ----    ----
   BIT SIZE         =   ----       1
END OF MODULE INFORMATION.


C51 COMPILATION COMPLETE.  0 WARNING(S),  0 ERROR(S)
