C51 COMPILER V8.12   RL6432_SERIES_DPTXMST                                                 09/16/2026 20:28:19 PAGE 1   


C51 COMPILER V8.12, COMPILATION OF MODULE RL6432_SERIES_DPTXMST
OBJECT MODULE PLACED IN .\Output\RL6432_Project\RL6432_Series_DPTxMST.obj
COMPILER INVOKED BY: c:\Keil\C51\BIN\C51.EXE Kernel\Scaler\RL6432_Series_Scaler\Code\RL6432_Series_DPTxMST.c LARGE OPTIM
                    -IZE(9,SPEED) INCDIR(.\Output\RL6432;.\Project\Header;.\Pcb;.\Panel;.\Kernel\Device\Header;.\Kernel\Common;.\Kernel\Syste
                    -m\Header;.\Kernel\Scaler\ScalerFunction\Header;.\Kernel\Scaler\ScalerCommonFunction\Header;.\Kernel\Scaler\ScalerFunctio
                    -n\Lib\Header;.\Kernel\Scaler\ScalerCommonFunction\Lib\Header;.\Kernel\Scaler\RL6432_Series_Scaler\Header;.\Kernel\Scaler
                    -\RL6432_Series_Common\Header;.\Kernel\Scaler\RL6432_Series_Scaler\Lib\Header;.\Kernel\Scaler\RL6432_Series_Common\Lib\He
                    -ader;.\Kernel\User Common Function\Header;.\User\RTD Series\RTD2014Function\Header;.\User\RTD Series\RTD2014Osd\Header;.
                    -\User\RTD Factory\Header;.\User\None Series\NoneFunction\Header;.\User\None Series\NoneOsd\Header;.\User\None Factory\He
                    -ader) DEFINE(_PROJECT=_RL6432_PROJECT,_SCALER_TYPE=_RL6432_SERIES) DEBUG OBJECTEXTEND PRINT(.\Output\RL6432_Project\RL64
                    -32_Series_DPTxMST.lst) OBJECT(.\Output\RL6432_Project\RL6432_Series_DPTxMST.obj)

line level    source

   1          /********************************************************************************/
   2          /*   Copyright (c) 2021 Realtek Semiconductor Corp. All rights reserved.        */
   3          /*                                                                              */
   4          /*   SPDX-License-Identifier: LicenseRef-Realtek-Proprietary                    */
   5          /*                                                                              */
   6          /*   This software component is confidential and proprietary to Realtek         */
   7          /*   Semiconductor Corp. Disclosure, reproduction, redistribution, in whole     */
   8          /*   or in part, of this work and its derivatives without express permission    */
   9          /*   is prohibited.                                                             */
  10          /********************************************************************************/
  11          
  12          //----------------------------------------------------------------------------------------------------
  13          // ID Code      : RL6432_Series_DPTxMST.c No.0000
  14          // Update Note  :
  15          //----------------------------------------------------------------------------------------------------
  16          
  17          #include "ScalerFunctionInclude.h"
  18          
  19          #if(_DP_TX_SUPPORT == _ON)
              //****************************************************************************
              // DEFINITIONS / MACROS
              //****************************************************************************
              
              //****************************************************************************
              // STRUCT / TYPE / ENUM DEFINITTIONS
              //****************************************************************************
              
              //****************************************************************************
              // CODE TABLES
              //****************************************************************************
              
              //****************************************************************************
              // VARIABLE DECLARATIONS
              //****************************************************************************
              
              
              //****************************************************************************
              // FUNCTION DECLARATIONS
              //****************************************************************************
              #if(_DP_MST_SUPPORT == _ON)
              void ScalerDpTxMstLinkClockEn(bit bEn);
              #endif
              
              //****************************************************************************
              // FUNCTION DEFINITIONS
              //****************************************************************************
              
C51 COMPILER V8.12   RL6432_SERIES_DPTXMST                                                 09/16/2026 20:28:19 PAGE 2   

              #if(_DP_MST_SUPPORT == _ON)
              //--------------------------------------------------
              // Description  : DP MST Link Clock Enable or Disable
              // Input Value  : bEn  --> _ENABLE / _DISABLE
              // Output Value : None
              //--------------------------------------------------
              void ScalerDpTxMstLinkClockEn(bit bEn)
              {
                  if(bEn == _ENABLE)
                  {
                      // Enable DP Tx Link Clock
                      ScalerSetBit(PA_81_MST2SST_CLK_GATE, ~(_BIT7 | _BIT6 | _BIT5), (_BIT7 | _BIT6 | _BIT5));
                  }
                  else
                  {
                      // Disable DP Tx Link Clock for Power Saving Mode
                      ScalerSetBit(PA_81_MST2SST_CLK_GATE, ~(_BIT7 | _BIT6 | _BIT5), 0x00);
                  }
              }
              #endif
              
              #endif


MODULE INFORMATION:   STATIC OVERLAYABLE
   CODE SIZE        =   ----    ----
   CONSTANT SIZE    =   ----    ----
   XDATA SIZE       =   ----    ----
   PDATA SIZE       =   ----    ----
   DATA SIZE        =   ----    ----
   IDATA SIZE       =   ----    ----
   BIT SIZE         =   ----    ----
END OF MODULE INFORMATION.


C51 COMPILATION COMPLETE.  0 WARNING(S),  0 ERROR(S)
