C51 COMPILER V9.60.0.0   RL6432_SERIES_PLL                                                 09/21/2026 15:33:11 PAGE 1   


C51 COMPILER V9.60.0.0, COMPILATION OF MODULE RL6432_SERIES_PLL
OBJECT MODULE PLACED IN .\Output\RL6432_Project\RL6432_Series_PLL.obj
COMPILER INVOKED BY: C:\Keil_v5\C51\BIN\C51.EXE Kernel\Scaler\RL6432_Series_Scaler\Code\RL6432_Series_PLL.c LARGE OPTIMI
                    -ZE(9,SPEED) INCDIR(.\Output\RL6432;.\Project\Header;.\Pcb;.\Panel;.\Kernel\Device\Header;.\Kernel\Common;.\Kernel\System
                    -\Header;.\Kernel\Scaler\ScalerFunction\Header;.\Kernel\Scaler\ScalerCommonFunction\Header;.\Kernel\Scaler\ScalerFunction
                    -\Lib\Header;.\Kernel\Scaler\ScalerCommonFunction\Lib\Header;.\Kernel\Scaler\RL6432_Series_Scaler\Header;.\Kernel\Scaler\
                    -RL6432_Series_Common\Header;.\Kernel\Scaler\RL6432_Series_Scaler\Lib\Header;.\Kernel\Scaler\RL6432_Series_Common\Lib\Hea
                    -der;.\Kernel\User Common Function\Header;.\User\RTD Series\RTD2014Function\Header;.\User\RTD Series\RTD2014Osd\Header;.\
                    -User\RTD Factory\Header;.\User\None Series\NoneFunction\Header;.\User\None Series\NoneOsd\Header;.\User\None Factory\Hea
                    -der) DEFINE(_PROJECT=_RL6432_PROJECT,_SCALER_TYPE=_RL6432_SERIES) DEBUG OBJECTEXTEND PRINT(.\Output\RL6432_Project\RL643
                    -2_Series_PLL.lst) TABS(2) OBJECT(.\Output\RL6432_Project\RL6432_Series_PLL.obj)

line level    source

   1          /********************************************************************************/
   2          /*   Copyright (c) 2021 Realtek Semiconductor Corp. All rights reserved.        */
   3          /*                                                                              */
   4          /*   SPDX-License-Identifier: LicenseRef-Realtek-Proprietary                    */
   5          /*                                                                              */
   6          /*   This software component is confidential and proprietary to Realtek         */
   7          /*   Semiconductor Corp. Disclosure, reproduction, redistribution, in whole     */
   8          /*   or in part, of this work and its derivatives without express permission    */
   9          /*   is prohibited.                                                             */
  10          /********************************************************************************/
  11          
  12          //----------------------------------------------------------------------------------------------------
  13          // ID Code      : RL6432_Series_PLL.c No.0000
  14          // Update Note  :
  15          //----------------------------------------------------------------------------------------------------
  16          
  17          #include "ScalerFunctionInclude.h"
  18          
  19          //****************************************************************************
  20          // DEFINITIONS / MACROS
  21          //****************************************************************************
  22          #if(_PANEL_STYLE == _PANEL_LVDS)
  23          #if((_LVDS_PORT_SEL == _LVDS_1_PORT_A) || (_LVDS_PORT_SEL == _LVDS_1_PORT_B) || (_LVDS_PORT_SEL == _LVDS_2
             -_PORT_AB) || (_LVDS_PORT_SEL == _LVDS_4_PORT_ABCD))
  24          //--------------------------------------------------
  25          // Definations of LVDS VCO Range, convert into Dclk frequency
  26          //--------------------------------------------------
  27          #define _LVDS_PLL_BOUNDRY_0                         (250000  * (1 << _LVDS_OUTPUT_PORT) / (7 << _D_DOMAIN_
             -PATH))
  28          #define _LVDS_PLL_BOUNDRY_1                         (500000  * (1 << _LVDS_OUTPUT_PORT) / (7 << _D_DOMAIN_
             -PATH))
  29          #define _LVDS_PLL_BOUNDRY_2                         (1000000 * (1 << _LVDS_OUTPUT_PORT) / (7 << _D_DOMAIN_
             -PATH))
  30          #endif // End of #if((_LVDS_PORT_SEL == _LVDS_1_PORT_A) || (_LVDS_PORT_SEL == _LVDS_1_PORT_B) || (_LVDS_PO
             -RT_SEL == _LVDS_2_PORT_AB) || (_LVDS_PORT_SEL == _LVDS_4_PORT_ABCD))
  31          
  32          #if((_LVDS_PORT_SEL == _LVDS_1_PORT_C) || (_LVDS_PORT_SEL == _LVDS_1_PORT_D) || (_LVDS_PORT_SEL == _LVDS_2
             -_PORT_CD) || (_LVDS_PORT_SEL == _LVDS_4_PORT_ABCD))
              //--------------------------------------------------
              // Definations of DPTX CMU CCO Range
              //--------------------------------------------------
              #define _DPTX_PLL_BOUNDRY_0                         187500
              #define _DPTX_PLL_BOUNDRY_1                         375000
              #define _DPTX_PLL_BOUNDRY_2                         750000
              #define _DPTX_PLL_BOUNDRY_3                         1500000
              #endif // End of #if((_LVDS_PORT_SEL == _LVDS_1_PORT_C) || (_LVDS_PORT_SEL == _LVDS_1_PORT_D) || (_LVDS_PO
             -RT_SEL == _LVDS_2_PORT_CD) || (_LVDS_PORT_SEL == _LVDS_4_PORT_ABCD))
C51 COMPILER V9.60.0.0   RL6432_SERIES_PLL                                                 09/21/2026 15:33:11 PAGE 2   

  41          
  42          #endif // End of #if(_PANEL_STYLE == _PANEL_LVDS)
  43          
  44          #if(_PANEL_STYLE == _PANEL_DPTX)
              //--------------------------------------------------
              // Definations of DPTX CLK Into DPLL Range
              //--------------------------------------------------
              #define _DPTX_CLK_IN_BOUNDRY_0                      56000
              #define _DPTX_CLK_IN_BOUNDRY_1                      112000
              #define _DPTX_CLK_IN_BOUNDRY_2                      224000
              
              //--------------------------------------------------
              // Definations of DPTX Phy Rate
              //--------------------------------------------------
              #define _DPTX_PHY_RATE_RBR                          1620000
              #define _DPTX_PHY_RATE_HBR                          2700000
              #endif // End of #if(_PANEL_STYLE == _PANEL_DPTX)
  58          
  59          //****************************************************************************
  60          // STRUCT / TYPE / ENUM DEFINITTIONS
  61          //****************************************************************************
  62          
  63          //****************************************************************************
  64          // CODE TABLES
  65          //****************************************************************************
  66          
  67          //****************************************************************************
  68          // VARIABLE DECLARATIONS
  69          //****************************************************************************
  70          
  71          //****************************************************************************
  72          // FUNCTION DECLARATIONS
  73          //****************************************************************************
  74          #if(_PANEL_STYLE == _PANEL_DPTX)
              bit ScalerPLLGetDptxPowerStatus(void);
              #endif
  77          DWORD ScalerPLLGetDPLLRefClk(DWORD ulFreq);
  78          
  79          #if(_PANEL_STYLE == _PANEL_LVDS)
  80          void ScalerPLLSetDisplayPLL(DWORD ulFreq);
  81          #elif(_PANEL_STYLE == _PANEL_DPTX)
              void ScalerPLLSetDPLLRefPLL(DWORD ulFreq);
              void ScalerPLLDPTxPLLReset(void);
              #endif
  85          
  86          //****************************************************************************
  87          // FUNCTION DEFINITIONS
  88          //****************************************************************************
  89          #if(_PANEL_STYLE == _PANEL_DPTX)
              //--------------------------------------------------
              // Description  : Get Dptx Power Status
              // Input Value  : None
              // Output Value : _TRUE: Power On   _FALSE: Power Down
              //--------------------------------------------------
              bit ScalerPLLGetDptxPowerStatus(void)
              {
                  return (bit)(ScalerGetBit(P55_00_LVDS_COMMON_AB_CTRL0, _BIT3));
              }
              #endif // End of #if(_PANEL_STYLE == _PANEL_DPTX)
 100          
 101          //--------------------------------------------------
 102          // Description  : Get DPLL Ref Clk from DPTx PLL or Xtal
C51 COMPILER V9.60.0.0   RL6432_SERIES_PLL                                                 09/21/2026 15:33:11 PAGE 3   

 103          // Input Value  : Dclk
 104          // Output Value : DPTx PLL clk or Xtal Clk
 105          //--------------------------------------------------
 106          DWORD ScalerPLLGetDPLLRefClk(DWORD ulFreq)
 107          {
 108   1          ulFreq = ulFreq;
 109   1      
 110   1          // Dpll Referenced Clk: Xtal Clk
 111   1          ScalerSetBit(P1_D8_DPLL_RELOAD_CTRL, ~(_BIT1), 0x00);
 112   1      
 113   1          return (_EXT_XTAL);
 114   1      }
 115          
 116          #if(_PANEL_STYLE == _PANEL_LVDS)
 117          //--------------------------------------------------
 118          // Description  : Set Display Interface PLL: Frequency, VCO Band
 119          // Input Value  : Target Freq
 120          // Output Value : None
 121          //--------------------------------------------------
 122          void ScalerPLLSetDisplayPLL(DWORD ulFreq)
 123          {
 124   1      #if((_LVDS_PORT_SEL == _LVDS_1_PORT_A) || (_LVDS_PORT_SEL == _LVDS_1_PORT_B) || (_LVDS_PORT_SEL == _LVDS_2
             -_PORT_AB) || (_LVDS_PORT_SEL == _LVDS_4_PORT_ABCD))
 125   1          BYTE ucDispPllParam = 0x00;
 126   1      #endif
 127   1      
 128   1      #if((_LVDS_PORT_SEL == _LVDS_1_PORT_C) || (_LVDS_PORT_SEL == _LVDS_1_PORT_D) || (_LVDS_PORT_SEL == _LVDS_2
             -_PORT_CD) || (_LVDS_PORT_SEL == _LVDS_4_PORT_ABCD))
                  WORD usNCode = 0;
              #endif
 131   1      
 132   1          DWORD ulCMUFreq = 0;
 133   1      
 134   1          PDATA_DWORD(0) = (ulFreq >> _D_DOMAIN_PATH);
 135   1      
 136   1          // LVDS data rate = ((Pixel Clk) / (LVDS Outport)) * 7
 137   1          ulCMUFreq = ((PDATA_DWORD(0) << _D_DOMAIN_PATH) / (1 << _LVDS_OUTPUT_PORT)) * 7;
 138   1      
 139   1      #if((_LVDS_PORT_SEL == _LVDS_1_PORT_A) || (_LVDS_PORT_SEL == _LVDS_1_PORT_B) || (_LVDS_PORT_SEL == _LVDS_2
             -_PORT_AB) || (_LVDS_PORT_SEL == _LVDS_4_PORT_ABCD))
 140   1      
 141   1          // ----------- Previous Select Band & Div Alg. -----------
 142   1          // ucDispPllParam: [7:6] = LVDS_PLL_VCO
 143   1          if(PDATA_DWORD(0) < _LVDS_PLL_BOUNDRY_0)
 144   1          {
 145   2              ucDispPllParam |= (3 << 6);
 146   2          }
 147   1          else if(PDATA_DWORD(0) < _LVDS_PLL_BOUNDRY_1)
 148   1          {
 149   2              ucDispPllParam |= (2 << 6);
 150   2          }
 151   1          else if(PDATA_DWORD(0) < _LVDS_PLL_BOUNDRY_2)
 152   1          {
 153   2              ucDispPllParam |= (1 << 6);
 154   2          }
 155   1          else
 156   1          {
 157   2              ucDispPllParam |= (0 << 6);
 158   2          }
 159   1      
 160   1          // LVDS data rate = ((Pixel Clk) / (LVDS Outport)) * 7
 161   1          PDATA_DWORD(1) = ((PDATA_DWORD(0) << _D_DOMAIN_PATH) / (1 << _LVDS_OUTPUT_PORT)) * 7;
C51 COMPILER V9.60.0.0   RL6432_SERIES_PLL                                                 09/21/2026 15:33:11 PAGE 4   

 162   1      
 163   1          // ucDispPllParam: [3:2] = LVDS PI Operation Frequency Seletcion
 164   1          if(PDATA_DWORD(1) < 250000)
 165   1          {
 166   2              ucDispPllParam |= (0 << 2);
 167   2          }
 168   1          else if(PDATA_DWORD(1) < 400000)
 169   1          {
 170   2              ucDispPllParam |= (1 << 2);
 171   2          }
 172   1          else if(PDATA_DWORD(1) < 600000)
 173   1          {
 174   2              ucDispPllParam |= (2 << 2);
 175   2          }
 176   1          else
 177   1          {
 178   2              ucDispPllParam |= (3 << 2);
 179   2          }
 180   1      
 181   1          // ----------- Set Display VCO Band -----------
 182   1          // Manual set LVDS VCO band
 183   1          ScalerDisplayLvdsSetVcoBand((ucDispPllParam & 0xC0) >> 6);
 184   1      
 185   1          // Set LVDS PI Operation band
 186   1          ScalerDisplayLvdsSetPhaseBand(((ucDispPllParam & 0x0C) >> 2) << 5);
 187   1      #endif // End of #if((_LVDS_PORT_SEL == _LVDS_1_PORT_A) || (_LVDS_PORT_SEL == _LVDS_1_PORT_B) || (_LVDS_PO
             -RT_SEL == _LVDS_2_PORT_AB) || (_LVDS_PORT_SEL == _LVDS_4_PORT_ABCD))
 188   1      
 189   1      #if((_LVDS_PORT_SEL == _LVDS_1_PORT_C) || (_LVDS_PORT_SEL == _LVDS_1_PORT_D) || (_LVDS_PORT_SEL == _LVDS_2
             -_PORT_CD) || (_LVDS_PORT_SEL == _LVDS_4_PORT_ABCD))
              
                  // Set CMU: LVDS Mode
                  ScalerSetBit(P55_73_DPTX_CMU3, ~_BIT0, 0x00);
              
                  // Set CMU Referenced Clk: From Dpll Clk
                  ScalerSetBit(P55_73_DPTX_CMU3, ~_BIT7, _BIT7);
              
                  // Enable N.F Set By FW
                  ScalerSetBit(P38_D6_DPTX_CMU6, ~_BIT5, _BIT5);
              
                  // Divider for Postdivider of CMU and Pre-divder of CMU
                  ScalerSetBit(P55_72_DPTX_CMU2, ~(_BIT3 | _BIT2 | _BIT1 | _BIT0), 0x00);
              
                  // LDO voltage Setting
                  ScalerSetBit(P55_0E_LVDS_COMMON_AB_CTRL14, ~0xFC, 0xFC);
              
                  // Setting 16 Phase when N.PI Manual
                  ScalerSetBit(P38_D7_DPTX_CMU7, ~(_BIT3 | _BIT2 | _BIT1 | _BIT0), 0x00);
              
                  // CLKRD duty set to 4'b1111 @0638 as AMlee suggests.
                  // Good Phase setting H/L = 4/6
                  ScalerSetBit(P55_5D_DPTX_CKRDDUTY_SPD_SEL, ~(_BIT7 | _BIT6 | _BIT5 | _BIT4 | _BIT3), (_BIT7 | _BIT6 | 
             -_BIT5 | _BIT4 | _BIT3));
              
                  // [7] 0:CCO Mode, 1:VCO Mode
                  // [6] 0:Small Kvco, 1:Big Kvco
                  // [5] 0:3rd LPF, 1:2nd LPF
                  // [4] 0:1pF, 1:2pF (CMU'S LPF Cp)
                  // [3] 0:Use PI, 1:Bypass PI
                  // [2:0] PI Current setting
                  // ScalerSetBit(P38_D0_DPTX_CMU0, ~(_BIT7 | _BIT6 | _BIT5 | _BIT4 | _BIT3 | _BIT2 | _BIT1 | _BIT0), (_
             -BIT6 | _BIT5 | _BIT4 | _BIT1 | _BIT0));
C51 COMPILER V9.60.0.0   RL6432_SERIES_PLL                                                 09/21/2026 15:33:11 PAGE 5   

              
                  // [2] 0:Small Kvco, 1:Big Kvco
                  // [1] 0:CCO Mode, 1:VCO Mode
                  ScalerSetBit(P55_03_LVDS_COMMON_AB_CTRL3, ~(_BIT2 | _BIT1), _BIT2);
              
                  // [0] 0:3rd LPF, 1:2nd LPF
                  ScalerSetBit(P55_0F_LVDS_COMMON_AB_CTRL15, ~_BIT0, _BIT0);
              
                  // [3] 0:Bypass PI, 1:Use PI
                  // [2:0] PI Current setting
                  ScalerSetBit(P55_70_DPTX_CMU0, ~0x0F, (_BIT1 | _BIT0));
              
                  if(ulCMUFreq > _DPTX_PLL_BOUNDRY_3)
                  {
                      // VCO = 1.5~3 GHz, Phy range = 1.5~3 GHz, Freq_band = div1
                      ScalerSetBit(P55_0F_LVDS_COMMON_AB_CTRL15, ~(_BIT3 | _BIT2 | _BIT1), 0x00);
                  }
                  else if(ulCMUFreq > _DPTX_PLL_BOUNDRY_2)
                  {
                      // VCO = 1.5~3 GHz, Phy range = 0.75~1.5 GHz, Freq_band = div2
                      ScalerSetBit(P55_0F_LVDS_COMMON_AB_CTRL15, ~(_BIT3 | _BIT2 | _BIT1), _BIT1);
                  }
                  else if(ulCMUFreq > _DPTX_PLL_BOUNDRY_1)
                  {
                      // VCO = 1.5~3 GHz, Phy range = 375~750 MHz, Freq_band = div4
                      ScalerSetBit(P55_0F_LVDS_COMMON_AB_CTRL15, ~(_BIT3 | _BIT2 | _BIT1), _BIT2);
                  }
                  else if(ulCMUFreq > _DPTX_PLL_BOUNDRY_0)
                  {
                      // VCO = 1.5~3 GHz, Phy range = 187.5~375 MHz, Freq_band = div4
                      ScalerSetBit(P55_0F_LVDS_COMMON_AB_CTRL15, ~(_BIT3 | _BIT2 | _BIT1), (_BIT2 | _BIT1));
                  }
                  else
                  {
                      // VCO = 1.5~3 GHz, Phy range = 93.75~187.5 MHz, Freq_band = div8
                      ScalerSetBit(P55_0F_LVDS_COMMON_AB_CTRL15, ~(_BIT3 | _BIT2 | _BIT1), _BIT3);
                  }
              
                  // Count N.F Code
                  usNCode = (7 - 2);
              
                  // N Code = 9 bit
                  usNCode &= 0x1FF;
              
                  ScalerSetBit(P38_D6_DPTX_CMU6, ~(_BIT4 | _BIT3 | _BIT2 | _BIT1 | _BIT0), (BYTE)(usNCode >> 4));
                  ScalerSetBit(P38_D7_DPTX_CMU7, ~(_BIT7 | _BIT6 | _BIT5 | _BIT4), (BYTE)(usNCode << 4));
              #endif // End of #if((_LVDS_PORT_SEL == _LVDS_1_PORT_C) || (_LVDS_PORT_SEL == _LVDS_1_PORT_D) || (_LVDS_PO
             -RT_SEL == _LVDS_2_PORT_CD) || (_LVDS_PORT_SEL == _LVDS_4_PORT_ABCD))
 267   1      }
 268          
 269          #elif(_PANEL_STYLE == _PANEL_DPTX)
              //--------------------------------------------------
              // Description  : Set DPLL Referenced DPTX PLL: Frequency, VCO Band
              // Input Value  : Target Freq
              // Output Value : None
              //--------------------------------------------------
              void ScalerPLLSetDPLLRefPLL(DWORD ulFreq)
              {
                  WORD usNCode = 0;
                  WORD usFCode = 0;
                  DWORD ulCMUFreq = 0;
              
C51 COMPILER V9.60.0.0   RL6432_SERIES_PLL                                                 09/21/2026 15:33:11 PAGE 6   

                  if(ScalerGetBit(P55_00_LVDS_COMMON_AB_CTRL0, _BIT3) == _BIT3)
                  {
                      return;
                  }
              
                  ulFreq = ulFreq;
              
                  // HBR = 2.7GHz, RBR = 1.62GHz
                  if(_PANEL_DPTX_LINK_RATE == _PANEL_DPTX_LINK_RBR)
                  {
                      ulCMUFreq = _DPTX_PHY_RATE_RBR;
                  }
                  else if(_PANEL_DPTX_LINK_RATE == _PANEL_DPTX_LINK_HBR)
                  {
                      ulCMUFreq = _DPTX_PHY_RATE_HBR;
                  }
                  else
                  {
                      ulCMUFreq = _DPTX_PHY_RATE_HBR;
                      DebugMessageCheck("Not Support HBR2, Run HBR", 0x00);
                  }
              
                  // Set CMU: DPTX Mode
                  ScalerSetBit(P55_73_DPTX_CMU3, ~_BIT0, _BIT0);
              
                  // Set CMU Referenced Clk: Xtal Clk
                  ScalerSetBit(P55_73_DPTX_CMU3, ~_BIT7, 0x00);
              
                  // Disable N.F Set By FW
                  ScalerSetBit(P38_D6_DPTX_CMU6, ~_BIT5, 0x00);
              
                  // Set Down SSC, Disable SSC
                  ScalerSetBit(P38_D5_DPTX_CMU5, ~(_BIT6 | _BIT5), 0x00);
              
                  // Divider for Postdivider of CMU and Pre-divder of CMU
                  ScalerSetBit(P55_72_DPTX_CMU2, ~(_BIT3 | _BIT2 | _BIT1 | _BIT0), 0x00);
              
                  // LDO voltage Setting
                  ScalerSetBit(P55_0E_LVDS_COMMON_AB_CTRL14, ~(_BIT7 | _BIT6 | _BIT5 | _BIT4 | _BIT3 | _BIT2), (_BIT7 | 
             -_BIT6 | _BIT5 | _BIT4 | _BIT3 | _BIT2));
              
                  // CLKRD duty set to 4'b1111 @0638 as AMlee suggests.
                  // Good Phase setting H/L = 4/6
                  ScalerSetBit(P55_5D_DPTX_CKRDDUTY_SPD_SEL, ~(_BIT7 | _BIT6 | _BIT5 | _BIT4 | _BIT3), (_BIT7 | _BIT6 | 
             -_BIT5 | _BIT4 | _BIT3));
              
                  if(ulCMUFreq == _DPTX_PHY_RATE_RBR)
                  {
                      DebugMessageCheck("PANEL_DPTX_LINK_RBR", 0x00);
              
                      // [2] 0:Small Kvco, 1:Big Kvco
                      // [1] 0:CCO Mode, 1:VCO Mode
                      ScalerSetBit(P55_03_LVDS_COMMON_AB_CTRL3, ~(_BIT2 | _BIT1), 0x00);
              
                      // [0] 0:3rd LPF, 1:2nd LPF
                      ScalerSetBit(P55_0F_LVDS_COMMON_AB_CTRL15, ~_BIT0, _BIT0);
              
                      // [3] 0:Use PI, 1:Bypass PI
                      // [2:0] PI Current setting
                      ScalerSetBit(P55_70_DPTX_CMU0, ~(_BIT3 | _BIT2 | _BIT1 | _BIT0), _BIT0);
              
                      // Phy range = 1.5~3 GHz, VCO = 1.5~3 GHz, spdsel = div1
C51 COMPILER V9.60.0.0   RL6432_SERIES_PLL                                                 09/21/2026 15:33:11 PAGE 7   

                      ScalerSetBit(P55_5D_DPTX_CKRDDUTY_SPD_SEL, ~(_BIT1 | _BIT0), 0x00);
              
                      // [7:5] PLL LPF serial resistor = 5k
                      // [3:0] CMU'S CP Current = 11.25uA
                      ScalerSetBit(P55_0D_LVDS_COMMON_AB_CTRL13, ~(_BIT7 | _BIT6 | _BIT5 | _BIT4 | _BIT3 | _BIT2 | _BIT1
             - | _BIT0), (_BIT5 | _BIT4 | _BIT3));
                  }
                  else
                  {
                      DebugMessageCheck("PANEL_DPTX_LINK_HBR", 0x00);
              
                      // [2] 0:Small Kvco, 1:Big Kvco
                      // [1] 0:CCO Mode, 1:VCO Mode
                      ScalerSetBit(P55_03_LVDS_COMMON_AB_CTRL3, ~(_BIT2 | _BIT1), 0x00);
              
                      // [0] 0:3rd LPF, 1:2nd LPF
                      ScalerSetBit(P55_0F_LVDS_COMMON_AB_CTRL15, ~_BIT0, _BIT0);
              
                      // [3] 0:Use PI, 1:Bypass PI
                      // [2:0] PI Current setting
                      ScalerSetBit(P55_70_DPTX_CMU0, ~(_BIT3 | _BIT2 | _BIT1 | _BIT0), _BIT0);
              
                      // Phy range = 1.5~3 GHz, VCO = 1.5~3 GHz, spdsel = div1
                      ScalerSetBit(P55_5D_DPTX_CKRDDUTY_SPD_SEL, ~(_BIT1 | _BIT0), 0x00);
              
                      // [7:5] PLL LPF serial resistor = 7k
                      // [3:0] CMU'S CP Current = 16.25uA
                      ScalerSetBit(P55_0D_LVDS_COMMON_AB_CTRL13, ~(_BIT7 | _BIT6 | _BIT5 | _BIT4 | _BIT3 | _BIT2 | _BIT1
             - | _BIT0), (_BIT6 | _BIT4 | _BIT3 | _BIT2));
                  }
              
                  // Count N.F Code
                  usNCode = ulCMUFreq / (_EXT_XTAL * 2) - 4;
                  usFCode = ulCMUFreq % (_EXT_XTAL * 2);
              
                  if(usFCode != 0)
                  {
                      ulCMUFreq = ((DWORD)usFCode << 12);
                      usFCode = ulCMUFreq / (_EXT_XTAL * 2);
                  }
              
                  // N Code = 9 bit
                  // F Code = 12 bit
                  usNCode &= 0x1FF;
                  usFCode &= 0xFFF;
              
                  ScalerSetByte(P38_DF_DPTX_CMU14, (BYTE)usFCode);
                  ScalerSetByte(P38_DE_DPTX_CMU13, ((BYTE)(usNCode << 4) | (BYTE)(usFCode >> 8)));
                  ScalerSetByte(P38_DD_DPTX_CMU12, (BYTE)(_BIT7 | (usNCode >> 4)));
              
                  // Enable CMU power
                  ScalerSetBit(P55_00_LVDS_COMMON_AB_CTRL0, ~_BIT3, _BIT3);
              
                  // Wait for CMU Stable
                  ScalerTimerDelayXms(2);
              
                  // Enable Watch Dog
                  ScalerSetBit(P38_D5_DPTX_CMU5, ~_BIT7, _BIT7);
              
                  // Wait Watch Dog to check PLL is stable or not
                  ScalerTimerPollingFlagProc(2, P38_D4_DPTX_CMU4, _BIT7, _TRUE);
              
C51 COMPILER V9.60.0.0   RL6432_SERIES_PLL                                                 09/21/2026 15:33:11 PAGE 8   

                  // Disable WD
                  ScalerSetBit(P38_D5_DPTX_CMU5, ~_BIT7, 0x00);
              }
              
              //--------------------------------------------------
              // Description  : Reset DPTX PLL Setting, Disable DPTX PLL Spread Spectrum Output
              // Input Value  : None
              // Output Value : None
              //--------------------------------------------------
              void ScalerPLLDPTxPLLReset(void)
              {
                  // Check SSC is enable or not
                  if(ScalerGetBit(P38_D5_DPTX_CMU5, _BIT5) != 0x00)
                  {
                      // Disable SSC
                      ScalerSetBit(P38_D5_DPTX_CMU5, ~_BIT5, 0x00);
              
                      // SSC Off stable
                      ScalerTimerDelayXms(2);
                  }
              
                  // Disable CMU Power
                  ScalerSetBit(P55_00_LVDS_COMMON_AB_CTRL0, ~_BIT3, 0x00);
              }
              #endif // End of #if(_PANEL_STYLE == _PANEL_LVDS)
 426          


MODULE INFORMATION:   STATIC OVERLAYABLE
   CODE SIZE        =    292    ----
   CONSTANT SIZE    =   ----    ----
   XDATA SIZE       =   ----       9
   PDATA SIZE       =   ----    ----
   DATA SIZE        =   ----    ----
   IDATA SIZE       =   ----    ----
   BIT SIZE         =   ----    ----
END OF MODULE INFORMATION.


C51 COMPILATION COMPLETE.  0 WARNING(S),  0 ERROR(S)
