C51 COMPILER V9.60.0.0   RL6432_SERIES_SCALING                                             09/21/2026 15:33:13 PAGE 1   


C51 COMPILER V9.60.0.0, COMPILATION OF MODULE RL6432_SERIES_SCALING
OBJECT MODULE PLACED IN .\Output\RL6432_Project\RL6432_Series_Scaling.obj
COMPILER INVOKED BY: C:\Keil_v5\C51\BIN\C51.EXE Kernel\Scaler\RL6432_Series_Scaler\Code\RL6432_Series_Scaling.c LARGE OP
                    -TIMIZE(9,SPEED) INCDIR(.\Output\RL6432;.\Project\Header;.\Pcb;.\Panel;.\Kernel\Device\Header;.\Kernel\Common;.\Kernel\Sy
                    -stem\Header;.\Kernel\Scaler\ScalerFunction\Header;.\Kernel\Scaler\ScalerCommonFunction\Header;.\Kernel\Scaler\ScalerFunc
                    -tion\Lib\Header;.\Kernel\Scaler\ScalerCommonFunction\Lib\Header;.\Kernel\Scaler\RL6432_Series_Scaler\Header;.\Kernel\Sca
                    -ler\RL6432_Series_Common\Header;.\Kernel\Scaler\RL6432_Series_Scaler\Lib\Header;.\Kernel\Scaler\RL6432_Series_Common\Lib
                    -\Header;.\Kernel\User Common Function\Header;.\User\RTD Series\RTD2014Function\Header;.\User\RTD Series\RTD2014Osd\Heade
                    -r;.\User\RTD Factory\Header;.\User\None Series\NoneFunction\Header;.\User\None Series\NoneOsd\Header;.\User\None Factory
                    -\Header) DEFINE(_PROJECT=_RL6432_PROJECT,_SCALER_TYPE=_RL6432_SERIES) DEBUG OBJECTEXTEND PRINT(.\Output\RL6432_Project\R
                    -L6432_Series_Scaling.lst) TABS(2) OBJECT(.\Output\RL6432_Project\RL6432_Series_Scaling.obj)

line level    source

   1          /********************************************************************************/
   2          /*   Copyright (c) 2021 Realtek Semiconductor Corp. All rights reserved.        */
   3          /*                                                                              */
   4          /*   SPDX-License-Identifier: LicenseRef-Realtek-Proprietary                    */
   5          /*                                                                              */
   6          /*   This software component is confidential and proprietary to Realtek         */
   7          /*   Semiconductor Corp. Disclosure, reproduction, redistribution, in whole     */
   8          /*   or in part, of this work and its derivatives without express permission    */
   9          /*   is prohibited.                                                             */
  10          /********************************************************************************/
  11          
  12          //----------------------------------------------------------------------------------------------------
  13          // ID Code      : RL6432_Series_Scaling.c No.0000
  14          // Update Note  :
  15          //----------------------------------------------------------------------------------------------------
  16          #define __6193_SERIES_SCALING__
  17          
  18          #include "ScalerFunctionInclude.h"
  19          
  20          //****************************************************************************
  21          // DEFINITIONS / MACROS
  22          //****************************************************************************
  23          #define _HSD_TABLE_SIZE                                   128
  24          #define _VSD_TABLE_SIZE                                   64
  25          
  26          #if(_SHARPNESS_SUPPORT == _OFF)
              #define _HSU_TABLE_SIZE                                   128
              #define _VSU_TABLE_SIZE                                   128
              #endif
  30          
  31          //****************************************************************************
  32          // STRUCT / TYPE / ENUM DEFINITTIONS
  33          //****************************************************************************
  34          
  35          //****************************************************************************
  36          // CODE TABLES
  37          //****************************************************************************
  38          //----------------------------------------------------------------------------------------------------
  39          // 128 taps Coefficient Table (Sharpness)
  40          //----------------------------------------------------------------------------------------------------
  41          BYTE code tSD_H_COEF_128_TAPS[] =
  42          {
  43              0xFB, 0x0F, 0xFE, 0x0F, 0xFD, 0x0F, 0xFC, 0x0F, 0xFB, 0x0F, 0xFA, 0x0F, 0xF7, 0x0F, 0xF5, 0x0F,
  44              0xF1, 0x0F, 0xED, 0x0F, 0xE9, 0x0F, 0xE4, 0x0F, 0xDE, 0x0F, 0xD9, 0x0F, 0xD3, 0x0F, 0xCD, 0x0F,
  45              0xC7, 0x0F, 0xDB, 0x0F, 0xF0, 0x0F, 0x0C, 0x00, 0x27, 0x00, 0x49, 0x00, 0x6B, 0x00, 0x93, 0x00,
  46              0xBC, 0x00, 0xEA, 0x00, 0x16, 0x01, 0x49, 0x01, 0x7A, 0x01, 0xB0, 0x01, 0xE3, 0x01, 0x1C, 0x02,
  47              0x84, 0x04, 0x78, 0x04, 0x6C, 0x04, 0x57, 0x04, 0x42, 0x04, 0x23, 0x04, 0x04, 0x04, 0xDC, 0x03,
C51 COMPILER V9.60.0.0   RL6432_SERIES_SCALING                                             09/21/2026 15:33:13 PAGE 2   

  48              0xB4, 0x03, 0x86, 0x03, 0x59, 0x03, 0x26, 0x03, 0xF4, 0x02, 0xBD, 0x02, 0x89, 0x02, 0x50, 0x02,
  49              0xBA, 0x0F, 0xAF, 0x0F, 0xA7, 0x0F, 0xA1, 0x0F, 0x9C, 0x0F, 0x9A, 0x0F, 0x9A, 0x0F, 0x9C, 0x0F,
  50              0x9F, 0x0F, 0xA3, 0x0F, 0xA8, 0x0F, 0xAD, 0x0F, 0xB4, 0x0F, 0xBA, 0x0F, 0xC1, 0x0F, 0xC7, 0x0F,
  51          };
  52          
  53          
  54          //----------------------------------------------------------------------------------------------------
  55          // 64 taps Coefficient Table (Sharpness)
  56          //----------------------------------------------------------------------------------------------------
  57          BYTE code tSD_V_COEF_64_TAPS[] =
  58          {
  59              0x82, 0x0F, 0x97, 0x0F, 0xA4, 0x0F, 0xCE, 0x0F, 0xE8, 0x0F, 0x1A, 0x00, 0x3B, 0x00, 0x73, 0x00,
  60              0x98, 0x00, 0xD2, 0x00, 0xF8, 0x00, 0x32, 0x01, 0x58, 0x01, 0x91, 0x01, 0xB5, 0x01, 0xEE, 0x01,
  61              0x7E, 0x04, 0x69, 0x04, 0x5C, 0x04, 0x32, 0x04, 0x18, 0x04, 0xE6, 0x03, 0xC5, 0x03, 0x8D, 0x03,
  62              0x68, 0x03, 0x2E, 0x03, 0x08, 0x03, 0xCE, 0x02, 0xA8, 0x02, 0x6F, 0x02, 0x4B, 0x02, 0x12, 0x02,
  63          };
  64          
  65          #if(_SHARPNESS_SUPPORT == _OFF)
              //----------------------------------------------------------------------------------------------------
              // 128 taps Coefficient Table (Sharpness)
              //----------------------------------------------------------------------------------------------------
              BYTE code tSD_SU_COEF_128_TAPS[] =
              {
                  0xFB, 0x0F, 0xFE, 0x0F, 0xFD, 0x0F, 0xFC, 0x0F, 0xFB, 0x0F, 0xFA, 0x0F, 0xF7, 0x0F, 0xF5, 0x0F,
                  0xF1, 0x0F, 0xED, 0x0F, 0xE9, 0x0F, 0xE4, 0x0F, 0xDE, 0x0F, 0xD9, 0x0F, 0xD3, 0x0F, 0xCD, 0x0F,
                  0xC7, 0x0F, 0xDB, 0x0F, 0xF0, 0x0F, 0x0C, 0x00, 0x27, 0x00, 0x49, 0x00, 0x6B, 0x00, 0x93, 0x00,
                  0xBC, 0x00, 0xEA, 0x00, 0x16, 0x01, 0x49, 0x01, 0x7A, 0x01, 0xB0, 0x01, 0xE3, 0x01, 0x1C, 0x02,
                  0x84, 0x04, 0x78, 0x04, 0x6C, 0x04, 0x57, 0x04, 0x42, 0x04, 0x23, 0x04, 0x04, 0x04, 0xDC, 0x03,
                  0xB4, 0x03, 0x86, 0x03, 0x59, 0x03, 0x26, 0x03, 0xF4, 0x02, 0xBD, 0x02, 0x89, 0x02, 0x50, 0x02,
                  0xBA, 0x0F, 0xAF, 0x0F, 0xA7, 0x0F, 0xA1, 0x0F, 0x9C, 0x0F, 0x9A, 0x0F, 0x9A, 0x0F, 0x9C, 0x0F,
                  0x9F, 0x0F, 0xA3, 0x0F, 0xA8, 0x0F, 0xAD, 0x0F, 0xB4, 0x0F, 0xBA, 0x0F, 0xC1, 0x0F, 0xC7, 0x0F,
              };
              #endif
  81          
  82          #if(_FREESYNC_SUPPORT == _ON)
  83          //----------------------------------------------------------------------------------------------------
  84          // 64 taps bypass Coefficient Table (Sharpness)
  85          //----------------------------------------------------------------------------------------------------
  86          BYTE code tSD_V_COEF_64_TAPS_BYPASS[] =
  87          {
  88              0x00, 0x00, 0x00, 0x00, 0x00, 0x00, 0x00, 0x00, 0x00, 0x00, 0x00, 0x00, 0x00, 0x00, 0x00, 0x00,
  89              0x00, 0x00, 0x00, 0x00, 0x00, 0x00, 0x00, 0x00, 0x00, 0x00, 0x00, 0x00, 0x00, 0x00, 0x00, 0x00,
  90              0x00, 0x04, 0x00, 0x04, 0x00, 0x04, 0x00, 0x04, 0x00, 0x04, 0x00, 0x04, 0x00, 0x04, 0x00, 0x04,
  91              0x00, 0x04, 0x00, 0x04, 0x00, 0x04, 0x00, 0x04, 0x00, 0x04, 0x00, 0x04, 0x00, 0x04, 0x00, 0x04,
  92          };
  93          #endif
  94          //****************************************************************************
  95          // VARIABLE DECLARATIONS
  96          //****************************************************************************
  97          
  98          //****************************************************************************
  99          // FUNCTION DECLARATIONS
 100          //****************************************************************************
 101          void ScalerScalingSetScalingUp(const StructSDRAMDataInfo *pstFIFOScaling);
 102          void ScalerScalingSetScalingDownCoef(void);
 103          void ScalerScalingSetScalingDown(const StructSDRAMDataInfo *pstFIFOScaling);
 104          
 105          #if(_SHARPNESS_SUPPORT == _ON)
 106          EnumVSUCoefType ScalerScalingGetScalingUpType(void);
 107          #else
              void ScalerScalingSetScalingUpCoef(void);
              #endif
C51 COMPILER V9.60.0.0   RL6432_SERIES_SCALING                                             09/21/2026 15:33:13 PAGE 3   

 110          
 111          void ScalerScalingUpdateFIFOScalingSize(StructSDRAMDataInfo *pstData);
 112          void ScalerScalingGetFIFOScalingSize(StructSDRAMDataInfo *pstData);
 113          
 114          //****************************************************************************
 115          // FUNCTION DEFINITIONS
 116          //****************************************************************************
 117          //--------------------------------------------------
 118          // Description  : Decide which scaling up function should be performed
 119          // Input Value  : Input/Output H/V Active Region
 120          // Output Value : None
 121          //--------------------------------------------------
 122          void ScalerScalingSetScalingUp(const StructSDRAMDataInfo *pstFIFOScaling)
 123          {
 124   1          CLR_V_SCALE_UP();
 125   1          CLR_H_SCALE_UP();
 126   1      
 127   1          // Disable Scale Up
 128   1          ScalerSetBit(P0_32_SCALE_CONTROL_REG, ~(_BIT1 | _BIT0), 0x00);
 129   1      
 130   1      #if(_SHARPNESS_SUPPORT == _OFF)
                  // Disable Scale Up FixCoef
                  ScalerSetBit(P0_37_SCALE_UP_FOR_LINE_INTERLEAVE, ~(_BIT5 | _BIT4), 0x00);
              #endif
 134   1      
 135   1          //===============================
 136   1          // Decide V direction scaling up
 137   1          //===============================
 138   1          // Set V Scaling Up Factor
 139   1          if(pstFIFOScaling->usOutputVHeight < g_stMDomainOutputData.usVHeight)
 140   1          {
 141   2              SET_V_SCALE_UP();
 142   2      
 143   2              // Calculate Scaling Factor
 144   2              PDATA_DWORD(0) = GET_DWORD_MUL_DIV((1UL << (_VSU_FACTOR_BIT + 1)), pstFIFOScaling->usOutputVHeight
             -, g_stMDomainOutputData.usVHeight);
 145   2              PDATA_DWORD(0) = (PDATA_DWORD(0) + 1) >> 1;
 146   2      
 147   2              ScalerSetDataPortByte(P0_33_SF_ADDR_PORT, _P0_34_PT_03_VER_SCALE_FACTOR_H, ((PDATA_DWORD(0) >> 16)
             - & 0x0F));
 148   2              ScalerSetDataPortByte(P0_33_SF_ADDR_PORT, _P0_34_PT_04_VER_SCALE_FACTOR_M, ((PDATA_DWORD(0) >> 8) 
             -& 0xFF));
 149   2              ScalerSetDataPortByte(P0_33_SF_ADDR_PORT, _P0_34_PT_05_VER_SCALE_FACTOR_L, (PDATA_DWORD(0) & 0xFF)
             -);
 150   2      
 151   2              // Set V Initial Phase
 152   2              // R = Input Height /Output Height
 153   2              // ideal initial phase: for 4line SU = (1+R)*16*8
 154   2              PDATA_DWORD(0) = (DWORD)(pstFIFOScaling->usOutputVHeight + g_stMDomainOutputData.usVHeight) * 16 *
             - 8 / g_stMDomainOutputData.usVHeight;
 155   2      
 156   2              // Check for enabling video compensation
 157   2              if((GET_INTERLACED_MODE() == _FALSE) ||
 158   2                 (ScalerFmtCnvGetSourceType() == _FC_SOURCE_ADC) ||
 159   2                 (BYPASS_VIDEO_COMPENSATION(pstFIFOScaling->usOutputVHeight, g_stMDomainOutputData.usVHeight) ==
             - _TRUE))
 160   2              {
 161   3                  ScalerSetDataPortByte(P0_33_SF_ADDR_PORT, _P0_34_PT_11_VER_FILTER_COEF_INI, pData[3]);
 162   3              }
 163   2              else
 164   2              {
 165   3                  if(pData[3] > 0xBF)
C51 COMPILER V9.60.0.0   RL6432_SERIES_SCALING                                             09/21/2026 15:33:13 PAGE 4   

 166   3                  {
 167   4                      pData[3] = 0xFF;
 168   4                  }
 169   3                  else
 170   3                  {
 171   4                      pData[3] = pData[3] + 0x40;
 172   4                  }
 173   3      
 174   3                  ScalerSetDataPortByte(P0_33_SF_ADDR_PORT, _P0_34_PT_11_VER_FILTER_COEF_INI, pData[3]);
 175   3              }
 176   2          }
 177   1          else
 178   1          {
 179   2              ScalerSetDataPortByte(P0_33_SF_ADDR_PORT, _P0_34_PT_03_VER_SCALE_FACTOR_H, 0x0F);
 180   2              ScalerSetDataPortByte(P0_33_SF_ADDR_PORT, _P0_34_PT_04_VER_SCALE_FACTOR_M, 0xFF);
 181   2              ScalerSetDataPortByte(P0_33_SF_ADDR_PORT, _P0_34_PT_05_VER_SCALE_FACTOR_L, 0xFF);
 182   2      
 183   2              ScalerSetDataPortByte(P0_33_SF_ADDR_PORT, _P0_34_PT_11_VER_FILTER_COEF_INI, 0xFF);
 184   2      
 185   2      #if(_SHARPNESS_SUPPORT == _OFF)
                      // Enable V Scale Up FixCoef
                      ScalerSetBit(P0_37_SCALE_UP_FOR_LINE_INTERLEAVE, ~_BIT4, _BIT4);
              #endif
 189   2          }
 190   1      
 191   1          if(GET_V_SCALE_UP() == _TRUE)
 192   1          {
 193   2              // Enable V Scale Up
 194   2              ScalerSetBit(P0_32_SCALE_CONTROL_REG, ~_BIT1, _BIT1);
 195   2      
 196   2              if(GET_INTERLACED_MODE() == _TRUE)
 197   2              {
 198   3                  // VGA Input or Prefered Timing
 199   3                  if((ScalerFmtCnvGetSourceType() == _FC_SOURCE_ADC) ||
 200   3                     (BYPASS_VIDEO_COMPENSATION(pstFIFOScaling->usOutputVHeight, g_stMDomainOutputData.usVHeight
             -) == _TRUE))
 201   3                  {
 202   4                      // Disable Video Compensation
 203   4                      ScalerSetBit(P0_32_SCALE_CONTROL_REG, ~_BIT7, 0x00);
 204   4                  }
 205   3                  else
 206   3                  {
 207   4                      // Enable Video Compensation According to Odd Field Delay One Line
 208   4                      ScalerSetBit(P0_32_SCALE_CONTROL_REG, ~_BIT7, _BIT7);
 209   4                  }
 210   3      
 211   3      #if(_DISPLAY_ROTATION_SUPPORT == _ON)
 212   3                  // Check video compensation polarity for rotation
 213   3                  ScalerRotationCheckVideoCompensation();
 214   3      #endif
 215   3              }
 216   2              else
 217   2              {
 218   3                  // Disable Video Compensation
 219   3                  ScalerSetBit(P0_32_SCALE_CONTROL_REG, ~_BIT7, 0x00);
 220   3              }
 221   2          }
 222   1          else
 223   1          {
 224   2              // Disable Video Compensation
 225   2              ScalerSetBit(P0_32_SCALE_CONTROL_REG, ~_BIT7, 0x00);
 226   2          }
C51 COMPILER V9.60.0.0   RL6432_SERIES_SCALING                                             09/21/2026 15:33:13 PAGE 5   

 227   1      
 228   1          //===============================
 229   1          // Decide H direction scaling up
 230   1          //===============================
 231   1          // Set H Scaling Up Factor
 232   1          SET_H_SCALE_UP();
 233   1      
 234   1          if(pstFIFOScaling->usOutputHWidth < g_stMDomainOutputData.usHWidth)
 235   1          {
 236   2              SET_H_SCALE_UP();
 237   2      
 238   2              // Calculate Scaling Factor
 239   2              PDATA_DWORD(0) = GET_DWORD_MUL_DIV((1UL << (_HSU_FACTOR_BIT + 1)), pstFIFOScaling->usOutputHWidth,
             - g_stMDomainOutputData.usHWidth);
 240   2              PDATA_DWORD(0) = (PDATA_DWORD(0) + 1) >> 1;
 241   2      
 242   2              ScalerSetDataPortByte(P0_33_SF_ADDR_PORT, _P0_34_PT_00_HOR_SCALE_FACTOR_H, ((PDATA_DWORD(0) >> 16)
             - & 0x0F));
 243   2              ScalerSetDataPortByte(P0_33_SF_ADDR_PORT, _P0_34_PT_01_HOR_SCALE_FACTOR_M, ((PDATA_DWORD(0) >> 8) 
             -& 0xFF));
 244   2              ScalerSetDataPortByte(P0_33_SF_ADDR_PORT, _P0_34_PT_02_HOR_SCALE_FACTOR_L, (PDATA_DWORD(0) & 0xFF)
             -);
 245   2      
 246   2              // Set H Initial Phase
 247   2              // R = Input width /Output width
 248   2              // ideal initial phase = (1+R)*16*8
 249   2              PDATA_DWORD(0) = (DWORD)(pstFIFOScaling->usOutputHWidth + g_stMDomainOutputData.usHWidth) * 16 * 8
             - / g_stMDomainOutputData.usHWidth;
 250   2      
 251   2              ScalerSetDataPortByte(P0_33_SF_ADDR_PORT, _P0_34_PT_10_HOR_FILTER_COEF_INI, pData[3]);
 252   2          }
 253   1          else
 254   1          {
 255   2              ScalerSetDataPortByte(P0_33_SF_ADDR_PORT, _P0_34_PT_00_HOR_SCALE_FACTOR_H, 0x0F);
 256   2              ScalerSetDataPortByte(P0_33_SF_ADDR_PORT, _P0_34_PT_01_HOR_SCALE_FACTOR_M, 0xFF);
 257   2              ScalerSetDataPortByte(P0_33_SF_ADDR_PORT, _P0_34_PT_02_HOR_SCALE_FACTOR_L, 0xFF);
 258   2      
 259   2              ScalerSetDataPortByte(P0_33_SF_ADDR_PORT, _P0_34_PT_10_HOR_FILTER_COEF_INI, 0xFF);
 260   2      
 261   2      #if(_SHARPNESS_SUPPORT == _OFF)
                      // Enable H Scale Up FixCoef
                      ScalerSetBit(P0_37_SCALE_UP_FOR_LINE_INTERLEAVE, ~_BIT5, _BIT5);
              #endif
 265   2          }
 266   1      
 267   1          //===============================
 268   1          // Set H direction scaling up
 269   1          //===============================
 270   1          if(GET_H_SCALE_UP() == _TRUE)
 271   1          {
 272   2              // Enable H Scale Up
 273   2              ScalerSetBit(P0_32_SCALE_CONTROL_REG, ~_BIT0, _BIT0);
 274   2          }
 275   1      }
 276          
 277          //--------------------------------------------------
 278          // Description  : Set Scale Down Coef
 279          // Input Value  : none
 280          // Output Value : none
 281          //--------------------------------------------------
 282          void ScalerScalingSetScalingDownCoef(void)
 283          {
C51 COMPILER V9.60.0.0   RL6432_SERIES_SCALING                                             09/21/2026 15:33:13 PAGE 6   

 284   1          // M1
 285   1          // Set Coefficient table 1
 286   1          ScalerSetBit(P0_26_SD_FILTER_CONTROL_REG_M1, ~(_BIT7 | _BIT6), _BIT7);
 287   1          ScalerBurstWrite(tSD_H_COEF_128_TAPS, _HSD_TABLE_SIZE, GET_CURRENT_BANK_NUMBER(), P0_27_SD_USER_FILTER
             -_ACCESS_PORT_M1, _BURSTWRITE_DATA_COMMON, _BURSTWRITE_FROM_FLASH);
 288   1          // Set Coefficient table 2
 289   1          ScalerSetBit(P0_26_SD_FILTER_CONTROL_REG_M1, ~(_BIT7 | _BIT6), (_BIT7 | _BIT6));
 290   1          ScalerBurstWrite(tSD_V_COEF_64_TAPS, _VSD_TABLE_SIZE, GET_CURRENT_BANK_NUMBER(), P0_27_SD_USER_FILTER_
             -ACCESS_PORT_M1, _BURSTWRITE_DATA_COMMON, _BURSTWRITE_FROM_FLASH);
 291   1      }
 292          
 293          //--------------------------------------------------
 294          // Description  : Decide which scaling down function should be performed
 295          // Input Value  : Input/Output H/V Active Region
 296          // Output Value : None
 297          //--------------------------------------------------
 298          void ScalerScalingSetScalingDown(const StructSDRAMDataInfo *pstFIFOScaling)
 299          {
 300   1          CLR_V_SCALE_DOWN();
 301   1          CLR_H_SCALE_DOWN();
 302   1      
 303   1          // Disable Scale Down
 304   1          // M1
 305   1      #if(_FREESYNC_SUPPORT == _ON)
 306   1          if((GET_FREESYNC_ENABLED() == _ENABLE) && (ScalerGlobalGetDBStatus() == _FALSE))
 307   1          {
 308   2              // Keep VSD enabled under free-sync
 309   2              ScalerSetBit(P0_23_SCALE_DOWN_CTRL_M1, ~(_BIT3 | _BIT2 | _BIT1), 0x00);
 310   2          }
 311   1          else
 312   1      #endif
 313   1          {
 314   2              ScalerSetBit(P0_23_SCALE_DOWN_CTRL_M1, ~(_BIT3 | _BIT2 | _BIT1 | _BIT0), 0x00);
 315   2          }
 316   1      
 317   1          //===============================
 318   1          // Decide H direction scaling down
 319   1          //===============================
 320   1          // Set H Scaling Down Factor
 321   1          if(g_stMDomainInputData.usHWidth > pstFIFOScaling->usInputHWidth)
 322   1          {
 323   2              SET_H_SCALE_DOWN();
 324   2      
 325   2              // Calculate Scaling Factor
 326   2              PDATA_DWORD(0) = GET_DWORD_MUL_DIV((1UL << (_HSD_FACTOR_BIT)), g_stMDomainInputData.usHWidth, pstF
             -IFOScaling->usInputHWidth);
 327   2      
 328   2              // The rounding of hsd factor may cause frame sync line buffer error under specific resolution
 329   2              if(((((1UL << _HSD_FACTOR_BIT) % pstFIFOScaling->usInputHWidth) *
 330   2                   (g_stMDomainInputData.usHWidth % pstFIFOScaling->usInputHWidth)) % pstFIFOScaling->usInputHWi
             -dth) != 0)
 331   2              {
 332   3                  PDATA_DWORD(0) += 1;
 333   3              }
 334   2      
 335   2              // M1
 336   2              ScalerSetDataPortByte(P0_24_SD_ADDRESS_PORT_M1, _P0_25_PT_05_H_SD_FACTOR_H_M1, ((PDATA_DWORD(0) >>
             - 16) & 0xFF));
 337   2              ScalerSetDataPortByte(P0_24_SD_ADDRESS_PORT_M1, _P0_25_PT_06_H_SD_FACTOR_M_M1, ((PDATA_DWORD(0) >>
             - 8) & 0xFF));
 338   2              ScalerSetDataPortByte(P0_24_SD_ADDRESS_PORT_M1, _P0_25_PT_07_H_SD_FACTOR_L_M1, (PDATA_DWORD(0) & 0
             -xFF));
C51 COMPILER V9.60.0.0   RL6432_SERIES_SCALING                                             09/21/2026 15:33:13 PAGE 7   

 339   2      
 340   2              // Calculate Initial Phase
 341   2              // (factor - 1) / 2  // 1.6
 342   2              PDATA_DWORD(0) = (PDATA_DWORD(0) >> 15) - 32;
 343   2      
 344   2              if(PDATA_DWORD(0) > 0x7F)
 345   2              {
 346   3                  PDATA_DWORD(0) = 0x7F;
 347   3              }
 348   2              // M1
 349   2              ScalerSetDataPortByte(P0_24_SD_ADDRESS_PORT_M1, _P0_25_PT_04_H_SD_INIT_M1, PDATA_DWORD(0));
 350   2          }
 351   1          else
 352   1          {
 353   2              // M1
 354   2              ScalerSetDataPortByte(P0_24_SD_ADDRESS_PORT_M1, _P0_25_PT_04_H_SD_INIT_M1, 0x00);
 355   2              ScalerSetDataPortByte(P0_24_SD_ADDRESS_PORT_M1, _P0_25_PT_05_H_SD_FACTOR_H_M1, 0x10);
 356   2              ScalerSetDataPortByte(P0_24_SD_ADDRESS_PORT_M1, _P0_25_PT_06_H_SD_FACTOR_M_M1, 0x00);
 357   2              ScalerSetDataPortByte(P0_24_SD_ADDRESS_PORT_M1, _P0_25_PT_07_H_SD_FACTOR_L_M1, 0x00);
 358   2          }
 359   1      
 360   1          if(GET_H_SCALE_DOWN() == _TRUE)
 361   1          {
 362   2              // Enable H Scale Down
 363   2              // M1
 364   2              ScalerSetBit(P0_23_SCALE_DOWN_CTRL_M1, ~(_BIT3 | _BIT1), _BIT1);
 365   2          }
 366   1      
 367   1          //===============================
 368   1          // Decide V direction scaling down
 369   1          //===============================
 370   1          // Set V Scaling Down Factor
 371   1          if((g_stMDomainInputData.usVHeight) > pstFIFOScaling->usInputVHeight)
 372   1          {
 373   2              SET_V_SCALE_DOWN();
 374   2      
 375   2              // Calculate Scaling Factor
 376   2              PDATA_DWORD(0) = GET_DWORD_MUL_DIV((1UL << (_VSD_FACTOR_BIT + 1)), g_stMDomainInputData.usVHeight,
             - pstFIFOScaling->usInputVHeight);
 377   2              PDATA_DWORD(0) = (PDATA_DWORD(0) + 1) >> 1;
 378   2      
 379   2              // M1
 380   2              ScalerSetDataPortByte(P0_24_SD_ADDRESS_PORT_M1, _P0_25_PT_01_V_SD_FACTOR_H_M1, ((PDATA_DWORD(0) >>
             - 19) & 0x0F));
 381   2              ScalerSetDataPortByte(P0_24_SD_ADDRESS_PORT_M1, _P0_25_PT_02_V_SD_FACTOR_M_M1, ((PDATA_DWORD(0) >>
             - 11) & 0xFF));
 382   2              ScalerSetDataPortByte(P0_24_SD_ADDRESS_PORT_M1, _P0_25_PT_03_V_SD_FACTOR_L_M1, ((PDATA_DWORD(0) >>
             - 3) & 0xFF));
 383   2              ScalerSetDataPortByte(P0_24_SD_ADDRESS_PORT_M1, _P0_25_PT_42_V_SD_FACTOR_L1_M1, (((PDATA_DWORD(0) 
             -& 0x07) << 5) & 0xE0));
 384   2      
 385   2              // Calculate Initial Phase
 386   2              PDATA_DWORD(0) = (PDATA_DWORD(0) >> 15) - 32;
 387   2      
 388   2              if(PDATA_DWORD(0) > 0x7F)
 389   2              {
 390   3                  PDATA_DWORD(0) = 0x7F;
 391   3              }
 392   2              // M1
 393   2              ScalerSetDataPortByte(P0_24_SD_ADDRESS_PORT_M1, _P0_25_PT_00_V_SD_INIT_M1, PDATA_DWORD(0));
 394   2          }
 395   1          else
C51 COMPILER V9.60.0.0   RL6432_SERIES_SCALING                                             09/21/2026 15:33:13 PAGE 8   

 396   1          {
 397   2              // M1
 398   2              ScalerSetDataPortByte(P0_24_SD_ADDRESS_PORT_M1, _P0_25_PT_00_V_SD_INIT_M1, 0x00);
 399   2              ScalerSetDataPortByte(P0_24_SD_ADDRESS_PORT_M1, _P0_25_PT_01_V_SD_FACTOR_H_M1, 0x02);
 400   2              ScalerSetDataPortByte(P0_24_SD_ADDRESS_PORT_M1, _P0_25_PT_02_V_SD_FACTOR_M_M1, 0x00);
 401   2              ScalerSetDataPortByte(P0_24_SD_ADDRESS_PORT_M1, _P0_25_PT_03_V_SD_FACTOR_L_M1, 0x00);
 402   2              ScalerSetDataPortByte(P0_24_SD_ADDRESS_PORT_M1, _P0_25_PT_42_V_SD_FACTOR_L1_M1, 0x00);
 403   2          }
 404   1      
 405   1          PDATA_WORD(0) = pstFIFOScaling->usInputVHeight;
 406   1      
 407   1          if(GET_V_SCALE_DOWN() == _TRUE)
 408   1          {
 409   2              // Enable V Scale Down
 410   2              // M1
 411   2              ScalerSetBit(P0_23_SCALE_DOWN_CTRL_M1, ~_BIT0, _BIT0);
 412   2          }
 413   1          else
 414   1          {
 415   2              if(ScalerGlobalGetIDCode() <= _RL6432_VER_A_ID_CODE)
 416   2              {
 417   3                  // for rotation
 418   3                  PDATA_WORD(0) = 0;
 419   3              }
 420   2          }
 421   1      
 422   1          // Enable SD Out Window Set
 423   1          // M1
 424   1          ScalerSetDataPortByte(P0_24_SD_ADDRESS_PORT_M1, _P0_25_PT_36_SD_OUT_WID_M_M1, ((pstFIFOScaling->usInpu
             -tHWidth >> 8) & 0x0F));
 425   1          ScalerSetDataPortByte(P0_24_SD_ADDRESS_PORT_M1, _P0_25_PT_37_SD_OUT_WID_L_M1, pstFIFOScaling->usInputH
             -Width);
 426   1      
 427   1          ScalerSetDataPortByte(P0_24_SD_ADDRESS_PORT_M1, _P0_25_PT_38_SD_OUT_LEN_M_M1, (pData[0] & 0x0F));
 428   1          ScalerSetDataPortByte(P0_24_SD_ADDRESS_PORT_M1, _P0_25_PT_39_SD_OUT_LEN_L_M1, pData[1]);
 429   1      
 430   1          ScalerSetBit(P0_23_SCALE_DOWN_CTRL_M1, ~_BIT3, 0x00);
 431   1      
 432   1      #if(_FREESYNC_SUPPORT == _ON)
 433   1          if(GET_V_SCALE_DOWN() == _TRUE)
 434   1          {
 435   2              // Set Coefficient table 2
 436   2              ScalerSetBit(P0_26_SD_FILTER_CONTROL_REG_M1, ~(_BIT7 | _BIT6), (_BIT7 | _BIT6));
 437   2              ScalerBurstWrite(tSD_V_COEF_64_TAPS, _VSD_TABLE_SIZE, GET_CURRENT_BANK_NUMBER(), P0_27_SD_USER_FIL
             -TER_ACCESS_PORT_M1, _BURSTWRITE_DATA_COMMON, _BURSTWRITE_FROM_FLASH);
 438   2          }
 439   1          else
 440   1          {
 441   2              // Set Coefficient table 2
 442   2              ScalerSetBit(P0_26_SD_FILTER_CONTROL_REG_M1, ~(_BIT7 | _BIT6), (_BIT7 | _BIT6));
 443   2              ScalerBurstWrite(tSD_V_COEF_64_TAPS_BYPASS, _VSD_TABLE_SIZE, GET_CURRENT_BANK_NUMBER(), P0_27_SD_U
             -SER_FILTER_ACCESS_PORT_M1, _BURSTWRITE_DATA_COMMON, _BURSTWRITE_FROM_FLASH);
 444   2          }
 445   1      #endif
 446   1      }
 447          
 448          #if(_SHARPNESS_SUPPORT == _ON)
 449          //--------------------------------------------------
 450          // Description  : Get 3D ScalingUp Type
 451          // Input Value  : none
 452          // Output Value : 0: no 3D ScaleUp,  1: 3D 3Line V ScaleUp,  2:3D 2Line V ScaleUp,
 453          //--------------------------------------------------
C51 COMPILER V9.60.0.0   RL6432_SERIES_SCALING                                             09/21/2026 15:33:13 PAGE 9   

 454          EnumVSUCoefType ScalerScalingGetScalingUpType(void)
 455          {
 456   1          return _VSU_2D_4LINE_COEF;
 457   1      }
 458          #else
              //--------------------------------------------------
              // Description  : Set ScaleUp Coef
              // Input Value  : none
              // Output Value : none
              //--------------------------------------------------
              void ScalerScalingSetScalingUpCoef(void)
              {
                  // Set Coefficient table 1
                  ScalerSetBit(P0_35_FILTER_CONTROL_REG, ~(_BIT7 | _BIT6), _BIT7);
                  ScalerBurstWrite(tSD_SU_COEF_128_TAPS, _HSU_TABLE_SIZE, GET_CURRENT_BANK_NUMBER(), P0_36_USER_DEF_FILT
             -ER_ACCESS_PORT, _BURSTWRITE_DATA_COMMON, _BURSTWRITE_FROM_FLASH);
                  // Set Coefficient table 2
                  ScalerSetBit(P0_35_FILTER_CONTROL_REG, ~(_BIT7 | _BIT6), (_BIT7 | _BIT6));
                  ScalerBurstWrite(tSD_SU_COEF_128_TAPS, _VSU_TABLE_SIZE, GET_CURRENT_BANK_NUMBER(), P0_36_USER_DEF_FILT
             -ER_ACCESS_PORT, _BURSTWRITE_DATA_COMMON, _BURSTWRITE_FROM_FLASH);
              
                  // Disable Coefficient Access, Set HSU to use coefficient table 1 & set VSU to use coefficient table 2
                  ScalerSetBit(P0_35_FILTER_CONTROL_REG, ~(_BIT7 | _BIT6 | _BIT5 | _BIT4), _BIT4);
              }
              #endif
 477          
 478          //--------------------------------------------------
 479          // Description  : Decide which scaling size
 480          // Input Value  : Input/Output H/V Active Region
 481          // Output Value : None
 482          //--------------------------------------------------
 483          void ScalerScalingUpdateFIFOScalingSize(StructSDRAMDataInfo *pstData)
 484          {
 485   1      #if(_FRC_SUPPORT == _ON)
 486   1          DWORD ulHSDSpace = 0;
 487   1          DWORD ulHSDBW = 0;
 488   1      #if(_DISPLAY_ROTATION_SUPPORT == _ON)
 489   1          WORD usPreReadLine = 0;
 490   1          DWORD ulDclk = 0;
 491   1      #endif
 492   1      
 493   1          SET_MEMORY_FRAME_BUFFER(_MEMORY_1_FRAME_BUFFER);
 494   1      #endif // End of #if(_FRC_SUPPORT == _ON)
 495   1      
 496   1          //-----------------------------------------------
 497   1          // Consider FIFO Input / Output H width
 498   1          //-----------------------------------------------
 499   1          if(g_stMDomainInputData.usHWidth > g_stMDomainOutputData.usHWidth)
 500   1          {
 501   2              pstData->usInputHWidth = g_stMDomainOutputData.usHWidth;
 502   2              pstData->usOutputHWidth = g_stMDomainOutputData.usHWidth;
 503   2          }
 504   1          else
 505   1          {
 506   2              pstData->usInputHWidth = g_stMDomainInputData.usHWidth;
 507   2              pstData->usOutputHWidth = g_stMDomainInputData.usHWidth;
 508   2          }
 509   1      
 510   1          //-----------------------------------------------
 511   1          // Consider FIFO Input / Output V Height
 512   1          //-----------------------------------------------
 513   1          if(g_stMDomainInputData.usVHeight > g_stMDomainOutputData.usVHeight)
C51 COMPILER V9.60.0.0   RL6432_SERIES_SCALING                                             09/21/2026 15:33:13 PAGE 10  

 514   1          {
 515   2              pstData->usInputVHeight = g_stMDomainOutputData.usVHeight;
 516   2              pstData->usOutputVHeight = g_stMDomainOutputData.usVHeight;
 517   2          }
 518   1          else
 519   1          {
 520   2              pstData->usInputVHeight = g_stMDomainInputData.usVHeight;
 521   2              pstData->usOutputVHeight = g_stMDomainInputData.usVHeight;
 522   2          }
 523   1      
 524   1      #if(_FRC_SUPPORT == _ON)
 525   1          //-----------------------------------------------
 526   1          // Consider FIFO Input / Output H width in FRC
 527   1          //-----------------------------------------------
 528   1          if(GET_MEMORY_CONFIG() == _MEMORY_WORK_MODE)
 529   1          {
 530   2      #if(_ORIGINAL_MODE_WITHOUT_SCALING == _ON)
                      if((GET_MEMORY_SELECT() == _FRAME_SYNC_MEMORY) &&
                         (g_stMDomainInputData.usHWidth == 1920) && (g_stMDomainInputData.usVHeight == 1080) &&
                         (g_stMDomainOutputData.usHWidth == 1920) && (g_stMDomainOutputData.usVHeight == 1080) && (g_stM
             -DomainOutputData.usVBackHeight == 1200))
                      {
                          if(GET_MEMORY_DATA_BIT() > (_COLOR_DEPTH_8_BITS * 3))
                          {
                              // Truncate color depth to 8 bit
                              ScalerMDomainSetMemoryDataBit(_COLOR_DEPTH_8_BITS);
                          }
              
                          ulHSDSpace = g_stMDomainInputData.usHWidth;
                          ulHSDBW = g_stMDomainInputData.usHWidth;
                      }
                      else
              #endif
 546   2              {
 547   3      #if(_DP_FREESYNC_SUPPORT == _ON)
 548   3                  if((GET_DP_FREESYNC_ENABLED() == _TRUE) && (GET_FREESYNC_SPD_INFO_FRAME_RECEIVED() == _FALSE))
 549   3                  {
 550   4                      ulHSDBW = (DWORD)_MEMORY_TOTAL_BW * 100000 / GET_MEMORY_DATA_BIT() * _MEMORY_BUS_WIDTH /
 551   4                                ((((DWORD)g_stMDomainInputData.usHFreq * 1000) +
 552   4                                  ((DWORD)g_stMDomainOutputData.usVTotal * g_usDVFreq) +
 553   4                                  ((DWORD)g_stMDomainOutputData.usVTotal * g_usDVFreq * ((_DCLK_SPREAD_RANGE / _
             -DPLL_SSCG_DIV_MODE) + _DCLK_SPREAD_RANGE_MARGIN) / 4 / 100)) / 10 + 1);
 554   4                  }
 555   3                  else
 556   3      #endif
 557   3                  {
 558   4                      ulHSDBW = (DWORD)_MEMORY_TOTAL_BW * 100000 / GET_MEMORY_DATA_BIT() * _MEMORY_BUS_WIDTH /
 559   4                                ((((DWORD)g_stMDomainInputData.usVTotal * g_stMDomainInputData.usVFreq) +
 560   4                                  ((DWORD)g_stMDomainOutputData.usVTotal * g_usDVFreq) +
 561   4                                  ((DWORD)g_stMDomainOutputData.usVTotal * g_usDVFreq * ((_DCLK_SPREAD_RANGE / _
             -DPLL_SSCG_DIV_MODE) + _DCLK_SPREAD_RANGE_MARGIN) / 4 / 100)) / 10 + 1);
 562   4                  }
 563   3      
 564   3                  ulHSDSpace = ScalerComputeDwordMulDiv(((DWORD)_MEMORY_ROW * _MEMORY_BANK), ((DWORD)_MEMORY_COL
             -_PER_BANK * _MEMORY_BIT_NUM), ((DWORD)GET_MEMORY_DATA_BIT() * pstData->usInputVHeight));
 565   3      
 566   3                  // Margin (unit: pixel)
 567   3                  ulHSDSpace -= 0x10;
 568   3              }
 569   2      
 570   2      #if(_DISPLAY_ROTATION_SUPPORT == _ON)
 571   2              if(((GET_ROT_TYPE() == _ROT_CW180) || (GET_ROT_TYPE() == _ROT_VER_MIRROR)) &&
C51 COMPILER V9.60.0.0   RL6432_SERIES_SCALING                                             09/21/2026 15:33:13 PAGE 11  

 572   2                 (GET_MEMORY_DVF_SELECT() != _1_IVF))
 573   2              {
 574   3      #if(_FORCE_TO_FREE_RUN_SUPPORT == _ON)
                          if((GET_MEMORY_DVF_SELECT() == _PANEL_TYP_FRAME_RATE_FREE_RUN) &&
                             (g_stMDomainInputData.usVFreq <= (g_usDVFreq + (g_usDVFreq / 10))) &&
                             (g_stMDomainInputData.usVFreq >= (g_usDVFreq - (g_usDVFreq / 10))))
                          {
                              ulHSDSpace /= 3;
                              SET_MEMORY_FRAME_BUFFER(_MEMORY_3_FRAME_BUFFER);
                              // set to default value
                              ScalerRotationSetRotInputSlowerFasterStyle(_FALSE);
                          }
                          else
              #endif
 586   3                  {
 587   4                      // Calculate Pre-read
 588   4                      usPreReadLine = ScalerFRCCalculatePreReadLine(pstData->usOutputVHeight);
 589   4      
 590   4                      DebugMessageFRC("ulHSDSpace", ulHSDSpace);
 591   4                      DebugMessageFRC("ulHSDBW", ulHSDBW);
 592   4      
 593   4                      // IDEN Period = IVH / IHF
 594   4                      PDATA_WORD(0) = ((DWORD)GET_INPUT_TIMING_VHEIGHT() * 100 / g_stMDomainInputData.usHFreq);
 595   4      
 596   4                      // Free run Dclk
 597   4                      ulDclk = ((DWORD)GET_MDOMAIN_OUTPUT_HTOTAL() * _PANEL_DV_TOTAL / 10 * g_usDVFreq / 1000);
 598   4      
 599   4                      // DDEN Period = (DVH + Pre-read line) / DHF
 600   4                      PDATA_WORD(1) = ((DWORD)(g_stMDomainOutputData.usVHeight + usPreReadLine) * 100 / ((DWORD)
             -ulDclk * 10 / g_stMDomainOutputData.usHTotal));
 601   4      
 602   4                      DebugMessageFRC("IDEN", PDATA_WORD(0));
 603   4                      DebugMessageFRC("DDEN", PDATA_WORD(1));
 604   4      
 605   4      #if(_DISPLAY_ROTATION_FORCE_3_BUFFER == _ON)
                              ulHSDSpace /= 3;
                              SET_MEMORY_FRAME_BUFFER(_MEMORY_3_FRAME_BUFFER);
                              // set to default value
                              ScalerRotationSetRotInputSlowerFasterStyle(_FALSE);
              #else
 611   4                      // Consider Input Faster Case
 612   4                      if(PDATA_WORD(0) < PDATA_WORD(1))
 613   4                      {
 614   5                          // IVTotal Period = IVTotal / IHF
 615   5                          PDATA_WORD(4) = ((DWORD)g_stMDomainInputData.usVTotal * 100 / g_stMDomainInputData.usH
             -Freq);
 616   5                          // DDEN Period = (DVH + Pre-read line) / DHF
 617   5                          PDATA_WORD(5) = ((DWORD)(g_stMDomainOutputData.usVHeight + usPreReadLine) * 100 / ((DW
             -ORD)ulDclk * 10 / g_stMDomainOutputData.usHTotal));
 618   5                          // IVTotal Period < DDEN Period: 3 frame buffer, and there is a bug in verA when IVtot
             -al period > DDEN period
 619   5                          DebugMessageFRC("IVSync Period", PDATA_WORD(4));
 620   5                          DebugMessageFRC("DDEN Period", PDATA_WORD(5));
 621   5      
 622   5                          // input fast for special case, _6_5/_5_4 ? 2 frame buffer: 3 frame buffer
 623   5                          if((GET_MEMORY_DVF_SELECT() == _6_5_IVF) || (GET_MEMORY_DVF_SELECT() == _5_4_IVF))
 624   5                          {
 625   6                              ulHSDSpace /= 2;
 626   6                              SET_MEMORY_FRAME_BUFFER(_MEMORY_2_FRAME_BUFFER);
 627   6                              ScalerRotationSetRotInputSlowerFasterStyle(_TRUE);
 628   6                          }
 629   5                          else
C51 COMPILER V9.60.0.0   RL6432_SERIES_SCALING                                             09/21/2026 15:33:13 PAGE 12  

 630   5                          {
 631   6                              if((PDATA_WORD(4) > PDATA_WORD(5)) && (ScalerGlobalGetIDCode() >= _RL6432_VER_B_ID
             -_CODE))
 632   6                              {
 633   7                                  ulHSDSpace /= 2;
 634   7                                  SET_MEMORY_FRAME_BUFFER(_MEMORY_2_FRAME_BUFFER);
 635   7                                  ScalerRotationSetRotInputSlowerFasterStyle(_TRUE);
 636   7                              }
 637   6                              else
 638   6                              {
 639   7                                  ulHSDSpace /= 3;
 640   7                                  SET_MEMORY_FRAME_BUFFER(_MEMORY_3_FRAME_BUFFER);
 641   7                                  // set to default value
 642   7                                  ScalerRotationSetRotInputSlowerFasterStyle(_FALSE);
 643   7                              }
 644   6                          }
 645   5                      }
 646   4                      else
 647   4                      {
 648   5                          ulHSDSpace /= 2;
 649   5      
 650   5                          SET_MEMORY_FRAME_BUFFER(_MEMORY_2_FRAME_BUFFER);
 651   5                          ScalerRotationSetRotInputSlowerFasterStyle(_FALSE);
 652   5                      }
 653   4      #endif
 654   4                  }
 655   3      
 656   3                  ulHSDSpace = ((ulHSDSpace > ulHSDBW) ? (ulHSDBW) : (ulHSDSpace));
 657   3                  ulHSDSpace -= ulHSDSpace % 64;
 658   3      
 659   3                  if(pstData->usInputHWidth > ulHSDSpace)
 660   3                  {
 661   4                      pstData->usInputHWidth = ulHSDSpace;
 662   4                  }
 663   3              }
 664   2              else
 665   2      #endif
 666   2              {
 667   3                  if(GET_FRC_3BLOCK_TOGGLE_STATUS() == _ENABLE)
 668   3                  {
 669   4                      // If FRC use 3 block toggle, OD used size = 0.     1 frame max used size = 2/3 * Memory s
             -ize when using 3 block toggle.
 670   4                      ulHSDSpace = ulHSDSpace * 2 / 3;
 671   4      
 672   4                      ulHSDSpace = ((ulHSDSpace > ulHSDBW) ? (ulHSDBW) : (ulHSDSpace));
 673   4      
 674   4                      if(pstData->usInputHWidth > ulHSDSpace)
 675   4                      {
 676   5                          pstData->usInputHWidth = ulHSDSpace;
 677   5                      }
 678   4      
 679   4                      SET_MEMORY_FRAME_BUFFER(_MEMORY_1_5_FRAME_BUFFER);
 680   4                  }
 681   3                  else
 682   3                  {
 683   4                      ulHSDSpace = ((ulHSDSpace > ulHSDBW) ? (ulHSDBW) : (ulHSDSpace));
 684   4      
 685   4                      if(pstData->usInputHWidth > ulHSDSpace)
 686   4                      {
 687   5                          pstData->usInputHWidth = ulHSDSpace;
 688   5                      }
 689   4      
C51 COMPILER V9.60.0.0   RL6432_SERIES_SCALING                                             09/21/2026 15:33:13 PAGE 13  

 690   4                      if((GET_MEMORY_SELECT() == _FREE_RUN_MEMORY) && (ScalerFRCCheckDoubleFrameBuffer(pstData->
             -usInputHWidth, pstData->usInputVHeight) == _TRUE))
 691   4                      {
 692   5                          SET_MEMORY_FRAME_BUFFER(_MEMORY_2_FRAME_BUFFER);
 693   5      
 694   5                          ulHSDSpace = ScalerComputeDwordMulDiv(((DWORD)_MEMORY_ROW * _MEMORY_BANK), ((DWORD)_ME
             -MORY_COL_PER_BANK * _MEMORY_BIT_NUM), ((DWORD)2 * GET_MEMORY_DATA_BIT() * pstData->usInputVHeight));
 695   5      
 696   5                          // Margin (unit: pixel)
 697   5                          ulHSDSpace -= 0x10;
 698   5      
 699   5                          if(pstData->usInputHWidth > ulHSDSpace)
 700   5                          {
 701   6                              pstData->usInputHWidth = ulHSDSpace;
 702   6                          }
 703   5                      }
 704   4                  }
 705   3              }
 706   2      
 707   2              DebugMessageFRC("ulHSDSpace", ulHSDSpace);
 708   2              DebugMessageFRC("ulHSDBW", ulHSDBW);
 709   2          } // End of if(GET_MEMORY_CONFIG() == _MEMORY_WORK_MODE)
 710   1      
 711   1          // Let HWidth be multiple of 2.
 712   1          pstData->usInputHWidth -= (pstData->usInputHWidth % 2);
 713   1          pstData->usOutputHWidth = pstData->usInputHWidth;
 714   1      
 715   1      #endif // End of #if(_FRC_SUPPORT == _ON)
 716   1      }
 717          
 718          //--------------------------------------------------
 719          // Description  : Decide which scaling size
 720          // Input Value  : Input/Output H/V Active Region
 721          // Output Value : None
 722          //--------------------------------------------------
 723          void ScalerScalingGetFIFOScalingSize(StructSDRAMDataInfo *pstData)
 724          {
 725   1          // Update fifo scaling size
 726   1          ScalerScalingUpdateFIFOScalingSize(pstData);
 727   1      
 728   1      #if(_FRC_SUPPORT == _ON)
 729   1          // Check when SD/SU happened simultaneously due to BW/memory space limititation
 730   1          if(((g_stMDomainInputData.usHWidth > pstData->usInputHWidth) &&
 731   1              (g_stMDomainOutputData.usHWidth > pstData->usInputHWidth)) ||
 732   1             (g_stDisplayCustomizedData.stCustomizedMdomain.enumMemoryBitSelect == _MEMORY_FORCE_8_BIT))
 733   1          {
 734   2              if(GET_MEMORY_DATA_BIT() >= (_COLOR_DEPTH_10_BITS * 3))
 735   2              {
 736   3                  DebugMessageFRC("4. FRC truncate color bit", GET_MEMORY_DATA_BIT());
 737   3      
 738   3                  // Truncate color depth to 8 bit
 739   3                  ScalerMDomainSetMemoryDataBit(_COLOR_DEPTH_8_BITS);
 740   3      
 741   3                  // Update fifo scaling size
 742   3                  ScalerScalingUpdateFIFOScalingSize(pstData);
 743   3              }
 744   2          }
 745   1      #endif
 746   1      }
 747          


C51 COMPILER V9.60.0.0   RL6432_SERIES_SCALING                                             09/21/2026 15:33:13 PAGE 14  

MODULE INFORMATION:   STATIC OVERLAYABLE
   CODE SIZE        =   3105    ----
   CONSTANT SIZE    =    256    ----
   XDATA SIZE       =   ----      26
   PDATA SIZE       =   ----    ----
   DATA SIZE        =   ----    ----
   IDATA SIZE       =   ----    ----
   BIT SIZE         =   ----    ----
END OF MODULE INFORMATION.


C51 COMPILATION COMPLETE.  0 WARNING(S),  0 ERROR(S)
