C51 COMPILER V8.12   RL6432_SERIES_DDR1                                                    09/16/2026 20:28:12 PAGE 1   


C51 COMPILER V8.12, COMPILATION OF MODULE RL6432_SERIES_DDR1
OBJECT MODULE PLACED IN .\Output\RL6432_Project\RL6432_Series_DDR1.obj
COMPILER INVOKED BY: c:\Keil\C51\BIN\C51.EXE Kernel\Scaler\RL6432_Series_Scaler\Code\RL6432_Series_DDR1.c LARGE OPTIMIZE
                    -(9,SPEED) INCDIR(.\Output\RL6432;.\Project\Header;.\Pcb;.\Panel;.\Kernel\Device\Header;.\Kernel\Common;.\Kernel\System\H
                    -eader;.\Kernel\Scaler\ScalerFunction\Header;.\Kernel\Scaler\ScalerCommonFunction\Header;.\Kernel\Scaler\ScalerFunction\L
                    -ib\Header;.\Kernel\Scaler\ScalerCommonFunction\Lib\Header;.\Kernel\Scaler\RL6432_Series_Scaler\Header;.\Kernel\Scaler\RL
                    -6432_Series_Common\Header;.\Kernel\Scaler\RL6432_Series_Scaler\Lib\Header;.\Kernel\Scaler\RL6432_Series_Common\Lib\Heade
                    -r;.\Kernel\User Common Function\Header;.\User\RTD Series\RTD2014Function\Header;.\User\RTD Series\RTD2014Osd\Header;.\Us
                    -er\RTD Factory\Header;.\User\None Series\NoneFunction\Header;.\User\None Series\NoneOsd\Header;.\User\None Factory\Heade
                    -r) DEFINE(_PROJECT=_RL6432_PROJECT,_SCALER_TYPE=_RL6432_SERIES) DEBUG OBJECTEXTEND PRINT(.\Output\RL6432_Project\RL6432_
                    -Series_DDR1.lst) OBJECT(.\Output\RL6432_Project\RL6432_Series_DDR1.obj)

line level    source

   1          /********************************************************************************/
   2          /*   Copyright (c) 2021 Realtek Semiconductor Corp. All rights reserved.        */
   3          /*                                                                              */
   4          /*   SPDX-License-Identifier: LicenseRef-Realtek-Proprietary                    */
   5          /*                                                                              */
   6          /*   This software component is confidential and proprietary to Realtek         */
   7          /*   Semiconductor Corp. Disclosure, reproduction, redistribution, in whole     */
   8          /*   or in part, of this work and its derivatives without express permission    */
   9          /*   is prohibited.                                                             */
  10          /********************************************************************************/
  11          
  12          //----------------------------------------------------------------------------------------------------
  13          // ID Code      : RL6432_Series_DDR1.c No.0000
  14          // Update Note  :
  15          //----------------------------------------------------------------------------------------------------
  16          
  17          #include "ScalerFunctionInclude.h"
  18          
  19          //****************************************************************************
  20          // DEFINITIONS / MACROS
  21          //****************************************************************************
  22          
  23          //****************************************************************************
  24          // STRUCT / TYPE / ENUM DEFINITTIONS
  25          //****************************************************************************
  26          
  27          //****************************************************************************
  28          // CODE TABLES
  29          //****************************************************************************
  30          
  31          //****************************************************************************
  32          // VARIABLE DECLARATIONS
  33          //****************************************************************************
  34          
  35          //****************************************************************************
  36          // FUNCTION DECLARATIONS
  37          //****************************************************************************
  38          #if(_MEMORY_TYPE_CONFIG == _MEMORY_DDR1)
  39          void ScalerDDR1PowerEnable(bit bOn);
  40          void ScalerDDR1MemoryType(void);
  41          #endif
  42          
  43          //****************************************************************************
  44          // FUNCTION DEFINITIONS
  45          //****************************************************************************
  46          #if(_MEMORY_TYPE_CONFIG == _MEMORY_DDR1)
  47          //--------------------------------------------------
C51 COMPILER V8.12   RL6432_SERIES_DDR1                                                    09/16/2026 20:28:12 PAGE 2   

  48          // Description  : DDR1 ScalerDDR1PowerMode
  49          // Input Value  : None
  50          // Output Value : None
  51          //--------------------------------------------------
  52          void ScalerDDR1PowerEnable(bit bOn)
  53          {
  54   1          if(bOn == _ON)
  55   1          {
  56   2              // Config for DDR1 mode
  57   2              ScalerSetBit(P4_00_SDDR_CTRL, ~_BIT0, 0x00);
  58   2      
  59   2              // Enable OP power
  60   2              ScalerSetBit(P4_00_SDDR_CTRL, ~_BIT1, 0x00);
  61   2      
  62   2              // DDR Vref select internal
  63   2              ScalerSetBit(P4_00_SDDR_CTRL, ~_BIT4, 0x00);
  64   2      
  65   2              // Enable DQ low different amplifier
  66   2              ScalerSetBit(P4_00_SDDR_CTRL, ~_BIT2, 0x00);
  67   2      
  68   2              // Enable DQ high different amplifier
  69   2              ScalerSetBit(P4_00_SDDR_CTRL, ~_BIT3, 0x00);
  70   2      
  71   2              // Enable Pad power on
  72   2              ScalerSetBit(P4_00_SDDR_CTRL, ~_BIT5, _BIT5);
  73   2      
  74   2              // Disable Second OP power
  75   2              ScalerSetBit(P4_10_SDDR_CTRL, ~_BIT1, _BIT1);
  76   2      
  77   2      #if(_MEMORY_SIZE_CONFIG == _4M_16BIT_DDR1_2PCS)
              
                      // Config for Second DDR1 mode
                      ScalerSetBit(P4_10_SDDR_CTRL, ~_BIT0, 0x00);
              
                      // Enable Second OP power
                      ScalerSetBit(P4_10_SDDR_CTRL, ~_BIT1, 0x00);
              
                      // DDR Second Vref select internal
                      ScalerSetBit(P4_10_SDDR_CTRL, ~_BIT4, 0x00);
              
                      // Enable Second DQ low different amplifier
                      ScalerSetBit(P4_10_SDDR_CTRL, ~_BIT2, 0x00);
              
                      // Enable Second DQ high different amplifier
                      ScalerSetBit(P4_10_SDDR_CTRL, ~_BIT3, 0x00);
              
                      // Enable Second Pad power on
                      ScalerSetBit(P4_10_SDDR_CTRL, ~_BIT5, _BIT5);
              #endif
  97   2      
  98   2              // Disable DDR1 CKE force low into Power down mode
  99   2              ScalerSetBit(P4_A6_SDR_SLEW_RATE, ~_BIT1, 0x00);
 100   2      
 101   2              // Precharge power down mode select
 102   2              ScalerSetBit(P4_B7_SDR_POWER_CTRL0, ~(_BIT5 | _BIT4), 0x00);
 103   2      
 104   2              // Delay Time us [5,x] Waiting for DDR setting
 105   2              DELAY_5US();
 106   2      
 107   2              // Inactive power down
 108   2              ScalerSetBit(P4_B7_SDR_POWER_CTRL0, ~_BIT7, 0x00);
 109   2          }
C51 COMPILER V8.12   RL6432_SERIES_DDR1                                                    09/16/2026 20:28:12 PAGE 3   

 110   1          else
 111   1          {
 112   2              // DDR Vref select internal
 113   2              ScalerSetBit(P4_00_SDDR_CTRL, ~_BIT4, 0x00);
 114   2      
 115   2              // Enable DQ low different amplifier
 116   2              ScalerSetBit(P4_00_SDDR_CTRL, ~_BIT2, 0x00);
 117   2      
 118   2              // Enable DQ high different amplifier
 119   2              ScalerSetBit(P4_00_SDDR_CTRL, ~_BIT3, 0x00);
 120   2      
 121   2              if(ScalerGlobalGetIDCode() >= _RL6432_VER_C_ID_CODE)
 122   2              {
 123   3                  // Disable OP power
 124   3                  ScalerSetBit(P4_00_SDDR_CTRL, ~_BIT1, _BIT1);
 125   3              }
 126   2              else
 127   2              {
 128   3                  // Enable OP power
 129   3                  ScalerSetBit(P4_00_SDDR_CTRL, ~_BIT1, 0x00);
 130   3              }
 131   2      
 132   2              // Enable Pad power on
 133   2              ScalerSetBit(P4_00_SDDR_CTRL, ~_BIT5, _BIT5);
 134   2      
 135   2              // DDR Second Vref select internal
 136   2              ScalerSetBit(P4_10_SDDR_CTRL, ~_BIT4, 0x00);
 137   2      
 138   2              // Enable Second DQ low different amplifier
 139   2              ScalerSetBit(P4_10_SDDR_CTRL, ~_BIT2, 0x00);
 140   2      
 141   2              // Enable Second DQ high different amplifier
 142   2              ScalerSetBit(P4_10_SDDR_CTRL, ~_BIT3, 0x00);
 143   2      
 144   2              if(ScalerGlobalGetIDCode() >= _RL6432_VER_C_ID_CODE)
 145   2              {
 146   3                  // Disable Second OP power
 147   3                  ScalerSetBit(P4_10_SDDR_CTRL, ~_BIT1, _BIT1);
 148   3              }
 149   2              else
 150   2              {
 151   3                  // Enable Second OP power
 152   3                  ScalerSetBit(P4_10_SDDR_CTRL, ~_BIT1, 0x00);
 153   3              }
 154   2      
 155   2              // Enable Second Pad power on
 156   2              ScalerSetBit(P4_10_SDDR_CTRL, ~_BIT5, _BIT5);
 157   2      
 158   2              // Deep Power Down mode select
 159   2              ScalerSetBit(P4_B7_SDR_POWER_CTRL0, ~(_BIT5 | _BIT4), _BIT5);
 160   2      
 161   2              // Delay Time us [5,x] Waiting for DDR setting
 162   2              DELAY_5US();
 163   2      
 164   2              // Active power down
 165   2              ScalerSetBit(P4_B7_SDR_POWER_CTRL0, ~_BIT7, _BIT7);
 166   2      
 167   2              // Enable DDR1 CKE force low into Power down mode
 168   2              ScalerSetBit(P4_A6_SDR_SLEW_RATE, ~_BIT1, _BIT1);
 169   2      
 170   2              // Disable DQ low different amplifier
 171   2              ScalerSetBit(P4_00_SDDR_CTRL, ~_BIT2, _BIT2);
C51 COMPILER V8.12   RL6432_SERIES_DDR1                                                    09/16/2026 20:28:12 PAGE 4   

 172   2      
 173   2              // Disable DQ high different amplifier
 174   2              ScalerSetBit(P4_00_SDDR_CTRL, ~_BIT3, _BIT3);
 175   2      
 176   2              // DDR Vref select external
 177   2              ScalerSetBit(P4_00_SDDR_CTRL, ~_BIT4, _BIT4);
 178   2      
 179   2              // Disable Pad power off
 180   2              ScalerSetBit(P4_00_SDDR_CTRL, ~_BIT5, 0x00);
 181   2      
 182   2              // Disable DQ low different amplifier
 183   2              ScalerSetBit(P4_10_SDDR_CTRL, ~_BIT2, _BIT2);
 184   2      
 185   2              // Disable DQ high different amplifier
 186   2              ScalerSetBit(P4_10_SDDR_CTRL, ~_BIT3, _BIT3);
 187   2      
 188   2              // DDR Vref select external
 189   2              ScalerSetBit(P4_10_SDDR_CTRL, ~_BIT4, _BIT4);
 190   2      
 191   2              // Disable Pad power off
 192   2              ScalerSetBit(P4_10_SDDR_CTRL, ~_BIT5, 0x00);
 193   2          }
 194   1      }
 195          
 196          //--------------------------------------------------
 197          // Description  : DDR1 system initial
 198          // Input Value  : None
 199          // Output Value : None
 200          //--------------------------------------------------
 201          void ScalerDDR1MemoryType(void)
 202          {
 203   1      #if(_MEMORY_SIZE_CONFIG == _4M_16BIT_DDR1_1PC)
 204   1      
 205   1          // Set DDR1 Memory Type & Control CAS Latency = 1.5
 206   1          ScalerSetBit(P4_A5_SDR_MEM_TYPE, ~(_BIT7 | _BIT6 | _BIT5 | _BIT2 | _BIT1 | _BIT0), (_BIT6 | _BIT1));
 207   1      
 208   1          // Set DDR1 Read SRAM Length
 209   1          ScalerSetByte(P4_BD_SDR_MCU_RD_LEN, 0x02);
 210   1      
 211   1      #elif(_MEMORY_SIZE_CONFIG == _4M_16BIT_DDR1_2PCS)
              
                  // Set DDR1 Memory Type & Control CAS Latency = 1.5
                  ScalerSetBit(P4_A5_SDR_MEM_TYPE, ~(_BIT7 | _BIT6 | _BIT5 | _BIT2 | _BIT1 | _BIT0), (_BIT7 | _BIT1));
              
                  // Set DDR1 Read SRAM Length
                  ScalerSetByte(P4_BD_SDR_MCU_RD_LEN, 0x01);
              
              #endif
 220   1      }
 221          
 222          #endif // End of #if(_MEMORY_TYPE_CONFIG == _MEMORY_DDR1)


MODULE INFORMATION:   STATIC OVERLAYABLE
   CODE SIZE        =    228    ----
   CONSTANT SIZE    =   ----    ----
   XDATA SIZE       =   ----    ----
   PDATA SIZE       =   ----    ----
   DATA SIZE        =   ----    ----
   IDATA SIZE       =   ----    ----
   BIT SIZE         =   ----       1
END OF MODULE INFORMATION.

C51 COMPILER V8.12   RL6432_SERIES_DDR1                                                    09/16/2026 20:28:12 PAGE 5   


C51 COMPILATION COMPLETE.  0 WARNING(S),  0 ERROR(S)
