C51 COMPILER V8.12   RL6432_SERIES_LDO                                                     09/16/2026 20:28:23 PAGE 1   


C51 COMPILER V8.12, COMPILATION OF MODULE RL6432_SERIES_LDO
OBJECT MODULE PLACED IN .\Output\RL6432_Project\RL6432_Series_LDO.obj
COMPILER INVOKED BY: c:\Keil\C51\BIN\C51.EXE Kernel\Scaler\RL6432_Series_Scaler\Code\RL6432_Series_LDO.c LARGE OPTIMIZE(
                    -9,SPEED) INCDIR(.\Output\RL6432;.\Project\Header;.\Pcb;.\Panel;.\Kernel\Device\Header;.\Kernel\Common;.\Kernel\System\He
                    -ader;.\Kernel\Scaler\ScalerFunction\Header;.\Kernel\Scaler\ScalerCommonFunction\Header;.\Kernel\Scaler\ScalerFunction\Li
                    -b\Header;.\Kernel\Scaler\ScalerCommonFunction\Lib\Header;.\Kernel\Scaler\RL6432_Series_Scaler\Header;.\Kernel\Scaler\RL6
                    -432_Series_Common\Header;.\Kernel\Scaler\RL6432_Series_Scaler\Lib\Header;.\Kernel\Scaler\RL6432_Series_Common\Lib\Header
                    -;.\Kernel\User Common Function\Header;.\User\RTD Series\RTD2014Function\Header;.\User\RTD Series\RTD2014Osd\Header;.\Use
                    -r\RTD Factory\Header;.\User\None Series\NoneFunction\Header;.\User\None Series\NoneOsd\Header;.\User\None Factory\Header
                    -) DEFINE(_PROJECT=_RL6432_PROJECT,_SCALER_TYPE=_RL6432_SERIES) DEBUG OBJECTEXTEND PRINT(.\Output\RL6432_Project\RL6432_S
                    -eries_LDO.lst) OBJECT(.\Output\RL6432_Project\RL6432_Series_LDO.obj)

line level    source

   1          /********************************************************************************/
   2          /*   Copyright (c) 2021 Realtek Semiconductor Corp. All rights reserved.        */
   3          /*                                                                              */
   4          /*   SPDX-License-Identifier: LicenseRef-Realtek-Proprietary                    */
   5          /*                                                                              */
   6          /*   This software component is confidential and proprietary to Realtek         */
   7          /*   Semiconductor Corp. Disclosure, reproduction, redistribution, in whole     */
   8          /*   or in part, of this work and its derivatives without express permission    */
   9          /*   is prohibited.                                                             */
  10          /********************************************************************************/
  11          
  12          //----------------------------------------------------------------------------------------------------
  13          // ID Code      : RL6432_Series_LDO.c No.0000
  14          // Update Note  :
  15          //----------------------------------------------------------------------------------------------------
  16          
  17          #define __RL6432_SERIES_LDO__
  18          
  19          #include "ScalerFunctionInclude.h"
  20          
  21          //****************************************************************************
  22          // DEFINITIONS / MACROS
  23          //****************************************************************************
  24          
  25          //****************************************************************************
  26          // STRUCT / TYPE / ENUM DEFINITTIONS
  27          //****************************************************************************
  28          
  29          //****************************************************************************
  30          // CODE TABLES
  31          //****************************************************************************
  32          
  33          //****************************************************************************
  34          // VARIABLE DECLARATIONS
  35          //****************************************************************************
  36          
  37          //****************************************************************************
  38          // FUNCTION DECLARATIONS
  39          //****************************************************************************
  40          void ScalerLDOPowerControl(EnumPowerStatus enumPorStatus);
  41          
  42          
  43          //****************************************************************************
  44          // FUNCTION DEFINITIONS
  45          //****************************************************************************
  46          
  47          //--------------------------------------------------
C51 COMPILER V8.12   RL6432_SERIES_LDO                                                     09/16/2026 20:28:23 PAGE 2   

  48          // Description  : LDO Power Control.
  49          // Input Value  : ucPorStatus    --> _POWER_STATUS_NORMAL/_POWER_STATUS_SAVING/_POWER_STATUS_OFF Select.
  50          // Output Value : None
  51          //--------------------------------------------------
  52          void ScalerLDOPowerControl(EnumPowerStatus enumPorStatus)
  53          {
  54   1          switch(enumPorStatus)
  55   1          {
  56   2              case _POWER_STATUS_NORMAL:
  57   2      
  58   2                  break;
  59   2      
  60   2              case _POWER_STATUS_OFF:
  61   2              case _POWER_STATUS_SAVING:
  62   2      
  63   2                  break;
  64   2      
  65   2              default:
  66   2      
  67   2                  break;
  68   2          }
  69   1      }
  70          


MODULE INFORMATION:   STATIC OVERLAYABLE
   CODE SIZE        =      1    ----
   CONSTANT SIZE    =   ----    ----
   XDATA SIZE       =   ----    ----
   PDATA SIZE       =   ----    ----
   DATA SIZE        =   ----    ----
   IDATA SIZE       =   ----    ----
   BIT SIZE         =   ----    ----
END OF MODULE INFORMATION.


C51 COMPILATION COMPLETE.  0 WARNING(S),  0 ERROR(S)
