C51 COMPILER V8.12   RL6432_SERIES_FRC                                                     09/16/2026 20:28:21 PAGE 1   


C51 COMPILER V8.12, COMPILATION OF MODULE RL6432_SERIES_FRC
OBJECT MODULE PLACED IN .\Output\RL6432_Project\RL6432_Series_FRC.obj
COMPILER INVOKED BY: c:\Keil\C51\BIN\C51.EXE Kernel\Scaler\RL6432_Series_Scaler\Code\RL6432_Series_FRC.c LARGE OPTIMIZE(
                    -9,SPEED) INCDIR(.\Output\RL6432;.\Project\Header;.\Pcb;.\Panel;.\Kernel\Device\Header;.\Kernel\Common;.\Kernel\System\He
                    -ader;.\Kernel\Scaler\ScalerFunction\Header;.\Kernel\Scaler\ScalerCommonFunction\Header;.\Kernel\Scaler\ScalerFunction\Li
                    -b\Header;.\Kernel\Scaler\ScalerCommonFunction\Lib\Header;.\Kernel\Scaler\RL6432_Series_Scaler\Header;.\Kernel\Scaler\RL6
                    -432_Series_Common\Header;.\Kernel\Scaler\RL6432_Series_Scaler\Lib\Header;.\Kernel\Scaler\RL6432_Series_Common\Lib\Header
                    -;.\Kernel\User Common Function\Header;.\User\RTD Series\RTD2014Function\Header;.\User\RTD Series\RTD2014Osd\Header;.\Use
                    -r\RTD Factory\Header;.\User\None Series\NoneFunction\Header;.\User\None Series\NoneOsd\Header;.\User\None Factory\Header
                    -) DEFINE(_PROJECT=_RL6432_PROJECT,_SCALER_TYPE=_RL6432_SERIES) DEBUG OBJECTEXTEND PRINT(.\Output\RL6432_Project\RL6432_S
                    -eries_FRC.lst) OBJECT(.\Output\RL6432_Project\RL6432_Series_FRC.obj)

line level    source

   1          /********************************************************************************/
   2          /*   Copyright (c) 2021 Realtek Semiconductor Corp. All rights reserved.        */
   3          /*                                                                              */
   4          /*   SPDX-License-Identifier: LicenseRef-Realtek-Proprietary                    */
   5          /*                                                                              */
   6          /*   This software component is confidential and proprietary to Realtek         */
   7          /*   Semiconductor Corp. Disclosure, reproduction, redistribution, in whole     */
   8          /*   or in part, of this work and its derivatives without express permission    */
   9          /*   is prohibited.                                                             */
  10          /********************************************************************************/
  11          
  12          //----------------------------------------------------------------------------------------------------
  13          // ID Code      : RL6432_Series_FRC.c No.0000
  14          // Update Note  :
  15          //----------------------------------------------------------------------------------------------------
  16          #define __RL6432_SERIES_FRC__
  17          
  18          #include "ScalerFunctionInclude.h"
  19          
  20          //****************************************************************************
  21          // DEFINITIONS / MACROS
  22          //****************************************************************************
  23          
  24          //****************************************************************************
  25          // STRUCT / TYPE / ENUM DEFINITTIONS
  26          //****************************************************************************
  27          
  28          //****************************************************************************
  29          // CODE TABLES
  30          //****************************************************************************
  31          
  32          //****************************************************************************
  33          // VARIABLE DECLARATIONS
  34          //****************************************************************************
  35          
  36          //****************************************************************************
  37          // FUNCTION DECLARATIONS
  38          //****************************************************************************
  39          #if(_HW_FRC_TYPE != _FRC_GEN_NONE)
  40          void ScalerFRCInitial(void);
  41          void ScalerFRCEn(BYTE ucSettingPath, bit bEn);
  42          #endif
  43          
  44          #if(_FRC_SUPPORT == _ON)
  45          WORD ScalerFRCSetOneFrameDVTotal(void);
  46          void ScalerFRCControl(const StructSDRAMDataInfo *pstFIFOSize);
  47          void ScalerFRCInputCtrl(WORD usHorSize, WORD usVerSize);
C51 COMPILER V8.12   RL6432_SERIES_FRC                                                     09/16/2026 20:28:21 PAGE 2   

  48          void ScalerFRCDisplayCtrl(WORD usHorSize, WORD usVerSize);
  49          void ScalerFRCOneFrameCtrl(DWORD ulIHF, DWORD ulDHF);
  50          void ScalerFRCCompareIHFandDHF(WORD usVerSize);
  51          
  52          void ScalerFRCWaitWriteFrameBufFinish(void);
  53          
  54          #if(_FREEZE_SUPPORT == _ON)
              void ScalerFRCDisplayFreeze(bit bEn);
              #endif
  57          
  58          #endif // End of #if(_FRC_SUPPORT == _ON)
  59          
  60          void ScalerFRCSetDDomainSourceSelect(EnumDDomainSourceSelect enumSourceSelect);
  61          
  62          //****************************************************************************
  63          // FUNCTION DEFINITIONS
  64          //****************************************************************************
  65          #if(_HW_FRC_TYPE != _FRC_GEN_NONE)
  66          //--------------------------------------------------
  67          // Description  : FRC Initial
  68          // Input Value  :
  69          // Output Value : None
  70          //--------------------------------------------------
  71          void ScalerFRCInitial(void)
  72          {
  73   1          // Memory Control Initial
  74   1          ScalerSetBit(P5_B7_IN1_LINE_NUM_H, ~(_BIT7 | _BIT6 | _BIT5 | _BIT4), _BIT6);
  75   1      
  76   1          ScalerSetBit(P5_CD_MN_LINE_NUM_H, ~(_BIT7 | _BIT6 | _BIT5 | _BIT4), 0x00);
  77   1          ScalerSetByte(P5_B9_IN1_SDR_CTRL, 0x82);
  78   1          ScalerSetByte(P5_CF_MN_DISP_CTRL, 0x05);
  79   1          ScalerSetByte(P5_E4_IN1_ONEF_DHF_H, 0x00);
  80   1          ScalerSetBit(P5_D0_MN_SDR_STATUS, ~_BIT4, _BIT4);
  81   1          ScalerSetBit(P5_F2_IN1_TEST, ~_BIT1, 0x00);
  82   1      
  83   1      #if(_MN_FRAME_TRACKING_SUPPORT == _ON)
  84   1          // Disable M:N frame tracking
  85   1          if(GET_MEMORY_SELECT() != _MN_FRAME_SYNC_MEMORY)
  86   1          {
  87   2              ScalerMemorySetFrameTrackingEnable(_DISABLE);
  88   2          }
  89   1      #endif
  90   1      
  91   1      #if(_FRC_SUPPORT == _ON)
  92   1      #if(_FRC_HW_AUTO_3BLOCK_TOGGLE_SUPPORT == _ON)
  93   1          // Disable HW auto block toggle
  94   1          ScalerFRCSetDisplayAutoBlkToggleEnable(_DISABLE);
  95   1      #endif
  96   1      #endif
  97   1      
  98   1          // Wait double buffer
  99   1          if(ScalerGlobalGetDBStatus() == _DISABLE)
 100   1          {
 101   2              ScalerTimerWaitForEvent(_EVENT_DVS);
 102   2          }
 103   1      }
 104          
 105          //--------------------------------------------------
 106          // Description  : FRC function enable/disable
 107          // Input Value  : ucSettingPath: path
 108          // Input Value  : bEn: enable/disable
 109          // Output Value : None
C51 COMPILER V8.12   RL6432_SERIES_FRC                                                     09/16/2026 20:28:21 PAGE 3   

 110          //--------------------------------------------------
 111          void ScalerFRCEn(BYTE ucSettingPath, bit bEn)
 112          {
 113   1          // FRC Capture M1
 114   1          if((ucSettingPath & _FRC_CAP_MAIN_1) == _FRC_CAP_MAIN_1)
 115   1          {
 116   2              if((ScalerGlobalGetDBStatus() == _DISABLE) && (ScalerGetBit(P0_10_M1_VGIP_CTRL, _BIT0) == _BIT0))
 117   2              {
 118   3                  // Wait _EVENT_IEN_STOP before FRC Capture Disable
 119   3                  ScalerTimerWaitForEvent(_EVENT_IEN_STOP);
 120   3              }
 121   2      
 122   2              if(bEn == _DISABLE)
 123   2              {
 124   3                  // Disable Capture Block
 125   3                  ScalerSetBit(P5_B9_IN1_SDR_CTRL, ~(_BIT7), 0x00);
 126   3              }
 127   2              else
 128   2              {
 129   3                  if(ScalerGetBit(P5_B9_IN1_SDR_CTRL, _BIT7) == 0x00)
 130   3                  {
 131   4                      // Enable Capture Block
 132   4                      ScalerSetBit(P5_B9_IN1_SDR_CTRL, ~(_BIT7), _BIT7);
 133   4                  }
 134   3              }
 135   2          }
 136   1      
 137   1          // FRC Display M1
 138   1          if((ucSettingPath & _FRC_DISP_MAIN_1) == _FRC_DISP_MAIN_1)
 139   1          {
 140   2              if(bEn == _DISABLE)
 141   2              {
 142   3      #if(_AIO_MODERN_STANDBY_SUPPORT == _ON)
                          if((GET_AIO_MODERN_STANDBY_MODE() == _TRUE) &&
                             (ScalerGetBit(P5_CF_MN_DISP_CTRL, _BIT0) == 0x00))
                          {
                              return;
                          }
              #endif
 149   3                  // Disable Capture Block
 150   3                  ScalerSetBit(P5_CF_MN_DISP_CTRL, ~(_BIT0), 0x00);
 151   3              }
 152   2              else
 153   2              {
 154   3                  if(ScalerGetBit(P5_CF_MN_DISP_CTRL, _BIT0) == 0x00)
 155   3                  {
 156   4                      // Enable Capture block
 157   4                      ScalerSetBit(P5_CF_MN_DISP_CTRL, ~(_BIT0), _BIT0);
 158   4                  }
 159   3              }
 160   2              // Enable Display double buffer
 161   2              ScalerSetBit(P5_D0_MN_SDR_STATUS, ~_BIT4, _BIT4);
 162   2      
 163   2              if(ScalerGlobalGetDBStatus() == _DISABLE)
 164   2              {
 165   3                  ScalerTimerWaitForEvent(_EVENT_DVS);
 166   3              }
 167   2          }
 168   1      }
 169          #endif // End of #if(_HW_FRC_TYPE != _FRC_GEN_NONE)
 170          
 171          #if(_FRC_SUPPORT == _ON)
C51 COMPILER V8.12   RL6432_SERIES_FRC                                                     09/16/2026 20:28:21 PAGE 4   

 172          //-------------------------------------------------
 173          // Description  : Calculate DVTotal for OneFrame FRC
 174          // Input Value  : None
 175          // Output Value : usDVTotal
 176          //-------------------------------------------------
 177          WORD ScalerFRCSetOneFrameDVTotal(void)
 178          {
 179   1          DWORD ulFrameDiff = 0;
 180   1          DWORD ulActiveRegionDiff = 0;
 181   1          WORD usIHF = 0;
 182   1          WORD usDHF = 0;
 183   1          WORD usDVTotal = 0;
 184   1      
 185   1          if((DWORD)g_stMDomainOutputData.usVHeight * 1066 / 1000 < _PANEL_DV_TOTAL)
 186   1          {
 187   2              usDHF = (DWORD)_PANEL_MAX_FRAME_RATE * _PANEL_DV_TOTAL / 1000;
 188   2          }
 189   1          else
 190   1          {
 191   2              usDHF = (DWORD)_PANEL_MAX_FRAME_RATE * (DWORD)g_stMDomainOutputData.usVHeight * 1066 / 1000 / 1000
             -;
 192   2          }
 193   1      
 194   1          usIHF = (DWORD)g_stMDomainInputData.usVFreq * g_stMDomainInputData.usVTotal / 1000;
 195   1          ulFrameDiff = (DWORD)1000 * ((DWORD)1000 * g_stMDomainInputData.usVFreq - (DWORD)1000 * _PANEL_MAX_FRA
             -ME_RATE) / ((DWORD)g_stMDomainInputData.usVFreq * _PANEL_MAX_FRAME_RATE);
 196   1          ulActiveRegionDiff = (DWORD) 1000 * ((DWORD)g_stMDomainOutputData.usVHeight * usIHF - (DWORD)g_stMDoma
             -inInputData.usVHeight * usDHF) / ((DWORD)usIHF * usDHF);
 197   1      
 198   1          if((ulFrameDiff * 100 / ulActiveRegionDiff) < 125)
 199   1          {
 200   2              usDVTotal = (DWORD)1000 * g_stMDomainOutputData.usVHeight / ((ulFrameDiff * 100 / 125) + ((DWORD)1
             -000 * g_stMDomainInputData.usVHeight / usIHF)) * 1000 / _PANEL_MAX_FRAME_RATE;
 201   2          }
 202   1          else if((DWORD)g_stMDomainOutputData.usVHeight * 1066 / 1000 < _PANEL_DV_TOTAL)
 203   1          {
 204   2              usDVTotal = _PANEL_DV_TOTAL;
 205   2          }
 206   1          else
 207   1          {
 208   2              usDVTotal = (DWORD)g_stMDomainOutputData.usVHeight * 1066 / 1000;
 209   2          }
 210   1      
 211   1          if(usDVTotal > _PANEL_DV_TOTAL_MAX)
 212   1          {
 213   2              usDVTotal = _PANEL_DV_TOTAL_MAX;
 214   2          }
 215   1          else if(usDVTotal < _PANEL_DV_TOTAL_MIN)
 216   1          {
 217   2              usDVTotal = _PANEL_DV_TOTAL_MIN;
 218   2          }
 219   1      
 220   1          return usDVTotal;
 221   1      }
 222          
 223          //--------------------------------------------------
 224          // Description  : FRC control
 225          // Input Value  : stFIFOSize --> FIFO size
 226          // Output Value : None
 227          //--------------------------------------------------
 228          void ScalerFRCControl(const StructSDRAMDataInfo *pstFIFOSize)
 229          {
C51 COMPILER V8.12   RL6432_SERIES_FRC                                                     09/16/2026 20:28:21 PAGE 5   

 230   1          // -----------------------
 231   1          // Set FRC IVS2DVSDelay
 232   1          // -----------------------
 233   1          ScalerFRCAdjustIVS2DVSDelay(pstFIFOSize->usInputVHeight);
 234   1      
 235   1          // -----------------------
 236   1          // Consider Input Faster Or Slower
 237   1          // -----------------------
 238   1          ScalerFRCCompareIHFandDHF(pstFIFOSize->usInputVHeight);
 239   1      
 240   1          // -----------------------
 241   1          // Set Up FRC Capture
 242   1          // -----------------------
 243   1          ScalerFRCInputCtrl(pstFIFOSize->usInputHWidth, pstFIFOSize->usInputVHeight);
 244   1      
 245   1          // -----------------------
 246   1          // Set Up FRC Display
 247   1          // -----------------------
 248   1          ScalerFRCDisplayCtrl(pstFIFOSize->usInputHWidth, pstFIFOSize->usInputVHeight);
 249   1      
 250   1      #if(_AIO_MODERN_STANDBY_SUPPORT == _ON)
                  if(GET_AIO_MODERN_STANDBY_MODE() == _TRUE)
                  {
                      // -----------------------
                      // Enable FRC
                      // -----------------------
                      ScalerSetBit(P5_B9_IN1_SDR_CTRL, ~_BIT7, _BIT7);
                      ScalerSetBit(P5_CF_MN_DISP_CTRL, ~_BIT0, _BIT0);
              
                      // Enable Display double buffer
                      ScalerSetBit(P5_D0_MN_SDR_STATUS, ~_BIT4, _BIT4);
              
                      // Wait _EVENT_IVS For FRC Run In Single Frame Buffer
                      if(ScalerGlobalGetDBStatus() == _DISABLE)
                      {
                          ScalerTimerWaitForEvent(_EVENT_IVS);
                          ScalerTimerWaitForEvent(_EVENT_IVS);
                      }
                  }
                  else
              #endif
 271   1          {
 272   2              // Wait I-domain Stable Before FRC enable
 273   2              if(ScalerGlobalGetDBStatus() == _DISABLE)
 274   2              {
 275   3                  ScalerTimerWaitForEvent(_EVENT_IVS);
 276   3                  ScalerTimerWaitForEvent(_EVENT_IVS);
 277   3                  ScalerTimerWaitForEvent(_EVENT_IVS);
 278   3              }
 279   2      
 280   2              // -----------------------
 281   2              // Enable FRC
 282   2              // -----------------------
 283   2              ScalerSetBit(P5_B9_IN1_SDR_CTRL, ~_BIT7, _BIT7);
 284   2              ScalerSetBit(P5_CF_MN_DISP_CTRL, ~_BIT0, _BIT0);
 285   2      
 286   2              // Enable Display double buffer
 287   2              ScalerSetBit(P5_D0_MN_SDR_STATUS, ~_BIT4, _BIT4);
 288   2      
 289   2              // Wait _EVENT_IVS For FRC Run In Single Frame Buffer
 290   2              if(ScalerGlobalGetDBStatus() == _DISABLE)
 291   2              {
C51 COMPILER V8.12   RL6432_SERIES_FRC                                                     09/16/2026 20:28:21 PAGE 6   

 292   3                  ScalerTimerWaitForEvent(_EVENT_IVS);
 293   3                  ScalerTimerWaitForEvent(_EVENT_IVS);
 294   3              }
 295   2      
 296   2              // -----------------------
 297   2              // Set Double / Single Frame Buffer
 298   2              // -----------------------
 299   2              // Wait _EVENT_IEN_START Before Double Frame Buffer Setting
 300   2              if(ScalerGlobalGetDBStatus() == _DISABLE)
 301   2              {
 302   3                  ScalerTimerWaitForEvent(_EVENT_IEN_START);
 303   3              }
 304   2          }
 305   1      
 306   1      #if(_DISPLAY_ROTATION_SUPPORT == _ON)
 307   1          if((GET_ROT_TYPE() == _ROT_CW180) || (GET_ROT_TYPE() == _ROT_VER_MIRROR))
 308   1          {
 309   2              if(GET_MEMORY_FRAME_BUFFER() == _MEMORY_3_FRAME_BUFFER)
 310   2              {
 311   3                  // Set 3 Buffer Enable,and 2 Buffer Enable
 312   3                  ScalerSetBit(P5_B7_IN1_LINE_NUM_H, ~_BIT7, _BIT7);
 313   3                  ScalerSetBit(P5_CD_MN_LINE_NUM_H, ~_BIT7, _BIT7);
 314   3      
 315   3                  ScalerSetBit(P5_B9_IN1_SDR_CTRL, ~(_BIT6 | _BIT5 | _BIT4 | _BIT3 | _BIT0), _BIT5);
 316   3                  ScalerSetBit(P5_CF_MN_DISP_CTRL, ~(_BIT6 | _BIT5 | _BIT4), _BIT6);
 317   3              }
 318   2              else
 319   2              {
 320   3                  // Set 3 Buffer Disable
 321   3                  ScalerSetBit(P5_B7_IN1_LINE_NUM_H, ~_BIT7, 0x00);
 322   3                  ScalerSetBit(P5_CD_MN_LINE_NUM_H, ~_BIT7, 0x00);
 323   3      
 324   3                  if(GET_MEMORY_FRAME_BUFFER() == _MEMORY_2_FRAME_BUFFER)
 325   3                  {
 326   4                      // Set Double Buffer
 327   4                      ScalerSetBit(P5_B9_IN1_SDR_CTRL, ~(_BIT6 | _BIT5 | _BIT4 | _BIT3), _BIT5);
 328   4                      ScalerSetBit(P5_CF_MN_DISP_CTRL, ~(_BIT6 | _BIT5 | _BIT4), _BIT6);
 329   4                  }
 330   3                  else
 331   3                  {
 332   4                      // Set Single Buffer, auto block toggle using 1.5 buffer, also set single buffer
 333   4                      ScalerSetBit(P5_B9_IN1_SDR_CTRL, ~(_BIT6 | _BIT5 | _BIT4 | _BIT3), 0x00);
 334   4                      ScalerSetBit(P5_CF_MN_DISP_CTRL, ~(_BIT6 | _BIT5 | _BIT4), 0x00);
 335   4                  }
 336   3              }
 337   2          }
 338   1          else
 339   1      #endif // End of #if(_DISPLAY_ROTATION_SUPPORT == _ON)
 340   1          {
 341   2              if((GET_MEMORY_FRAME_BUFFER() == _MEMORY_2_FRAME_BUFFER) && (GET_MEMORY_SELECT() == _FREE_RUN_MEMO
             -RY))
 342   2              {
 343   3                  // Set Double Buffer
 344   3                  ScalerSetBit(P5_B9_IN1_SDR_CTRL, ~(_BIT6 | _BIT5 | _BIT4 | _BIT3), _BIT5);
 345   3                  ScalerSetBit(P5_CF_MN_DISP_CTRL, ~(_BIT6 | _BIT5 | _BIT4), _BIT6);
 346   3              }
 347   2              else
 348   2              {
 349   3                  // Set Single Buffer, auto block toggle using 1.5 buffer, also set single buffer
 350   3                  ScalerSetBit(P5_B9_IN1_SDR_CTRL, ~(_BIT6 | _BIT5 | _BIT4 | _BIT3), 0x00);
 351   3                  ScalerSetBit(P5_CF_MN_DISP_CTRL, ~(_BIT6 | _BIT5 | _BIT4), 0x00);
 352   3              }
C51 COMPILER V8.12   RL6432_SERIES_FRC                                                     09/16/2026 20:28:21 PAGE 7   

 353   2          }
 354   1      
 355   1          // Enable Display double buffer
 356   1          ScalerSetBit(P5_D0_MN_SDR_STATUS, ~_BIT4, _BIT4);
 357   1      
 358   1          if(ScalerGlobalGetDBStatus() == _DISABLE)
 359   1          {
 360   2              ScalerTimerWaitForEvent(_EVENT_DVS);
 361   2          }
 362   1      
 363   1      
 364   1      #if(_DISPLAY_ROTATION_SUPPORT == _ON)
 365   1          if(((GET_ROT_TYPE() == _ROT_CW180) || (GET_ROT_TYPE() == _ROT_VER_MIRROR)) && (GET_MEMORY_FRAME_BUFFER
             -() != _MEMORY_3_FRAME_BUFFER))
 366   1          {
 367   2              // Set Rotation DB enable
 368   2              ScalerSetBit(P5_F2_IN1_TEST, ~_BIT1, _BIT1);
 369   2      
 370   2              // Set CW180 Enable
 371   2              ScalerSetBit(P5_B9_IN1_SDR_CTRL, ~_BIT0, _BIT0);
 372   2          }
 373   1      #endif
 374   1      
 375   1          // -----------------------
 376   1          // Set Frame tracking function for VFreq < 30Hz
 377   1          // -----------------------
 378   1          if(GET_MEMORY_SELECT() == _MN_FRAME_SYNC_MEMORY)
 379   1          {
 380   2              ScalerMemoryFrameTracking();
 381   2              ScalerMemorySetFrameTrackingEnable(_ENABLE);
 382   2      
 383   2              if(GET_FRC_3BLOCK_TOGGLE_STATUS() == _ENABLE)
 384   2              {
 385   3                  ScalerFRCSetDisplayAutoBlkToggleEnable(_ENABLE);
 386   3              }
 387   2          }
 388   1      
 389   1          DebugMessageFRC("FRC-H", pstFIFOSize->usInputHWidth);
 390   1          DebugMessageFRC("FRC-V", pstFIFOSize->usInputVHeight);
 391   1      }
 392          
 393          //--------------------------------------------------
 394          // Description  : IN1 FIFO Setting for FRC Mode
 395          // Input Value  : ucHorSize --> Horizontal size
 396          //                ucVerSize --> Vertical Size
 397          // Output Value : None
 398          //--------------------------------------------------
 399          void ScalerFRCInputCtrl(WORD usHorSize, WORD usVerSize)
 400          {
 401   1          StructMemoryLineBlockStep stStep;
 402   1          DWORD ulHorSize = 0;
 403   1      
 404   1      #if(_DISPLAY_ROTATION_SUPPORT == _ON)
 405   1          StructMemoryLineBlockStep stStep_rot;
 406   1          memset(&stStep_rot, 0, sizeof(StructMemoryLineBlockStep));
 407   1      #endif
 408   1      
 409   1          memset(&stStep, 0, sizeof(StructMemoryLineBlockStep));
 410   1      
 411   1      #if(_DISPLAY_ROTATION_SUPPORT == _ON)
 412   1          if((GET_ROT_TYPE() == _ROT_CW180) || (GET_ROT_TYPE() == _ROT_VER_MIRROR))
 413   1          {
C51 COMPILER V8.12   RL6432_SERIES_FRC                                                     09/16/2026 20:28:21 PAGE 8   

 414   2              // Line mode
 415   2              ulHorSize = ScalerMemoryCalculateFrameLineTotalPixel(_LINE_MODE, usHorSize, usVerSize);
 416   2              // Set Line mode
 417   2              ScalerSetBit(P5_B7_IN1_LINE_NUM_H, ~_BIT4, 0x00);
 418   2      
 419   2              // Calculate Line Step And Block Step
 420   2              ScalerMemoryCalculateLineStepAndBlockStep(ulHorSize, usVerSize, &stStep);
 421   2              ScalerMemoryCalculateLineStepAndBlockStep(ulHorSize, usVerSize - 1, &stStep_rot);
 422   2      
 423   2              // One Line total pixel for MEMORY (unit : 64 bits)
 424   2              ulHorSize = ((DWORD)usHorSize * GET_MEMORY_DATA_BIT() % 64) ?
 425   2                          (((DWORD)usHorSize * GET_MEMORY_DATA_BIT() / 64) + 1) :
 426   2                          ((DWORD)usHorSize * GET_MEMORY_DATA_BIT() / 64);
 427   2          }
 428   1          else
 429   1      #endif
 430   1          {
 431   2              // Frame mode
 432   2              ulHorSize = ScalerMemoryCalculateFrameLineTotalPixel(_FRAME_MODE, usHorSize, usVerSize);
 433   2      
 434   2              // Set Frame mode
 435   2              ScalerSetBit(P5_B7_IN1_LINE_NUM_H, ~_BIT4, _BIT4);
 436   2      
 437   2              stStep.ulBlockStep = ScalerMemoryAddressConversion(ulHorSize);
 438   2      
 439   2              // One Frame total pixel for MEMORY (unit : 64 bits)
 440   2              ulHorSize = ((DWORD)usHorSize * usVerSize * GET_MEMORY_DATA_BIT() % 64) ?
 441   2                          (((DWORD)usHorSize * usVerSize  * GET_MEMORY_DATA_BIT() / 64) + 1) :
 442   2                          ((DWORD)usHorSize * usVerSize  * GET_MEMORY_DATA_BIT() / 64);
 443   2          }
 444   1      
 445   1          // Double buffer, Block Step cannot have column and bank address.
 446   1          if((WORD)(stStep.ulBlockStep & 0x7FF) > 0)
 447   1          {
 448   2              stStep.ulBlockStep = ((((stStep.ulBlockStep >> 11) + 1) << 11) & 0xFFFFF800);
 449   2          }
 450   1      
 451   1          // Calculate Number, Length, and Remain
 452   1          PDATA_DWORD(0) = ScalerMemoryCalculateNumberAndRemain(ulHorSize, _FRC_ACCESS_WRITE_LENGTH, 1);
 453   1          // Set Water Level
 454   1          ScalerSetByte(P5_A8_IN1_WATER_LEVEL, _FRC_ACCESS_WRITE_LENGTH);
 455   1      
 456   1          // Set Number, Length, Remain (size = number x length +remain)
 457   1          ScalerSetByte(P5_A9_IN1_WR_NUM_H, pData[2]);
 458   1          ScalerSetByte(P5_AA_IN1_WR_NUM_L, pData[3]);
 459   1          ScalerSetByte(P5_AB_IN1_WR_LEN, _FRC_ACCESS_WRITE_LENGTH);
 460   1          ScalerSetByte(P5_AC_IN1_WR_REMAIN, pData[1]);
 461   1      
 462   1      #if(_DISPLAY_ROTATION_SUPPORT == _ON)
 463   1          if((GET_ROT_TYPE() == _ROT_CW180) || (GET_ROT_TYPE() == _ROT_VER_MIRROR))
 464   1          {
 465   2              switch(GET_MEMORY_FRAME_BUFFER())
 466   2              {
 467   3                  case _MEMORY_3_FRAME_BUFFER:
 468   3      
 469   3                      // Set CW180 Disable
 470   3                      ScalerSetBit(P5_B9_IN1_SDR_CTRL, ~_BIT0, 0x00);
 471   3      
 472   3                      // Set 1st Write Address
 473   3                      PDATA_DWORD(0) = 0x00;
 474   3                      ScalerSetBit(P5_BA_IN1_MADDR_TOG_CTL, ~(_BIT3 | _BIT2), 0x00);
 475   3                      ScalerSetByte(P5_AD_IN1_MEM_ADDR_H, pData[1]);
C51 COMPILER V8.12   RL6432_SERIES_FRC                                                     09/16/2026 20:28:21 PAGE 9   

 476   3                      ScalerSetByte(P5_AE_IN1_MEM_ADDR_M, pData[2]);
 477   3                      ScalerSetByte(P5_AF_IN1_MEM_ADDR_L, pData[3]);
 478   3                      DebugMessageFRC("-CW180 W_Addr1", PDATA_DWORD(0));
 479   3      
 480   3                      // Set 2nd Write Address
 481   3                      PDATA_DWORD(0) = stStep.ulBlockStep;
 482   3                      ScalerSetBit(P5_BA_IN1_MADDR_TOG_CTL, ~(_BIT3 | _BIT2), _BIT2);
 483   3                      ScalerSetByte(P5_AD_IN1_MEM_ADDR_H, pData[1]);
 484   3                      ScalerSetByte(P5_AE_IN1_MEM_ADDR_M, pData[2]);
 485   3                      ScalerSetByte(P5_AF_IN1_MEM_ADDR_L, pData[3]);
 486   3                      DebugMessageFRC("-CW180 W_Addr2", PDATA_DWORD(0));
 487   3      
 488   3                      // Set 3rd Write Address
 489   3                      PDATA_DWORD(0) = (stStep.ulBlockStep * 2);
 490   3                      ScalerSetBit(P5_BA_IN1_MADDR_TOG_CTL, ~(_BIT3 | _BIT2), _BIT3);
 491   3                      ScalerSetByte(P5_AD_IN1_MEM_ADDR_H, pData[1]);
 492   3                      ScalerSetByte(P5_AE_IN1_MEM_ADDR_M, pData[2]);
 493   3                      ScalerSetByte(P5_AF_IN1_MEM_ADDR_L, pData[3]);
 494   3                      DebugMessageFRC("-CW180 W_Addr3", PDATA_DWORD(0));
 495   3      
 496   3                      break;
 497   3      
 498   3                  case _MEMORY_2_FRAME_BUFFER:
 499   3      
 500   3                      // Set Positive Order Address
 501   3                      PDATA_DWORD(0) = 0x00;
 502   3                      ScalerSetBit(P5_BA_IN1_MADDR_TOG_CTL, ~(_BIT3 | _BIT2), 0x00);
 503   3                      ScalerSetByte(P5_AD_IN1_MEM_ADDR_H, pData[1]);
 504   3                      ScalerSetByte(P5_AE_IN1_MEM_ADDR_M, pData[2]);
 505   3                      ScalerSetByte(P5_AF_IN1_MEM_ADDR_L, pData[3]);
 506   3                      DebugMessageFRC("-CW180 W_PsAddr1", PDATA_DWORD(0));
 507   3      
 508   3                      PDATA_DWORD(0) = stStep.ulBlockStep;
 509   3                      ScalerSetByte(P5_B4_IN1_BL2_ADDR_H, pData[1]);
 510   3                      ScalerSetByte(P5_B5_IN1_BL2_ADDR_M, pData[2]);
 511   3                      ScalerSetByte(P5_B6_IN1_BL2_ADDR_L, pData[3]);
 512   3                      DebugMessageFRC("-CW180 W_PsAddr2", PDATA_DWORD(0));
 513   3      
 514   3                      // Set Reverse Order Address
 515   3                      PDATA_DWORD(0) = stStep_rot.ulBlockStep; // last line address
 516   3                      ScalerSetBit(P5_BA_IN1_MADDR_TOG_CTL, ~(_BIT3 | _BIT2), _BIT2);
 517   3                      ScalerSetByte(P5_AD_IN1_MEM_ADDR_H, pData[1]);
 518   3                      ScalerSetByte(P5_AE_IN1_MEM_ADDR_M, pData[2]);
 519   3                      ScalerSetByte(P5_AF_IN1_MEM_ADDR_L, pData[3]);
 520   3                      DebugMessageFRC("-CW180 W_RvAddr1", PDATA_DWORD(0));
 521   3      
 522   3                      PDATA_DWORD(0) = stStep.ulBlockStep + stStep_rot.ulBlockStep;
 523   3                      ScalerSetBit(P5_BA_IN1_MADDR_TOG_CTL, ~(_BIT3 | _BIT2), _BIT3);
 524   3                      ScalerSetByte(P5_AD_IN1_MEM_ADDR_H, pData[1]);
 525   3                      ScalerSetByte(P5_AE_IN1_MEM_ADDR_M, pData[2]);
 526   3                      ScalerSetByte(P5_AF_IN1_MEM_ADDR_L, pData[3]);
 527   3                      DebugMessageFRC("-CW180 W_RvAddr2", PDATA_DWORD(0));
 528   3      
 529   3                      break;
 530   3      
 531   3                  case _MEMORY_1_FRAME_BUFFER:
 532   3                  default:
 533   3      
 534   3                      // Set Positive Order Address
 535   3                      PDATA_DWORD(0) = 0x00;
 536   3                      ScalerSetBit(P5_BA_IN1_MADDR_TOG_CTL, ~(_BIT3 | _BIT2), 0x00);
 537   3                      ScalerSetByte(P5_AD_IN1_MEM_ADDR_H, pData[1]);
C51 COMPILER V8.12   RL6432_SERIES_FRC                                                     09/16/2026 20:28:21 PAGE 10  

 538   3                      ScalerSetByte(P5_AE_IN1_MEM_ADDR_M, pData[2]);
 539   3                      ScalerSetByte(P5_AF_IN1_MEM_ADDR_L, pData[3]);
 540   3                      DebugMessageFRC("-CW180 W_PoAddr1", PDATA_DWORD(0));
 541   3      
 542   3                      // Set Reverse Order Address
 543   3                      PDATA_DWORD(0) = stStep_rot.ulBlockStep; // last line address
 544   3                      ScalerSetBit(P5_BA_IN1_MADDR_TOG_CTL, ~(_BIT3 | _BIT2), _BIT2);
 545   3                      ScalerSetByte(P5_AD_IN1_MEM_ADDR_H, pData[1]);
 546   3                      ScalerSetByte(P5_AE_IN1_MEM_ADDR_M, pData[2]);
 547   3                      ScalerSetByte(P5_AF_IN1_MEM_ADDR_L, pData[3]);
 548   3                      DebugMessageFRC("-CW180 W_RvAddr1", PDATA_DWORD(0));
 549   3      
 550   3                      break;
 551   3              }
 552   2          }
 553   1          else
 554   1      #endif // End of #if(_DISPLAY_ROTATION_SUPPORT == _ON)
 555   1          {
 556   2              // Set Capture addresss count = 0
 557   2              ScalerSetBit(P5_BA_IN1_MADDR_TOG_CTL, ~(_BIT3 | _BIT2), 0x00);
 558   2      
 559   2              // Set Address
 560   2              ScalerSetByte(P5_AD_IN1_MEM_ADDR_H, (BYTE)((DWORD)_FRC_R_1ST_BLOCK_STA_ADDR_H >> 16));
 561   2              ScalerSetByte(P5_AE_IN1_MEM_ADDR_M, (BYTE)((WORD)_FRC_R_1ST_BLOCK_STA_ADDR_H >> 8));
 562   2              ScalerSetByte(P5_AF_IN1_MEM_ADDR_L, (BYTE)(_FRC_R_1ST_BLOCK_STA_ADDR_H >> 0));
 563   2      
 564   2              // Set 2nd Address
 565   2              ScalerSetByte(P5_B4_IN1_BL2_ADDR_H, (BYTE)((DWORD)stStep.ulBlockStep >> 16));
 566   2              ScalerSetByte(P5_B5_IN1_BL2_ADDR_M, (BYTE)((DWORD)stStep.ulBlockStep >> 8));
 567   2              ScalerSetByte(P5_B6_IN1_BL2_ADDR_L, (BYTE)((DWORD)stStep.ulBlockStep));
 568   2          }
 569   1      
 570   1          // Set Block Step
 571   1          ScalerSetByte(P5_B2_IN1_BLOCK_STEP_H, HIBYTE((WORD)(stStep.ulBlockStep >> 11)));
 572   1          ScalerSetByte(P5_B3_IN1_BLOCK_STEP_L, LOBYTE((WORD)(stStep.ulBlockStep >> 11)));
 573   1      
 574   1          // Set Line Step
 575   1          ScalerSetByte(P5_B0_IN1_LINE_STEP_H, HIBYTE(stStep.ulLineStep));
 576   1          ScalerSetByte(P5_B1_IN1_LINE_STEP_L, LOBYTE(stStep.ulLineStep));
 577   1      
 578   1          // Set line number
 579   1          ScalerSetBit(P5_B7_IN1_LINE_NUM_H, ~(_BIT3 | _BIT2 | _BIT1 | _BIT0), (usVerSize >> 8) & 0x0F);
 580   1          ScalerSetByte(P5_B8_IN1_LINE_NUM_L, LOBYTE(usVerSize));
 581   1      
 582   1          // Set M:N auto block toggle
 583   1          if(GET_FRC_3BLOCK_TOGGLE_STATUS() == _ENABLE)
 584   1          {
 585   2              ScalerFRCSetInputAutoBlkToggle();
 586   2          }
 587   1      
 588   1          // disable freeze mode
 589   1          ScalerSetBit(P5_B9_IN1_SDR_CTRL, ~(_BIT2), 0x00);
 590   1      
 591   1          // Use IVS as synchronous reset
 592   1          ScalerSetBit(P5_B9_IN1_SDR_CTRL, ~(_BIT1), _BIT1);
 593   1      }
 594          
 595          //--------------------------------------------------
 596          // Description  : MAIN FIFO Setting for FRC Mode
 597          // Input Value  : usHorSize --> Horizontal size
 598          //                usVerSize --> Vertical Size
 599          // Output Value : None
C51 COMPILER V8.12   RL6432_SERIES_FRC                                                     09/16/2026 20:28:21 PAGE 11  

 600          //--------------------------------------------------
 601          void ScalerFRCDisplayCtrl(WORD usHorSize, WORD usVerSize)
 602          {
 603   1          StructMemoryLineBlockStep stStep;
 604   1          DWORD ulHorSize = 0;
 605   1          WORD usPreReadLine = 0;
 606   1      
 607   1      #if(_DISPLAY_ROTATION_SUPPORT == _ON)
 608   1          StructMemoryLineBlockStep stStep_rot;
 609   1          memset(&stStep_rot, 0, sizeof(StructMemoryLineBlockStep));
 610   1      #endif
 611   1      
 612   1          memset(&stStep, 0, sizeof(StructMemoryLineBlockStep));
 613   1      
 614   1          // Calculate Pre-read
 615   1          usPreReadLine = ScalerFRCCalculatePreReadLine(usVerSize);
 616   1      
 617   1      #if(_DISPLAY_ROTATION_SUPPORT == _ON)
 618   1          if((GET_ROT_TYPE() == _ROT_CW180) || (GET_ROT_TYPE() == _ROT_VER_MIRROR))
 619   1          {
 620   2              // Line mode
 621   2              ulHorSize = ScalerMemoryCalculateFrameLineTotalPixel(_LINE_MODE, usHorSize, usVerSize);
 622   2      
 623   2              // Set Line mode
 624   2              ScalerSetBit(P5_CD_MN_LINE_NUM_H, ~_BIT4, 0x00);
 625   2      
 626   2              // Calculate line step and block step
 627   2              ScalerMemoryCalculateLineStepAndBlockStep(ulHorSize, usVerSize, &stStep);
 628   2              ScalerMemoryCalculateLineStepAndBlockStep(ulHorSize, usVerSize - 1, &stStep_rot);
 629   2      
 630   2              // One Line total pixel for MEMORY (unit : 64 bits)
 631   2              ulHorSize = ((DWORD)usHorSize * GET_MEMORY_DATA_BIT() % 64) ?
 632   2                          (((DWORD)usHorSize * GET_MEMORY_DATA_BIT() / 64) + 1) :
 633   2                          ((DWORD)usHorSize * GET_MEMORY_DATA_BIT() / 64);
 634   2          }
 635   1          else
 636   1      #endif // End of #if(_DISPLAY_ROTATION_SUPPORT == _ON)
 637   1          {
 638   2              // Frame mode
 639   2              ulHorSize = ScalerMemoryCalculateFrameLineTotalPixel(_FRAME_MODE, usHorSize, usVerSize);
 640   2      
 641   2              // Set Frame mode
 642   2              ScalerSetBit(P5_CD_MN_LINE_NUM_H, ~_BIT4, _BIT4);
 643   2      
 644   2              stStep.ulBlockStep = ScalerMemoryAddressConversion(ulHorSize);
 645   2              // One Frame total pixel for MEMORY (unit : 64 bits)
 646   2              ulHorSize = ((DWORD)usHorSize * usVerSize * GET_MEMORY_DATA_BIT() % 64) ?
 647   2                          (((DWORD)usHorSize * usVerSize * GET_MEMORY_DATA_BIT() / 64) + 1) :
 648   2                          ((DWORD)usHorSize * usVerSize * GET_MEMORY_DATA_BIT() / 64);
 649   2          }
 650   1      
 651   1          // Double buffer, Block Step cannot have column and bank address.
 652   1          if((WORD)(stStep.ulBlockStep & 0x7FF) > 0)
 653   1          {
 654   2              stStep.ulBlockStep = ((((stStep.ulBlockStep >> 11) + 1) << 11) & 0xFFFFF800);
 655   2          }
 656   1      
 657   1          // Calculate Number, Length, and Remain
 658   1          PDATA_DWORD(0) = ScalerMemoryCalculateNumberAndRemain(ulHorSize, _FRC_ACCESS_READ_LENGTH, 0);
 659   1      
 660   1          // Set Block step
 661   1          ScalerSetByte(P5_CB_MN_BLOCK_STEP_H, HIBYTE((WORD)(stStep.ulBlockStep >> 11) & 0xFFFF));
C51 COMPILER V8.12   RL6432_SERIES_FRC                                                     09/16/2026 20:28:21 PAGE 12  

 662   1          ScalerSetByte(P5_CC_MN_BLOCK_STEP_L, LOBYTE((WORD)(stStep.ulBlockStep >> 11) & 0xFFFF));
 663   1      
 664   1          // Set Pre-read
 665   1          ScalerSetByte(P5_BC_MN_PRRD_VST_H, HIBYTE(usPreReadLine));
 666   1          ScalerSetByte(P5_BD_MN_PRRD_VST_L, LOBYTE(usPreReadLine));
 667   1      
 668   1          // Set Pixel number
 669   1          ScalerSetBit(P5_BE_MN_PXL_NUM_H, ~(_BIT3 | _BIT2 | _BIT1 | _BIT0), (HIBYTE(usHorSize) & 0x0F));
 670   1          ScalerSetByte(P5_BF_MN_PXL_NUM_L, LOBYTE(usHorSize));
 671   1      
 672   1          // Set Water Level
 673   1          ScalerSetByte(P5_C0_MN_WTLVL, _FRC_ACCESS_READ_LENGTH);
 674   1      
 675   1          // Set Number, Length, Remain ( size = number x length +remain)
 676   1          ScalerSetByte(P5_C2_MN_READ_NUM_H, pData[2]);
 677   1          ScalerSetByte(P5_C3_MN_READ_NUM_L, pData[3]);
 678   1          ScalerSetByte(P5_C4_MN_READ_LEN, _FRC_ACCESS_READ_LENGTH);
 679   1      
 680   1          // set remain + 2 when ddr1x2
 681   1      #if((_MEMORY_SIZE_CONFIG & _MEMORY_NUM_MASK) == _MEMORY_2PCS)
                  // check frame mode
                  if(ScalerGetBit(P5_CD_MN_LINE_NUM_H, _BIT4) == _BIT4)
                  {
                      ScalerSetByte(P5_C5_MN_READ_REMAIN, pData[1] + 2);
                  }
                  else
              #endif
 689   1          {
 690   2              ScalerSetByte(P5_C5_MN_READ_REMAIN, pData[1]);
 691   2          }
 692   1      
 693   1      #if(_DISPLAY_ROTATION_SUPPORT == _ON)
 694   1          if((GET_ROT_TYPE() == _ROT_CW180) || (GET_ROT_TYPE() == _ROT_VER_MIRROR))
 695   1          {
 696   2              if(GET_MEMORY_FRAME_BUFFER() == _MEMORY_3_FRAME_BUFFER)
 697   2              {
 698   3                  // Set 1st Read Address
 699   3                  PDATA_DWORD(0) = stStep_rot.ulBlockStep;
 700   3                  PDATA_DWORD(0) = (((PDATA_DWORD(0) & 0xFFFFFE00) >> 1) | (PDATA_DWORD(0) & 0x000000FF));
 701   3                  ScalerSetBit(P5_C1_MN_MADDR_TOG_CTL, ~(_BIT3 | _BIT2), 0x00);
 702   3                  ScalerSetByte(P5_C6_MN_READ_ADDR_H, pData[1]);
 703   3                  ScalerSetByte(P5_C7_MN_READ_ADDR_M, pData[2]);
 704   3                  ScalerSetByte(P5_C8_MN_READ_ADDR_L, pData[3]);
 705   3                  DebugMessageFRC("-CW180 W_Addr1", PDATA_DWORD(0));
 706   3      
 707   3                  // Set 2nd Read Address
 708   3                  PDATA_DWORD(0) = stStep.ulBlockStep + stStep_rot.ulBlockStep;
 709   3                  PDATA_DWORD(0) = (((PDATA_DWORD(0) & 0xFFFFFE00) >> 1) | (PDATA_DWORD(0) & 0x000000FF));
 710   3                  ScalerSetBit(P5_C1_MN_MADDR_TOG_CTL, ~(_BIT3 | _BIT2), _BIT2);
 711   3                  ScalerSetByte(P5_C6_MN_READ_ADDR_H, pData[1]);
 712   3                  ScalerSetByte(P5_C7_MN_READ_ADDR_M, pData[2]);
 713   3                  ScalerSetByte(P5_C8_MN_READ_ADDR_L, pData[3]);
 714   3                  DebugMessageFRC("-CW180 W_Addr2", PDATA_DWORD(0));
 715   3      
 716   3                  // Set 3rd Read Address
 717   3                  PDATA_DWORD(0) = stStep.ulBlockStep * 2 + stStep_rot.ulBlockStep;
 718   3                  PDATA_DWORD(0) = (((PDATA_DWORD(0) & 0xFFFFFE00) >> 1) | (PDATA_DWORD(0) & 0x000000FF));
 719   3                  ScalerSetBit(P5_C1_MN_MADDR_TOG_CTL, ~(_BIT3 | _BIT2), _BIT3);
 720   3                  ScalerSetByte(P5_C6_MN_READ_ADDR_H, pData[1]);
 721   3                  ScalerSetByte(P5_C7_MN_READ_ADDR_M, pData[2]);
 722   3                  ScalerSetByte(P5_C8_MN_READ_ADDR_L, pData[3]);
 723   3                  DebugMessageFRC("-CW180 W_Addr3", PDATA_DWORD(0));
C51 COMPILER V8.12   RL6432_SERIES_FRC                                                     09/16/2026 20:28:21 PAGE 13  

 724   3      
 725   3                  // Set Line step
 726   3                  PDATA_WORD(0) = ((~(stStep.ulLineStep) + 1) & 0xFFFF);
 727   3                  ScalerSetByte(P5_C9_MN_LINE_STEP_H, pData[0]);
 728   3                  ScalerSetByte(P5_CA_MN_LINE_STEP_L, pData[1]);
 729   3              }
 730   2              else
 731   2              {
 732   3                  // Set Positive Order Address
 733   3                  PDATA_DWORD(0) = 0x00;
 734   3                  ScalerSetBit(P5_C1_MN_MADDR_TOG_CTL, ~(_BIT3 | _BIT2), 0x00);
 735   3                  ScalerSetByte(P5_C6_MN_READ_ADDR_H, pData[1]);
 736   3                  ScalerSetByte(P5_C7_MN_READ_ADDR_M, pData[2]);
 737   3                  ScalerSetByte(P5_C8_MN_READ_ADDR_L, pData[3]);
 738   3                  DebugMessageFRC("-CW180 R_PoAddr1", PDATA_DWORD(0));
 739   3      
 740   3                  // Set Reverse Order Address
 741   3                  PDATA_DWORD(0) = stStep_rot.ulBlockStep; // last line address
 742   3                  PDATA_DWORD(0) = (((PDATA_DWORD(0) & 0xFFFFFE00) >> 1) | (PDATA_DWORD(0) & 0x000000FF));
 743   3                  ScalerSetBit(P5_C1_MN_MADDR_TOG_CTL, ~(_BIT3 | _BIT2), _BIT2);
 744   3                  ScalerSetByte(P5_C6_MN_READ_ADDR_H, pData[1]);
 745   3                  ScalerSetByte(P5_C7_MN_READ_ADDR_M, pData[2]);
 746   3                  ScalerSetByte(P5_C8_MN_READ_ADDR_L, pData[3]);
 747   3                  DebugMessageFRC("-CW180 R_RvAddr1", PDATA_DWORD(0));
 748   3      
 749   3                  // Set Line step
 750   3                  ScalerSetByte(P5_C9_MN_LINE_STEP_H, HIBYTE(stStep.ulLineStep));
 751   3                  ScalerSetByte(P5_CA_MN_LINE_STEP_L, LOBYTE(stStep.ulLineStep));
 752   3              }
 753   2          }
 754   1          else
 755   1      #endif // End of #if(_DISPLAY_ROTATION_SUPPORT == _ON)
 756   1          {
 757   2              // Set Display addresss count = 0
 758   2              ScalerSetBit(P5_C1_MN_MADDR_TOG_CTL, ~(_BIT3 | _BIT2), 0x00);
 759   2      
 760   2              // Set Read address
 761   2              ScalerSetByte(P5_C6_MN_READ_ADDR_H, (BYTE)((DWORD)_FRC_R_1ST_BLOCK_STA_ADDR_H >> 16));
 762   2              ScalerSetByte(P5_C7_MN_READ_ADDR_M, (BYTE)((WORD)_FRC_R_1ST_BLOCK_STA_ADDR_H >> 8));
 763   2              ScalerSetByte(P5_C8_MN_READ_ADDR_L, (BYTE)(_FRC_R_1ST_BLOCK_STA_ADDR_H >> 0));
 764   2      
 765   2              // Set Line step
 766   2              ScalerSetByte(P5_C9_MN_LINE_STEP_H, HIBYTE(stStep.ulLineStep));
 767   2              ScalerSetByte(P5_CA_MN_LINE_STEP_L, LOBYTE(stStep.ulLineStep));
 768   2          }
 769   1      
 770   1          // Set Line number
 771   1          ScalerSetBit(P5_CD_MN_LINE_NUM_H, ~(_BIT3 | _BIT2 | _BIT1 | _BIT0), (usVerSize >> 8) & 0x0F);
 772   1          ScalerSetByte(P5_CE_MN_LINE_NUM_L, LOBYTE(usVerSize));
 773   1      
 774   1          // Set M:N auto block toggle
 775   1          if(GET_FRC_3BLOCK_TOGGLE_STATUS() == _ENABLE)
 776   1          {
 777   2              ScalerFRCSetDisplayAutoBlkToggle();
 778   2              ScalerFRCSetHWAutoBlockToggle();
 779   2          }
 780   1      
 781   1          // Use information from Capture
 782   1          ScalerSetBit(P5_CF_MN_DISP_CTRL, ~(_BIT2 | _BIT1), 0x00);
 783   1      
 784   1          // Enable Display double buffer
 785   1          ScalerSetBit(P5_D0_MN_SDR_STATUS, ~_BIT4, _BIT4);
C51 COMPILER V8.12   RL6432_SERIES_FRC                                                     09/16/2026 20:28:21 PAGE 14  

 786   1      
 787   1          // Wait double buffer
 788   1          if(ScalerGlobalGetDBStatus() == _DISABLE)
 789   1          {
 790   2              ScalerTimerWaitForEvent(_EVENT_DVS);
 791   2          }
 792   1      }
 793          
 794          //--------------------------------------------------
 795          // Description  : Set OneFrame FRC
 796          // Input Value  : IHF, DHF
 797          // Output Value : None
 798          //--------------------------------------------------
 799          void ScalerFRCOneFrameCtrl(DWORD ulIHF, DWORD ulDHF)
 800          {
 801   1          SWORD shMargin = 0;
 802   1          WORD usPreRead = 0;
 803   1          WORD usLeadingLine = 0;
 804   1          WORD usLength = g_stMDomainInputData.usVHeight;
 805   1          bit bAutoMode = 1; // 1:auto mode; 0:manual mode
 806   1      
 807   1          if(g_stMDomainInputData.usVHeight > g_stMDomainOutputData.usVHeight)
 808   1          {
 809   2              usLength = g_stMDomainOutputData.usVHeight;
 810   2          }
 811   1      
 812   1          if(ulIHF > ulDHF)
 813   1          {
 814   2              usPreRead = g_stMDomainOutputData.usVStart - _PRE_READ_MEMORY;
 815   2              ulIHF = (ulIHF % 10) ? (ulIHF / 10 + 1) : (ulIHF / 10);
 816   2              shMargin = 0x02;
 817   2              ulDHF = ulDHF * usLength / 10;
 818   2          }
 819   1          else
 820   1          {
 821   2              // forbidden lines
 822   2              usPreRead = ((DWORD)g_stMDomainOutputData.usVHeight * ulDHF / ulIHF - g_stMDomainOutputData.usVHei
             -ght);
 823   2              usPreRead = (usPreRead < 10) ? 10 : usPreRead;
 824   2      
 825   2              if(g_stMDomainInputData.usVFreq > _PANEL_MAX_FRAME_RATE)
 826   2              {
 827   3                  // input frame leading lines in display
 828   3                  usLeadingLine = (DWORD)(g_stMDomainInputData.usVFreq - _PANEL_MAX_FRAME_RATE) * _PANEL_DV_TOTA
             -L_MIN / g_stMDomainInputData.usVFreq;
 829   3              }
 830   2              else if(g_stMDomainInputData.usVFreq < _PANEL_MIN_FRAME_RATE)
 831   2              {
 832   3                  // input frame leading lines in display
 833   3                  usLeadingLine = (DWORD)(_PANEL_MAX_FRAME_RATE - g_stMDomainInputData.usVFreq) * _PANEL_DV_TOTA
             -L_MIN / g_stMDomainInputData.usVFreq;
 834   3              }
 835   2      
 836   2              if(usPreRead <= g_stMDomainOutputData.usVStart)
 837   2              {
 838   3                  if((usPreRead * 15 / 10) < usLeadingLine)
 839   3                  {
 840   4                      if((usPreRead * 15 / 10) > g_stMDomainOutputData.usVStart)
 841   4                      {
 842   5                          usPreRead = 0;
 843   5                      }
 844   4                      else
C51 COMPILER V8.12   RL6432_SERIES_FRC                                                     09/16/2026 20:28:21 PAGE 15  

 845   4                      {
 846   5                          usPreRead = g_stMDomainOutputData.usVStart - usPreRead * 15 / 10;
 847   5                      }
 848   4                  }
 849   3                  else if((usPreRead * 13 / 10) < usLeadingLine)
 850   3                  {
 851   4                      if((usLeadingLine - 1) > g_stMDomainOutputData.usVStart)
 852   4                      {
 853   5                          usPreRead = 0;
 854   5                      }
 855   4                      else
 856   4                      {
 857   5                          usPreRead = g_stMDomainOutputData.usVStart - (usLeadingLine - 1);
 858   5                      }
 859   4                  }
 860   3                  else
 861   3                  {
 862   4                      if((usPreRead * 13 / 10) > g_stMDomainOutputData.usVStart)
 863   4                      {
 864   5                          usPreRead = 0;
 865   5                      }
 866   4                      else
 867   4                      {
 868   5                          usPreRead = g_stMDomainOutputData.usVStart - usPreRead * 13 / 10;
 869   5                      }
 870   4                  }
 871   3      
 872   3                  ulIHF = (g_stMDomainInputData.usHFreq % 10) ? (g_stMDomainInputData.usHFreq / 10 + 1) : (g_stM
             -DomainInputData.usHFreq / 10);
 873   3                  shMargin = (SWORD)0 - (g_stMDomainOutputData.usVHeight - 1);
 874   3                  ulDHF = ulDHF * g_stMDomainInputData.usVHeight / 10;
 875   3                  bAutoMode = 0;
 876   3      
 877   3                  ScalerSetBit(P5_CF_MN_DISP_CTRL, ~_BIT3, _BIT3);
 878   3              }
 879   2              else
 880   2              {
 881   3                  usPreRead = (DWORD)(_PANEL_DV_TOTAL_MIN - g_stMDomainOutputData.usVHeight) * usLength / g_stMD
             -omainOutputData.usVHeight - 3;
 882   3                  shMargin = (usPreRead > 20) ? (usPreRead - 20) : 0;
 883   3                  usPreRead = usLength;
 884   3                  ulDHF = (ulDHF - ulIHF) * usLength / 10;
 885   3                  ulIHF = ulIHF / 10;
 886   3              }
 887   2          }
 888   1      
 889   1          ScalerSetByte(P5_E4_IN1_ONEF_DHF_H, (ulDHF >> 16) | ((BYTE)bAutoMode << 6) | _BIT7);
 890   1          ScalerSetByte(P5_E5_IN1_ONEF_DHF_M, (BYTE)(ulDHF >> 8));
 891   1          ScalerSetByte(P5_E6_IN1_ONEF_DHF_L, (BYTE)ulDHF);
 892   1          ScalerSetByte(P5_E7_IN1_ONEF_IHF, (BYTE)ulIHF);
 893   1          ScalerSetByte(P5_E8_IN1_LINE_MAGN_L, LOBYTE(shMargin));
 894   1          ScalerSetByte(P5_E9_IN1_ONEF_MAGN_H, (HIBYTE(shMargin) << 4) + HIBYTE(usPreRead));
 895   1          ScalerSetByte(P5_EA_IN1_PRRD_MAGN_L, LOBYTE(usPreRead));
 896   1      
 897   1          // Write in double buffer
 898   1          ScalerSetBit(P5_D0_MN_SDR_STATUS, ~(_BIT4 | _BIT0), _BIT4);
 899   1      
 900   1          // Disable Osd Overlay In Case of Garbage
 901   1          pData[0] = ScalerGetByte(P0_6C_OVERLAY_CTRL);
 902   1      
 903   1          ScalerSetBit(P0_6C_OVERLAY_CTRL, ~_BIT0, 0x00);
 904   1      
C51 COMPILER V8.12   RL6432_SERIES_FRC                                                     09/16/2026 20:28:21 PAGE 16  

 905   1          // Set Frame sync
 906   1          ScalerSetBit(P0_28_VIDEO_DISPLAY_CONTROL_REG, ~(_BIT7 | _BIT3 | _BIT1 | _BIT0), (_BIT3 | _BIT1 | _BIT0
             -));
 907   1      
 908   1          ScalerTimerWaitForEvent(_EVENT_DEN_STOP);
 909   1      
 910   1          // Set Free Run
 911   1          ScalerSetBit(P0_28_VIDEO_DISPLAY_CONTROL_REG, ~(_BIT7 | _BIT3 | _BIT1 | _BIT0), (_BIT7 | _BIT1 | _BIT0
             -));
 912   1          ScalerSetBit(P0_6C_OVERLAY_CTRL, ~_BIT0, (pData[0] & _BIT0));
 913   1      }
 914          
 915          //--------------------------------------------------
 916          // Description  : Compare which one of IHF and DHF is bigger, and see if they are too similar
 917          // Input Value  : stFIFOSize    --> FIFO size
 918          // Output Value : output is true when they are too similar
 919          //--------------------------------------------------
 920          void ScalerFRCCompareIHFandDHF(WORD usVerSize)
 921          {
 922   1          WORD usPreRead = 0;
 923   1      
 924   1      #if(_DISPLAY_ROTATION_SUPPORT == _ON)
 925   1          if((GET_MEMORY_FRAME_BUFFER() == _MEMORY_2_FRAME_BUFFER) && ((GET_ROT_TYPE() == _ROT_CW180) || (GET_RO
             -T_TYPE() == _ROT_VER_MIRROR)))
 926   1          {
 927   2              // Set input slower than display
 928   2              ScalerSetBit(P5_CF_MN_DISP_CTRL, ~_BIT3, 0x00);
 929   2      
 930   2              // Write in double buffer
 931   2              ScalerSetBit(P5_D0_MN_SDR_STATUS, ~_BIT4, _BIT4);
 932   2      
 933   2              if(GET_MEMORY_SELECT() == _MN_FRAME_SYNC_MEMORY)
 934   2              {
 935   3                  ScalerTimerWaitForEvent(_EVENT_DEN_STOP);
 936   3      
 937   3                  // Set Frame sync when FRC
 938   3                  ScalerSetBit(P0_28_VIDEO_DISPLAY_CONTROL_REG, ~(_BIT7 | _BIT3 | _BIT1 | _BIT0), (_BIT3 | _BIT1
             - | _BIT0));
 939   3              }
 940   2              else
 941   2              {
 942   3                  ScalerSetBit(P0_28_VIDEO_DISPLAY_CONTROL_REG, ~(_BIT7 | _BIT3 | _BIT1 | _BIT0), (_BIT7 | _BIT1
             - | _BIT0));
 943   3              }
 944   2          }
 945   1          else
 946   1      #endif // End of #if(_DISPLAY_ROTATION_SUPPORT == _ON)
 947   1          {
 948   2              // Get Pre-read line
 949   2              usPreRead = ScalerFRCCalculatePreReadLine(usVerSize);
 950   2              usPreRead = (usPreRead == 0) ? (g_stMDomainOutputData.usVStart) : (g_stMDomainOutputData.usVStart 
             -- usPreRead);
 951   2      
 952   2              if(g_stMDomainOutputData.usVHeight > g_stMDomainInputData.usVHeight)
 953   2              {
 954   3                  // IHF'
 955   3                  PDATA_DWORD(1) = (DWORD)g_stMDomainInputData.usHFreq;
 956   3                  // DHF'
 957   3                  PDATA_DWORD(2) = ((DWORD)GET_D_CLK_FREQ() * 10 / g_stMDomainOutputData.usHTotal * g_stMDomainI
             -nputData.usVHeight / g_stMDomainOutputData.usVHeight);
 958   3              }
 959   2              else
C51 COMPILER V8.12   RL6432_SERIES_FRC                                                     09/16/2026 20:28:21 PAGE 17  

 960   2              {
 961   3                  // IHF'
 962   3                  PDATA_DWORD(1) = GET_MDOMAIN_IHF_IN_DDOMAIN();
 963   3                  // DHF'
 964   3                  PDATA_DWORD(2) = ((DWORD)GET_D_CLK_FREQ() * 10 / g_stMDomainOutputData.usHTotal);
 965   3              }
 966   2      
 967   2              // IDEN Period = IVH / IHF
 968   2              PDATA_WORD(0) = ((DWORD)GET_INPUT_TIMING_VHEIGHT() * 100 / g_stMDomainInputData.usHFreq);
 969   2      
 970   2              // DDEN Period = (DVH + Pre-read line) / DHF
 971   2              PDATA_WORD(1) = ((DWORD)(g_stMDomainOutputData.usVHeight + usPreRead) * 100 / ((DWORD)GET_D_CLK_FR
             -EQ() * 10 / g_stMDomainOutputData.usHTotal));
 972   2      
 973   2              if(GET_MEMORY_SELECT() == _FRAME_SYNC_MEMORY)
 974   2              {
 975   3                  // Set Input Slower Than Display
 976   3                  ScalerSetBit(P5_CF_MN_DISP_CTRL, ~_BIT3, 0x00);
 977   3              }
 978   2              else
 979   2              {
 980   3                  // Set FRC Style
 981   3                  if(PDATA_WORD(1) < PDATA_WORD(0)) // If IDEN period = DDEN period, then set input faster.
 982   3                  {
 983   4                      // Set Input Slower Than Display
 984   4                      ScalerSetBit(P5_CF_MN_DISP_CTRL, ~_BIT3, 0x00);
 985   4                  }
 986   3                  else
 987   3                  {
 988   4                      // Set Input Fast Than Display
 989   4                      ScalerSetBit(P5_CF_MN_DISP_CTRL, ~_BIT3, _BIT3);
 990   4                  }
 991   3              }
 992   2      
 993   2              pData[15] = (PDATA_DWORD(1) > PDATA_DWORD(2)) ? (_BIT3) : (0x00);
 994   2              if((ScalerGetBit(P5_CF_MN_DISP_CTRL, _BIT3) ^ pData[15]) != 0)
 995   2              {
 996   3                  DebugMessageFRC("Error1-input faster/slower mis-match: IDEN", PDATA_WORD(0));
 997   3                  DebugMessageFRC("Error2-input faster/slower mis-match: DDEN", PDATA_WORD(1));
 998   3                  DebugMessageFRC("Error3-input faster/slower mis-match: IHF\'", PDATA_DWORD(1));
 999   3                  DebugMessageFRC("Error4-input faster/slower mis-match: DHF\'", PDATA_DWORD(2));
1000   3              }
1001   2      
1002   2              // Write in double buffer
1003   2              ScalerSetBit(P5_D0_MN_SDR_STATUS, ~_BIT4, _BIT4);
1004   2      
1005   2              if((GET_MEMORY_SELECT() == _FRAME_SYNC_MEMORY) || (GET_MEMORY_SELECT() == _MN_FRAME_SYNC_MEMORY))
1006   2              {
1007   3      #if(_AIO_MODERN_STANDBY_SUPPORT == _ON)
                          if(GET_AIO_MODERN_STANDBY_MODE() == _FALSE)
              #endif
1010   3                  {
1011   4                      ScalerTimerWaitForEvent(_EVENT_DEN_STOP);
1012   4                  }
1013   3      
1014   3                  // Set Frame sync when FRC
1015   3                  ScalerSetBit(P0_28_VIDEO_DISPLAY_CONTROL_REG, ~(_BIT7 | _BIT3 | _BIT1 | _BIT0), (_BIT3 | _BIT1
             - | _BIT0));
1016   3              }
1017   2              else if(GET_MEMORY_SELECT() == _FREE_RUN_MEMORY)
1018   2              {
1019   3                  if(GET_MEMORY_FRAME_BUFFER() == _MEMORY_1_FRAME_BUFFER)
C51 COMPILER V8.12   RL6432_SERIES_FRC                                                     09/16/2026 20:28:21 PAGE 18  

1020   3                  {
1021   4                      ScalerFRCOneFrameCtrl(PDATA_DWORD(1), PDATA_DWORD(2));
1022   4                  }
1023   3                  else
1024   3                  {
1025   4                      // Set Free Run when FRC
1026   4                      ScalerSetBit(P0_28_VIDEO_DISPLAY_CONTROL_REG, ~(_BIT7 | _BIT3 | _BIT1 | _BIT0), (_BIT7 | _
             -BIT1 | _BIT0));
1027   4                  }
1028   3              }
1029   2          }
1030   1      }
1031          
1032          //--------------------------------------------------
1033          // Description  : Wait Capture Write Memory Block Finish
1034          // Input Value  : None
1035          // Output Value : None
1036          //--------------------------------------------------
1037          void ScalerFRCWaitWriteFrameBufFinish(void)
1038          {
1039   1          // Check Double Frame Buffer / Rotation
1040   1      #if(_DISPLAY_ROTATION_SUPPORT == _ON)
1041   1          if(((GET_MEMORY_CONFIG() == _MEMORY_WORK_MODE) && (ScalerGetBit(P5_B9_IN1_SDR_CTRL, _BIT5) == _BIT5)) 
             -||
1042   1             ((GET_ROT_TYPE() == _ROT_CW180) || (GET_ROT_TYPE() == _ROT_VER_MIRROR)))
1043   1      #else
                  if((GET_MEMORY_CONFIG() == _MEMORY_WORK_MODE) && (ScalerGetBit(P5_B9_IN1_SDR_CTRL, _BIT5) == _BIT5))
              #endif
1046   1          {
1047   2              // Get FRC Capture Block Index
1048   2              pData[0] = ScalerGetBit((P5_BB_IN1_SDR_STATUS), _BIT6);
1049   2      
1050   2              // Wait Write Data
1051   2              ScalerTimerPollingFlagProc(50, (P5_BB_IN1_SDR_STATUS), _BIT6, ((~pData[0]) & _BIT6));
1052   2              ScalerTimerPollingFlagProc(50, (P5_BB_IN1_SDR_STATUS), _BIT6, ((pData[0]) & _BIT6));
1053   2      #if(_DISPLAY_ROTATION_SUPPORT == _ON)
1054   2              if((GET_ROT_TYPE() == _ROT_CW180) || (GET_ROT_TYPE() == _ROT_VER_MIRROR))
1055   2              {
1056   3                  ScalerTimerPollingFlagProc(50, (P5_BB_IN1_SDR_STATUS), _BIT6, ((pData[0]) & _BIT6));
1057   3              }
1058   2      #endif
1059   2      
1060   2              ScalerTimerWaitForEvent(_EVENT_IEN_STOP);
1061   2              ScalerTimerWaitForEvent(_EVENT_IVS);
1062   2          }
1063   1      }
1064          
1065          #if(_FREEZE_SUPPORT == _ON)
              //--------------------------------------------------
              // Description  : FRC freeze mode
              // Input Value  : ON --> Freeze
              // Output Value : None
              //--------------------------------------------------
              void ScalerFRCDisplayFreeze(bit bEn)
              {
                  ScalerTimerWaitForEvent(_EVENT_IEN_STOP);
              
                  if(bEn == _ON)
                  {
                      if(GET_MEMORY_FRAME_BUFFER() == _MEMORY_2_FRAME_BUFFER)
                      {
                          // Enable Freeze Mode
C51 COMPILER V8.12   RL6432_SERIES_FRC                                                     09/16/2026 20:28:21 PAGE 19  

                          ScalerSetBit(P5_B9_IN1_SDR_CTRL, ~_BIT2, _BIT2);
              
                          if(ScalerGlobalGetDBStatus() == _ENABLE)
                          {
                              // Apply Double Buffer
                              ScalerGlobalIDomainDBApply(_DB_APPLY_POLLING);
                          }
                      }
                      else // single buffer & 1.5 buffer(auto block toggle)
                      {
                          // Disable FRC Capture
                          ScalerSetBit(P5_B9_IN1_SDR_CTRL, ~_BIT7, 0x00);
                      }
                  }
                  else
                  {
                      if(GET_MEMORY_FRAME_BUFFER() == _MEMORY_2_FRAME_BUFFER)
                      {
                          // Disable Freeze Mode
                          ScalerSetBit(P5_B9_IN1_SDR_CTRL, ~_BIT2, 0x00);
              
                          if(ScalerGlobalGetDBStatus() == _ENABLE)
                          {
                              // Apply Double Buffer
                              ScalerGlobalIDomainDBApply(_DB_APPLY_POLLING);
                          }
                      }
                      else // single buffer & 1.5 buffer(auto block toggle)
                      {
                          // Enable FRC Capture
                          ScalerSetBit(P5_B9_IN1_SDR_CTRL, ~_BIT7, _BIT7);
                      }
                  }
              }
              #endif // End of #if(_FREEZE_SUPPORT == _ON)
1115          #endif // End of #if(_FRC_SUPPORT == _ON)
1116          
1117          //--------------------------------------------------
1118          // Description  : D Domain Source Select
1119          // Input Value  :
1120          // Output Value : None
1121          //--------------------------------------------------
1122          void ScalerFRCSetDDomainSourceSelect(EnumDDomainSourceSelect enumSourceSelect)
1123          {
1124   1          if(enumSourceSelect == _DDOMAIN_SRC_FRAM_FRAME_SYNC_MODE)
1125   1          {
1126   2              // Set Frame sync with line buffer mode
1127   2              ScalerSetBit(P5_CF_MN_DISP_CTRL, ~(_BIT2 | _BIT1), _BIT2);
1128   2          }
1129   1          else
1130   1          {
1131   2              ScalerSetBit(P5_CF_MN_DISP_CTRL, ~(_BIT2 | _BIT1), 0x00);
1132   2          }
1133   1      
1134   1          // Enable Display double buffer
1135   1          ScalerSetBit(P5_D0_MN_SDR_STATUS, ~_BIT4, _BIT4);
1136   1      }


MODULE INFORMATION:   STATIC OVERLAYABLE
   CODE SIZE        =   4542    ----
   CONSTANT SIZE    =   ----    ----
C51 COMPILER V8.12   RL6432_SERIES_FRC                                                     09/16/2026 20:28:21 PAGE 20  

   XDATA SIZE       =   ----      88
   PDATA SIZE       =   ----    ----
   DATA SIZE        =   ----    ----
   IDATA SIZE       =   ----    ----
   BIT SIZE         =   ----       2
END OF MODULE INFORMATION.


C51 COMPILATION COMPLETE.  0 WARNING(S),  0 ERROR(S)
