C51 COMPILER V9.60.0.0   RL6432_SERIES_OSD                                                 09/21/2026 15:33:10 PAGE 1   


C51 COMPILER V9.60.0.0, COMPILATION OF MODULE RL6432_SERIES_OSD
OBJECT MODULE PLACED IN .\Output\RL6432_Project\RL6432_Series_Osd.obj
COMPILER INVOKED BY: C:\Keil_v5\C51\BIN\C51.EXE Kernel\Scaler\RL6432_Series_Scaler\Code\RL6432_Series_Osd.c LARGE OPTIMI
                    -ZE(9,SPEED) INCDIR(.\Output\RL6432;.\Project\Header;.\Pcb;.\Panel;.\Kernel\Device\Header;.\Kernel\Common;.\Kernel\System
                    -\Header;.\Kernel\Scaler\ScalerFunction\Header;.\Kernel\Scaler\ScalerCommonFunction\Header;.\Kernel\Scaler\ScalerFunction
                    -\Lib\Header;.\Kernel\Scaler\ScalerCommonFunction\Lib\Header;.\Kernel\Scaler\RL6432_Series_Scaler\Header;.\Kernel\Scaler\
                    -RL6432_Series_Common\Header;.\Kernel\Scaler\RL6432_Series_Scaler\Lib\Header;.\Kernel\Scaler\RL6432_Series_Common\Lib\Hea
                    -der;.\Kernel\User Common Function\Header;.\User\RTD Series\RTD2014Function\Header;.\User\RTD Series\RTD2014Osd\Header;.\
                    -User\RTD Factory\Header;.\User\None Series\NoneFunction\Header;.\User\None Series\NoneOsd\Header;.\User\None Factory\Hea
                    -der) DEFINE(_PROJECT=_RL6432_PROJECT,_SCALER_TYPE=_RL6432_SERIES) DEBUG OBJECTEXTEND PRINT(.\Output\RL6432_Project\RL643
                    -2_Series_Osd.lst) TABS(2) OBJECT(.\Output\RL6432_Project\RL6432_Series_Osd.obj)

line level    source

   1          /********************************************************************************/
   2          /*   Copyright (c) 2021 Realtek Semiconductor Corp. All rights reserved.        */
   3          /*                                                                              */
   4          /*   SPDX-License-Identifier: LicenseRef-Realtek-Proprietary                    */
   5          /*                                                                              */
   6          /*   This software component is confidential and proprietary to Realtek         */
   7          /*   Semiconductor Corp. Disclosure, reproduction, redistribution, in whole     */
   8          /*   or in part, of this work and its derivatives without express permission    */
   9          /*   is prohibited.                                                             */
  10          /********************************************************************************/
  11          
  12          //----------------------------------------------------------------------------------------------------
  13          // ID Code      : RL6432_Series_Osd.c No.0000
  14          // Update Note  :
  15          //----------------------------------------------------------------------------------------------------
  16          
  17          #define __RL6432_SERIES_OSD__
  18          
  19          #include "ScalerFunctionInclude.h"
  20          
  21          //****************************************************************************
  22          // DEFINITIONS / MACROS
  23          //****************************************************************************
  24          
  25          
  26          //****************************************************************************
  27          // STRUCT / TYPE / ENUM DEFINITTIONS
  28          //****************************************************************************
  29          
  30          
  31          //****************************************************************************
  32          // CODE TABLES
  33          //****************************************************************************
  34          
  35          
  36          //****************************************************************************
  37          // VARIABLE DECLARATIONS
  38          //****************************************************************************
  39          
  40          
  41          //****************************************************************************
  42          // FUNCTION DECLARATIONS
  43          //****************************************************************************
  44          void ScalerOsdDoubleFunction(EnumOsdDoubleWidthType enumOsdDoubleWidthType, EnumOsdDoubleHeightType enumOs
             -dDoubleHeightType);
  45          void ScalerOsdMapRotation(EnumOsdRotateType enumOsdRotateType, EnumOsdRotateMapA enumOsdRotateMapA, BYTE u
             -cMapARowSize, EnumOsdRotateMapB enumOsdRotateMapB, BYTE ucMapBRowSize, EnumOsdRotateFontLib enumOsdRotateFontLib);
C51 COMPILER V9.60.0.0   RL6432_SERIES_OSD                                                 09/21/2026 15:33:10 PAGE 2   

  46          
  47          //****************************************************************************
  48          // FUNCTION DEFINITIONS
  49          //****************************************************************************
  50          //--------------------------------------------------
  51          // Description  : Osd double function
  52          // Input Value  : enumOsdDoubleWidthType  -> _OSD_DOUBLE_WIDTH_DISABLE or _OSD_DOUBLE_WIDTH_ENABLE
  53          //              : enumOsdDoubleHeightType -> _OSD_DOUBLE_HEIGHT_DISABLE or _OSD_DOUBLE_HEIGHT_ENABLE
  54          // Output Value : None
  55          // Example      : ScalerOsdDoubleFunction(_OSD_DOUBLE_WIDTH_ENABLE, _OSD_DOUBLE_HEIGHT_ENABLE);
  56          //--------------------------------------------------
  57          void ScalerOsdDoubleFunction(EnumOsdDoubleWidthType enumOsdDoubleWidthType, EnumOsdDoubleHeightType enumOs
             -dDoubleHeightType)
  58          {
  59   1          // Set Double Height Enable/Disable (For All OSD Including Windows And Characters)
  60   1          ScalerSetBit(P3A_0A_FRAME_CTRL_0A, ~(_BIT0), enumOsdDoubleHeightType);
  61   1      
  62   1          // Set Double Width Enable/Disable (For All OSD Including Windows And Characters)
  63   1          ScalerSetBit(P3A_0A_FRAME_CTRL_0A, ~(_BIT1), (enumOsdDoubleWidthType << 1));
  64   1      
  65   1      #if(_OSD_POSITION_OFFSET_CORRECTION == _OFF)
                  if((enumOsdDoubleWidthType == _OSD_DOUBLE_WIDTH_ENABLE) && (enumOsdDoubleHeightType == _OSD_DOUBLE_HEI
             -GHT_ENABLE))
                  {
                      ScalerOsdPositionOffset(_OSD_POSITION_OFFSET_GLOBAL, X_POS(_OSD_DOUBLE_POSITION_OFFSET_H), Y_POS(_
             -OSD_DOUBLE_POSITION_OFFSET_V));
              
                      ScalerSetBit(P3A_1E_FRAME_CTRL_1E, ~(_BIT7 | _BIT3), (_BIT7 | _BIT3));
                  }
                  else
                  {
                      ScalerOsdPositionOffset(_OSD_POSITION_OFFSET_GLOBAL, X_POS(_OSD_POSITION_OFFSET_H), Y_POS(_OSD_POS
             -ITION_OFFSET_V));
              
                      ScalerSetBit(P3A_1E_FRAME_CTRL_1E, ~(_BIT7 | _BIT3), 0x00);
                  }
              #else
  79   1          ScalerOsdPositionOffsetCorrection();
  80   1      #endif
  81   1      }
  82          
  83          //--------------------------------------------------
  84          // Description  : Set Osd rotation
  85          // Input Value  : ucRotateFlage -> Rotate status (now)
  86          //                enumOsdRotateType    -> _OSD_ROTATE_DEGREE_0 or _OSD_ROTATE_DEGREE_90 or _OSD_ROTATE_DEG
             -REE_270 or _OSD_ROTATE_DEGREE_180
  87          //                enumOsdRotateMapA    -> _OSD_MAP_A_REMAPPING_DISABLE or _OSD_MAP_A_REMAPPING_ENABLE
  88          //                ucMapARowSize        -> MapA Row size
  89          //                enumOsdRotateMapB    -> _OSD_MAP_B_REMAPPING_DISABLE or _OSD_MAP_B_REMAPPING_ENABLE
  90          //                ucMapBRowSize        -> MapB Row size
  91          //                enumOsdRotateFontLib -> _OSD_FONT_LIB_ROTATION_DISABLE or _OSD_FONT_LIB_ROTATION_ENABLE
  92          // Output Value : None
  93          // Note         : Font Scale up, Double Width/Height, and Auto Rotation&Remap. These three features cannot
             - be open at the same time.
  94          //--------------------------------------------------
  95          void ScalerOsdMapRotation(EnumOsdRotateType enumOsdRotateType, EnumOsdRotateMapA enumOsdRotateMapA, BYTE u
             -cMapARowSize, EnumOsdRotateMapB enumOsdRotateMapB, BYTE ucMapBRowSize, EnumOsdRotateFontLib enumOsdRotateFontLib)
  96          {
  97   1          BYTE ucTemp = 0;
  98   1      
  99   1          ucTemp = ScalerGetByte(P3A_41_FRAME_CTRL_41);
 100   1      
C51 COMPILER V9.60.0.0   RL6432_SERIES_OSD                                                 09/21/2026 15:33:10 PAGE 3   

 101   1          // _BIT2 : Enable Font A Remapping, _BIT1 : Enable Font B Remapping.
 102   1          ScalerSetBit(P3A_41_FRAME_CTRL_41, ~(_BIT2 | _BIT1), ((enumOsdRotateMapA << 2) | (enumOsdRotateMapB <<
             - 1)));
 103   1      
 104   1          if((ucTemp & _BIT0) == _BIT0) // OSD Auto Rotation Enable
 105   1          {
 106   2              switch(ucTemp & (_BIT5 | _BIT4))   // OSD Auto Rotation Direction
 107   2              {
 108   3                  case 0x00:
 109   3                      ucTemp = _OSD_ROTATE_DEGREE_270;    // CCW
 110   3                      break;
 111   3      
 112   3                  case _BIT4:
 113   3                      ucTemp = _OSD_ROTATE_DEGREE_90;     // CW
 114   3                      break;
 115   3      
 116   3                  case _BIT5:
 117   3                      ucTemp = _OSD_ROTATE_DEGREE_180;    // CCW
 118   3                      break;
 119   3      
 120   3                  default:
 121   3                      ucTemp = _OSD_ROTATE_DEGREE_270;    // CCW
 122   3                      break;
 123   3              }
 124   2          }
 125   1          else
 126   1          {
 127   2              ucTemp = _OSD_ROTATE_DEGREE_0;
 128   2          }
 129   1      
 130   1          // Set Row Total Number
 131   1          ScalerSetByte(P3A_3E_FRAME_CTRL_3E, ucMapARowSize);
 132   1      
 133   1          // Set Font A Row Total Number
 134   1          ScalerSetByte(P3A_3F_FRAME_CTRL_3F, ucMapARowSize);
 135   1      
 136   1          // Set Font B Row Total Number
 137   1          ScalerSetByte(P3A_40_FRAME_CTRL_40, ucMapBRowSize);
 138   1      
 139   1      #if(_OSD_POSITION_OFFSET_CORRECTION == _ON)
 140   1      
 141   1          if(ucTemp != enumOsdRotateType)
 142   1          {
 143   2              ScalerSetBit(P3A_18_FRAME_CTRL_18, ~(_BIT7 | _BIT6), 0x00);
 144   2      
 145   2              // rotate to 0 degree
 146   2              switch(ucTemp)
 147   2              {
 148   3                  case _OSD_ROTATE_DEGREE_0:
 149   3                      break;
 150   3      
 151   3                  case _OSD_ROTATE_DEGREE_90:
 152   3                      ScalerSetByte(P3A_0B_FRAME_CTRL_0B, 0x00);
 153   3                      ScalerSetByte(P3A_41_FRAME_CTRL_41, (_BIT4 | _BIT3)); // _OSD_ROTATE_CW
 154   3                      ScalerOsdFontLibraryRotation();
 155   3                      break;
 156   3      
 157   3                  case _OSD_ROTATE_DEGREE_270:
 158   3                      ScalerSetByte(P3A_0B_FRAME_CTRL_0B, 0x00);
 159   3                      ScalerSetByte(P3A_41_FRAME_CTRL_41, (_BIT3)); // _OSD_ROTATE_CW
 160   3                      ScalerOsdFontLibraryRotation();
 161   3                      break;
C51 COMPILER V9.60.0.0   RL6432_SERIES_OSD                                                 09/21/2026 15:33:10 PAGE 4   

 162   3      
 163   3                  case _OSD_ROTATE_DEGREE_180:
 164   3                      ScalerSetByte(P3A_0B_FRAME_CTRL_0B, 0x00);
 165   3                      ScalerSetByte(P3A_41_FRAME_CTRL_41, (_BIT5 | _BIT3)); // _OSD_ROTATE_CW180
 166   3                      ScalerOsdFontLibraryRotation();
 167   3                      break;
 168   3      
 169   3                  default:
 170   3                      break;
 171   3              }
 172   2      
 173   2              if(ScalerGetBit(P3A_02_FRAME_CTRL_02, _BIT0) != _BIT0)
 174   2              {
 175   3                  ScalerOsdCircuitActivated(_ENABLE);
 176   3                  ScalerTimerWaitForEvent(_EVENT_DVS);
 177   3              }
 178   2      
 179   2              // rotate to target direction
 180   2              switch(enumOsdRotateType)
 181   2              {
 182   3                  case _OSD_ROTATE_DEGREE_0:
 183   3                      break;
 184   3      
 185   3                  case _OSD_ROTATE_DEGREE_90:
 186   3                      ScalerSetByte(P3A_0B_FRAME_CTRL_0B, 0x01);
 187   3                      ScalerSetByte(P3A_41_FRAME_CTRL_41, ((_BIT4 | (BYTE)enumOsdRotateFontLib << 3 | (BYTE)enum
             -OsdRotateMapA << 2 | (BYTE)enumOsdRotateMapB << 1) | _BIT0));       // _OSD_ROTATE_CW
 188   3                      ScalerOsdFontLibraryRotation();
 189   3                      break;
 190   3      
 191   3                  case _OSD_ROTATE_DEGREE_270:
 192   3                      ScalerSetByte(P3A_0B_FRAME_CTRL_0B, 0x01);
 193   3                      ScalerSetByte(P3A_41_FRAME_CTRL_41, (((BYTE)enumOsdRotateFontLib << 3 | (BYTE)enumOsdRotat
             -eMapA << 2 | (BYTE)enumOsdRotateMapB << 1) | _BIT0));               // _OSD_ROTATE_CCW
 194   3                      ScalerOsdFontLibraryRotation();
 195   3                      break;
 196   3      
 197   3                  case _OSD_ROTATE_DEGREE_180:
 198   3      
 199   3                      ScalerSetBit(P3A_18_FRAME_CTRL_18, ~(_BIT7 | _BIT6), (_BIT7 | _BIT6));
 200   3      
 201   3                      ScalerSetByte(P3A_0B_FRAME_CTRL_0B, 0x00);
 202   3                      ScalerSetByte(P3A_41_FRAME_CTRL_41, ((_BIT5 | (BYTE)enumOsdRotateFontLib << 3 | (BYTE)enum
             -OsdRotateMapA << 2 | (BYTE)enumOsdRotateMapB << 1) | _BIT0));         // _OSD_ROTATE_CW180
 203   3                      ScalerOsdFontLibraryRotation();
 204   3                      break;
 205   3      
 206   3                  default:
 207   3                      break;
 208   3              }
 209   2          }
 210   1      
 211   1          // align window & font
 212   1          ScalerOsdFontWindowVericalAlignemnt(_ENABLE);
 213   1          if((enumOsdRotateType == _OSD_ROTATE_DEGREE_90) || (enumOsdRotateType == _OSD_ROTATE_DEGREE_270))
 214   1          {
 215   2              ScalerOsdPositionOffset(_OSD_POSITION_OFFSET_WINDOW, X_POS(11), Y_POS(0));
 216   2          }
 217   1          else
 218   1          {
 219   2              ScalerOsdPositionOffset(_OSD_POSITION_OFFSET_WINDOW, X_POS(10), Y_POS(0));
 220   2          }
C51 COMPILER V9.60.0.0   RL6432_SERIES_OSD                                                 09/21/2026 15:33:10 PAGE 5   

 221   1      
 222   1          // correct offset
 223   1          ScalerOsdPositionOffsetCorrection();
 224   1      
 225   1      #else
                  if(ucTemp == enumOsdRotateType)
                  {
                      return;
                  }
              
                  ScalerSetBit(P3A_18_FRAME_CTRL_18, ~(_BIT7 | _BIT6), 0x00);
              
                  if(ucTemp == _OSD_ROTATE_DEGREE_90)
                  {
                      ScalerSetByte(P3A_0B_FRAME_CTRL_0B, 0x00);
                      ScalerSetByte(P3A_41_FRAME_CTRL_41, (_BIT4 | _BIT3)); // _OSD_ROTATE_CW
              
                      ScalerOsdFontLibraryRotation();
                  }
                  else if(ucTemp == _OSD_ROTATE_DEGREE_270)
                  {
                      ScalerSetByte(P3A_0B_FRAME_CTRL_0B, 0x00);
                      ScalerSetByte(P3A_41_FRAME_CTRL_41, (_BIT3)); // _OSD_ROTATE_CW
              
                      ScalerOsdFontLibraryRotation();
                  }
                  else if(ucTemp == _OSD_ROTATE_DEGREE_180)
                  {
                      ScalerSetByte(P3A_0B_FRAME_CTRL_0B, 0x00);
                      ScalerSetByte(P3A_41_FRAME_CTRL_41, (_BIT5 | _BIT3)); // _OSD_ROTATE_CW180
              
                      ScalerOsdFontLibraryRotation();
                  }
              
                  if(ScalerGetBit(P3A_02_FRAME_CTRL_02, _BIT0) != _BIT0)
                  {
                      ScalerOsdCircuitActivated(_ENABLE);
                      ScalerTimerWaitForEvent(_EVENT_DVS);
                  }
              
                  // Check Double Width / Height Function
                  if((ScalerGetBit(P3A_0A_FRAME_CTRL_0A, _BIT0) == _BIT0) && (ScalerGetBit(P3A_0A_FRAME_CTRL_0A, _BIT1) 
             -== _BIT1))
                  {
                      if((enumOsdRotateType == _OSD_ROTATE_DEGREE_90) || (enumOsdRotateType == _OSD_ROTATE_DEGREE_270))
                      {
                          ScalerOsdPositionOffset(_OSD_POSITION_OFFSET_GLOBAL, X_POS(_OSD_DOUBLE_POSITION_OFFSET_H - 1),
             - Y_POS(_OSD_DOUBLE_POSITION_OFFSET_V));
                      }
                      else
                      {
                          ScalerOsdPositionOffset(_OSD_POSITION_OFFSET_GLOBAL, X_POS(_OSD_DOUBLE_POSITION_OFFSET_H), Y_P
             -OS(_OSD_DOUBLE_POSITION_OFFSET_V));
                      }
                  }
                  else
                  {
                      if((enumOsdRotateType == _OSD_ROTATE_DEGREE_90) || (enumOsdRotateType == _OSD_ROTATE_DEGREE_270))
                      {
                          ScalerOsdPositionOffset(_OSD_POSITION_OFFSET_GLOBAL, X_POS(_OSD_POSITION_OFFSET_H - 1), Y_POS(
             -_OSD_POSITION_OFFSET_V));
                      }
C51 COMPILER V9.60.0.0   RL6432_SERIES_OSD                                                 09/21/2026 15:33:10 PAGE 6   

                      else
                      {
                          ScalerOsdPositionOffset(_OSD_POSITION_OFFSET_GLOBAL, X_POS(_OSD_POSITION_OFFSET_H), Y_POS(_OSD
             -_POSITION_OFFSET_V));
                      }
                  }
              
                  if(enumOsdRotateType == _OSD_ROTATE_DEGREE_0)
                  {
                      return;
                  }
                  else if(enumOsdRotateType == _OSD_ROTATE_DEGREE_90)
                  {
                      ScalerSetByte(P3A_0B_FRAME_CTRL_0B, 0x01);
                      ScalerSetByte(P3A_41_FRAME_CTRL_41, ((_BIT4 | (BYTE)enumOsdRotateFontLib << 3 | (BYTE)enumOsdRotat
             -eMapA << 2 | (BYTE)enumOsdRotateMapB << 1) | _BIT0));       // _OSD_ROTATE_CW
                  }
                  else if(enumOsdRotateType == _OSD_ROTATE_DEGREE_270)
                  {
                      ScalerSetByte(P3A_0B_FRAME_CTRL_0B, 0x01);
                      ScalerSetByte(P3A_41_FRAME_CTRL_41, (((BYTE)enumOsdRotateFontLib << 3 | (BYTE)enumOsdRotateMapA <<
             - 2 | (BYTE)enumOsdRotateMapB << 1) | _BIT0));               // _OSD_ROTATE_CCW
                  }
                  else if(enumOsdRotateType == _OSD_ROTATE_DEGREE_180)
                  {
                      ScalerSetBit(P3A_18_FRAME_CTRL_18, ~(_BIT7 | _BIT6), (_BIT7 | _BIT6));
              
                      ScalerSetByte(P3A_0B_FRAME_CTRL_0B, 0x00);
                      ScalerSetByte(P3A_41_FRAME_CTRL_41, ((_BIT5 | (BYTE)enumOsdRotateFontLib << 3 | (BYTE)enumOsdRotat
             -eMapA << 2 | (BYTE)enumOsdRotateMapB << 1) | _BIT0));         // _OSD_ROTATE_CW180
                  }
              
                  ScalerOsdFontLibraryRotation();
              #endif
 309   1      }
 310          


MODULE INFORMATION:   STATIC OVERLAYABLE
   CODE SIZE        =    333    ----
   CONSTANT SIZE    =   ----    ----
   XDATA SIZE       =   ----       6
   PDATA SIZE       =   ----    ----
   DATA SIZE        =   ----    ----
   IDATA SIZE       =   ----    ----
   BIT SIZE         =   ----    ----
END OF MODULE INFORMATION.


C51 COMPILATION COMPLETE.  0 WARNING(S),  0 ERROR(S)
