C51 COMPILER V9.60.0.0   RL6432_SERIES_VGIP                                                09/18/2026 20:39:35 PAGE 1   


C51 COMPILER V9.60.0.0, COMPILATION OF MODULE RL6432_SERIES_VGIP
OBJECT MODULE PLACED IN .\Output\RL6432_Project\RL6432_Series_VGIP.obj
COMPILER INVOKED BY: C:\Keil_v5\C51\BIN\C51.EXE Kernel\Scaler\RL6432_Series_Scaler\Code\RL6432_Series_VGIP.c LARGE OPTIM
                    -IZE(9,SPEED) INCDIR(.\Output\RL6432;.\Project\Header;.\Pcb;.\Panel;.\Kernel\Device\Header;.\Kernel\Common;.\Kernel\Syste
                    -m\Header;.\Kernel\Scaler\ScalerFunction\Header;.\Kernel\Scaler\ScalerCommonFunction\Header;.\Kernel\Scaler\ScalerFunctio
                    -n\Lib\Header;.\Kernel\Scaler\ScalerCommonFunction\Lib\Header;.\Kernel\Scaler\RL6432_Series_Scaler\Header;.\Kernel\Scaler
                    -\RL6432_Series_Common\Header;.\Kernel\Scaler\RL6432_Series_Scaler\Lib\Header;.\Kernel\Scaler\RL6432_Series_Common\Lib\He
                    -ader;.\Kernel\User Common Function\Header;.\User\RTD Series\RTD2014Function\Header;.\User\RTD Series\RTD2014Osd\Header;.
                    -\User\RTD Factory\Header;.\User\None Series\NoneFunction\Header;.\User\None Series\NoneOsd\Header;.\User\None Factory\He
                    -ader) DEFINE(_PROJECT=_RL6432_PROJECT,_SCALER_TYPE=_RL6432_SERIES) DEBUG OBJECTEXTEND PRINT(.\Output\RL6432_Project\RL64
                    -32_Series_VGIP.lst) TABS(2) OBJECT(.\Output\RL6432_Project\RL6432_Series_VGIP.obj)

line level    source

   1          /********************************************************************************/
   2          /*   Copyright (c) 2021 Realtek Semiconductor Corp. All rights reserved.        */
   3          /*                                                                              */
   4          /*   SPDX-License-Identifier: LicenseRef-Realtek-Proprietary                    */
   5          /*                                                                              */
   6          /*   This software component is confidential and proprietary to Realtek         */
   7          /*   Semiconductor Corp. Disclosure, reproduction, redistribution, in whole     */
   8          /*   or in part, of this work and its derivatives without express permission    */
   9          /*   is prohibited.                                                             */
  10          /********************************************************************************/
  11          
  12          //----------------------------------------------------------------------------------------------------
  13          // ID Code      : RL6432_Series_VGIP.c No.0000
  14          // Update Note  :
  15          //----------------------------------------------------------------------------------------------------
  16          
  17          #define __RL6432_SERIES_VGIP__
  18          
  19          #include "ScalerFunctionInclude.h"
  20          
  21          //****************************************************************************
  22          // DEFINITIONS / MACROS
  23          //****************************************************************************
  24          
  25          //****************************************************************************
  26          // STRUCT / TYPE / ENUM DEFINITTIONS
  27          //****************************************************************************
  28          
  29          
  30          //****************************************************************************
  31          // CODE TABLES
  32          //****************************************************************************
  33          
  34          
  35          //****************************************************************************
  36          // VARIABLE DECLARATIONS
  37          //****************************************************************************
  38          
  39          
  40          //****************************************************************************
  41          // FUNCTION DECLARATIONS
  42          //****************************************************************************
  43          void ScalerVgipInputInitial(EnumSourceTypeDef enumSourceType, EnumSourceSearchPort enumSourceSearchPort);
  44          
  45          
  46          //****************************************************************************
  47          // FUNCTION DEFINITIONS
C51 COMPILER V9.60.0.0   RL6432_SERIES_VGIP                                                09/18/2026 20:39:35 PAGE 2   

  48          //****************************************************************************
  49          //--------------------------------------------------
  50          // Description  : Initial for VGIP Input
  51          // Input Value  : Input Source Type
  52          // Output Value : None
  53          //--------------------------------------------------
  54          void ScalerVgipInputInitial(EnumSourceTypeDef enumSourceType, EnumSourceSearchPort enumSourceSearchPort)
  55          {
  56   1          enumSourceType = enumSourceType;
  57   1      
  58   1          // Initial format conversion
  59   1          ScalerFmtCnvInitialSetting(enumSourceSearchPort);
  60   1      
  61   1          // Set Input Pixel Format, Disable Double buffer, Analog Capture, and Start generate DE
  62   1          ScalerSetBit(P0_10_M1_VGIP_CTRL, ~(_BIT4 | _BIT3 | _BIT2 | _BIT1 | _BIT0), (_BIT3 | _BIT2));
  63   1      
  64   1          // HS Sync Edge select to Positive, Disable 1 clock Delay Mode
  65   1          ScalerSetBit(P0_12_M1_VGIP_DELAY_CTRL, ~(_BIT4 | _BIT3 | _BIT2), 0x00);
  66   1      
  67   1          // Reset field detect edge
  68   1          ScalerSetBit(P0_11_M1_VGIP_SIGINV, ~(_BIT5 | _BIT3), 0x00);
  69   1      
  70   1      #if(_FREESYNC_SUPPORT == _ON)
  71   1          if((GET_FREESYNC_ENABLED() == _TRUE) && (enumSourceType == _SOURCE_DP))
  72   1          {
  73   2              // Enable bypass Vsync
  74   2              ScalerVgipVsBypassEnable(_ENABLE);
  75   2          }
  76   1          else
  77   1          {
  78   2              // Disable bypass Vsync
  79   2              ScalerVgipVsBypassEnable(_DISABLE);
  80   2          }
  81   1      #else
                  // Disable bypass Vsync
                  ScalerVgipVsBypassEnable(_DISABLE);
              #endif
  85   1      
  86   1      #if((_MEASURE_ADJUSTED_IHF_SUPPORT == _ON) || (_MEASURE_ADJUSTED_IVF_SUPPORT == _ON))
  87   1          // Set to analog measure
  88   1          ScalerVgipSetDigitalCaptureStatus(_DISABLE);
  89   1      #endif
  90   1      
  91   1          // Initial IVS/IHS Delay for Capture and Auto
  92   1          ScalerVgipSetCaptureHDelay(0x00);
  93   1          ScalerVgipSetCaptureVDelay(0x00);
  94   1      
  95   1      #if((_MEASURE_ADJUSTED_IHF_SUPPORT == _ON) || (_MEASURE_ADJUSTED_IVF_SUPPORT == _ON))
  96   1          ScalerVgipSetCaptureHStartPosition(0x00);
  97   1          ScalerVgipSetCaptureVStartPosition(0x00);
  98   1      
  99   1          // Set to digital measure
 100   1          ScalerVgipSetDigitalCaptureStatus(_ENABLE);
 101   1      #endif
 102   1      }


MODULE INFORMATION:   STATIC OVERLAYABLE
   CODE SIZE        =    102    ----
   CONSTANT SIZE    =   ----    ----
   XDATA SIZE       =   ----       1
   PDATA SIZE       =   ----    ----
C51 COMPILER V9.60.0.0   RL6432_SERIES_VGIP                                                09/18/2026 20:39:35 PAGE 3   

   DATA SIZE        =   ----    ----
   IDATA SIZE       =   ----    ----
   BIT SIZE         =   ----    ----
END OF MODULE INFORMATION.


C51 COMPILATION COMPLETE.  0 WARNING(S),  0 ERROR(S)
