C51 COMPILER V9.60.0.0   RL6432_SERIES_DP_INT                                              09/21/2026 15:32:56 PAGE 1   


C51 COMPILER V9.60.0.0, COMPILATION OF MODULE RL6432_SERIES_DP_INT
OBJECT MODULE PLACED IN .\Output\RL6432_Project\RL6432_Series_DP_INT.obj
COMPILER INVOKED BY: C:\Keil_v5\C51\BIN\C51.EXE Kernel\Scaler\RL6432_Series_Scaler\Code\RL6432_Series_DP_INT.c LARGE OPT
                    -IMIZE(9,SPEED) INCDIR(.\Output\RL6432;.\Project\Header;.\Pcb;.\Panel;.\Kernel\Device\Header;.\Kernel\Common;.\Kernel\Sys
                    -tem\Header;.\Kernel\Scaler\ScalerFunction\Header;.\Kernel\Scaler\ScalerCommonFunction\Header;.\Kernel\Scaler\ScalerFunct
                    -ion\Lib\Header;.\Kernel\Scaler\ScalerCommonFunction\Lib\Header;.\Kernel\Scaler\RL6432_Series_Scaler\Header;.\Kernel\Scal
                    -er\RL6432_Series_Common\Header;.\Kernel\Scaler\RL6432_Series_Scaler\Lib\Header;.\Kernel\Scaler\RL6432_Series_Common\Lib\
                    -Header;.\Kernel\User Common Function\Header;.\User\RTD Series\RTD2014Function\Header;.\User\RTD Series\RTD2014Osd\Header
                    -;.\User\RTD Factory\Header;.\User\None Series\NoneFunction\Header;.\User\None Series\NoneOsd\Header;.\User\None Factory\
                    -Header) DEFINE(_PROJECT=_RL6432_PROJECT,_SCALER_TYPE=_RL6432_SERIES) DEBUG OBJECTEXTEND PRINT(.\Output\RL6432_Project\RL
                    -6432_Series_DP_INT.lst) TABS(2) OBJECT(.\Output\RL6432_Project\RL6432_Series_DP_INT.obj)

line level    source

   1          /********************************************************************************/
   2          /*   Copyright (c) 2021 Realtek Semiconductor Corp. All rights reserved.        */
   3          /*                                                                              */
   4          /*   SPDX-License-Identifier: LicenseRef-Realtek-Proprietary                    */
   5          /*                                                                              */
   6          /*   This software component is confidential and proprietary to Realtek         */
   7          /*   Semiconductor Corp. Disclosure, reproduction, redistribution, in whole     */
   8          /*   or in part, of this work and its derivatives without express permission    */
   9          /*   is prohibited.                                                             */
  10          /********************************************************************************/
  11          
  12          //----------------------------------------------------------------------------------------------------
  13          // ID Code      : RL6432_Series_DP_INT.c No.0000
  14          // Update Note  :
  15          //----------------------------------------------------------------------------------------------------
  16          
  17          #include "ScalerFunctionInclude.h"
  18          
  19          #if(_DP_SUPPORT == _ON)
  20          
  21          //****************************************************************************
  22          // DEFINITIONS / MACROS
  23          //****************************************************************************
  24          
  25          //****************************************************************************
  26          // STRUCT / TYPE / ENUM DEFINITTIONS
  27          //****************************************************************************
  28          
  29          //****************************************************************************
  30          // CODE TABLES
  31          //****************************************************************************
  32          
  33          //****************************************************************************
  34          // VARIABLE DECLARATIONS
  35          //****************************************************************************
  36          
  37          
  38          //****************************************************************************
  39          // FUNCTION DECLARATIONS
  40          //****************************************************************************
  41          BYTE ScalerDpAuxJudgeHandler_EXINT0(void);
  42          void ScalerDpIntHandler_EXINT0(void);
  43          
  44          #if(_WD_TIMER_INT_SUPPORT == _ON)
  45          void ScalerDpWDTimerEventProc_WDINT(EnumScalerWDTimerEventID enumEventID);
  46          void ScalerDpRxDpcdPortAccessBackup_WDINT(void);
  47          void ScalerDpRxDpcdPortAccessBackupRestore_WDINT(void);
C51 COMPILER V9.60.0.0   RL6432_SERIES_DP_INT                                              09/21/2026 15:32:56 PAGE 2   

  48          #endif
  49          
  50          void ScalerDpExitIntSetting_EXINT0(void);
  51          
  52          //****************************************************************************
  53          // FUNCTION DEFINITIONS
  54          //****************************************************************************
  55          //--------------------------------------------------
  56          // Description  : DP Int Handler
  57          // Input Value  : None
  58          // Output Value : None
  59          //--------------------------------------------------
  60          BYTE ScalerDpAuxJudgeHandler_EXINT0(void) using 1
  61          {
  62   1          bit bReturnValueD0 = _FALSE;
  63   1          bit bReturnValueD1 = _FALSE;
  64   1      
  65   1      #if(_D0_DP_EXIST == _TRUE)
  66   1      
  67   1          if(ScalerGetBit_EXINT(PB7_7A_AUX_DIG_PHYA, (_BIT4 | _BIT0)) == (_BIT4 | _BIT0))
  68   1          {
  69   2              if(ScalerGetBit_EXINT(PB7_79_AUX_DIG_PHY9, (_BIT3 | _BIT2 | _BIT1 | _BIT0)) == 0x00)
  70   2              {
  71   3                  if((MCU_FFED_MCU_CONTROL & _BIT1) == 0x00)
  72   3                  {
  73   4                      MCU_FFE9_MCU_CLK_CONTROL_1 = (_FLASH_CLK_PS_FAST_DIV | (MCU_FFE9_MCU_CLK_CONTROL_1 & 0xF0)
             -);
  74   4                  }
  75   3      
  76   3                  // Disable Aux INT
  77   3                  ScalerSetBit_EXINT(PB7_7A_AUX_DIG_PHYA, ~_BIT4, 0x00);
  78   3      
  79   3                  // Enable GDI BandGap
  80   3                  ScalerSetBit_EXINT(P1D_14_BANDGAP_00, ~_BIT7, _BIT7);
  81   3      
  82   3                  // Disable Aux Power Saving Mode
  83   3                  ScalerSetBit_EXINT(PB7_62_AUX_2, ~_BIT1, 0x00);
  84   3      
  85   3                  // Switch Aux PHY to GDI BandGap
  86   3                  ScalerSetBit_EXINT(PB7_63_AUX_3, ~_BIT7, 0x00);
  87   3      
  88   3                  SET_DP_RX0_PS_AUX_TOGGLE();
  89   3      
  90   3                  IP = 0xA0;
  91   3      
  92   3                  // DPCD 022xxh Into INT
  93   3                  if(ScalerGetBit_EXINT(PB7_FB_DUMMY_1, (_BIT7 | _BIT6)) != (_BIT7 | _BIT6))
  94   3                  {
  95   4                      return _TRUE;
  96   4                  }
  97   3              }
  98   2              else
  99   2              {
 100   3                  // Clear Aux INT flag
 101   3                  ScalerSetBit_EXINT(PB7_7A_AUX_DIG_PHYA, ~_BIT0, _BIT0);
 102   3      
 103   3                  // Clear Manchester/Stop pattern/Sync_end pattern/Byte boundary check Error
 104   3                  ScalerSetBit_EXINT(PB7_79_AUX_DIG_PHY9, ~(_BIT3 | _BIT2 | _BIT1 | _BIT0), (_BIT3 | _BIT2 | _BI
             -T1 | _BIT0));
 105   3      
 106   3                  return _TRUE;
 107   3              }
C51 COMPILER V9.60.0.0   RL6432_SERIES_DP_INT                                              09/21/2026 15:32:56 PAGE 3   

 108   2          }
 109   1      
 110   1          // D0 DP Global IRQ
 111   1          if(ScalerGetBit_EXINT(PB7_DC_AUX_IRQ_STATUS, _BIT7) == _BIT7)
 112   1          {
 113   2              if((MCU_FFED_MCU_CONTROL & _BIT1) == 0x00)
 114   2              {
 115   3                  MCU_FFE9_MCU_CLK_CONTROL_1 = (_FLASH_CLK_PS_FAST_DIV | (MCU_FFE9_MCU_CLK_CONTROL_1 & 0xF0));
 116   3              }
 117   2      
 118   2              ScalerDpRxAuxPreIntHandler_EXINT0();
 119   2      
 120   2              g_pucDpRx0Backup[0] = ScalerGetByte_EXINT(PB7_C1_DPCD_ADDR_PORT_H);
 121   2              g_pucDpRx0Backup[1] = ScalerGetByte_EXINT(PB7_C2_DPCD_ADDR_PORT_M);
 122   2              g_pucDpRx0Backup[2] = ScalerGetByte_EXINT(PB7_C3_DPCD_ADDR_PORT_L);
 123   2      
 124   2              // Backup Dpcd Auto Inc
 125   2              g_bDpRx0AutoInc = (ScalerGetBit_EXINT(PB7_C0_DPCD_CTRL, _BIT0) == _BIT0);
 126   2      
 127   2              // Disable Dpcd Auto Inc
 128   2              ScalerSetBit_EXINT(PB7_C0_DPCD_CTRL, ~_BIT0, 0x00);
 129   2      
 130   2              // If source i2c_over_aux cmd hit slave addr = 50
 131   2              if(ScalerGetBit_EXINT(PB7_DA_AUX_FIFO_RST, _BIT4) == _BIT4)
 132   2              {
 133   3                  // Clear flag
 134   3                  ScalerSetBit_EXINT(PB7_DA_AUX_FIFO_RST, ~(_BIT6 | _BIT4 | _BIT1 | _BIT0), _BIT4);
 135   3      
 136   3                  // if cmd is i2c_over_aux read & addr only
 137   3                  if(((ScalerGetByte_EXINT(PB7_D2_AUX_RX_CMD) & (_BIT7 | _BIT5 | _BIT4)) == _BIT4) &&
 138   3                     (ScalerGetBit_EXINT(PB7_DB_AUX_STATUS, _BIT0) == _BIT0))
 139   3                  {
 140   4                      // RST fifo
 141   4                      ScalerSetBit_EXINT(PB7_DA_AUX_FIFO_RST, ~(_BIT6 | _BIT4 | _BIT1 | _BIT0), _BIT0);
 142   4      
 143   4                      // Force Ack
 144   4                      if(ScalerGetBit_EXINT(PB7_C7_TP1_OCCR, (_BIT2 | _BIT1 | _BIT0)) == _BIT1)
 145   4                      {
 146   5                          ScalerSetBit_EXINT(PB7_D7_AUX_TX_CMD, ~(_BIT3 | _BIT2 | _BIT1 | _BIT0), 0x00);
 147   5                      }
 148   4                  }
 149   3      
 150   3                  bReturnValueD0 = _TRUE;
 151   3              }
 152   2      
 153   2              // Symbol Error Count Read IRQ
 154   2              if(ScalerGetBit_EXINT(PB7_FB_DUMMY_1, (_BIT1 | _BIT0)) == (_BIT1 | _BIT0))
 155   2              {
 156   3                  // Clear IRQ Flag
 157   3                  ScalerSetBit_EXINT(PB7_FB_DUMMY_1, ~(_BIT7 | _BIT5 | _BIT3 | _BIT1), _BIT1);
 158   3      
 159   3                  if(GET_DP_RX0_SOURCE_READ_ERROR_COUNT() == _FALSE)
 160   3                  {
 161   4                      // Only Reply when State Machine is at Transmit Idle Standby State
 162   4                      if(ScalerGetBit_EXINT(PB7_C7_TP1_OCCR, 0x07) == 0x02)
 163   4                      {
 164   5                          // Reset Aux FIFO
 165   5                          ScalerSetBit_EXINT(PB7_DA_AUX_FIFO_RST, ~_BIT0, _BIT0);
 166   5      
 167   5                          ScalerDpRx0ErrorCounterUpdate_EXINT0();
 168   5      
 169   5                          // Wait for RCV_STANBY, in Order to Reply AUX DEFER
C51 COMPILER V9.60.0.0   RL6432_SERIES_DP_INT                                              09/21/2026 15:32:56 PAGE 4   

 170   5                          ScalerDpRx0AuxWaitRcv_EXINT0();
 171   5      
 172   5                          SET_DP_RX0_SOURCE_READ_ERROR_COUNT();
 173   5                      }
 174   4                      else
 175   4                      {
 176   5                          // Reset 8B/10B Error Counter
 177   5                          ScalerSetBit_EXINT(PB_08_BIST_PATTERN_SEL, ~(_BIT2 | _BIT1 | _BIT0), 0x00);
 178   5                          ScalerSetBit_EXINT(PB_08_BIST_PATTERN_SEL, ~(_BIT2 | _BIT1 | _BIT0), _BIT1);
 179   5                      }
 180   4                  }
 181   3                  else
 182   3                  {
 183   4                      // Update Symbol Error Count by HW Auto Reply
 184   4                      CLR_DP_RX0_SOURCE_READ_ERROR_COUNT();
 185   4      
 186   4                      // Reset 8B/10B Error Counter
 187   4                      ScalerSetBit_EXINT(PB_08_BIST_PATTERN_SEL, ~(_BIT2 | _BIT1 | _BIT0), 0x00);
 188   4                      ScalerSetBit_EXINT(PB_08_BIST_PATTERN_SEL, ~(_BIT2 | _BIT1 | _BIT0), _BIT1);
 189   4                  }
 190   3      
 191   3                  bReturnValueD0 = _TRUE;
 192   3              }
 193   2              else
 194   2              {
 195   3                  // Reset Read Error Count Flag Beside Symbol Error Count 00210h ~ 00217h
 196   3                  CLR_DP_RX0_SOURCE_READ_ERROR_COUNT();
 197   3              }
 198   2      
 199   2              // DPCD 022xxh Into INT
 200   2              if(ScalerGetBit_EXINT(PB7_FB_DUMMY_1, (_BIT7 | _BIT6)) == (_BIT7 | _BIT6))
 201   2              {
 202   3                  WORD usDpRx0AuxAddressStart = 0;
 203   3                  WORD usDpRx0AuxAddressTerm = 0;
 204   3      
 205   3                  // Clear Flag
 206   3                  ScalerSetBit_EXINT(PB7_FB_DUMMY_1, ~(_BIT7 | _BIT5 | _BIT3 | _BIT1), _BIT7);
 207   3      
 208   3                  g_ucDpAuxRx0DpcdAddress -= g_ucDpAuxRx0DpcdLength;
 209   3      
 210   3                  usDpRx0AuxAddressTerm = ((WORD)g_ucDpAuxRx0DpcdAddress) + ((WORD)g_ucDpAuxRx0DpcdLength);
 211   3      
 212   3                  // usDpRx0AuxAddressStart = Dpcd Addr Start, usDpRx0AuxAddressTerm = Dpcd Addr End + 1
 213   3                  for(usDpRx0AuxAddressStart = ((WORD)g_ucDpAuxRx0DpcdAddress); usDpRx0AuxAddressStart < usDpRx0
             -AuxAddressTerm; usDpRx0AuxAddressStart++)
 214   3                  {
 215   4                      if(usDpRx0AuxAddressStart == 0x00)
 216   4                      {
 217   5                          ScalerSetByte_EXINT(PB7_D9_AUX_TX_DATA, g_ucDpRx0DPCD02200hValue);
 218   5                      }
 219   4                      else if(usDpRx0AuxAddressStart == 0x01)
 220   4                      {
 221   5                          ScalerSetByte_EXINT(PB7_D9_AUX_TX_DATA, g_ucDpRx0DPCD02201hValue);
 222   5                      }
 223   4                      else if((usDpRx0AuxAddressStart > 0x01) && (usDpRx0AuxAddressStart <= 0x0F))
 224   4                      {
 225   5                          // Mirror Dpcd 0x00002~0x0000F
 226   5                          ScalerSetByte_EXINT(PB7_D9_AUX_TX_DATA, ScalerDpRx0GetDpcdInfo_EXINT0(0x00, 0x00, ((BY
             -TE)usDpRx0AuxAddressStart)));
 227   5                      }
 228   4                      else if(usDpRx0AuxAddressStart == 0x10)
 229   4                      {
C51 COMPILER V9.60.0.0   RL6432_SERIES_DP_INT                                              09/21/2026 15:32:56 PAGE 5   

 230   5                          // Set DPCD 02210h[3] = 1 --> VSC_SDP_EXTENSION_FOR_COLORIMETRY_SUPPORTED
 231   5                          ScalerSetByte_EXINT(PB7_D9_AUX_TX_DATA, g_ucDpRx0DPCD02210hValue);
 232   5                      }
 233   4      #if(_DP_ADAPTIVESYNC_SUPPORT == _ON)
                              else if(usDpRx0AuxAddressStart == 0x14)
                              {
                                  // Set DPCD 02214h[0] = 1 --> AS SDP SUPPORTED
                                  ScalerSetByte_EXINT(PB7_D9_AUX_TX_DATA, g_ucDpRx0DPCD02214hValue);
                              }
              #endif
 240   4                      else
 241   4                      {
 242   5                          ScalerSetByte_EXINT(PB7_D9_AUX_TX_DATA, 0x00);
 243   5                      }
 244   4                  }
 245   3      
 246   3                  // Reload The Length of Aux Message
 247   3                  ScalerSetByte_EXINT(PB7_D8_AUX_TX_LEN, (ScalerGetByte_EXINT(PB7_D5_AUX_RXLEN) & 0x0F));
 248   3      
 249   3                  // Reset Backup DPCD Address and Length
 250   3                  g_ucDpAuxRx0DpcdAddress = 0;
 251   3                  g_ucDpAuxRx0DpcdLength = 0;
 252   3              }
 253   2      
 254   2      #if(_DP_HDR10_SUPPORT == _ON)
 255   2      #if(_DP_HDR_VENDOR_SUPPORT != _DP_HDR_VENDOR_SUPPORT_NONE)
                      // Source R/W 00340-00359 INT
                      if(ScalerGetBit_EXINT(PB7_FB_DUMMY_1, (_BIT3 | _BIT2)) == (_BIT3 | _BIT2))
                      {
                          BYTE ucDpRxAuxCmdAddrStart = 0;
                          BYTE ucDpRxAuxCmdAddrEnd = 0;
                          BYTE ucCount = 0;
                          BYTE ucTimeout = 100;
              
                          ucDpRxAuxCmdAddrEnd = ScalerGetByte_EXINT(PB7_D4_AUX_RX_ADDR_L) - 1;
                          ucDpRxAuxCmdAddrStart = ucDpRxAuxCmdAddrEnd - (ScalerGetByte_EXINT(PB7_D5_AUX_RXLEN) & 0x0F);
              
                          // Fw handle if aux request include 00340-00359
                          if((ucDpRxAuxCmdAddrEnd >= 0x40) && (ucDpRxAuxCmdAddrStart <= 0x59))
                          {
                              // Write Cmd Reply Ack and Backup Data
                              if(ScalerGetBit_EXINT(PB7_D2_AUX_RX_CMD, (_BIT7 | _BIT6 | _BIT5 | _BIT4)) == _BIT7)
                              {
                                  // Wait Reply ACK
                                  ScalerDpRx0AuxWaitRcv_EXINT0();
              
                                  // Reset Aux FIFO
                                  ScalerSetBit_EXINT(PB7_DA_AUX_FIFO_RST, ~_BIT0, _BIT0);
              
                                  for(ucCount = ucDpRxAuxCmdAddrStart; ucCount <= ucDpRxAuxCmdAddrEnd; ucCount++)
                                  {
                                      if((ucCount >= 0x44) && (ucCount <= 0x59))
                                      {
                                          g_pucDPRx0DpcdEDpHdr[ucCount - 0x40] = ScalerGetByte_EXINT(PB7_D6_AUX_RX_DATA)
             -;
                                      }
                                      else
                                      {
                                          ScalerGetByte_EXINT(PB7_D6_AUX_RX_DATA);
                                      }
                                  }
                              }
C51 COMPILER V9.60.0.0   RL6432_SERIES_DP_INT                                              09/21/2026 15:32:56 PAGE 6   

                              // Read Cmd Reply Data
                              else if(ScalerGetBit_EXINT(PB7_D2_AUX_RX_CMD, (_BIT7 | _BIT6 | _BIT5 | _BIT4)) == (_BIT7 |
             - _BIT4))
                              {
                                  // Wait Reply Defer
                                  ScalerDpRx0AuxWaitRcv_EXINT0();
              
                                  // Wait Next Retry
                                  while((ScalerGetBit_EXINT(PB7_C7_TP1_OCCR, (_BIT2 | _BIT1 | _BIT0)) != _BIT1) && (ucTi
             -meout--))
                                  {
                                      DELAY_5US_EXINT();
                                  }
              
                                  ucDpRxAuxCmdAddrStart = ScalerGetByte_EXINT(PB7_D4_AUX_RX_ADDR_L);
                                  ucDpRxAuxCmdAddrEnd = ucDpRxAuxCmdAddrStart + (ScalerGetByte_EXINT(PB7_D5_AUX_RXLEN) &
             - 0x0F);
              
                                  // Double check aux read request include 00340-00359
                                  if((ScalerGetBit_EXINT(PB7_D2_AUX_RX_CMD, (_BIT7 | _BIT6 | _BIT5 | _BIT4)) == (_BIT7 |
             - _BIT4)) &&
                                     ((ucDpRxAuxCmdAddrEnd >= 0x40) && (ucDpRxAuxCmdAddrStart <= 0x59)))
                                  {
                                      // Reset Aux FIFO
                                      ScalerSetBit_EXINT(PB7_DA_AUX_FIFO_RST, ~_BIT0, _BIT0);
              
                                      for(ucCount = ucDpRxAuxCmdAddrStart; ucCount <= ucDpRxAuxCmdAddrEnd; ucCount++)
                                      {
                                          if((ucCount >= 0x40) && (ucCount <= 0x59))
                                          {
                                              ScalerSetByte_EXINT(PB7_D9_AUX_TX_DATA, g_pucDPRx0DpcdEDpHdr[ucCount - 0x4
             -0]);
                                          }
                                          else
                                          {
                                              ScalerSetByte_EXINT(PB7_D9_AUX_TX_DATA, 0x00);
                                          }
                                      }
                                  }
                              }
                          }
              
                          // Clear Flag
                          ScalerSetBit_EXINT(PB7_FB_DUMMY_1, ~(_BIT7 | _BIT5 | _BIT3 | _BIT1), _BIT3);
              
                          bReturnValueD0 = _TRUE;
                      }
              #endif
 334   2      #endif
 335   2      
 336   2              if((ScalerGetByte_EXINT(PB7_DD_AUX_DPCD_IRQ) & (_BIT7 | _BIT6 | _BIT5)) != 0x00)  // Write Link Co
             -nfig Field into INT0
 337   2              {
 338   3                  g_ucDpRx0TrainingPatternSet = (ScalerDpRx0GetDpcdInfo_EXINT0(0x00, 0x01, 0x02) & 0x03);
 339   3      
 340   3                  // Backup Source Write Continous 0x102 and 0x103
 341   3                  g_ucDpRx0LTPatternSet = ScalerGetByte_EXINT(PB7_DD_AUX_DPCD_IRQ);
 342   3      
 343   3                  // SVN Record 777
 344   3                  if(((GET_DP_RX0_LINK_TRAINING_STATUS() == _DP_NORMAL_TRAINING_PATTERN_1_FAIL) ||
 345   3                      (GET_DP_RX0_LINK_TRAINING_STATUS() == _DP_NORMAL_TRAINING_PATTERN_2_FAIL)) &&
 346   3                     ((g_ucDpRx0LTPatternSet & (_BIT7 | _BIT6 | _BIT5)) == _BIT6) &&
C51 COMPILER V9.60.0.0   RL6432_SERIES_DP_INT                                              09/21/2026 15:32:56 PAGE 7   

 347   3                     ((g_ucDpRx0LinkRate != ScalerDpRx0GetDpcdInfo_EXINT0(0x00, 0x01, 0x00)) ||
 348   3                      (g_ucDpRx0LaneCount != (ScalerDpRx0GetDpcdInfo_EXINT0(0x00, 0x01, 0x01) & 0x1F))))
 349   3                  {
 350   4                      g_ucDpRx0TrainingPatternSet = _DP_TRAINING_PATTERN_END;
 351   4      
 352   4                      SET_DP_RX0_LINK_TRAINING_STATUS(_DP_LINK_TRAINING_NONE);
 353   4                  }
 354   3      
 355   3                  g_ucDpRx0LinkRate = ScalerDpRx0GetDpcdInfo_EXINT0(0x00, 0x01, 0x00);
 356   3                  g_ucDpRx0LaneCount = (ScalerDpRx0GetDpcdInfo_EXINT0(0x00, 0x01, 0x01) & 0x1F);
 357   3      
 358   3                  // Clear Flag
 359   3                  ScalerSetBit_EXINT(PB7_DD_AUX_DPCD_IRQ, ~(_BIT7 | _BIT6 | _BIT5), (_BIT7 | _BIT6 | _BIT5));
 360   3      
 361   3                  switch(g_ucDpRx0TrainingPatternSet)
 362   3                  {
 363   4                      case _DP_TRAINING_PATTERN_1:
 364   4      
 365   4                          CLR_DP_RX0_BACKUP_PD_LINK_STATUS_FLG();
 366   4      
 367   4                          // Check Source Only Write 0x102 without 0x103~0x106
 368   4                          if((g_ucDpRx0LTPatternSet & (_BIT7 | _BIT5)) == _BIT7)
 369   4                          {
 370   5                              if((GET_DP_RX0_LINK_TRAINING_STATUS() != _DP_NORMAL_TRAINING_PATTERN_1_PASS) &&
 371   5                                 (GET_DP_RX0_LINK_TRAINING_STATUS() != _DP_FAKE_TRAINING_PATTERN_1_PASS) &&
 372   5                                 (GET_DP_RX0_LINK_TRAINING_STATUS() != _DP_NORMAL_TRAINING_PATTERN_1_FAIL) &&
 373   5                                 (GET_DP_RX0_LINK_TRAINING_STATUS() != _DP_FAKE_TRAINING_PATTERN_1_FAIL))
 374   5                              {
 375   6                                  ScalerDpRx0SetDpcdValue_EXINT0(0x00, 0x01, 0x03, 0x00);
 376   6                                  ScalerDpRx0SetDpcdValue_EXINT0(0x00, 0x01, 0x04, 0x00);
 377   6                                  ScalerDpRx0SetDpcdValue_EXINT0(0x00, 0x01, 0x05, 0x00);
 378   6                                  ScalerDpRx0SetDpcdValue_EXINT0(0x00, 0x01, 0x06, 0x00);
 379   6      
 380   6                                  g_ucDpRx0LinkRequest01 = 0x00;
 381   6                                  g_ucDpRx0LinkRequest23 = 0x00;
 382   6      
 383   6      #if(_DP_HBR_RBR_LT_FORCE_MARGINAL_LINK == _ON)
 384   6                                  SET_DP_RX_D0_LANE0_MARGIN_LINK_HBR_RBR();
 385   6                                  SET_DP_RX_D0_LANE1_MARGIN_LINK_HBR_RBR();
 386   6                                  SET_DP_RX_D0_LANE2_MARGIN_LINK_HBR_RBR();
 387   6                                  SET_DP_RX_D0_LANE3_MARGIN_LINK_HBR_RBR();
 388   6      #endif
 389   6                                  g_bDpRx0Tp1Initial = _TRUE;
 390   6                              }
 391   5                          }
 392   4      
 393   4                          if((GET_DP_RX0_LINK_TRAINING_STATUS() != _DP_NORMAL_TRAINING_PATTERN_1_PASS) &&
 394   4                             (GET_DP_RX0_LINK_TRAINING_STATUS() != _DP_FAKE_TRAINING_PATTERN_1_PASS))
 395   4                          {
 396   5                              if(GET_DP_RX0_FAKE_LINK_TRAINING() == _FALSE)
 397   5                              {
 398   6                                  if(ScalerDpRx0TrainingPattern1_EXINT0(_DP_NORMAL_LT) == _TRUE)
 399   6                                  {
 400   7                                      SET_DP_RX0_LINK_TRAINING_STATUS(_DP_NORMAL_TRAINING_PATTERN_1_PASS);
 401   7                                  }
 402   6                                  else
 403   6                                  {
 404   7                                      SET_DP_RX0_LINK_TRAINING_STATUS(_DP_NORMAL_TRAINING_PATTERN_1_FAIL);
 405   7                                  }
 406   6                              }
 407   5                              else
 408   5                              {
C51 COMPILER V9.60.0.0   RL6432_SERIES_DP_INT                                              09/21/2026 15:32:56 PAGE 8   

 409   6                                  if(ScalerDpRx0TrainingPattern1_EXINT0(_DP_FAKE_LT) == _TRUE)
 410   6                                  {
 411   7                                      SET_DP_RX0_LINK_TRAINING_STATUS(_DP_FAKE_TRAINING_PATTERN_1_PASS);
 412   7                                  }
 413   6                                  else
 414   6                                  {
 415   7                                      SET_DP_RX0_LINK_TRAINING_STATUS(_DP_FAKE_TRAINING_PATTERN_1_FAIL);
 416   7                                  }
 417   6                              }
 418   5                          }
 419   4      
 420   4                          bReturnValueD0 = _TRUE;
 421   4      
 422   4                          break;
 423   4      
 424   4                      case _DP_TRAINING_PATTERN_2:
 425   4                      case _DP_TRAINING_PATTERN_3:
 426   4      
 427   4                          g_bDpRx0Tp1Initial = _FALSE;
 428   4      
 429   4                          if((GET_DP_RX0_FAKE_LINK_TRAINING() == _FALSE) &&
 430   4                             ((GET_DP_RX0_LINK_TRAINING_STATUS() == _DP_NORMAL_TRAINING_PATTERN_1_PASS) ||
 431   4                              (GET_DP_RX0_LINK_TRAINING_STATUS() == _DP_NORMAL_TRAINING_PATTERN_2_FAIL)))
 432   4                          {
 433   5                              if(ScalerDpRx0TrainingPattern2_EXINT0(_DP_NORMAL_LT) == _TRUE)
 434   5                              {
 435   6                                  SET_DP_RX0_LINK_TRAINING_STATUS(_DP_NORMAL_TRAINING_PATTERN_2_PASS);
 436   6      
 437   6                                  ScalerSetBit_EXINT(PB_01_PHY_DIG_RESET_CTRL, ~(_BIT4 | _BIT3), 0x00);
 438   6                              }
 439   5                              else
 440   5                              {
 441   6                                  SET_DP_RX0_LINK_TRAINING_STATUS(_DP_NORMAL_TRAINING_PATTERN_2_FAIL);
 442   6                              }
 443   5                          }
 444   4                          else if((GET_DP_RX0_LINK_TRAINING_STATUS() == _DP_FAKE_TRAINING_PATTERN_1_PASS) ||
 445   4                                  (GET_DP_RX0_LINK_TRAINING_STATUS() == _DP_FAKE_TRAINING_PATTERN_2_FAIL) ||
 446   4                                  (GET_DP_RX0_LINK_TRAINING_STATUS() == _DP_NORMAL_TRAINING_PATTERN_1_PASS) ||
 447   4                                  (GET_DP_RX0_LINK_TRAINING_STATUS() == _DP_NORMAL_TRAINING_PATTERN_2_FAIL))
 448   4                          {
 449   5                              if(ScalerDpRx0TrainingPattern2_EXINT0(_DP_FAKE_LT) == _TRUE)
 450   5                              {
 451   6                                  SET_DP_RX0_LINK_TRAINING_STATUS(_DP_FAKE_TRAINING_PATTERN_2_PASS);
 452   6                              }
 453   5                              else
 454   5                              {
 455   6                                  SET_DP_RX0_LINK_TRAINING_STATUS(_DP_FAKE_TRAINING_PATTERN_2_FAIL);
 456   6                              }
 457   5                          }
 458   4      
 459   4                          bReturnValueD0 = _TRUE;
 460   4      
 461   4                          break;
 462   4      
 463   4                      case _DP_TRAINING_PATTERN_END:
 464   4      
 465   4                          g_bDpRx0Tp1Initial = _FALSE;
 466   4      
 467   4                          if((GET_DP_RX0_LINK_TRAINING_STATUS() == _DP_NORMAL_LINK_TRAINING_PASS) || (GET_DP_RX0
             -_LINK_TRAINING_STATUS() == _DP_NORMAL_TRAINING_PATTERN_END_REBUILD_PHY))
 468   4                          {
 469   5                              ScalerDpRx0TrainingPatternEnd_EXINT0();
C51 COMPILER V9.60.0.0   RL6432_SERIES_DP_INT                                              09/21/2026 15:32:56 PAGE 9   

 470   5                          }
 471   4                          else if((GET_DP_RX0_LINK_TRAINING_STATUS() == _DP_NORMAL_TRAINING_PATTERN_2_PASS) || (
             -GET_DP_RX0_LINK_TRAINING_STATUS() == _DP_FAKE_TRAINING_PATTERN_2_PASS))
 472   4                          {
 473   5                              ScalerDpRx0SetDpcdBitValue_EXINT0(0x00, 0x06, 0x00, ~(_BIT2 | _BIT1 | _BIT0), _BIT
             -0);
 474   5      
 475   5                              if(GET_DP_RX0_LINK_TRAINING_STATUS() == _DP_NORMAL_TRAINING_PATTERN_2_PASS)
 476   5                              {
 477   6                                  ScalerDpRx0TrainingPatternEnd_EXINT0();
 478   6      
 479   6                                  SET_DP_RX0_LINK_TRAINING_STATUS(_DP_NORMAL_TRAINING_PATTERN_END_REBUILD_PHY);
 480   6      
 481   6                                  ScalerTimerWDCancelTimerEvent_EXINT0(_SCALER_WD_TIMER_EVENT_RX0_DP_LINK_TRAINI
             -NG_REBUILD_PHY);
 482   6      
 483   6                                  ScalerTimerWDActivateTimerEvent_EXINT0(30, _SCALER_WD_TIMER_EVENT_RX0_DP_LINK_
             -TRAINING_REBUILD_PHY);
 484   6                              }
 485   5                              else
 486   5                              {
 487   6                                  SET_DP_RX0_LINK_TRAINING_STATUS(_DP_FAKE_LINK_TRAINING_PASS);
 488   6                              }
 489   5      
 490   5      #if(_DP_HBR2_MARGIN_LINK_SUPPORT == _ON)
              #if((_D6_INPUT_PORT_TYPE == _D6_DP_PORT) && (_D6_INPUT_PORT_SWITCH_FROM == _SWITCH_FROM_D0))
                                      if(GET_D6_SWITCH_SELECT() == _D0_INPUT_PORT)
                                      {
                                          CLR_DP_RX_D0_MARGIN_LINK_HBR2();
                                      }
                                      else if(GET_D6_SWITCH_SELECT() == _D6_INPUT_PORT)
                                      {
                                          CLR_DP_RX_D6_MARGIN_LINK_HBR2();
                                      }
              #else
                                      CLR_DP_RX_D0_MARGIN_LINK_HBR2();
              #endif
              #endif
 504   5                              // Set DP Receive Port0 In Sync
 505   5                              ScalerDpRx0SinkStatusSet_EXINT0(_DP_SINK_REVEICE_PORT0, _DP_SINK_IN_SYNC);
 506   5      
 507   5                              ScalerTimerCancelTimerEvent_EXINT0(_SCALER_TIMER_EVENT_DP_RX0_HDCP_LONG_HOTPLUG_EV
             -ENT);
 508   5      
 509   5                              CLR_DP_RX0_HDCP_CPIRQ();
 510   5      
 511   5      #if((_DP_HDCP_2_2_SUPPORT == _ON) && (_WD_TIMER_INT_SUPPORT == _ON))
 512   5                              ScalerTimerWDCancelTimerEvent_EXINT0(_SCALER_WD_TIMER_EVENT_DP_RX0_HDCP2_SKE);
 513   5                              ScalerTimerWDCancelTimerEvent_EXINT0(_SCALER_WD_TIMER_EVENT_DP_RX0_HDCP2_H_PRIME);
 514   5      #endif
 515   5                          }
 516   4                          else if((GET_DP_RX0_LINK_TRAINING_STATUS() == _DP_NORMAL_TRAINING_PATTERN_1_FAIL) ||
 517   4                                  (GET_DP_RX0_LINK_TRAINING_STATUS() == _DP_NORMAL_TRAINING_PATTERN_2_FAIL) ||
 518   4                                  (GET_DP_RX0_LINK_TRAINING_STATUS() == _DP_FAKE_TRAINING_PATTERN_1_FAIL) ||
 519   4                                  (GET_DP_RX0_LINK_TRAINING_STATUS() == _DP_FAKE_TRAINING_PATTERN_2_FAIL) ||
 520   4                                  (GET_DP_RX0_LINK_TRAINING_STATUS() == _DP_NORMAL_TRAINING_PATTERN_1_PASS) ||
 521   4                                  (GET_DP_RX0_LINK_TRAINING_STATUS() == _DP_FAKE_TRAINING_PATTERN_1_PASS))
 522   4                          {
 523   5                              SET_DP_RX0_LINK_TRAINING_STATUS(_DP_LINK_TRAINING_FAIL);
 524   5      
 525   5      #if(_DP_HBR2_MARGIN_LINK_SUPPORT == _ON)
              #if((_D6_INPUT_PORT_TYPE == _D6_DP_PORT) && (_D6_INPUT_PORT_SWITCH_FROM == _SWITCH_FROM_D0))
C51 COMPILER V9.60.0.0   RL6432_SERIES_DP_INT                                              09/21/2026 15:32:56 PAGE 10  

                                      if(GET_D6_SWITCH_SELECT() == _D0_INPUT_PORT)
                                      {
                                          CLR_DP_RX_D0_MARGIN_LINK_HBR2();
                                      }
                                      else if(GET_D6_SWITCH_SELECT() == _D6_INPUT_PORT)
                                      {
                                          CLR_DP_RX_D6_MARGIN_LINK_HBR2();
                                      }
              #else
                                      CLR_DP_RX_D0_MARGIN_LINK_HBR2();
              #endif
              #endif
 539   5                          }
 540   4      
 541   4                          bReturnValueD0 = _TRUE;
 542   4      
 543   4                          break;
 544   4      
 545   4                      default:
 546   4                          break;
 547   4                  }
 548   3              }
 549   2      
 550   2              ScalerSetByte_EXINT(PB7_C1_DPCD_ADDR_PORT_H, g_pucDpRx0Backup[0]);
 551   2              ScalerSetByte_EXINT(PB7_C2_DPCD_ADDR_PORT_M, g_pucDpRx0Backup[1]);
 552   2              ScalerSetByte_EXINT(PB7_C3_DPCD_ADDR_PORT_L, g_pucDpRx0Backup[2]);
 553   2      
 554   2              // Restore Dpcd Auto Inc
 555   2              ScalerSetBit_EXINT(PB7_C0_DPCD_CTRL, ~_BIT0, g_bDpRx0AutoInc);
 556   2          }
 557   1      
 558   1      #endif
 559   1      
 560   1      #if(_D1_DP_EXIST == _TRUE)
              
                  if(ScalerGetBit_EXINT(PBA_7A_AUX_DIG_PHYA, (_BIT4 | _BIT0)) == (_BIT4 | _BIT0))
                  {
                      if(ScalerGetBit_EXINT(PBA_79_AUX_DIG_PHY9, (_BIT3 | _BIT2 | _BIT1 | _BIT0)) == 0x00)
                      {
                          if((MCU_FFED_MCU_CONTROL & _BIT1) == 0x00)
                          {
                              MCU_FFE9_MCU_CLK_CONTROL_1 = (_FLASH_CLK_PS_FAST_DIV | (MCU_FFE9_MCU_CLK_CONTROL_1 & 0xF0)
             -);
                          }
              
                          // Disable Aux INT
                          ScalerSetBit_EXINT(PBA_7A_AUX_DIG_PHYA, ~_BIT4, 0x00);
              
                          // Enable GDI BandGap
                          ScalerSetBit_EXINT(P1D_14_BANDGAP_00, ~_BIT7, _BIT7);
              
                          // Disable Aux Power Saving Mode
                          ScalerSetBit_EXINT(PBA_62_AUX_2, ~_BIT1, 0x00);
              
                          // Switch Aux PHY to GDI BandGap
                          ScalerSetBit_EXINT(PBA_63_AUX_3, ~_BIT7, 0x00);
              
                          SET_DP_RX1_PS_AUX_TOGGLE();
              
                          IP = 0xA0;
              
                          // DPCD 022xxh Into INT
C51 COMPILER V9.60.0.0   RL6432_SERIES_DP_INT                                              09/21/2026 15:32:56 PAGE 11  

                          if(ScalerGetBit_EXINT(PBA_FB_DUMMY_1, (_BIT7 | _BIT6)) != (_BIT7 | _BIT6))
                          {
                              return _TRUE;
                          }
                      }
                      else
                      {
                          // Clear Aux INT flag
                          ScalerSetBit_EXINT(PBA_7A_AUX_DIG_PHYA, ~_BIT0, _BIT0);
              
                          // Clear Manchester/Stop pattern/Sync_end pattern/Byte boundary check Error
                          ScalerSetBit_EXINT(PBA_79_AUX_DIG_PHY9, ~(_BIT3 | _BIT2 | _BIT1 | _BIT0), (_BIT3 | _BIT2 | _BI
             -T1 | _BIT0));
              
                          return _TRUE;
                      }
                  }
              
                  // D1 DP Global IRQ
                  if(ScalerGetBit_EXINT(PBA_DC_AUX_IRQ_STATUS, _BIT7) == _BIT7)
                  {
                      if((MCU_FFED_MCU_CONTROL & _BIT1) == 0x00)
                      {
                          MCU_FFE9_MCU_CLK_CONTROL_1 = (_FLASH_CLK_PS_FAST_DIV | (MCU_FFE9_MCU_CLK_CONTROL_1 & 0xF0));
                      }
              
                      ScalerDpRxAuxPreIntHandler_EXINT0();
              
                      g_pucDpRx1Backup[0] = ScalerGetByte_EXINT(PBA_C1_DPCD_ADDR_PORT_H);
                      g_pucDpRx1Backup[1] = ScalerGetByte_EXINT(PBA_C2_DPCD_ADDR_PORT_M);
                      g_pucDpRx1Backup[2] = ScalerGetByte_EXINT(PBA_C3_DPCD_ADDR_PORT_L);
              
                      // Backup Dpcd Auto Inc
                      g_bDpRx1AutoInc = (ScalerGetBit_EXINT(PBA_C0_DPCD_CTRL, _BIT0) == _BIT0);
              
                      // Disable Dpcd Auto Inc
                      ScalerSetBit_EXINT(PBA_C0_DPCD_CTRL, ~_BIT0, 0x00);
              
                      // If source i2c_over_aux cmd hit slave addr = 50
                      if(ScalerGetBit_EXINT(PBA_DA_AUX_FIFO_RST, _BIT4) == _BIT4)
                      {
                          // Clear flag
                          ScalerSetBit_EXINT(PBA_DA_AUX_FIFO_RST, ~(_BIT6 | _BIT4 | _BIT1 | _BIT0), _BIT4);
              
                          // if cmd is i2c_over_aux read & addr only
                          if(((ScalerGetByte_EXINT(PBA_D2_AUX_RX_CMD) & (_BIT7 | _BIT5 | _BIT4)) == _BIT4) &&
                             (ScalerGetBit_EXINT(PBA_DB_AUX_STATUS, _BIT0) == _BIT0))
                          {
                              // RST fifo
                              ScalerSetBit_EXINT(PBA_DA_AUX_FIFO_RST, ~(_BIT6 | _BIT4 | _BIT1 | _BIT0), _BIT0);
              
                              // Force Ack
                              if(ScalerGetBit_EXINT(PBA_C7_TP1_OCCR, (_BIT2 | _BIT1 | _BIT0)) == _BIT1)
                              {
                                  ScalerSetBit_EXINT(PBA_D7_AUX_TX_CMD, ~(_BIT3 | _BIT2 | _BIT1 | _BIT0), 0x00);
                              }
                          }
              
                          bReturnValueD1 = _TRUE;
                      }
              
                      // Symbol Error Count Read IRQ
C51 COMPILER V9.60.0.0   RL6432_SERIES_DP_INT                                              09/21/2026 15:32:56 PAGE 12  

                      if(ScalerGetBit_EXINT(PBA_FB_DUMMY_1, (_BIT1 | _BIT0)) == (_BIT1 | _BIT0))
                      {
                          // Clear IRQ Flag
                          ScalerSetBit_EXINT(PBA_FB_DUMMY_1, ~(_BIT7 | _BIT5 | _BIT3 | _BIT1), _BIT1);
              
                          if(GET_DP_RX1_SOURCE_READ_ERROR_COUNT() == _FALSE)
                          {
                              // Only Reply when State Machine is at Transmit Idle Standby State
                              if(ScalerGetBit_EXINT(PBA_C7_TP1_OCCR, 0x07) == 0x02)
                              {
                                  // Reset Aux FIFO
                                  ScalerSetBit_EXINT(PBA_DA_AUX_FIFO_RST, ~_BIT0, _BIT0);
              
                                  ScalerDpRx1ErrorCounterUpdate_EXINT0();
              
                                  // Wait for RCV_STANBY, in Order to Reply AUX DEFER
                                  ScalerDpRx1AuxWaitRcv_EXINT0();
              
                                  SET_DP_RX1_SOURCE_READ_ERROR_COUNT();
                              }
                              else
                              {
                                  // Reset 8B/10B Error Counter
                                  ScalerSetBit_EXINT(PB0_08_BIST_PATTERN_SEL, ~(_BIT2 | _BIT1 | _BIT0), 0x00);
                                  ScalerSetBit_EXINT(PB0_08_BIST_PATTERN_SEL, ~(_BIT2 | _BIT1 | _BIT0), _BIT1);
                              }
                          }
                          else
                          {
                              // Update Symbol Error Count by HW Auto Reply
                              CLR_DP_RX1_SOURCE_READ_ERROR_COUNT();
              
                              // Reset 8B/10B Error Counter
                              ScalerSetBit_EXINT(PB0_08_BIST_PATTERN_SEL, ~(_BIT2 | _BIT1 | _BIT0), 0x00);
                              ScalerSetBit_EXINT(PB0_08_BIST_PATTERN_SEL, ~(_BIT2 | _BIT1 | _BIT0), _BIT1);
                          }
              
                          bReturnValueD1 = _TRUE;
                      }
                      else
                      {
                          // Reset Read Error Count Flag Beside Symbol Error Count 00210h ~ 00217h
                          CLR_DP_RX1_SOURCE_READ_ERROR_COUNT();
                      }
              
                      // DPCD 022xxh Into INT
                      if(ScalerGetBit_EXINT(PBA_FB_DUMMY_1, (_BIT7 | _BIT6)) == (_BIT7 | _BIT6))
                      {
                          WORD usDpRx1AuxAddressStart = 0;
                          WORD usDpRx1AuxAddressTerm = 0;
              
                          // Clear Flag
                          ScalerSetBit_EXINT(PBA_FB_DUMMY_1, ~(_BIT7 | _BIT5 | _BIT3 | _BIT1), _BIT7);
              
                          g_ucDpAuxRx1DpcdAddress -= g_ucDpAuxRx1DpcdLength;
              
                          usDpRx1AuxAddressTerm = ((WORD)g_ucDpAuxRx1DpcdAddress) + ((WORD)g_ucDpAuxRx1DpcdLength);
              
                          // usDpRx1AuxAddressStart = Dpcd Addr Start, usDpRx1AuxAddressTerm = Dpcd Addr End + 1
                          for(usDpRx1AuxAddressStart = ((WORD)g_ucDpAuxRx1DpcdAddress); usDpRx1AuxAddressStart < usDpRx1
             -AuxAddressTerm; usDpRx1AuxAddressStart++)
                          {
C51 COMPILER V9.60.0.0   RL6432_SERIES_DP_INT                                              09/21/2026 15:32:56 PAGE 13  

                              if(usDpRx1AuxAddressStart == 0x00)
                              {
                                  ScalerSetByte_EXINT(PBA_D9_AUX_TX_DATA, g_ucDpRx1DPCD02200hValue);
                              }
                              else if(usDpRx1AuxAddressStart == 0x01)
                              {
                                  ScalerSetByte_EXINT(PBA_D9_AUX_TX_DATA, g_ucDpRx1DPCD02201hValue);
                              }
                              else if((usDpRx1AuxAddressStart > 0x01) && (usDpRx1AuxAddressStart <= 0x0F))
                              {
                                  // Mirror Dpcd 0x00002~0x0000F
                                  ScalerSetByte_EXINT(PBA_D9_AUX_TX_DATA, ScalerDpRx1GetDpcdInfo_EXINT0(0x00, 0x00, ((BY
             -TE)usDpRx1AuxAddressStart)));
                              }
                              else if(usDpRx1AuxAddressStart == 0x10)
                              {
                                  // Set DPCD 02210h[3] = 1 --> VSC_SDP_EXTENSION_FOR_COLORIMETRY_SUPPORTED
                                  ScalerSetByte_EXINT(PBA_D9_AUX_TX_DATA, g_ucDpRx1DPCD02210hValue);
                              }
              #if(_DP_ADAPTIVESYNC_SUPPORT == _ON)
                              else if(usDpRx1AuxAddressStart == 0x14)
                              {
                                  // Set DPCD 02214h[0] = 1 --> AS SDP SUPPORTED
                                  ScalerSetByte_EXINT(PBA_D9_AUX_TX_DATA, g_ucDpRx1DPCD02214hValue);
                              }
              #endif
                              else
                              {
                                  ScalerSetByte_EXINT(PBA_D9_AUX_TX_DATA, 0x00);
                              }
                          }
              
                          // Reload The Length of Aux Message
                          ScalerSetByte_EXINT(PBA_D8_AUX_TX_LEN, (ScalerGetByte_EXINT(PBA_D5_AUX_RXLEN) & 0x0F));
              
                          // Reset Backup DPCD Address and Length
                          g_ucDpAuxRx1DpcdAddress = 0;
                          g_ucDpAuxRx1DpcdLength = 0;
                      }
              
              #if(_DP_HDR10_SUPPORT == _ON)
              #if(_DP_HDR_VENDOR_SUPPORT != _DP_HDR_VENDOR_SUPPORT_NONE)
                      // Source R/W 00340-00359 INT
                      if(ScalerGetBit_EXINT(PBA_FB_DUMMY_1, (_BIT3 | _BIT2)) == (_BIT3 | _BIT2))
                      {
                          BYTE ucDpRxAuxCmdAddrStart = 0;
                          BYTE ucDpRxAuxCmdAddrEnd = 0;
                          BYTE ucCount = 0;
                          BYTE ucTimeout = 100;
              
                          ucDpRxAuxCmdAddrEnd = ScalerGetByte_EXINT(PBA_D4_AUX_RX_ADDR_L) - 1;
                          ucDpRxAuxCmdAddrStart = ucDpRxAuxCmdAddrEnd - (ScalerGetByte_EXINT(PBA_D5_AUX_RXLEN) & 0x0F);
              
                          // Fw handle if aux request include 00340-00359
                          if((ucDpRxAuxCmdAddrEnd >= 0x40) && (ucDpRxAuxCmdAddrStart <= 0x59))
                          {
                              // Write Cmd Reply Ack and Backup Data
                              if(ScalerGetBit_EXINT(PBA_D2_AUX_RX_CMD, (_BIT7 | _BIT6 | _BIT5 | _BIT4)) == _BIT7)
                              {
                                  // Wait Reply ACK
                                  ScalerDpRx1AuxWaitRcv_EXINT0();
              
C51 COMPILER V9.60.0.0   RL6432_SERIES_DP_INT                                              09/21/2026 15:32:56 PAGE 14  

                                  // Reset Aux FIFO
                                  ScalerSetBit_EXINT(PBA_DA_AUX_FIFO_RST, ~_BIT0, _BIT0);
              
                                  for(ucCount = ucDpRxAuxCmdAddrStart; ucCount <= ucDpRxAuxCmdAddrEnd; ucCount++)
                                  {
                                      if((ucCount >= 0x44) && (ucCount <= 0x59))
                                      {
                                          g_pucDPRx1DpcdEDpHdr[ucCount - 0x40] = ScalerGetByte_EXINT(PBA_D6_AUX_RX_DATA)
             -;
                                      }
                                      else
                                      {
                                          ScalerGetByte_EXINT(PBA_D6_AUX_RX_DATA);
                                      }
                                  }
                              }
                              // Read Cmd Reply Data
                              else if(ScalerGetBit_EXINT(PBA_D2_AUX_RX_CMD, (_BIT7 | _BIT6 | _BIT5 | _BIT4)) == (_BIT7 |
             - _BIT4))
                              {
                                  // Wait Reply Defer
                                  ScalerDpRx1AuxWaitRcv_EXINT0();
              
                                  // Wait Next Retry
                                  while((ScalerGetBit_EXINT(PBA_C7_TP1_OCCR, (_BIT2 | _BIT1 | _BIT0)) != _BIT1) && (ucTi
             -meout--))
                                  {
                                      DELAY_5US_EXINT();
                                  }
              
                                  ucDpRxAuxCmdAddrStart = ScalerGetByte_EXINT(PBA_D4_AUX_RX_ADDR_L);
                                  ucDpRxAuxCmdAddrEnd = ucDpRxAuxCmdAddrStart + (ScalerGetByte_EXINT(PBA_D5_AUX_RXLEN) &
             - 0x0F);
              
                                  // Double check aux read request include 00340-00359
                                  if((ScalerGetBit_EXINT(PBA_D2_AUX_RX_CMD, (_BIT7 | _BIT6 | _BIT5 | _BIT4)) == (_BIT7 |
             - _BIT4)) &&
                                     ((ucDpRxAuxCmdAddrEnd >= 0x40) && (ucDpRxAuxCmdAddrStart <= 0x59)))
                                  {
                                      // Reset Aux FIFO
                                      ScalerSetBit_EXINT(PBA_DA_AUX_FIFO_RST, ~_BIT0, _BIT0);
              
                                      for(ucCount = ucDpRxAuxCmdAddrStart; ucCount <= ucDpRxAuxCmdAddrEnd; ucCount++)
                                      {
                                          if((ucCount >= 0x40) && (ucCount <= 0x59))
                                          {
                                              ScalerSetByte_EXINT(PBA_D9_AUX_TX_DATA, g_pucDPRx1DpcdEDpHdr[ucCount - 0x4
             -0]);
                                          }
                                          else
                                          {
                                              ScalerSetByte_EXINT(PBA_D9_AUX_TX_DATA, 0x00);
                                          }
                                      }
                                  }
                              }
                          }
              
                          // Clear Flag
                          ScalerSetBit_EXINT(PBA_FB_DUMMY_1, ~(_BIT7 | _BIT5 | _BIT3 | _BIT1), _BIT3);
              
                          bReturnValueD1 = _TRUE;
C51 COMPILER V9.60.0.0   RL6432_SERIES_DP_INT                                              09/21/2026 15:32:56 PAGE 15  

                      }
              #endif
              #endif
              
                      if((ScalerGetByte_EXINT(PBA_DD_AUX_DPCD_IRQ) & (_BIT7 | _BIT6 | _BIT5)) != 0x00)  // Write Link Co
             -nfig Field into INT0
                      {
                          g_ucDpRx1TrainingPatternSet = (ScalerDpRx1GetDpcdInfo_EXINT0(0x00, 0x01, 0x02) & 0x03);
              
                          // Backup Source Write Continous 0x102 and 0x103
                          g_ucDpRx1LTPatternSet = ScalerGetByte_EXINT(PBA_DD_AUX_DPCD_IRQ);
              
                          // SVN Record 777
                          if(((GET_DP_RX1_LINK_TRAINING_STATUS() == _DP_NORMAL_TRAINING_PATTERN_1_FAIL) ||
                              (GET_DP_RX1_LINK_TRAINING_STATUS() == _DP_NORMAL_TRAINING_PATTERN_2_FAIL)) &&
                             ((g_ucDpRx1LTPatternSet & (_BIT7 | _BIT6 | _BIT5)) == _BIT6) &&
                             ((g_ucDpRx1LinkRate != ScalerDpRx1GetDpcdInfo_EXINT0(0x00, 0x01, 0x00)) ||
                              (g_ucDpRx1LaneCount != (ScalerDpRx1GetDpcdInfo_EXINT0(0x00, 0x01, 0x01) & 0x1F))))
                          {
                              g_ucDpRx1TrainingPatternSet = _DP_TRAINING_PATTERN_END;
              
                              SET_DP_RX1_LINK_TRAINING_STATUS(_DP_LINK_TRAINING_NONE);
                          }
              
                          g_ucDpRx1LinkRate = ScalerDpRx1GetDpcdInfo_EXINT0(0x00, 0x01, 0x00);
                          g_ucDpRx1LaneCount = (ScalerDpRx1GetDpcdInfo_EXINT0(0x00, 0x01, 0x01) & 0x1F);
              
                          // Clear Flag
                          ScalerSetBit_EXINT(PBA_DD_AUX_DPCD_IRQ, ~(_BIT7 | _BIT6 | _BIT5), (_BIT7 | _BIT6 | _BIT5));
              
                          switch(g_ucDpRx1TrainingPatternSet)
                          {
                              case _DP_TRAINING_PATTERN_1:
              
                                  CLR_DP_RX1_BACKUP_PD_LINK_STATUS_FLG();
              
                                  // Check Source Only Write 0x102 without 0x103~0x106
                                  if((g_ucDpRx1LTPatternSet & (_BIT7 | _BIT5)) == _BIT7)
                                  {
                                      if((GET_DP_RX1_LINK_TRAINING_STATUS() != _DP_NORMAL_TRAINING_PATTERN_1_PASS) &&
                                         (GET_DP_RX1_LINK_TRAINING_STATUS() != _DP_FAKE_TRAINING_PATTERN_1_PASS) &&
                                         (GET_DP_RX1_LINK_TRAINING_STATUS() != _DP_NORMAL_TRAINING_PATTERN_1_FAIL) &&
                                         (GET_DP_RX1_LINK_TRAINING_STATUS() != _DP_FAKE_TRAINING_PATTERN_1_FAIL))
                                      {
                                          ScalerDpRx1SetDpcdValue_EXINT0(0x00, 0x01, 0x03, 0x00);
                                          ScalerDpRx1SetDpcdValue_EXINT0(0x00, 0x01, 0x04, 0x00);
                                          ScalerDpRx1SetDpcdValue_EXINT0(0x00, 0x01, 0x05, 0x00);
                                          ScalerDpRx1SetDpcdValue_EXINT0(0x00, 0x01, 0x06, 0x00);
              
                                          g_ucDpRx1LinkRequest01 = 0x00;
                                          g_ucDpRx1LinkRequest23 = 0x00;
              
              #if(_DP_HBR_RBR_LT_FORCE_MARGINAL_LINK == _ON)
                                          SET_DP_RX_D1_LANE0_MARGIN_LINK_HBR_RBR();
                                          SET_DP_RX_D1_LANE1_MARGIN_LINK_HBR_RBR();
                                          SET_DP_RX_D1_LANE2_MARGIN_LINK_HBR_RBR();
                                          SET_DP_RX_D1_LANE3_MARGIN_LINK_HBR_RBR();
              #endif
                                          g_bDpRx1Tp1Initial = _TRUE;
                                      }
                                  }
              
C51 COMPILER V9.60.0.0   RL6432_SERIES_DP_INT                                              09/21/2026 15:32:56 PAGE 16  

                                  if((GET_DP_RX1_LINK_TRAINING_STATUS() != _DP_NORMAL_TRAINING_PATTERN_1_PASS) &&
                                     (GET_DP_RX1_LINK_TRAINING_STATUS() != _DP_FAKE_TRAINING_PATTERN_1_PASS))
                                  {
                                      if(GET_DP_RX1_FAKE_LINK_TRAINING() == _FALSE)
                                      {
                                          if(ScalerDpRx1TrainingPattern1_EXINT0(_DP_NORMAL_LT) == _TRUE)
                                          {
                                              SET_DP_RX1_LINK_TRAINING_STATUS(_DP_NORMAL_TRAINING_PATTERN_1_PASS);
                                          }
                                          else
                                          {
                                              SET_DP_RX1_LINK_TRAINING_STATUS(_DP_NORMAL_TRAINING_PATTERN_1_FAIL);
                                          }
                                      }
                                      else
                                      {
                                          if(ScalerDpRx1TrainingPattern1_EXINT0(_DP_FAKE_LT) == _TRUE)
                                          {
                                              SET_DP_RX1_LINK_TRAINING_STATUS(_DP_FAKE_TRAINING_PATTERN_1_PASS);
                                          }
                                          else
                                          {
                                              SET_DP_RX1_LINK_TRAINING_STATUS(_DP_FAKE_TRAINING_PATTERN_1_FAIL);
                                          }
                                      }
                                  }
              
                                  bReturnValueD1 = _TRUE;
              
                                  break;
              
                              case _DP_TRAINING_PATTERN_2:
                              case _DP_TRAINING_PATTERN_3:
              
                                  g_bDpRx1Tp1Initial = _FALSE;
              
                                  if((GET_DP_RX1_FAKE_LINK_TRAINING() == _FALSE) &&
                                     ((GET_DP_RX1_LINK_TRAINING_STATUS() == _DP_NORMAL_TRAINING_PATTERN_1_PASS) ||
                                      (GET_DP_RX1_LINK_TRAINING_STATUS() == _DP_NORMAL_TRAINING_PATTERN_2_FAIL)))
                                  {
                                      if(ScalerDpRx1TrainingPattern2_EXINT0(_DP_NORMAL_LT) == _TRUE)
                                      {
                                          SET_DP_RX1_LINK_TRAINING_STATUS(_DP_NORMAL_TRAINING_PATTERN_2_PASS);
              
                                          ScalerSetBit_EXINT(PB0_01_PHY_DIG_RESET_CTRL, ~(_BIT4 | _BIT3), 0x00);
                                      }
                                      else
                                      {
                                          SET_DP_RX1_LINK_TRAINING_STATUS(_DP_NORMAL_TRAINING_PATTERN_2_FAIL);
                                      }
                                  }
                                  else if((GET_DP_RX1_LINK_TRAINING_STATUS() == _DP_FAKE_TRAINING_PATTERN_1_PASS) ||
                                          (GET_DP_RX1_LINK_TRAINING_STATUS() == _DP_FAKE_TRAINING_PATTERN_2_FAIL) ||
                                          (GET_DP_RX1_LINK_TRAINING_STATUS() == _DP_NORMAL_TRAINING_PATTERN_1_PASS) ||
                                          (GET_DP_RX1_LINK_TRAINING_STATUS() == _DP_NORMAL_TRAINING_PATTERN_2_FAIL))
                                  {
                                      if(ScalerDpRx1TrainingPattern2_EXINT0(_DP_FAKE_LT) == _TRUE)
                                      {
                                          SET_DP_RX1_LINK_TRAINING_STATUS(_DP_FAKE_TRAINING_PATTERN_2_PASS);
                                      }
                                      else
                                      {
C51 COMPILER V9.60.0.0   RL6432_SERIES_DP_INT                                              09/21/2026 15:32:56 PAGE 17  

                                          SET_DP_RX1_LINK_TRAINING_STATUS(_DP_FAKE_TRAINING_PATTERN_2_FAIL);
                                      }
                                  }
              
                                  bReturnValueD1 = _TRUE;
              
                                  break;
              
                              case _DP_TRAINING_PATTERN_END:
              
                                  g_bDpRx1Tp1Initial = _FALSE;
              
                                  if((GET_DP_RX1_LINK_TRAINING_STATUS() == _DP_NORMAL_LINK_TRAINING_PASS) || (GET_DP_RX1
             -_LINK_TRAINING_STATUS() == _DP_NORMAL_TRAINING_PATTERN_END_REBUILD_PHY))
                                  {
                                      ScalerDpRx1TrainingPatternEnd_EXINT0();
                                  }
                                  else if((GET_DP_RX1_LINK_TRAINING_STATUS() == _DP_NORMAL_TRAINING_PATTERN_2_PASS) || (
             -GET_DP_RX1_LINK_TRAINING_STATUS() == _DP_FAKE_TRAINING_PATTERN_2_PASS))
                                  {
                                      ScalerDpRx1SetDpcdBitValue_EXINT0(0x00, 0x06, 0x00, ~(_BIT2 | _BIT1 | _BIT0), _BIT
             -0);
              
                                      if(GET_DP_RX1_LINK_TRAINING_STATUS() == _DP_NORMAL_TRAINING_PATTERN_2_PASS)
                                      {
                                          ScalerDpRx1TrainingPatternEnd_EXINT0();
              
                                          SET_DP_RX1_LINK_TRAINING_STATUS(_DP_NORMAL_TRAINING_PATTERN_END_REBUILD_PHY);
              
                                          ScalerTimerWDCancelTimerEvent_EXINT0(_SCALER_WD_TIMER_EVENT_RX1_DP_LINK_TRAINI
             -NG_REBUILD_PHY);
              
                                          ScalerTimerWDActivateTimerEvent_EXINT0(30, _SCALER_WD_TIMER_EVENT_RX1_DP_LINK_
             -TRAINING_REBUILD_PHY);
                                      }
                                      else
                                      {
                                          SET_DP_RX1_LINK_TRAINING_STATUS(_DP_FAKE_LINK_TRAINING_PASS);
                                      }
              
              #if(_DP_HBR2_MARGIN_LINK_SUPPORT == _ON)
                                      CLR_DP_RX_D1_MARGIN_LINK_HBR2();
              #endif
                                      // Set DP Receive Port0 In Sync
                                      ScalerDpRx1SinkStatusSet_EXINT0(_DP_SINK_REVEICE_PORT0, _DP_SINK_IN_SYNC);
              
                                      ScalerTimerCancelTimerEvent_EXINT0(_SCALER_TIMER_EVENT_DP_RX1_HDCP_LONG_HOTPLUG_EV
             -ENT);
              
                                      CLR_DP_RX1_HDCP_CPIRQ();
              
              #if((_DP_HDCP_2_2_SUPPORT == _ON) && (_WD_TIMER_INT_SUPPORT == _ON))
                                      ScalerTimerWDCancelTimerEvent_EXINT0(_SCALER_WD_TIMER_EVENT_DP_RX1_HDCP2_SKE);
                                      ScalerTimerWDCancelTimerEvent_EXINT0(_SCALER_WD_TIMER_EVENT_DP_RX1_HDCP2_H_PRIME);
              #endif
                                  }
                                  else if((GET_DP_RX1_LINK_TRAINING_STATUS() == _DP_NORMAL_TRAINING_PATTERN_1_FAIL) ||
                                          (GET_DP_RX1_LINK_TRAINING_STATUS() == _DP_NORMAL_TRAINING_PATTERN_2_FAIL) ||
                                          (GET_DP_RX1_LINK_TRAINING_STATUS() == _DP_FAKE_TRAINING_PATTERN_1_FAIL) ||
                                          (GET_DP_RX1_LINK_TRAINING_STATUS() == _DP_FAKE_TRAINING_PATTERN_2_FAIL) ||
                                          (GET_DP_RX1_LINK_TRAINING_STATUS() == _DP_NORMAL_TRAINING_PATTERN_1_PASS) ||
                                          (GET_DP_RX1_LINK_TRAINING_STATUS() == _DP_FAKE_TRAINING_PATTERN_1_PASS))
C51 COMPILER V9.60.0.0   RL6432_SERIES_DP_INT                                              09/21/2026 15:32:56 PAGE 18  

                                  {
                                      SET_DP_RX1_LINK_TRAINING_STATUS(_DP_LINK_TRAINING_FAIL);
              
              #if(_DP_HBR2_MARGIN_LINK_SUPPORT == _ON)
                                      CLR_DP_RX_D1_MARGIN_LINK_HBR2();
              #endif
                                  }
              
                                  bReturnValueD1 = _TRUE;
              
                                  break;
              
                              default:
                                  break;
                          }
                      }
              
                      ScalerSetByte_EXINT(PBA_C1_DPCD_ADDR_PORT_H, g_pucDpRx1Backup[0]);
                      ScalerSetByte_EXINT(PBA_C2_DPCD_ADDR_PORT_M, g_pucDpRx1Backup[1]);
                      ScalerSetByte_EXINT(PBA_C3_DPCD_ADDR_PORT_L, g_pucDpRx1Backup[2]);
              
                      // Restore Dpcd Auto Inc
                      ScalerSetBit_EXINT(PBA_C0_DPCD_CTRL, ~_BIT0, g_bDpRx1AutoInc);
                  }
              
              #endif
1032   1      
1033   1          if((bReturnValueD0 == _TRUE) || (bReturnValueD1 == _TRUE))
1034   1          {
1035   2              ScalerDpExitIntSetting_EXINT0();
1036   2      
1037   2              return _TRUE;
1038   2          }
1039   1      
1040   1          return _FALSE;
1041   1      }
1042          
1043          //--------------------------------------------------
1044          // Description  : DP Int Handler
1045          // Input Value  : None
1046          // Output Value : None
1047          //--------------------------------------------------
1048          void ScalerDpIntHandler_EXINT0(void) using 1
1049          {
1050   1      #if(_D0_DP_EXIST == _ON)
1051   1          ScalerDpRx0IntHandler_EXINT0();
1052   1      #endif
1053   1      
1054   1      #if(_D1_DP_EXIST == _ON)
                  ScalerDpRx1IntHandler_EXINT0();
              #endif
1057   1      }
1058          
1059          #if(_WD_TIMER_INT_SUPPORT == _ON)
1060          //--------------------------------------------------
1061          // Description  : Handle DP Related WD Timer Event
1062          // Input Value  : ucEventID
1063          // Output Value : None
1064          //--------------------------------------------------
1065          void ScalerDpWDTimerEventProc_WDINT(EnumScalerWDTimerEventID enumEventID) using 3
1066          {
1067   1          BYTE ucTemp = 0;
C51 COMPILER V9.60.0.0   RL6432_SERIES_DP_INT                                              09/21/2026 15:32:56 PAGE 19  

1068   1      
1069   1          switch(enumEventID)
1070   1          {
1071   2      #if(_D0_DP_EXIST == _ON)
1072   2      
1073   2              case _SCALER_WD_TIMER_EVENT_RX0_DP_LINK_TRAINING_REBUILD_PHY:
1074   2      
1075   2                  if(GET_DP_RX0_LINK_TRAINING_STATUS() == _DP_NORMAL_TRAINING_PATTERN_END_REBUILD_PHY)
1076   2                  {
1077   3                      ucTemp = ScalerGetByte_EXINT(PB7_D0_AUX_MODE_SET);
1078   3      
1079   3                      if((ucTemp & _BIT1) == _BIT1)
1080   3                      {
1081   4                          SET_DP_RX0_AUX_MANUAL_MODE_EXINT();
1082   4                      }
1083   3      
1084   3                      ScalerDpRx0RebuildPhy_WDINT(ScalerDpRx0GetDpcdInfo_WDINT(0x00, 0x01, 0x00));
1085   3      
1086   3                      SET_DP_RX0_LINK_TRAINING_STATUS(_DP_NORMAL_LINK_TRAINING_PASS);
1087   3                      SET_DP_RX0_NORMAL_LINK_TRAINING_SETPHY_FINISH();
1088   3      
1089   3                      // De-Skew Circuit Reset
1090   3                      ScalerSetBit_EXINT(PB_0E_DESKEW_PHY, ~(_BIT7 | _BIT6), 0x00);
1091   3                      ScalerSetBit_EXINT(PB_0E_DESKEW_PHY, ~(_BIT7 | _BIT6), _BIT6);
1092   3      
1093   3                      // Mac Reset After Link Clock Stable
1094   3                      ScalerSetBit_EXINT(PB_01_PHY_DIG_RESET_CTRL, ~_BIT1, _BIT1);
1095   3                      ScalerSetBit_EXINT(PB_01_PHY_DIG_RESET_CTRL, ~_BIT1, 0x00);
1096   3      
1097   3                      // Delay Time us [150,x] Delay for Lane Alignment after Mac Reset
1098   3                      DELAY_XUS_EXINT(150);
1099   3      
1100   3      #if((_DP_MST_SUPPORT == _ON) && (_DP_TX_SUPPORT == _ON))
                              if(g_enumDpMSTCapablePort == _DP_MST_RX0_PORT)
                              {
                                  // Reset Daisy Chain Async-fifo
                                  ScalerSetBit_EXINT(PA_00_MST2SST_RESET, ~_BIT6, _BIT6);
                                  ScalerSetBit_EXINT(PA_00_MST2SST_RESET, ~_BIT6, 0x00);
                              }
              #endif
1108   3      
1109   3                      ScalerDpRx0DecodeErrorCountReset_WDINT();
1110   3      
1111   3                      if((ucTemp & _BIT1) == _BIT1)
1112   3                      {
1113   4                          SET_DP_RX0_AUX_AUTO_MODE_EXINT();
1114   4                      }
1115   3                  }
1116   2      
1117   2                  break;
1118   2      #endif
1119   2      
1120   2      #if(_D1_DP_EXIST == _ON)
              
                      case _SCALER_WD_TIMER_EVENT_RX1_DP_LINK_TRAINING_REBUILD_PHY:
              
                          if(GET_DP_RX1_LINK_TRAINING_STATUS() == _DP_NORMAL_TRAINING_PATTERN_END_REBUILD_PHY)
                          {
                              ucTemp = ScalerGetByte_EXINT(PBA_D0_AUX_MODE_SET);
              
                              if((ucTemp & _BIT1) == _BIT1)
                              {
C51 COMPILER V9.60.0.0   RL6432_SERIES_DP_INT                                              09/21/2026 15:32:56 PAGE 20  

                                  SET_DP_RX1_AUX_MANUAL_MODE_EXINT();
                              }
              
                              ScalerDpRx1RebuildPhy_WDINT(ScalerDpRx1GetDpcdInfo_WDINT(0x00, 0x01, 0x00));
              
                              SET_DP_RX1_LINK_TRAINING_STATUS(_DP_NORMAL_LINK_TRAINING_PASS);
                              SET_DP_RX1_NORMAL_LINK_TRAINING_SETPHY_FINISH();
              
                              // De-Skew Circuit Reset
                              ScalerSetBit_EXINT(PB0_0E_DESKEW_PHY, ~(_BIT7 | _BIT6), 0x00);
                              ScalerSetBit_EXINT(PB0_0E_DESKEW_PHY, ~(_BIT7 | _BIT6), _BIT6);
              
                              // Mac Reset After Link Clock Stable
                              ScalerSetBit_EXINT(PB0_01_PHY_DIG_RESET_CTRL, ~_BIT1, _BIT1);
                              ScalerSetBit_EXINT(PB0_01_PHY_DIG_RESET_CTRL, ~_BIT1, 0x00);
              
                              // Delay Time us [150,x] Delay for Lane Alignment after Mac Reset
                              DELAY_XUS_EXINT(150);
              
              #if((_DP_MST_SUPPORT == _ON) && (_DP_TX_SUPPORT == _ON))
                              if(g_enumDpMSTCapablePort == _DP_MST_RX1_PORT)
                              {
                                  // Reset Daisy Chain Async-fifo
                                  ScalerSetBit_EXINT(PA_00_MST2SST_RESET, ~_BIT6, _BIT6);
                                  ScalerSetBit_EXINT(PA_00_MST2SST_RESET, ~_BIT6, 0x00);
                              }
              #endif
              
                              ScalerDpRx1DecodeErrorCountReset_WDINT();
              
                              if((ucTemp & _BIT1) == _BIT1)
                              {
                                  SET_DP_RX1_AUX_AUTO_MODE_EXINT();
                              }
                          }
              
                          break;
              #endif
1168   2      
1169   2              default:
1170   2                  break;
1171   2          }
1172   1      }
1173          
1174          //--------------------------------------------------
1175          // Description  : DP Dpcd Port Access Backup
1176          // Input Value  : None
1177          // Output Value : None
1178          //--------------------------------------------------
1179          void ScalerDpRxDpcdPortAccessBackup_WDINT(void) using 3
1180          {
1181   1      #if(_D0_DP_EXIST == _ON)
1182   1          g_pucDpRx0Backup[0] = ScalerGetByte_EXINT(PB7_C1_DPCD_ADDR_PORT_H);
1183   1          g_pucDpRx0Backup[1] = ScalerGetByte_EXINT(PB7_C2_DPCD_ADDR_PORT_M);
1184   1          g_pucDpRx0Backup[2] = ScalerGetByte_EXINT(PB7_C3_DPCD_ADDR_PORT_L);
1185   1      
1186   1          // Backup Dpcd Auto Inc
1187   1          g_bDpRx0AutoInc = (ScalerGetBit_EXINT(PB7_C0_DPCD_CTRL, _BIT0) == _BIT0);
1188   1      
1189   1          // Disable Dpcd Auto Inc
1190   1          ScalerSetBit_EXINT(PB7_C0_DPCD_CTRL, ~_BIT0, 0x00);
1191   1      #endif
C51 COMPILER V9.60.0.0   RL6432_SERIES_DP_INT                                              09/21/2026 15:32:56 PAGE 21  

1192   1      
1193   1      #if(_D1_DP_EXIST == _ON)
                  g_pucDpRx1Backup[0] = ScalerGetByte_EXINT(PBA_C1_DPCD_ADDR_PORT_H);
                  g_pucDpRx1Backup[1] = ScalerGetByte_EXINT(PBA_C2_DPCD_ADDR_PORT_M);
                  g_pucDpRx1Backup[2] = ScalerGetByte_EXINT(PBA_C3_DPCD_ADDR_PORT_L);
              
                  // Backup Dpcd Auto Inc
                  g_bDpRx1AutoInc = (ScalerGetBit_EXINT(PBA_C0_DPCD_CTRL, _BIT0) == _BIT0);
              
                  // Disable Dpcd Auto Inc
                  ScalerSetBit_EXINT(PBA_C0_DPCD_CTRL, ~_BIT0, 0x00);
              #endif
1204   1      }
1205          
1206          //--------------------------------------------------
1207          // Description  : DP Dpcd Port Access Backup Restore
1208          // Input Value  : None
1209          // Output Value : None
1210          //--------------------------------------------------
1211          void ScalerDpRxDpcdPortAccessBackupRestore_WDINT(void) using 3
1212          {
1213   1      #if(_D0_DP_EXIST == _ON)
1214   1          ScalerSetByte_EXINT(PB7_C1_DPCD_ADDR_PORT_H, g_pucDpRx0Backup[0]);
1215   1          ScalerSetByte_EXINT(PB7_C2_DPCD_ADDR_PORT_M, g_pucDpRx0Backup[1]);
1216   1          ScalerSetByte_EXINT(PB7_C3_DPCD_ADDR_PORT_L, g_pucDpRx0Backup[2]);
1217   1      
1218   1          // Restore Dpcd Auto Inc
1219   1          ScalerSetBit_EXINT(PB7_C0_DPCD_CTRL, ~_BIT0, g_bDpRx0AutoInc);
1220   1      #endif
1221   1      
1222   1      #if(_D1_DP_EXIST == _ON)
                  ScalerSetByte_EXINT(PBA_C1_DPCD_ADDR_PORT_H, g_pucDpRx1Backup[0]);
                  ScalerSetByte_EXINT(PBA_C2_DPCD_ADDR_PORT_M, g_pucDpRx1Backup[1]);
                  ScalerSetByte_EXINT(PBA_C3_DPCD_ADDR_PORT_L, g_pucDpRx1Backup[2]);
              
                  // Restore Dpcd Auto Inc
                  ScalerSetBit_EXINT(PBA_C0_DPCD_CTRL, ~_BIT0, g_bDpRx1AutoInc);
              #endif
1230   1      }
1231          #endif
1232          
1233          //--------------------------------------------------
1234          // Description  : Handle the DP settings when exiting sysint
1235          // Input Value  : None
1236          // Output Value : None
1237          //--------------------------------------------------
1238          void ScalerDpExitIntSetting_EXINT0(void) using 1
1239          {
1240   1      #if(_D0_DP_EXIST == _ON)
1241   1          // Aux Hardware Control
1242   1          SET_DP_RX0_AUX_AUTO_MODE_EXINT();
1243   1      #endif
1244   1      
1245   1      #if(_D1_DP_EXIST == _ON)
                  // Aux Hardware Control
                  SET_DP_RX1_AUX_AUTO_MODE_EXINT();
              #endif
1249   1      }
1250          #endif // #if(_DP_SUPPORT == _ON)


MODULE INFORMATION:   STATIC OVERLAYABLE
C51 COMPILER V9.60.0.0   RL6432_SERIES_DP_INT                                              09/21/2026 15:32:56 PAGE 22  

   CODE SIZE        =   1526    ----
   CONSTANT SIZE    =   ----    ----
   XDATA SIZE       =   ----       7
   PDATA SIZE       =   ----    ----
   DATA SIZE        =   ----    ----
   IDATA SIZE       =   ----    ----
   BIT SIZE         =   ----       2
END OF MODULE INFORMATION.


C51 COMPILATION COMPLETE.  0 WARNING(S),  0 ERROR(S)
