C51 COMPILER V9.60.0.0   RL6432_SERIES_TIMERFUNCTION                                       09/18/2026 20:39:30 PAGE 1   


C51 COMPILER V9.60.0.0, COMPILATION OF MODULE RL6432_SERIES_TIMERFUNCTION
OBJECT MODULE PLACED IN .\Output\RL6432_Project\RL6432_Series_TimerFunction.obj
COMPILER INVOKED BY: C:\Keil_v5\C51\BIN\C51.EXE Kernel\Scaler\RL6432_Series_Scaler\Code\RL6432_Series_TimerFunction.c LA
                    -RGE OPTIMIZE(9,SPEED) INCDIR(.\Output\RL6432;.\Project\Header;.\Pcb;.\Panel;.\Kernel\Device\Header;.\Kernel\Common;.\Ker
                    -nel\System\Header;.\Kernel\Scaler\ScalerFunction\Header;.\Kernel\Scaler\ScalerCommonFunction\Header;.\Kernel\Scaler\Scal
                    -erFunction\Lib\Header;.\Kernel\Scaler\ScalerCommonFunction\Lib\Header;.\Kernel\Scaler\RL6432_Series_Scaler\Header;.\Kern
                    -el\Scaler\RL6432_Series_Common\Header;.\Kernel\Scaler\RL6432_Series_Scaler\Lib\Header;.\Kernel\Scaler\RL6432_Series_Comm
                    -on\Lib\Header;.\Kernel\User Common Function\Header;.\User\RTD Series\RTD2014Function\Header;.\User\RTD Series\RTD2014Osd
                    -\Header;.\User\RTD Factory\Header;.\User\None Series\NoneFunction\Header;.\User\None Series\NoneOsd\Header;.\User\None F
                    -actory\Header) DEFINE(_PROJECT=_RL6432_PROJECT,_SCALER_TYPE=_RL6432_SERIES) DEBUG OBJECTEXTEND PRINT(.\Output\RL6432_Pro
                    -ject\RL6432_Series_TimerFunction.lst) TABS(2) OBJECT(.\Output\RL6432_Project\RL6432_Series_TimerFunction.obj)

line level    source

   1          /********************************************************************************/
   2          /*   Copyright (c) 2021 Realtek Semiconductor Corp. All rights reserved.        */
   3          /*                                                                              */
   4          /*   SPDX-License-Identifier: LicenseRef-Realtek-Proprietary                    */
   5          /*                                                                              */
   6          /*   This software component is confidential and proprietary to Realtek         */
   7          /*   Semiconductor Corp. Disclosure, reproduction, redistribution, in whole     */
   8          /*   or in part, of this work and its derivatives without express permission    */
   9          /*   is prohibited.                                                             */
  10          /********************************************************************************/
  11          
  12          //----------------------------------------------------------------------------------------------------
  13          // ID Code      : RL6432_Series_TimerFunction.c No.0000
  14          // Update Note  :
  15          //----------------------------------------------------------------------------------------------------
  16          
  17          #include "ScalerFunctionInclude.h"
  18          
  19          //****************************************************************************
  20          // DEFINITIONS / MACROS
  21          //****************************************************************************
  22          
  23          //****************************************************************************
  24          // STRUCT / TYPE / ENUM DEFINITTIONS
  25          //****************************************************************************
  26          
  27          //****************************************************************************
  28          // CODE TABLES
  29          //****************************************************************************
  30          
  31          //****************************************************************************
  32          // VARIABLE DECLARATIONS
  33          //****************************************************************************
  34          
  35          //****************************************************************************
  36          // FUNCTION DECLARATIONS
  37          //****************************************************************************
  38          void ScalerTimerClrEventStatus(EnumWaitEventType enumEvent);
  39          void ScalerTimerClrEventStatusbyReg(EnumWaitEventType enumEvent);
  40          
  41          #if(((_OD_SUPPORT == _ON) && (_FRC_SUPPORT == _ON)) || (_DRR_MOTION_BLUR_REDUCTION_SUPPORT == _ON))
  42          void ScalerTimerClrEventStatusbyFlag(EnumWaitEventType enumEvent);
  43          #endif
  44          
  45          BYTE ScalerTimerGetEventStatus(EnumWaitEventType enumEvent);
  46          BYTE ScalerTimerGetEventStatusbyReg(EnumWaitEventType enumEvent);
  47          
C51 COMPILER V9.60.0.0   RL6432_SERIES_TIMERFUNCTION                                       09/18/2026 20:39:30 PAGE 2   

  48          #if(((_OD_SUPPORT == _ON) && (_FRC_SUPPORT == _ON)) || (_DRR_MOTION_BLUR_REDUCTION_SUPPORT == _ON))
  49          BYTE ScalerTimerGetEventStatusbyFlag(EnumWaitEventType enumEvent);
  50          #endif
  51          
  52          //****************************************************************************
  53          // FUNCTION DEFINITIONS
  54          //****************************************************************************
  55          //--------------------------------------------------
  56          // Description  : Clear Event Status
  57          // Input Value  : enumEvent   --> Specified event
  58          // Output Value : None
  59          //--------------------------------------------------
  60          void ScalerTimerClrEventStatus(EnumWaitEventType enumEvent)
  61          {
  62   1          switch(enumEvent)
  63   1          {
  64   2              case _EVENT_IVS:
  65   2              case _EVENT_IEN_STOP:
  66   2              case _EVENT_ALL:
  67   2              default:
  68   2                  ScalerTimerClrEventStatusbyReg(enumEvent);
  69   2                  break;
  70   2      
  71   2              case _EVENT_DEN_START:
  72   2                  // Total
  73   2      #if((_OD_SUPPORT == _ON) && (_FRC_SUPPORT == _ON))
  74   2                  if(ScalerGetBit(P0_05_IRQ_CTRL1, _BIT3) == _BIT3)
  75   2                  {
  76   3                      ScalerTimerClrEventStatusbyFlag(enumEvent);
  77   3                  }
  78   2                  else
  79   2      #endif
  80   2                  {
  81   3                      ScalerTimerClrEventStatusbyReg(enumEvent);
  82   3                  }
  83   2      
  84   2                  break;
  85   2      
  86   2              case _EVENT_DEN_STOP:
  87   2      #if((_MOTION_BLUR_REDUCTION_SUPPORT == _ON) && (_DRR_MOTION_BLUR_REDUCTION_SUPPORT == _ON))
                          if(ScalerGetBit(P0_05_IRQ_CTRL1, _BIT5) == _BIT5)
                          {
                              ScalerTimerClrEventStatusbyFlag(enumEvent);
                          }
                          else
              #endif
  94   2                  {
  95   3                      ScalerTimerClrEventStatusbyReg(enumEvent);
  96   3                  }
  97   2      
  98   2                  break;
  99   2          }
 100   1      }
 101          
 102          //--------------------------------------------------
 103          // Description  : Clear Register Event Status
 104          // Input Value  : enumEvent   --> Specified event
 105          // Output Value : None
 106          //--------------------------------------------------
 107          void ScalerTimerClrEventStatusbyReg(EnumWaitEventType enumEvent)
 108          {
 109   1          switch(enumEvent)
C51 COMPILER V9.60.0.0   RL6432_SERIES_TIMERFUNCTION                                       09/18/2026 20:39:30 PAGE 3   

 110   1          {
 111   2              case _EVENT_DEN_START:
 112   2                  // Total
 113   2                  ScalerSetBit(P0_05_IRQ_CTRL1, ~(_BIT6 | _BIT4 | _BIT2), _BIT2);
 114   2                  break;
 115   2      
 116   2              case _EVENT_DEN_STOP:
 117   2                  // Total
 118   2                  ScalerSetBit(P0_05_IRQ_CTRL1, ~(_BIT6 | _BIT4 | _BIT2), _BIT4);
 119   2                  break;
 120   2      
 121   2              case _EVENT_ALL:
 122   2                  ScalerSetBit(P0_05_IRQ_CTRL1, ~(_BIT6 | _BIT4 | _BIT2), (_BIT4 | _BIT2));
 123   2                  ScalerSetByte(P0_03_STATUS1, (_BIT7 | _BIT6 | _BIT3 | _BIT2 | _BIT1 | _BIT0));
 124   2                  break;
 125   2      
 126   2              case _EVENT_IVS:
 127   2              case _EVENT_IEN_STOP:
 128   2              default:
 129   2                  ScalerSetByte(P0_03_STATUS1, enumEvent);
 130   2                  break;
 131   2          }
 132   1      }
 133          
 134          #if(((_OD_SUPPORT == _ON) && (_FRC_SUPPORT == _ON)) || (_DRR_MOTION_BLUR_REDUCTION_SUPPORT == _ON))
 135          //--------------------------------------------------
 136          // Description  : Clear Flag Event Status
 137          // Input Value  : enumEvent   --> Specified event
 138          // Output Value : None
 139          //--------------------------------------------------
 140          void ScalerTimerClrEventStatusbyFlag(EnumWaitEventType enumEvent)
 141          {
 142   1          switch(enumEvent)
 143   1          {
 144   2      #if((_OD_SUPPORT == _ON) && (_FRC_SUPPORT == _ON))
 145   2              case _EVENT_DEN_START:
 146   2                  SET_EVENT_DEN_START_INT(_FALSE);
 147   2                  break;
 148   2      #endif
 149   2      #if(_DRR_MOTION_BLUR_REDUCTION_SUPPORT == _ON)
                      case _EVENT_DEN_STOP:
                          SET_EVENT_DEN_STOP_INT(_FALSE);
                          break;
              #endif
 154   2      
 155   2              default:
 156   2                  break;
 157   2          }
 158   1      }
 159          #endif
 160          
 161          //--------------------------------------------------
 162          // Description  : Hold until the specified event occurs
 163          // Input Value  : enumEvent   --> Specified event
 164          // Output Value : Return _TRUE if event occurs
 165          //--------------------------------------------------
 166          BYTE ScalerTimerGetEventStatus(EnumWaitEventType enumEvent)
 167          {
 168   1          switch(enumEvent)
 169   1          {
 170   2              case _EVENT_IVS:
 171   2              case _EVENT_IEN_STOP:
C51 COMPILER V9.60.0.0   RL6432_SERIES_TIMERFUNCTION                                       09/18/2026 20:39:30 PAGE 4   

 172   2              case _EVENT_ALL:
 173   2              default:
 174   2                  return ScalerTimerGetEventStatusbyReg(enumEvent);
 175   2      
 176   2              case _EVENT_DEN_START:
 177   2                  // Total
 178   2      #if((_OD_SUPPORT == _ON) && (_FRC_SUPPORT == _ON))
 179   2                  if(ScalerGetBit(P0_05_IRQ_CTRL1, _BIT3) == _BIT3)
 180   2                  {
 181   3                      return ScalerTimerGetEventStatusbyFlag(enumEvent);
 182   3                  }
 183   2                  else
 184   2      #endif
 185   2                  {
 186   3                      return ScalerTimerGetEventStatusbyReg(enumEvent);
 187   3                  }
 188   2      
 189   2              case _EVENT_DEN_STOP:
 190   2      #if(_DRR_MOTION_BLUR_REDUCTION_SUPPORT == _ON)
                          if(ScalerGetBit(P0_05_IRQ_CTRL1, _BIT5) == _BIT5)
                          {
                              return ScalerTimerGetEventStatusbyFlag(enumEvent);
                          }
                          else
              #endif
 197   2                  {
 198   3                      return ScalerTimerGetEventStatusbyReg(enumEvent);
 199   3                  }
 200   2          }
 201   1      }
 202          
 203          //--------------------------------------------------
 204          // Description  : Hold until the specified event occurs by register
 205          // Input Value  : enumEvent   --> Specified event
 206          // Output Value : Return _TRUE if event occurs
 207          //--------------------------------------------------
 208          BYTE ScalerTimerGetEventStatusbyReg(EnumWaitEventType enumEvent)
 209          {
 210   1          switch(enumEvent)
 211   1          {
 212   2              case _EVENT_DEN_START:
 213   2                  // Total
 214   2                  return ((ScalerGetByte(P0_05_IRQ_CTRL1) & _BIT2) << 2);
 215   2      
 216   2              case _EVENT_DEN_STOP:
 217   2                  // Total
 218   2                  return ((ScalerGetByte(P0_05_IRQ_CTRL1) & _BIT4) << 1);
 219   2      
 220   2              case _EVENT_ALL:
 221   2                  return (((ScalerGetByte(P0_05_IRQ_CTRL1) & _BIT2) << 2) |
 222   2                          ((ScalerGetByte(P0_05_IRQ_CTRL1) & _BIT4) << 1) |
 223   2                          (ScalerGetByte(P0_03_STATUS1) & (_BIT7 | _BIT6 | _BIT3 | _BIT2 | _BIT1 | _BIT0)));
 224   2      
 225   2              case _EVENT_IVS:
 226   2              case _EVENT_IEN_STOP:
 227   2              default:
 228   2                  return (ScalerGetByte(P0_03_STATUS1) & enumEvent);
 229   2          }
 230   1      }
 231          
 232          #if(((_OD_SUPPORT == _ON) && (_FRC_SUPPORT == _ON)) || (_DRR_MOTION_BLUR_REDUCTION_SUPPORT == _ON))
 233          //--------------------------------------------------
C51 COMPILER V9.60.0.0   RL6432_SERIES_TIMERFUNCTION                                       09/18/2026 20:39:30 PAGE 5   

 234          // Description  : Hold until the specified event occurs by flag
 235          // Input Value  : enumEvent   --> Specified event
 236          // Output Value : Return _TRUE if event occurs
 237          //--------------------------------------------------
 238          BYTE ScalerTimerGetEventStatusbyFlag(EnumWaitEventType enumEvent)
 239          {
 240   1          switch(enumEvent)
 241   1          {
 242   2      #if((_OD_SUPPORT == _ON) && (_FRC_SUPPORT == _ON))
 243   2              case _EVENT_DEN_START:
 244   2                  // Total
 245   2                  return GET_EVENT_DEN_START_INT();
 246   2      #endif
 247   2      #if(_DRR_MOTION_BLUR_REDUCTION_SUPPORT == _ON)
                      case _EVENT_DEN_STOP:
                          return GET_EVENT_DEN_STOP_INT();
              #endif
 251   2              default:
 252   2                  return _FALSE;
 253   2          }
 254   1      }
 255          #endif
 256          


MODULE INFORMATION:   STATIC OVERLAYABLE
   CODE SIZE        =    229    ----
   CONSTANT SIZE    =   ----    ----
   XDATA SIZE       =   ----       2
   PDATA SIZE       =   ----    ----
   DATA SIZE        =   ----    ----
   IDATA SIZE       =   ----    ----
   BIT SIZE         =   ----    ----
END OF MODULE INFORMATION.


C51 COMPILATION COMPLETE.  0 WARNING(S),  0 ERROR(S)
