C51 COMPILER V9.60.0.0   RL6432_SERIES_FORMATCONVERSION                                    09/21/2026 15:33:01 PAGE 1   


C51 COMPILER V9.60.0.0, COMPILATION OF MODULE RL6432_SERIES_FORMATCONVERSION
OBJECT MODULE PLACED IN .\Output\RL6432_Project\RL6432_Series_FormatConversion.obj
COMPILER INVOKED BY: C:\Keil_v5\C51\BIN\C51.EXE Kernel\Scaler\RL6432_Series_Scaler\Code\RL6432_Series_FormatConversion.c
                    - LARGE OPTIMIZE(9,SPEED) INCDIR(.\Output\RL6432;.\Project\Header;.\Pcb;.\Panel;.\Kernel\Device\Header;.\Kernel\Common;.\
                    -Kernel\System\Header;.\Kernel\Scaler\ScalerFunction\Header;.\Kernel\Scaler\ScalerCommonFunction\Header;.\Kernel\Scaler\S
                    -calerFunction\Lib\Header;.\Kernel\Scaler\ScalerCommonFunction\Lib\Header;.\Kernel\Scaler\RL6432_Series_Scaler\Header;.\K
                    -ernel\Scaler\RL6432_Series_Common\Header;.\Kernel\Scaler\RL6432_Series_Scaler\Lib\Header;.\Kernel\Scaler\RL6432_Series_C
                    -ommon\Lib\Header;.\Kernel\User Common Function\Header;.\User\RTD Series\RTD2014Function\Header;.\User\RTD Series\RTD2014
                    -Osd\Header;.\User\RTD Factory\Header;.\User\None Series\NoneFunction\Header;.\User\None Series\NoneOsd\Header;.\User\Non
                    -e Factory\Header) DEFINE(_PROJECT=_RL6432_PROJECT,_SCALER_TYPE=_RL6432_SERIES) DEBUG OBJECTEXTEND PRINT(.\Output\RL6432_
                    -Project\RL6432_Series_FormatConversion.lst) TABS(2) OBJECT(.\Output\RL6432_Project\RL6432_Series_FormatConversion.obj)

line level    source

   1          /********************************************************************************/
   2          /*   Copyright (c) 2021 Realtek Semiconductor Corp. All rights reserved.        */
   3          /*                                                                              */
   4          /*   SPDX-License-Identifier: LicenseRef-Realtek-Proprietary                    */
   5          /*                                                                              */
   6          /*   This software component is confidential and proprietary to Realtek         */
   7          /*   Semiconductor Corp. Disclosure, reproduction, redistribution, in whole     */
   8          /*   or in part, of this work and its derivatives without express permission    */
   9          /*   is prohibited.                                                             */
  10          /********************************************************************************/
  11          
  12          //----------------------------------------------------------------------------------------------------
  13          // ID Code      : RL6432_Series_FormatConversion.c No.0000
  14          // Update Note  :
  15          //----------------------------------------------------------------------------------------------------
  16          
  17          #include "ScalerFunctionInclude.h"
  18          
  19          //****************************************************************************
  20          // DEFINITIONS / MACROS
  21          //****************************************************************************
  22          
  23          
  24          //****************************************************************************
  25          // STRUCT / TYPE / ENUM DEFINITTIONS
  26          //****************************************************************************
  27          
  28          
  29          //****************************************************************************
  30          // CODE TABLES
  31          //****************************************************************************
  32          
  33          
  34          //****************************************************************************
  35          // VARIABLE DECLARATIONS
  36          //****************************************************************************
  37          
  38          //****************************************************************************
  39          // FUNCTION DECLARATIONS
  40          //****************************************************************************
  41          void ScalerFmtCnvInitialSetting(EnumSourceSearchPort enumSourceSearchPort);
  42          EnumFormatConversionSourceType ScalerFmtCnvGetSourceType(void);
  43          
  44          //****************************************************************************
  45          // FUNCTION DEFINITIONS
  46          //****************************************************************************
  47          //--------------------------------------------------
C51 COMPILER V9.60.0.0   RL6432_SERIES_FORMATCONVERSION                                    09/21/2026 15:33:01 PAGE 2   

  48          // Description  : Initialize for format conversion
  49          // Input Value  : enumSourceSearchPort --> input port
  50          // Output Value : None
  51          //--------------------------------------------------
  52          void ScalerFmtCnvInitialSetting(EnumSourceSearchPort enumSourceSearchPort)
  53          {
  54   1          switch(enumSourceSearchPort)
  55   1          {
  56   2              case _A0_INPUT_PORT:
  57   2      
  58   2                  // Set source index to A0
  59   2                  ScalerSetBit(P31_00_FC_INPUT_SEL_P01, ~(_BIT7 | _BIT6 | _BIT5 | _BIT4), (_FC_SOURCE_ADC << 4))
             -;
  60   2                  break;
  61   2      
  62   2              case _D0_INPUT_PORT:
  63   2      
  64   2      #if((_D6_INPUT_PORT_TYPE != _D6_NO_PORT) && (_D6_INPUT_PORT_SWITCH_FROM == _SWITCH_FROM_D0))
                      case _D6_INPUT_PORT:
              #endif
  67   2                  // Set source index to D0
  68   2                  ScalerSetBit(P31_00_FC_INPUT_SEL_P01, ~(_BIT7 | _BIT6 | _BIT5 | _BIT4), (_FC_SOURCE_D0 << 4));
  69   2                  break;
  70   2      
  71   2              case _D1_INPUT_PORT:
  72   2      
  73   2      #if(_D1_DP_EXIST == _ON)
                          // Set source index to D1
                          ScalerSetBit(P31_00_FC_INPUT_SEL_P01, ~(_BIT7 | _BIT6 | _BIT5 | _BIT4), (_FC_SOURCE_D1 << 4));
              #else
  77   2                  // Set source index to D2
  78   2                  ScalerSetBit(P31_00_FC_INPUT_SEL_P01, ~(_BIT7 | _BIT6 | _BIT5 | _BIT4), (_FC_SOURCE_D2 << 4));
  79   2      #endif
  80   2                  break;
  81   2      
  82   2              case _D2_INPUT_PORT:
  83   2      
  84   2      #if(_D2_INPUT_PORT_TYPE == _D2_DUAL_DVI_PORT)
                          if(ScalerDualLinkDVIRx2GetDualDVIMode() == _TRUE)
                          {
                              // Set source index to DUAL DVI
                              ScalerSetBit(P31_00_FC_INPUT_SEL_P01, ~(_BIT7 | _BIT6 | _BIT5 | _BIT4), (_FC_SOURCE_DUAL_D
             -VI << 4));
                          }
                          else
              #endif
  92   2                  {
  93   3                      // Set source index to D2
  94   3                      ScalerSetBit(P31_00_FC_INPUT_SEL_P01, ~(_BIT7 | _BIT6 | _BIT5 | _BIT4), (_FC_SOURCE_D2 << 
             -4));
  95   3                  }
  96   2      
  97   2                  break;
  98   2      
  99   2              case _D3_INPUT_PORT:
 100   2      
 101   2                  // Set source index to D3
 102   2                  ScalerSetBit(P31_00_FC_INPUT_SEL_P01, ~(_BIT7 | _BIT6 | _BIT5 | _BIT4), (_FC_SOURCE_D3 << 4));
 103   2                  break;
 104   2      
 105   2              default:
 106   2                  break;
C51 COMPILER V9.60.0.0   RL6432_SERIES_FORMATCONVERSION                                    09/21/2026 15:33:01 PAGE 3   

 107   2          }
 108   1      }
 109          
 110          //--------------------------------------------------
 111          // Description  : Show format conversion input source
 112          // Input Value  : NONE
 113          // Output Value : Current format conversino source
 114          //--------------------------------------------------
 115          EnumFormatConversionSourceType ScalerFmtCnvGetSourceType(void)
 116          {
 117   1          return (EnumFormatConversionSourceType)(ScalerGetBit(P31_00_FC_INPUT_SEL_P01, (_BIT7 | _BIT6 | _BIT5 |
             - _BIT4)) >> 4);
 118   1      }
 119          


MODULE INFORMATION:   STATIC OVERLAYABLE
   CODE SIZE        =     73    ----
   CONSTANT SIZE    =   ----    ----
   XDATA SIZE       =   ----    ----
   PDATA SIZE       =   ----    ----
   DATA SIZE        =   ----    ----
   IDATA SIZE       =   ----    ----
   BIT SIZE         =   ----    ----
END OF MODULE INFORMATION.


C51 COMPILATION COMPLETE.  0 WARNING(S),  0 ERROR(S)
