C51 COMPILER V9.60.0.0   RL6432_SERIES_GDIPHY                                              09/21/2026 15:33:02 PAGE 1   


C51 COMPILER V9.60.0.0, COMPILATION OF MODULE RL6432_SERIES_GDIPHY
OBJECT MODULE PLACED IN .\Output\RL6432_Project\RL6432_Series_GDIPhy.obj
COMPILER INVOKED BY: C:\Keil_v5\C51\BIN\C51.EXE Kernel\Scaler\RL6432_Series_Scaler\Code\RL6432_Series_GDIPhy.c LARGE OPT
                    -IMIZE(9,SPEED) INCDIR(.\Output\RL6432;.\Project\Header;.\Pcb;.\Panel;.\Kernel\Device\Header;.\Kernel\Common;.\Kernel\Sys
                    -tem\Header;.\Kernel\Scaler\ScalerFunction\Header;.\Kernel\Scaler\ScalerCommonFunction\Header;.\Kernel\Scaler\ScalerFunct
                    -ion\Lib\Header;.\Kernel\Scaler\ScalerCommonFunction\Lib\Header;.\Kernel\Scaler\RL6432_Series_Scaler\Header;.\Kernel\Scal
                    -er\RL6432_Series_Common\Header;.\Kernel\Scaler\RL6432_Series_Scaler\Lib\Header;.\Kernel\Scaler\RL6432_Series_Common\Lib\
                    -Header;.\Kernel\User Common Function\Header;.\User\RTD Series\RTD2014Function\Header;.\User\RTD Series\RTD2014Osd\Header
                    -;.\User\RTD Factory\Header;.\User\None Series\NoneFunction\Header;.\User\None Series\NoneOsd\Header;.\User\None Factory\
                    -Header) DEFINE(_PROJECT=_RL6432_PROJECT,_SCALER_TYPE=_RL6432_SERIES) DEBUG OBJECTEXTEND PRINT(.\Output\RL6432_Project\RL
                    -6432_Series_GDIPhy.lst) TABS(2) OBJECT(.\Output\RL6432_Project\RL6432_Series_GDIPhy.obj)

line level    source

   1          /********************************************************************************/
   2          /*   Copyright (c) 2021 Realtek Semiconductor Corp. All rights reserved.        */
   3          /*                                                                              */
   4          /*   SPDX-License-Identifier: LicenseRef-Realtek-Proprietary                    */
   5          /*                                                                              */
   6          /*   This software component is confidential and proprietary to Realtek         */
   7          /*   Semiconductor Corp. Disclosure, reproduction, redistribution, in whole     */
   8          /*   or in part, of this work and its derivatives without express permission    */
   9          /*   is prohibited.                                                             */
  10          /********************************************************************************/
  11          
  12          //----------------------------------------------------------------------------------------------------
  13          // ID Code      : RL6432_Series_GDIPhy.c No.0000
  14          // Update Note  :
  15          //----------------------------------------------------------------------------------------------------
  16          
  17          #define __RL6432_SERIES_GDIPHY__
  18          
  19          #include "ScalerFunctionInclude.h"
  20          
  21          
  22          //****************************************************************************
  23          // DEFINITIONS / MACROS
  24          //****************************************************************************
  25          #define _MHL_1K                                 7
  26          #define _MHL_100K                               8
  27          
  28          
  29          //****************************************************************************
  30          // STRUCT / TYPE / ENUM DEFINITTIONS
  31          //****************************************************************************
  32          
  33          
  34          //****************************************************************************
  35          // CODE TABLES
  36          //****************************************************************************
  37          
  38          
  39          //****************************************************************************
  40          // VARIABLE DECLARATIONS
  41          //****************************************************************************
  42          
  43          
  44          //****************************************************************************
  45          // FUNCTION DECLARATIONS
  46          //****************************************************************************
  47          void ScalerGDIPhyBandgap(bit bSelect);
C51 COMPILER V9.60.0.0   RL6432_SERIES_GDIPHY                                              09/21/2026 15:33:02 PAGE 2   

  48          
  49          #if(_DIGITAL_PORT_SUPPORT == _ON)
  50          void ScalerGDIPhyZ0Switch(BYTE ucPortSelect, bit bSelect);
  51          void ScalerGDIPhyPowerProc(BYTE ucPortSelect, EnumPowerAction enumPowerAction);
  52          void ScalerGDIPhyDigitalPhySwitch(BYTE ucInputPort);
  53          #endif
  54          
  55          #if(_D0_INPUT_PORT_TYPE != _D0_NO_PORT)
  56          void ScalerGDIPhyRx0PowerProc(EnumPowerAction enumPowerAction);
  57          void ScalerGDIPhyRx0Z0Switch(bit bSelect);
  58          void ScalerGDIPhyRx0Power(EnumPowerAction enumPowerAction);
  59          #endif
  60          
  61          #if(_D1_INPUT_PORT_TYPE != _D1_NO_PORT)
              void ScalerGDIPhyRx1PowerProc(EnumPowerAction enumPowerAction);
              void ScalerGDIPhyRx1Z0Switch(bit bSelect);
              void ScalerGDIPhyRx1Power(EnumPowerAction enumPowerAction);
              #endif
  66          
  67          #if(_D2_INPUT_PORT_TYPE != _D2_NO_PORT)
              void ScalerGDIPhyRx2PowerProc(EnumPowerAction enumPowerAction);
              void ScalerGDIPhyRx2Z0Switch(bit bSelect);
              void ScalerGDIPhyRx2Power(EnumPowerAction enumPowerAction);
              #endif
  72          
  73          #if((_D3_INPUT_PORT_TYPE != _D3_NO_PORT) || (_D2_INPUT_PORT_TYPE == _D2_DUAL_DVI_PORT))
  74          void ScalerGDIPhyRx3PowerProc(EnumPowerAction enumPowerAction);
  75          void ScalerGDIPhyRx3Z0Switch(bit bSelect);
  76          void ScalerGDIPhyRx3Power(EnumPowerAction enumPowerAction);
  77          #endif
  78          
  79          //****************************************************************************
  80          // FUNCTION DEFINITIONS
  81          //****************************************************************************
  82          //--------------------------------------------------
  83          // Description  : GDI Bandgap
  84          // Input Value  : ON/OFF
  85          // Output Value : None
  86          //--------------------------------------------------
  87          void ScalerGDIPhyBandgap(bit bSelect)
  88          {
  89   1          // [4] reg_en_vtest_hiz = 0 --> Enable Vtest HIZ Mode
  90   1          ScalerSetBit(P1D_1C_CMU_02, ~_BIT4, 0x00);
  91   1          ScalerSetBit(P7A_1C_CMU_02, ~_BIT4, 0x00);
  92   1          ScalerSetBit(P7B_1C_CMU_02, ~_BIT4, 0x00);
  93   1          ScalerSetBit(P7C_1C_CMU_02, ~_BIT4, 0x00);
  94   1      
  95   1          // [7:6] reg_offcal_range = 2'b11 --> 75uA
  96   1          ScalerSetBit(P1D_26_KOFFSET_02, ~(_BIT7 | _BIT6), (_BIT7 | _BIT6));
  97   1          ScalerSetBit(P7A_26_KOFFSET_02, ~(_BIT7 | _BIT6), (_BIT7 | _BIT6));
  98   1          ScalerSetBit(P7B_26_KOFFSET_02, ~(_BIT7 | _BIT6), (_BIT7 | _BIT6));
  99   1          ScalerSetBit(P7C_26_KOFFSET_02, ~(_BIT7 | _BIT6), (_BIT7 | _BIT6));
 100   1      
 101   1          // [0] PLL_WD_EN = 1'b0 --> Disable WD
 102   1          ScalerSetBit(P1D_0F_WD, ~_BIT0, 0x00);
 103   1          ScalerSetBit(P7A_0F_WD, ~_BIT0, 0x00);
 104   1          ScalerSetBit(P7B_0F_WD, ~_BIT0, 0x00);
 105   1          ScalerSetBit(P7C_0F_WD, ~_BIT0, 0x00);
 106   1      
 107   1          // [7:5] reg_adp_time = 3'b010 --> DP PHY DFE delay_time = 16*(1/14.318)*(reg_adp_time[2:0]+1) = 3.35u
             -s
 108   1          ScalerSetBit(P1D_2D_ANA_CDR_02, ~(_BIT7 | _BIT6 | _BIT5), _BIT6);
C51 COMPILER V9.60.0.0   RL6432_SERIES_GDIPHY                                              09/21/2026 15:33:02 PAGE 3   

 109   1          ScalerSetBit(P7A_2D_ANA_CDR_02, ~(_BIT7 | _BIT6 | _BIT5), _BIT6);
 110   1      
 111   1          // [6:4] reg_adp_time = 3'b010 --> HDMI PHY DFE delay_time = 16*(1/14.318)*(reg_adp_time[2:0]+1) = 3.3
             -5us
 112   1          ScalerSetBit(P7B_2C_ANA_CDR_02, ~(_BIT6 | _BIT5 | _BIT4), _BIT5);
 113   1          ScalerSetBit(P7C_2C_ANA_CDR_02, ~(_BIT6 | _BIT5 | _BIT4), _BIT5);
 114   1      
 115   1          // [5] reg_Hybrid = 1'b0 --> Disable Hybrid Mode in DP PHY
 116   1          ScalerSetBit(P1D_27_KOFFSET_03, ~_BIT5, 0x00);
 117   1          ScalerSetBit(P7A_27_KOFFSET_03, ~_BIT5, 0x00);
 118   1      
 119   1          // [6] reg_Hybrid = 1'b0 --> Disable Hybrid Mode in HDMI PHY
 120   1          ScalerSetBit(P7B_28_KOFFSET_04, ~_BIT6, 0x00);
 121   1          ScalerSetBit(P7C_28_KOFFSET_04, ~_BIT6, 0x00);
 122   1      
 123   1          // [3] EN_ENHANCE_BIAS = 1 --> Enhance Clock Lane Input Buffer Bias Current
 124   1          // [2] PSM = 1'b1 --> Enable HDMI Clock Switch
 125   1      #if(_D0_INPUT_PORT_TYPE == _D0_DP_PORT)
 126   1          // [2] PSM = 0 for DP
 127   1          ScalerSetBit(P1D_17_BANDGAP_03, ~(_BIT3 | _BIT2), _BIT3);
 128   1      #else
                  ScalerSetBit(P1D_17_BANDGAP_03, ~(_BIT3 | _BIT2), (_BIT3 | _BIT2));
              #endif
 131   1      
 132   1      #if(_D1_INPUT_PORT_TYPE == _D1_DP_PORT)
                  // [2] PSM = 0 for DP
                  ScalerSetBit(P7A_17_BANDGAP_03, ~(_BIT3 | _BIT2), _BIT3);
              #else
 136   1          ScalerSetBit(P7A_17_BANDGAP_03, ~(_BIT3 | _BIT2), (_BIT3 | _BIT2));
 137   1      #endif
 138   1      
 139   1          ScalerSetBit(P7B_17_BANDGAP_03, ~(_BIT3 | _BIT2), (_BIT3 | _BIT2));
 140   1          ScalerSetBit(P7C_17_BANDGAP_03, ~(_BIT3 | _BIT2), (_BIT3 | _BIT2));
 141   1      
 142   1          // [2] HST_BUF_SEL = 1'b0 --> Disable Hysteresis Amplifier in Clock Lane
 143   1          ScalerSetBit(P1D_1B_CMU_01, ~_BIT2, 0x00);
 144   1          ScalerSetBit(P7A_1B_CMU_01, ~_BIT2, 0x00);
 145   1      
 146   1          if(bSelect == _ON)
 147   1          {
 148   2              ////////////////
 149   2              // BangGap EN //
 150   2              ////////////////
 151   2      
 152   2              // [7] EN_GDI_BG = 1'b1 --> GDI BG Power On
 153   2              // [6:5] RBG = 2'b00 --> BG = 1.245V
 154   2              ScalerSetBit(P1D_14_BANDGAP_00, ~(_BIT6 | _BIT5), 0x00);
 155   2              ScalerSetBit(P1D_14_BANDGAP_00, ~_BIT7, _BIT7);
 156   2      
 157   2              // HDMI Clock Gating to Measure Block
 158   2              ScalerSetBit(P71_E1_AUX_PS_REPLY, ~_BIT7, _BIT7);
 159   2              ScalerSetBit(P72_E1_AUX_PS_REPLY, ~_BIT7, _BIT7);
 160   2      
 161   2      #if(_SOURCE_BACKGROUND_DETECT_SUPPORT == _ON)
              
              #if(_D0_INPUT_PORT_TYPE == _D0_DP_PORT)
                      // D0 [7:4] rx_en, [3:0] CDR_en always on
                      ScalerSetByte(P1D_1A_CMU_00, 0xFF);
                      // ACDR_en always on
                      ScalerSetBit(P1D_2A_KOFFSET_06, ~(_BIT7 | _BIT6), (_BIT7 | _BIT6));
                      ScalerSetBit(P1D_2B_KOFFSET_07, ~(_BIT7 | _BIT6), (_BIT7 | _BIT6));
                      // CMU PLL Always On
C51 COMPILER V9.60.0.0   RL6432_SERIES_GDIPHY                                              09/21/2026 15:33:02 PAGE 4   

                      ScalerSetBit(P1D_1B_CMU_01, ~_BIT7, _BIT7);
              #endif
              
              #if(_D1_INPUT_PORT_TYPE != _D1_NO_PORT)
                      // D1 [7:4] rx_en, [3:0] CDR_en always on
                      ScalerSetByte(P7A_1A_CMU_00, 0xFF);
                      // ACDR_en always on
                      ScalerSetBit(P7A_2A_KOFFSET_06, ~(_BIT7 | _BIT6), (_BIT7 | _BIT6));
                      ScalerSetBit(P7A_2B_KOFFSET_07, ~(_BIT7 | _BIT6), (_BIT7 | _BIT6));
                      // CMU PLL Always On
                      ScalerSetBit(P7A_1B_CMU_01, ~_BIT7, _BIT7);
              #endif
              
              #if(_D2_INPUT_PORT_TYPE != _D2_NO_PORT)
                      // D2 [7:4] rx_en, [3:0] CDR_en always on
                      ScalerSetByte(P7B_1A_CMU_00, 0xFF);
              #endif
              
              #if(_D3_INPUT_PORT_TYPE != _D3_NO_PORT)
                      // D3 [7:4] rx_en, [3:0] CDR_en always on
                      ScalerSetByte(P7C_1A_CMU_00, 0xFF);
              #endif
              
              #endif
 194   2              //////////////
 195   2              // Z0 AutoK //
 196   2              //////////////
 197   2      
 198   2              // [5] ibhx_ref_sel = 0 --> Vref = VBG
 199   2              ScalerSetBit(P1D_15_BANDGAP_01, ~_BIT5, 0x00);
 200   2      
 201   2              // [1] Z0_AUTOK = 1 --> Z0 Auto K
 202   2              ScalerSetBit(P1D_14_BANDGAP_00, ~_BIT1, _BIT1);
 203   2      
 204   2              // [0] Z0_rstb = 1 -> 0 -> 1 --> 50ohm Auto Calibration
 205   2              ScalerSetBit(P1D_14_BANDGAP_00, ~_BIT0, _BIT0);
 206   2              ScalerSetBit(P1D_14_BANDGAP_00, ~_BIT0, 0x00);
 207   2              ScalerSetBit(P1D_14_BANDGAP_00, ~_BIT0, _BIT0);
 208   2      
 209   2              // Delay Time us [85,x] Waiting for Calibration
 210   2              DELAY_XUS(85);
 211   2      
 212   2      #if(_D0_INPUT_PORT_TYPE == _D0_DP_PORT)
 213   2              // [0] Analog Select to DP
 214   2              ScalerSetBit(P1D_17_BANDGAP_03, ~_BIT0, _BIT0);
 215   2      
 216   2              // Enable Z0
 217   2              ScalerSetBit(P1D_18_IMPEDANCE_00, ~(_BIT7 | _BIT6 | _BIT5 | _BIT4), (_BIT7 | _BIT6 | _BIT5 | _BIT4
             -));
 218   2      #endif
 219   2      
 220   2      #if(_D1_INPUT_PORT_TYPE == _D1_DP_PORT)
                      // [0] Analog Select to DP
                      ScalerSetBit(P7A_17_BANDGAP_03, ~_BIT0, _BIT0);
              
                      // Enable Z0
                      ScalerSetBit(P7A_18_IMPEDANCE_00, ~(_BIT7 | _BIT6 | _BIT5 | _BIT4), (_BIT7 | _BIT6 | _BIT5 | _BIT4
             -));
              #endif
 227   2      
 228   2      #if((_D1_INPUT_PORT_TYPE == _D1_MHL_PORT) || (_D2_INPUT_PORT_TYPE == _D2_MHL_PORT))
                      // Set 1k Manual Code
C51 COMPILER V9.60.0.0   RL6432_SERIES_GDIPHY                                              09/21/2026 15:33:02 PAGE 5   

                      ScalerSetByte(P27_A2_CBUS_RES_AUTOK_0, _MHL_1K);
              
                      // Set 100k Manual Code
                      ScalerSetByte(P27_A3_CBUS_RES_AUTOK_1, _MHL_100K);
              #endif
 235   2      
 236   2      #if(_D3_INPUT_PORT_TYPE == _D3_MHL_PORT)
                      // Set 1k Manual Code
                      ScalerSetByte(P67_A2_CBUS_RES_AUTOK_0, _MHL_1K);
              
                      // Set 100k Manual Code
                      ScalerSetByte(P67_A3_CBUS_RES_AUTOK_1, _MHL_100K);
              #endif
 243   2          }
 244   1          else
 245   1          {
 246   2      #if(_MHL_SUPPORT == _ON)
                      // Check All CBUS Mac are not in Active State
                      if((ScalerGetBit(P2A_A4_CBUS_CTRL_04, _BIT0) == 0x00) && (ScalerGetBit(P68_A4_CBUS_CTRL_04, _BIT0)
             - == 0x00))
              #endif
 250   2              {
 251   3                  // [7] EN_GDI_BG = 1'b0 --> GDI BG Power Off
 252   3                  ScalerSetBit(P1D_14_BANDGAP_00, ~_BIT7, 0x00);
 253   3              }
 254   2          }
 255   1      }
 256          
 257          #if(_DIGITAL_PORT_SUPPORT == _ON)
 258          //--------------------------------------------------
 259          // Description  : GDI Z0 Switch
 260          // Input Value  : D0~D5 Port ; Z0 ON/OFF
 261          // Output Value : None
 262          //--------------------------------------------------
 263          void ScalerGDIPhyZ0Switch(BYTE ucPortSelect, bit bSelect)
 264          {
 265   1          bSelect = bSelect;
 266   1      
 267   1          switch(ucPortSelect)
 268   1          {
 269   2              case _D0_INPUT_PORT:
 270   2      
 271   2      #if(_D0_INPUT_PORT_TYPE != _D0_NO_PORT)
 272   2                  ScalerGDIPhyRx0Z0Switch(bSelect);
 273   2      #endif
 274   2      
 275   2                  break;
 276   2      
 277   2              case _D1_INPUT_PORT:
 278   2      
 279   2      #if(_D1_INPUT_PORT_TYPE != _D1_NO_PORT)
                          ScalerGDIPhyRx1Z0Switch(bSelect);
              #endif
 282   2      
 283   2                  break;
 284   2      
 285   2              case _D2_INPUT_PORT:
 286   2      
 287   2      #if(_D2_INPUT_PORT_TYPE != _D2_NO_PORT)
                          ScalerGDIPhyRx2Z0Switch(bSelect);
              #endif
 290   2      
C51 COMPILER V9.60.0.0   RL6432_SERIES_GDIPHY                                              09/21/2026 15:33:02 PAGE 6   

 291   2                  break;
 292   2      
 293   2      
 294   2              case _D3_INPUT_PORT:
 295   2      
 296   2      #if((_D3_INPUT_PORT_TYPE != _D3_NO_PORT) || (_D2_INPUT_PORT_TYPE == _D2_DUAL_DVI_PORT))
 297   2                  ScalerGDIPhyRx3Z0Switch(bSelect);
 298   2      #endif
 299   2      
 300   2                  break;
 301   2      
 302   2              default:
 303   2      
 304   2                  break;
 305   2          }
 306   1      }
 307          
 308          //--------------------------------------------------
 309          // Description  : GDI Power Process
 310          // Input Value  : None
 311          // Output Value : None
 312          //--------------------------------------------------
 313          void ScalerGDIPhyPowerProc(BYTE ucPortSelect, EnumPowerAction enumPowerAction)
 314          {
 315   1          enumPowerAction = enumPowerAction;
 316   1      
 317   1          switch(ucPortSelect)
 318   1          {
 319   2      #if(_A0_INPUT_PORT_TYPE != _A0_NO_PORT)
 320   2              case _A0_INPUT_PORT:
 321   2      
 322   2                  break;
 323   2      #endif
 324   2      
 325   2      #if(_D0_INPUT_PORT_TYPE != _D0_NO_PORT)
 326   2              case _D0_INPUT_PORT:
 327   2      
 328   2                  ScalerGDIPhyRx0PowerProc(enumPowerAction);
 329   2      
 330   2                  break;
 331   2      #endif
 332   2      
 333   2      #if(_D1_INPUT_PORT_TYPE != _D1_NO_PORT)
                      case _D1_INPUT_PORT:
              
                          ScalerGDIPhyRx1PowerProc(enumPowerAction);
              
                          break;
              #endif
 340   2      
 341   2      #if(_D2_INPUT_PORT_TYPE != _D2_NO_PORT)
                      case _D2_INPUT_PORT:
              
                          ScalerGDIPhyRx2PowerProc(enumPowerAction);
              
                          break;
              #endif
 348   2      
 349   2      #if((_D3_INPUT_PORT_TYPE != _D3_NO_PORT) || (_D2_INPUT_PORT_TYPE == _D2_DUAL_DVI_PORT))
 350   2              case _D3_INPUT_PORT:
 351   2      
 352   2                  ScalerGDIPhyRx3PowerProc(enumPowerAction);
C51 COMPILER V9.60.0.0   RL6432_SERIES_GDIPHY                                              09/21/2026 15:33:02 PAGE 7   

 353   2      
 354   2                  break;
 355   2      #endif
 356   2      
 357   2              default:
 358   2      
 359   2                  break;
 360   2          }
 361   1      }
 362          
 363          //--------------------------------------------------
 364          // Description  : GDI Digital Phy Switch
 365          // Input Value  : Port Type
 366          // Output Value : None
 367          //--------------------------------------------------
 368          void ScalerGDIPhyDigitalPhySwitch(BYTE ucInputPort)
 369          {
 370   1          switch(ucInputPort)
 371   1          {
 372   2      #if((_D1_INPUT_PORT_TYPE != _D1_NO_PORT) && (_D1_INPUT_PORT_TYPE != _D1_DP_PORT))
                      case _D1_INPUT_PORT:
                          if(ScalerGetBit(P7B_30_ANA_CDR_06, _BIT3) == 0x00)
                          {
                              // [3] Ana_HDMI_DP_Sel = 1 --> Data from D1 PHY to D2 MAC
                              ScalerSetBit(P7B_30_ANA_CDR_06, ~_BIT3, _BIT3);
              
                              // clear HDCP key ready bit
                              ScalerSetBit(P71_AE_TMDS_RPS, ~_BIT1, 0x00);
                          }
                          break;
              
                      case _D2_INPUT_PORT:
                          if(ScalerGetBit(P7B_30_ANA_CDR_06, _BIT3) == _BIT3)
                          {
                              // [3] Ana_HDMI_DP_Sel = 0 --> Data from D2 PHY to D2 MAC
                              ScalerSetBit(P7B_30_ANA_CDR_06, ~_BIT3, 0x00);
              
                              // clear HDCP key ready bit
                              ScalerSetBit(P71_AE_TMDS_RPS, ~_BIT1, 0x00);
                          }
              
                          break;
              #endif
 396   2      
 397   2              default:
 398   2      
 399   2                  break;
 400   2          }
 401   1      }
 402          #endif // End of #if(_DIGITAL_PORT_SUPPORT == _ON)
 403          
 404          #if(_D0_INPUT_PORT_TYPE != _D0_NO_PORT)
 405          //--------------------------------------------------
 406          // Description  : GDI Rx0 Power Process
 407          // Input Value  : None
 408          // Output Value : None
 409          //--------------------------------------------------
 410          void ScalerGDIPhyRx0PowerProc(EnumPowerAction enumPowerAction)
 411          {
 412   1          ScalerGDIPhyRx0Power(enumPowerAction);
 413   1      
 414   1          switch(enumPowerAction)
C51 COMPILER V9.60.0.0   RL6432_SERIES_GDIPHY                                              09/21/2026 15:33:02 PAGE 8   

 415   1          {
 416   2              case _POWER_ACTION_AC_ON_TO_NORMAL:
 417   2      
 418   2                  break;
 419   2      
 420   2              case _POWER_ACTION_PS_TO_NORMAL:
 421   2      
 422   2                  if(ScalerGetBit(P1D_18_IMPEDANCE_00, _BIT7) == _BIT7)
 423   2                  {
 424   3                      // Enable RGB Z0
 425   3                      ScalerSetBit(P1D_18_IMPEDANCE_00, ~(_BIT6 | _BIT5 | _BIT4), (_BIT6 | _BIT5 | _BIT4));
 426   3                  }
 427   2      
 428   2                  break;
 429   2      
 430   2              case _POWER_ACTION_OFF_TO_NORMAL:
 431   2      
 432   2                  ScalerGDIPhyZ0Switch(_D0_INPUT_PORT, _ON);
 433   2      
 434   2                  break;
 435   2      
 436   2              case _POWER_ACTION_NORMAL_TO_PS:
 437   2      
 438   2                  break;
 439   2      
 440   2              case _POWER_ACTION_NORMAL_TO_OFF:
 441   2              case _POWER_ACTION_SWITCH_INTERFACE_TO_OFF:
 442   2              case _POWER_ACTION_AC_ON_TO_OFF:
 443   2              case _POWER_ACTION_PS_TO_OFF:
 444   2      
 445   2                  ScalerGDIPhyZ0Switch(_D0_INPUT_PORT, _OFF);
 446   2      
 447   2                  break;
 448   2      
 449   2              default:
 450   2      
 451   2                  break;
 452   2          }
 453   1      }
 454          
 455          
 456          //--------------------------------------------------
 457          // Description  : GDI Z0 Switch
 458          // Input Value  : D0/D0 Port ; Z0 ON/OFF
 459          // Output Value : None
 460          //--------------------------------------------------
 461          void ScalerGDIPhyRx0Z0Switch(bit bSelect)
 462          {
 463   1          if(bSelect == _ON)
 464   1          {
 465   2              SET_DIGITAL_PORT_SWITCH_TO_D0();
 466   2      
 467   2      #if((_D6_INPUT_PORT_TYPE == _D6_DP_PORT) && (_D6_INPUT_PORT_SWITCH_FROM == _SWITCH_FROM_D0))
                      SET_DIGITAL_PORT_SWITCH_TO_D6();
              #endif
 470   2      
 471   2      #if(_MHL_SUPPORT == _ON)
              #if((_D1_INPUT_PORT_TYPE == _D1_MHL_PORT) || (_D2_INPUT_PORT_TYPE == _D2_MHL_PORT))
                      // GPIO Select to CBUS
                      ScalerSetBit(P27_A1_CBUS_EN_1, ~_BIT2, 0x00);
              
                      // Enable CBUS Phy, LDO, Input Comparator and Output Driver
C51 COMPILER V9.60.0.0   RL6432_SERIES_GDIPHY                                              09/21/2026 15:33:02 PAGE 9   

                      ScalerSetBit(P27_A0_CBUS_EN_0, ~(_BIT6 | _BIT4 | _BIT2 | _BIT0), (_BIT6 | _BIT4 | _BIT2 | _BIT0));
              #endif
              
              #if(_D3_INPUT_PORT_TYPE == _D3_MHL_PORT)
                      // GPIO Select to CBUS
                      ScalerSetBit(P67_A1_CBUS_EN_1, ~_BIT2, 0x00);
              
                      // Enable CBUS Phy, LDO, Input Comparator and Output Driver
                      ScalerSetBit(P67_A0_CBUS_EN_0, ~(_BIT6 | _BIT4 | _BIT2 | _BIT0), (_BIT6 | _BIT4 | _BIT2 | _BIT0));
              #endif
              #endif
 488   2          }
 489   1          else
 490   1          {
 491   2              CLR_DIGITAL_PORT_SWITCH_TO_D0();
 492   2      
 493   2      #if((_D6_INPUT_PORT_TYPE == _D6_DP_PORT) && (_D6_INPUT_PORT_SWITCH_FROM == _SWITCH_FROM_D0))
                      CLR_DIGITAL_PORT_SWITCH_TO_D6();
              #endif
 496   2      
 497   2      #if(_MHL_SUPPORT == _ON)
              #if((_D1_INPUT_PORT_TYPE == _D1_MHL_PORT) || (_D2_INPUT_PORT_TYPE == _D2_MHL_PORT))
                      if((GET_D1_TMDS_MODE() == _TMDS_HDMI_MODE) && (GET_D2_TMDS_MODE() == _TMDS_HDMI_MODE))
                      {
                          // GPIO Select to GPIO HPD
                          ScalerSetBit(P27_A1_CBUS_EN_1, ~_BIT2, _BIT2);
              
                          // Disable CBUS Phy, LDO, Input Comparator and Output Driver
                          ScalerSetBit(P27_A0_CBUS_EN_0, ~(_BIT6 | _BIT4 | _BIT2 | _BIT0), 0x00);
                      }
              #endif
              
              #if(_D3_INPUT_PORT_TYPE == _D3_MHL_PORT)
                      if((GET_D3_TMDS_MODE() == _TMDS_HDMI_MODE))
                      {
                          // GPIO Select to GPIO HPD
                          ScalerSetBit(P67_A1_CBUS_EN_1, ~_BIT2, _BIT2);
              
                          // Disable CBUS Phy, LDO, Input Comparator and Output Driver
                          ScalerSetBit(P67_A0_CBUS_EN_0, ~(_BIT6 | _BIT4 | _BIT2 | _BIT0), 0x00);
                      }
              #endif
              #endif
 520   2          }
 521   1      
 522   1          if(bSelect == _ON)
 523   1          {
 524   2              // [1] MHL_Mode = 1'b0 --> Disable MHL Mode
 525   2              ScalerSetBit(P1D_17_BANDGAP_03, ~_BIT1, 0x00);
 526   2      
 527   2              // [4] MHL_OP = 1'b0 --> Disable MHL OP
 528   2              ScalerSetBit(P1D_1B_CMU_01, ~_BIT4, 0x00);
 529   2      
 530   2              if(ScalerGetBit(P1D_18_IMPEDANCE_00, _BIT7) == 0x00)
 531   2              {
 532   3                  // Enable Z0
 533   3                  ScalerSetBit(P1D_18_IMPEDANCE_00, ~(_BIT7 | _BIT6 | _BIT5 | _BIT4), (_BIT7 | _BIT6 | _BIT5 | _
             -BIT4));
 534   3              }
 535   2          }
 536   1      }
 537          
C51 COMPILER V9.60.0.0   RL6432_SERIES_GDIPHY                                              09/21/2026 15:33:02 PAGE 10  

 538          
 539          //--------------------------------------------------
 540          // Description  : GDI Bandgap Power On/Off
 541          // Input Value  : On/Off
 542          // Output Value : None
 543          //--------------------------------------------------
 544          void ScalerGDIPhyRx0Power(EnumPowerAction enumPowerAction)
 545          {
 546   1          switch(enumPowerAction)
 547   1          {
 548   2              case _POWER_ACTION_AC_ON_TO_NORMAL:
 549   2              case _POWER_ACTION_OFF_TO_NORMAL:
 550   2              case _POWER_ACTION_PS_TO_NORMAL:
 551   2      
 552   2                  ////////////////////////
 553   2                  // Clock Lane Enhance //
 554   2                  ////////////////////////
 555   2      
 556   2                  // [5:4] reg_rxvcom_sel = 2'b01 --> VDD - 0.3V
 557   2                  ScalerSetBit(P1D_17_BANDGAP_03, ~(_BIT5 | _BIT4), _BIT4);
 558   2      
 559   2      
 560   2                  ////////////////////////
 561   2                  // Offset Calibration //
 562   2                  ////////////////////////
 563   2      
 564   2                  // [7] EN_BACK_OFFSET = 1'b1 --> Enable Background Offset Calibration
 565   2                  // [6] EN_FORE_OFFSET = 1'b0 --> Disable Auto K-offset
 566   2                  // [5] FORE_OFF_AUTOK = 1'b0 --> Disable Auto K-offset Auto Mode
 567   2                  ScalerSetBit(P1D_24_KOFFSET_00, ~(_BIT7 | _BIT6 | _BIT5), _BIT7);
 568   2      
 569   2      
 570   2                  //////////////
 571   2                  // Z0 AutoK //
 572   2                  //////////////
 573   2      
 574   2                  // [3] Z0_manual = 1 --> Port0 50ohm Auto Mode
 575   2                  // [2:0] Z0_CM_ADJR = 6 --> Z0 Common Mode Impedance = level 6
 576   2                  ScalerSetBit(P1D_19_IMPEDANCE_01, ~(_BIT3 | _BIT2 | _BIT1 | _BIT0), (_BIT3 | _BIT2 | _BIT1));
 577   2      
 578   2      #if((_D0_DP_CONNECTOR_TYPE == _DP_CONNECTOR_TYPE_C) || (_D0_DP_Z0_IMPEDANCE_OPTION == _U3_90_OHM))
                          // [3:0] Z0_ADJR = 6 --> Z0 Differential Impedance = level 6
                          ScalerSetBit(P1D_18_IMPEDANCE_00, ~(_BIT3 | _BIT2 | _BIT1 | _BIT0), (_BIT2 | _BIT1));
              #else
 582   2                  // [3:0] Z0_ADJR = 8 --> Z0 Differential Impedance = level 8
 583   2                  ScalerSetBit(P1D_18_IMPEDANCE_00, ~(_BIT3 | _BIT2 | _BIT1 | _BIT0), _BIT3);
 584   2      #endif
 585   2                  // [7] p_channel_en = 1 --> Switch p Channel 50ohm Z0
 586   2                  // [6] n_channel_en = 1 --> Switch n Channel 50ohm Z0
 587   2                  ScalerSetBit(P1D_17_BANDGAP_03, ~(_BIT7 | _BIT6), (_BIT7 | _BIT6));
 588   2      
 589   2      
 590   2                  ///////////////
 591   2                  // Reset PHY //
 592   2                  ///////////////
 593   2      
 594   2                  // [1] bypass_clk_rdy = 1 --> Manual Mode
 595   2                  ScalerSetBit(P1D_0E_SDM_03, ~_BIT1, _BIT1);
 596   2      
 597   2                  // [1] bypass_eqen_rdy = 1 --> Manual Mode
 598   2                  ScalerSetBit(P1D_10_EQEN_TIMER, ~_BIT1, _BIT1);
 599   2      
C51 COMPILER V9.60.0.0   RL6432_SERIES_GDIPHY                                              09/21/2026 15:33:02 PAGE 11  

 600   2                  // [1] bypass_data_rdy = 1 --> Manual Mode
 601   2                  ScalerSetBit(P1D_11_DATA_TIMER, ~_BIT1, _BIT1);
 602   2      
 603   2      #if(_SOURCE_BACKGROUND_DETECT_SUPPORT == _OFF)
 604   2                  // [7:0] Disable Rx_En and CMU_En
 605   2                  ScalerSetByte(P1D_1A_CMU_00, 0x00);
 606   2      
 607   2                  // [7] Disable CMU PLL
 608   2                  ScalerSetBit(P1D_1B_CMU_01, ~_BIT7, 0x00);
 609   2      #endif
 610   2      
 611   2                  break;
 612   2      
 613   2              case _POWER_ACTION_NORMAL_TO_PS:
 614   2              case _POWER_ACTION_NORMAL_TO_OFF:
 615   2              case _POWER_ACTION_SWITCH_INTERFACE_TO_OFF:
 616   2              case _POWER_ACTION_AC_ON_TO_OFF:
 617   2              case _POWER_ACTION_PS_TO_OFF:
 618   2      
 619   2      #if(_SOURCE_BACKGROUND_DETECT_SUPPORT == _OFF)
 620   2                  // Disable R/G/B/Clock RX_EN, Disable R/G/B/Clock CDR_EN
 621   2                  ScalerSetByte(P1D_1A_CMU_00, 0x00);
 622   2      
 623   2                  // [7] Disable CMU PLL
 624   2                  ScalerSetBit(P1D_1B_CMU_01, ~_BIT7, 0x00);
 625   2      #endif
 626   2                  // Disable Auto k-offset(foreground)
 627   2                  // Disable Auto k-offset auto mode (foreground)
 628   2                  ScalerSetBit(P1D_24_KOFFSET_00, ~(_BIT7 | _BIT6 | _BIT5), _BIT7);
 629   2      
 630   2                  break;
 631   2      
 632   2              default:
 633   2      
 634   2                  break;
 635   2          }
 636   1      }
 637          #endif
 638          
 639          #if(_D1_INPUT_PORT_TYPE != _D1_NO_PORT)
              //--------------------------------------------------
              // Description  : GDI Rx1 Power Process
              // Input Value  : None
              // Output Value : None
              //--------------------------------------------------
              void ScalerGDIPhyRx1PowerProc(EnumPowerAction enumPowerAction)
              {
                  ScalerGDIPhyRx1Power(enumPowerAction);
              
                  switch(enumPowerAction)
                  {
                      case _POWER_ACTION_AC_ON_TO_NORMAL:
              
                          break;
              
                      case _POWER_ACTION_PS_TO_NORMAL:
              
                          if(ScalerGetBit(P7A_18_IMPEDANCE_00, _BIT7) == _BIT7)
                          {
                              // Enable RGB Z0
                              ScalerSetBit(P7A_18_IMPEDANCE_00, ~(_BIT6 | _BIT5 | _BIT4), (_BIT6 | _BIT5 | _BIT4));
              
C51 COMPILER V9.60.0.0   RL6432_SERIES_GDIPHY                                              09/21/2026 15:33:02 PAGE 12  

              #if(_D1_INPUT_PORT_TYPE == _D1_MHL_PORT)
                              if((GET_MHL_RX1_PROCESS_STATE() >= _MHL_STATE_SET_DEV_CAP_DONE) &&
                                 (((GET_MHL_RX1_ADOPTER_ID_HBYTE() == _CHROMA_MHL_ADOPTER_ID_HBYTE) && (GET_MHL_RX1_ADOP
             -TER_ID_LBYTE() == _CHROMA_MHL_ADOPTER_ID_LBYTE)) ||
                                  ((GET_MHL_RX1_ADOPTER_ID_HBYTE() == _SAMSUNG_NOTE2_ADOPTER_ID_HBYTE) && (GET_MHL_RX1_A
             -DOPTER_ID_LBYTE() == _SAMSUNG_NOTE2_ADOPTER_ID_LBYTE))))
                              {
                                  // Reset D1 CBUS
                                  ScalerMHLCBUSResetProc(_D1_INPUT_PORT);
                              }
              #endif
                          }
              
                          break;
              
                      case _POWER_ACTION_OFF_TO_NORMAL:
              
              #if(_D1_INPUT_PORT_TYPE == _D1_MHL_PORT)
                          if((GET_D1_TMDS_MODE() == _TMDS_MHL_MODE) && (GET_MHL_RX1_SWITCH_PORT_DISCOVERY_DONE() == _TRU
             -E) &&
                             (ScalerGetBit(P7A_18_IMPEDANCE_00, (_BIT7 | _BIT6 | _BIT5 | _BIT4)) == (_BIT7 | _BIT6 | _BI
             -T5 | _BIT4)) &&
                             (GET_MHL_RX1_PROCESS_STATE() >= _MHL_STATE_SET_DEV_CAP_DONE) &&
                             (((GET_MHL_RX1_ADOPTER_ID_HBYTE() == _HTC_BUTTERFLY_ADOPTER_ID_HBYTE) && (GET_MHL_RX1_ADOPT
             -ER_ID_LBYTE() == _HTC_BUTTERFLY_ADOPTER_ID_LBYTE)) ||
                              ((GET_MHL_RX1_ADOPTER_ID_HBYTE() == _HUAWEI_D2_ADOPTER_ID_HBYTE) && (GET_MHL_RX1_ADOPTER_I
             -D_LBYTE() == _HUAWEI_D2_ADOPTER_ID_LBYTE)) ||
                              ((GET_MHL_RX1_ADOPTER_ID_HBYTE() == _SAMSUNG_NOTE2_ADOPTER_ID_HBYTE) && (GET_MHL_RX1_ADOPT
             -ER_ID_LBYTE() == _SAMSUNG_NOTE2_ADOPTER_ID_LBYTE))))
                          {
                              // Reset CBUS
                              ScalerMHLCBUSResetProc(_D1_INPUT_PORT);
                          }
              #endif
                          ScalerGDIPhyZ0Switch(_D1_INPUT_PORT, _ON);
              
                          break;
              
                      case _POWER_ACTION_NORMAL_TO_PS:
              
                          break;
              
                      case _POWER_ACTION_NORMAL_TO_OFF:
                      case _POWER_ACTION_SWITCH_INTERFACE_TO_OFF:
                      case _POWER_ACTION_AC_ON_TO_OFF:
                      case _POWER_ACTION_PS_TO_OFF:
              
                          ScalerGDIPhyZ0Switch(_D1_INPUT_PORT, _OFF);
              
              #if(_D1_INPUT_PORT_TYPE == _D1_MHL_PORT)
                          // MHL Power Off Process
                          ScalerMHLPowerOffProc(_D1_INPUT_PORT);
              #endif
              
              #if((_D1_TMDS_SUPPORT == _ON) && (_TMDS_TOGGLE_HPD_Z0_FOR_ACER == _ON))
                          CLR_TMDS_RX1_TOGGLE_Z0();
                          CLR_TMDS_RX1_TOGGLE_Z0_EVENT();
              #endif
                          break;
              
                      default:
              
C51 COMPILER V9.60.0.0   RL6432_SERIES_GDIPHY                                              09/21/2026 15:33:02 PAGE 13  

                          break;
                  }
              }
              
              
              //--------------------------------------------------
              // Description  : GDI Z0 Switch
              // Input Value  : D1/D1 Port ; Z0 ON/OFF
              // Output Value : None
              //--------------------------------------------------
              void ScalerGDIPhyRx1Z0Switch(bit bSelect)
              {
                  if(bSelect == _ON)
                  {
                      SET_DIGITAL_PORT_SWITCH_TO_D1();
                  }
                  else
                  {
                      CLR_DIGITAL_PORT_SWITCH_TO_D1();
                  }
              
              #if(_D1_INPUT_PORT_TYPE == _D1_MHL_PORT)
              
                  if(GET_D1_TMDS_MODE() == _TMDS_MHL_MODE)
                  {
                      if(bSelect == _ON)
                      {
              #if(_MHL_DEBUG_WITHOUT_CBUS_MODE == _ON)
                          // Enable Z0
                          ScalerSetBit(P7A_18_IMPEDANCE_00, ~(_BIT7 | _BIT6 | _BIT5 | _BIT4), (_BIT7 | _BIT6 | _BIT5 | _
             -BIT4));
              #endif
                      }
                      else
                      {
                          if((ScalerGetBit(P7A_18_IMPEDANCE_00, (_BIT7 | _BIT6 | _BIT5 | _BIT4)) == (_BIT7 | _BIT6 | _BI
             -T5 | _BIT4)) &&
                             (GET_MHL_RX1_PROCESS_STATE() >= _MHL_STATE_SET_DEV_CAP_DONE))
                          {
                              // Reset D1 CBUS While Switch Port
                              ScalerMHLCBUSResetProc(_D1_INPUT_PORT);
                          }
                      }
                  }
                  else
                  {
                      ScalerMHLCBUSPhySwitch(_D1_INPUT_PORT, _OFF);
              
                      if(bSelect == _ON)
                      {
                          if(ScalerGetBit(P7A_18_IMPEDANCE_00, _BIT7) == 0x00)
                          {
                              SET_TMDS_RX1_Z0_ASSERTED();
              
              #if(_DP_HDMI_COMPATIBLE_MODE == _ON)
                              CLR_D1_HDMI_PS_WAKEUP();
              #endif
                              // Clear HDCP Flag
                              ScalerSetBit(P71_A9_TMDS_ABC0, ~(_BIT7 | _BIT6 | _BIT5 | _BIT2), (_BIT6 | _BIT5));
              
                              // Initialize DDC Detection Process
                              CLR_TMDS_RX1_DDC_DETECTED();
C51 COMPILER V9.60.0.0   RL6432_SERIES_GDIPHY                                              09/21/2026 15:33:02 PAGE 14  

              
                              // Enable DDC Toggle IRQ
                              MCU_FFE5_DDC1_EDID_IRQ |= _BIT2;
                              MCU_FFE5_DDC1_EDID_IRQ |= _BIT3;
              
                              // Enable Z0
                              ScalerSetBit(P7A_18_IMPEDANCE_00, ~(_BIT7 | _BIT6 | _BIT5 | _BIT4), (_BIT7 | _BIT6 | _BIT5
             - | _BIT4));
                          }
                      }
                      else
                      {
                          // Disable DDC Toggle IRQ
                          MCU_FFE5_DDC1_EDID_IRQ &= ~(_BIT3 | _BIT1);
              
                          // Disable Z0
                          ScalerSetBit(P7A_18_IMPEDANCE_00, ~(_BIT7 | _BIT6 | _BIT5 | _BIT4), 0x00);
              
              #if((_HDCP_2_2_SUPPORT == _ON) && (_TMDS_HDCP_2_2_SUPPORT == _ON))
                          // Reset Hdcp2 Proc
                          ScalerHdcp2ResetTMDSProc(_D1_INPUT_PORT);
              #endif
                      }
                  }
              
              #else // Else of #if(_D1_INPUT_PORT_TYPE == _D1_MHL_PORT)
              
                  if(bSelect == _ON)
                  {
                      // [1] MHL_Mode = 1'b0 --> Disable MHL Mode
                      ScalerSetBit(P7A_17_BANDGAP_03, ~_BIT1, 0x00);
              
                      // [4] MHL_OP = 1'b0 --> Disable MHL OP
                      ScalerSetBit(P7A_1B_CMU_01, ~_BIT4, 0x00);
              
                      if(ScalerGetBit(P7A_18_IMPEDANCE_00, _BIT7) == 0x00)
                      {
              #if(_D1_TMDS_SUPPORT == _ON)
              
                          SET_TMDS_RX1_Z0_ASSERTED();
              
              #if(_DP_HDMI_COMPATIBLE_MODE == _ON)
                          CLR_D1_HDMI_PS_WAKEUP();
              #endif
                          // Clear HDCP Flag
                          ScalerSetBit(P71_A9_TMDS_ABC0, ~(_BIT7 | _BIT6 | _BIT5 | _BIT2), (_BIT6 | _BIT5));
              
                          // Initialize DDC Detection Process
                          CLR_TMDS_RX1_DDC_DETECTED();
              
                          // Enable DDC Toggle IRQ
                          MCU_FFE5_DDC1_EDID_IRQ |= _BIT2;
                          MCU_FFE5_DDC1_EDID_IRQ |= _BIT3;
              
              #endif // End of #if(_D1_TMDS_SUPPORT == _ON)
              
                          // Enable Z0
                          ScalerSetBit(P7A_18_IMPEDANCE_00, ~(_BIT7 | _BIT6 | _BIT5 | _BIT4), (_BIT7 | _BIT6 | _BIT5 | _
             -BIT4));
                      }
                  }
                  else
C51 COMPILER V9.60.0.0   RL6432_SERIES_GDIPHY                                              09/21/2026 15:33:02 PAGE 15  

                  {
              #if(_D1_TMDS_SUPPORT == _ON)
              
                      // Disable DDC Toggle IRQ
                      MCU_FFE5_DDC1_EDID_IRQ &= ~(_BIT3 | _BIT1);
              
                      // Disable Z0
                      ScalerSetBit(P7A_18_IMPEDANCE_00, ~(_BIT7 | _BIT6 | _BIT5 | _BIT4), 0x00);
              
              #endif
              
              #if((_D1_INPUT_PORT_TYPE == _D1_HDMI_PORT) && (_TMDS_HDCP_2_2_SUPPORT == _ON) && (_HDCP_2_2_SUPPORT == _ON
             -))
                      // Reset Hdcp2 Proc
                      ScalerHdcp2ResetTMDSProc(_D1_INPUT_PORT);
              #endif
                  }
              #endif // End of #if(_D1_INPUT_PORT_TYPE == _D1_MHL_PORT)
              }
              
              
              //--------------------------------------------------
              // Description  : GDI Bandgap Power On/Off
              // Input Value  : On/Off
              // Output Value : None
              //--------------------------------------------------
              void ScalerGDIPhyRx1Power(EnumPowerAction enumPowerAction)
              {
                  switch(enumPowerAction)
                  {
                      case _POWER_ACTION_AC_ON_TO_NORMAL:
                      case _POWER_ACTION_OFF_TO_NORMAL:
                      case _POWER_ACTION_PS_TO_NORMAL:
              
                          ////////////////////////
                          // Clock Lane Enhance //
                          ////////////////////////
              
                          // [5:4] reg_rxvcom_sel = 2'b01 --> VDD - 0.3V
                          ScalerSetBit(P7A_17_BANDGAP_03, ~(_BIT5 | _BIT4), _BIT4);
              
              
                          ////////////////////////
                          // Offset Calibration //
                          ////////////////////////
              
                          // [7] EN_BACK_OFFSET = 1'b1 --> Enable Background Offset Calibration
                          // [6] EN_FORE_OFFSET = 1'b0 --> Disable Auto K-offset
                          // [5] FORE_OFF_AUTOK = 1'b0 --> Disable Auto K-offset Auto Mode
                          ScalerSetBit(P7A_24_KOFFSET_00, ~(_BIT7 | _BIT6 | _BIT5), _BIT7);
              
              
                          //////////////
                          // Z0 AutoK //
                          //////////////
              
                          // [3] Z0_manual = 1 --> Port0 50ohm Auto Mode
                          ScalerSetBit(P7A_19_IMPEDANCE_01, ~_BIT3, _BIT3);
              
              #if((_D1_INPUT_PORT_TYPE == _D1_DP_PORT) && ((_D1_DP_CONNECTOR_TYPE == _DP_CONNECTOR_TYPE_C) || (_D1_DP_Z0
             -_IMPEDANCE_OPTION == _U3_90_OHM)))
              
C51 COMPILER V9.60.0.0   RL6432_SERIES_GDIPHY                                              09/21/2026 15:33:02 PAGE 16  

                          // [3:0] Z0_ADJR = 6 --> Z0 Differential Impedance = level 6
                          ScalerSetBit(P7A_18_IMPEDANCE_00, ~(_BIT3 | _BIT2 | _BIT1 | _BIT0), (_BIT2 | _BIT1));
              
              #elif(_D1_TMDS_Z0_IMPEDANCE_OPTION == _LG_90_OHM)
              
                          // [3:0] Z0_ADJR = 5 --> Z0 Differential Impedance = level 5
                          ScalerSetBit(P7A_18_IMPEDANCE_00, ~(_BIT3 | _BIT2 | _BIT1 | _BIT0), (_BIT2 | _BIT0));
              #else
                          // [3:0] Z0_ADJR = 8 --> Z0 Differential Impedance = level 8
                          ScalerSetBit(P7A_18_IMPEDANCE_00, ~(_BIT3 | _BIT2 | _BIT1 | _BIT0), _BIT3);
              #endif
                          // [2:0] Z0_CM_ADJR = 6 --> Z0 Common Mode Impedance = level 6
                          ScalerSetBit(P7A_19_IMPEDANCE_01, ~(_BIT2 | _BIT1 | _BIT0), (_BIT2 | _BIT1));
              
                          // [7] p_channel_en = 1 --> Switch p Channel 50ohm Z0
                          // [6] n_channel_en = 1 --> Switch n Channel 50ohm Z0
                          ScalerSetBit(P7A_17_BANDGAP_03, ~(_BIT7 | _BIT6), (_BIT7 | _BIT6));
              
              
                          ///////////////
                          // Reset PHY //
                          ///////////////
              
              #if((_D1_INPUT_PORT_TYPE != _D1_NO_PORT) && (_D1_INPUT_PORT_TYPE != _D1_DP_PORT))
              
                          // [2:0] phy_si_reset_n = 3'b111 --> Normal Digital PHY for D2 MAC
                          ScalerSetBit(P7B_00_DIG_00, ~(_BIT2 | _BIT1 | _BIT0), (_BIT2 | _BIT1 | _BIT0));
              #endif
                          // [1] bypass_clk_rdy = 1 --> Manual Mode
                          ScalerSetBit(P7A_0E_SDM_03, ~_BIT1, _BIT1);
              
                          // [1] bypass_eqen_rdy = 1 --> Manual Mode
                          ScalerSetBit(P7A_10_EQEN_TIMER, ~_BIT1, _BIT1);
              
                          // [1] bypass_data_rdy = 1 --> Manual Mode
                          ScalerSetBit(P7A_11_DATA_TIMER, ~_BIT1, _BIT1);
              
              
                          //////////////////////////////
                          // HDMI/DP Interface Switch //
                          //////////////////////////////
              
              #if(_D1_INPUT_PORT_TYPE == _D1_DP_PORT)
                          if(ScalerGetBit(P7A_17_BANDGAP_03, _BIT0) == 0x00)
                          {
              #if(_SOURCE_BACKGROUND_DETECT_SUPPORT == _OFF)
                              // [7:0] Disable Rx_En and CMU_En
                              ScalerSetByte(P7A_1A_CMU_00, 0x00);
              
                              // [7] Disable CMU PLL
                              ScalerSetBit(P7A_1B_CMU_01, ~_BIT7, 0x00);
              #endif
                          }
              #else
                          if(ScalerGetBit(P7A_17_BANDGAP_03, _BIT0) != 0x00)
                          {
              #if(_SOURCE_BACKGROUND_DETECT_SUPPORT == _OFF)
                              // [7:0] Disable Rx_En and CMU_En
                              ScalerSetByte(P7A_1A_CMU_00, 0x00);
              
                              // [7] Disable CMU PLL
                              ScalerSetBit(P7A_1B_CMU_01, ~_BIT7, 0x00);
C51 COMPILER V9.60.0.0   RL6432_SERIES_GDIPHY                                              09/21/2026 15:33:02 PAGE 17  

              #endif
                              // Analog Select to HDMI
                              ScalerSetBit(P7A_17_BANDGAP_03, ~_BIT0, 0x00);
                          }
              #endif
              
                          break;
              
                      case _POWER_ACTION_NORMAL_TO_PS:
              
              #if(_D1_TMDS_SUPPORT == _ON)
                          ScalerTMDSRx1PowerSavingProc();
              #endif
              
              #if(_SOURCE_BACKGROUND_DETECT_SUPPORT == _OFF)
                          // Disable R/G/B RX_EN, Disable R/G/B/Clock CDR_EN
                          ScalerSetByte(P7A_1A_CMU_00, 0x80);
              
                          // [7] Disable CMU PLL
                          ScalerSetBit(P7A_1B_CMU_01, ~_BIT7, 0x00);
              #endif
                          // Disable Auto k-offset(foreground)
                          // Disable Auto k-offset auto mode (foreground)
                          ScalerSetBit(P7A_24_KOFFSET_00, ~(_BIT6 | _BIT5), 0x00);
              
              
              #if((_D1_TMDS_SUPPORT == _ON) && (_TMDS_Z0_POWER_SAVING_OPTION == _ONLY_CLK_CHANNEL_CONNECTED_FOR_PS))
              
              #if(_D1_INPUT_PORT_TYPE == _D1_MHL_PORT)
                          if(GET_D1_TMDS_MODE() == _TMDS_HDMI_MODE)
                          {
                              // Disable RGB Z0
                              ScalerSetBit(P7A_18_IMPEDANCE_00, ~(_BIT6 | _BIT5 | _BIT4), 0x00);
                          }
              #else
                          // Disable RGB Z0
                          ScalerSetBit(P7A_18_IMPEDANCE_00, ~(_BIT6 | _BIT5 | _BIT4), 0x00);
              #endif
              
              #endif
                          break;
              
                      case _POWER_ACTION_NORMAL_TO_OFF:
                      case _POWER_ACTION_SWITCH_INTERFACE_TO_OFF:
                      case _POWER_ACTION_AC_ON_TO_OFF:
                      case _POWER_ACTION_PS_TO_OFF:
              
              #if(_D1_TMDS_SUPPORT == _ON)
                          ScalerTMDSRx1PowerOffProc();
              #endif
              
              #if(_SOURCE_BACKGROUND_DETECT_SUPPORT == _OFF)
                          // Disable R/G/B RX_EN, Disable R/G/B/Clock CDR_EN
                          ScalerSetByte(P7A_1A_CMU_00, 0x00);
              
                          // [7] Disable CMU PLL
                          ScalerSetBit(P7A_1B_CMU_01, ~_BIT7, 0x00);
              #endif
                          // Disable Auto k-offset(foreground)
                          // Disable Auto k-offset auto mode (foreground)
                          ScalerSetBit(P7A_24_KOFFSET_00, ~(_BIT6 | _BIT5), 0x00);
              
C51 COMPILER V9.60.0.0   RL6432_SERIES_GDIPHY                                              09/21/2026 15:33:02 PAGE 18  

                          break;
              
                      default:
              
                          break;
                  }
              }
              #endif
1029          
1030          #if(_D2_INPUT_PORT_TYPE != _D2_NO_PORT)
              //--------------------------------------------------
              // Description  : GDI Rx2 Power Process
              // Input Value  : None
              // Output Value : None
              //--------------------------------------------------
              void ScalerGDIPhyRx2PowerProc(EnumPowerAction enumPowerAction)
              {
                  ScalerGDIPhyRx2Power(enumPowerAction);
              
                  switch(enumPowerAction)
                  {
                      case _POWER_ACTION_AC_ON_TO_NORMAL:
              
                          break;
              
                      case _POWER_ACTION_PS_TO_NORMAL:
              
                          if(ScalerGetBit(P7B_18_IMPEDANCE_00, _BIT7) == _BIT7)
                          {
                              // Enable RGB Z0
                              ScalerSetBit(P7B_18_IMPEDANCE_00, ~(_BIT6 | _BIT5 | _BIT4), (_BIT6 | _BIT5 | _BIT4));
              
              #if(_D2_INPUT_PORT_TYPE == _D2_MHL_PORT)
                              if((GET_MHL_RX2_PROCESS_STATE() >= _MHL_STATE_SET_DEV_CAP_DONE) &&
                                 (((GET_MHL_RX2_ADOPTER_ID_HBYTE() == _CHROMA_MHL_ADOPTER_ID_HBYTE) && (GET_MHL_RX2_ADOP
             -TER_ID_LBYTE() == _CHROMA_MHL_ADOPTER_ID_LBYTE)) ||
                                  ((GET_MHL_RX2_ADOPTER_ID_HBYTE() == _SAMSUNG_NOTE2_ADOPTER_ID_HBYTE) && (GET_MHL_RX2_A
             -DOPTER_ID_LBYTE() == _SAMSUNG_NOTE2_ADOPTER_ID_LBYTE))))
                              {
                                  // Reset D2 CBUS
                                  ScalerMHLCBUSResetProc(_D2_INPUT_PORT);
                              }
              #endif
                          }
              
                          break;
              
                      case _POWER_ACTION_OFF_TO_NORMAL:
              
              #if(_D2_INPUT_PORT_TYPE == _D2_MHL_PORT)
                          if((GET_D2_TMDS_MODE() == _TMDS_MHL_MODE) && (GET_MHL_RX2_SWITCH_PORT_DISCOVERY_DONE() == _TRU
             -E) &&
                             (ScalerGetBit(P7B_18_IMPEDANCE_00, (_BIT7 | _BIT6 | _BIT5 | _BIT4)) == (_BIT7 | _BIT6 | _BI
             -T5 | _BIT4)) &&
                             (GET_MHL_RX2_PROCESS_STATE() >= _MHL_STATE_SET_DEV_CAP_DONE) &&
                             (((GET_MHL_RX2_ADOPTER_ID_HBYTE() == _HTC_BUTTERFLY_ADOPTER_ID_HBYTE) && (GET_MHL_RX2_ADOPT
             -ER_ID_LBYTE() == _HTC_BUTTERFLY_ADOPTER_ID_LBYTE)) ||
                              ((GET_MHL_RX2_ADOPTER_ID_HBYTE() == _HUAWEI_D2_ADOPTER_ID_HBYTE) && (GET_MHL_RX2_ADOPTER_I
             -D_LBYTE() == _HUAWEI_D2_ADOPTER_ID_LBYTE)) ||
                              ((GET_MHL_RX2_ADOPTER_ID_HBYTE() == _SAMSUNG_NOTE2_ADOPTER_ID_HBYTE) && (GET_MHL_RX2_ADOPT
             -ER_ID_LBYTE() == _SAMSUNG_NOTE2_ADOPTER_ID_LBYTE))))
                          {
C51 COMPILER V9.60.0.0   RL6432_SERIES_GDIPHY                                              09/21/2026 15:33:02 PAGE 19  

                              // Reset CBUS
                              ScalerMHLCBUSResetProc(_D2_INPUT_PORT);
                          }
              #endif
                          ScalerGDIPhyZ0Switch(_D2_INPUT_PORT, _ON);
              
                          break;
              
                      case _POWER_ACTION_NORMAL_TO_PS:
              
                          break;
              
                      case _POWER_ACTION_NORMAL_TO_OFF:
                      case _POWER_ACTION_SWITCH_INTERFACE_TO_OFF:
                      case _POWER_ACTION_AC_ON_TO_OFF:
                      case _POWER_ACTION_PS_TO_OFF:
              
                          ScalerGDIPhyZ0Switch(_D2_INPUT_PORT, _OFF);
              
              #if(_D2_INPUT_PORT_TYPE == _D2_MHL_PORT)
                          // MHL Power Off Process
                          ScalerMHLPowerOffProc(_D2_INPUT_PORT);
              #endif
              
              #if((_D2_TMDS_SUPPORT == _ON) && (_TMDS_TOGGLE_HPD_Z0_FOR_ACER == _ON))
                          CLR_TMDS_RX2_TOGGLE_Z0();
                          CLR_TMDS_RX2_TOGGLE_Z0_EVENT();
              #endif
                          break;
              
                      default:
              
                          break;
                  }
              }
              
              
              //--------------------------------------------------
              // Description  : GDI Z0 Switch
              // Input Value  : D2/D2 Port ; Z0 ON/OFF
              // Output Value : None
              //--------------------------------------------------
              void ScalerGDIPhyRx2Z0Switch(bit bSelect)
              {
                  if(bSelect == _ON)
                  {
                      SET_DIGITAL_PORT_SWITCH_TO_D2();
                  }
                  else
                  {
                      CLR_DIGITAL_PORT_SWITCH_TO_D2();
                  }
              
              #if(_D2_INPUT_PORT_TYPE == _D2_MHL_PORT)
              
                  if(GET_D2_TMDS_MODE() == _TMDS_MHL_MODE)
                  {
                      if(bSelect == _ON)
                      {
              #if(_MHL_DEBUG_WITHOUT_CBUS_MODE == _ON)
                          // Enable Z0
                          ScalerSetBit(P7B_18_IMPEDANCE_00, ~(_BIT7 | _BIT6 | _BIT5 | _BIT4), (_BIT7 | _BIT6 | _BIT5 | _
C51 COMPILER V9.60.0.0   RL6432_SERIES_GDIPHY                                              09/21/2026 15:33:02 PAGE 20  

             -BIT4));
              #endif
                      }
                      else
                      {
                          if((ScalerGetBit(P7B_18_IMPEDANCE_00, (_BIT7 | _BIT6 | _BIT5 | _BIT4)) == (_BIT7 | _BIT6 | _BI
             -T5 | _BIT4)) &&
                             (GET_MHL_RX2_PROCESS_STATE() >= _MHL_STATE_SET_DEV_CAP_DONE))
                          {
                              // Reset D2 CBUS While Switch Port
                              ScalerMHLCBUSResetProc(_D2_INPUT_PORT);
                          }
                      }
                  }
                  else
                  {
                      ScalerMHLCBUSPhySwitch(_D2_INPUT_PORT, _OFF);
              
                      if(bSelect == _ON)
                      {
                          if(ScalerGetBit(P7B_18_IMPEDANCE_00, _BIT7) == 0x00)
                          {
                              SET_TMDS_RX2_Z0_ASSERTED();
              
              #if(_DP_HDMI_COMPATIBLE_MODE == _ON)
                              CLR_D2_HDMI_PS_WAKEUP();
              #endif
                              // Clear HDCP Flag
                              ScalerSetBit(P71_A9_TMDS_ABC0, ~(_BIT7 | _BIT6 | _BIT5 | _BIT2), (_BIT6 | _BIT5));
              
                              // Initialize DDC Detection Process
                              CLR_TMDS_RX2_DDC_DETECTED();
              
                              // Enable DDC Toggle IRQ
                              MCU_FE69_DDC2_EDID_IRQ |= _BIT2;
                              MCU_FE69_DDC2_EDID_IRQ |= _BIT3;
              
                              // Enable Z0
                              ScalerSetBit(P7B_18_IMPEDANCE_00, ~(_BIT7 | _BIT6 | _BIT5 | _BIT4), (_BIT7 | _BIT6 | _BIT5
             - | _BIT4));
                          }
                      }
                      else
                      {
                          // Disable DDC Toggle IRQ
                          MCU_FE69_DDC2_EDID_IRQ &= ~(_BIT3 | _BIT1);
              
                          // Disable Z0
                          ScalerSetBit(P7B_18_IMPEDANCE_00, ~(_BIT7 | _BIT6 | _BIT5 | _BIT4), 0x00);
              
              #if((_HDCP_2_2_SUPPORT == _ON) && (_TMDS_HDCP_2_2_SUPPORT == _ON))
                          // Reset Hdcp2 Proc
                          ScalerHdcp2ResetTMDSProc(_D2_INPUT_PORT);
              #endif
                      }
                  }
              
              #else // Else of #if(_D2_INPUT_PORT_TYPE == _D2_MHL_PORT)
              
                  if(bSelect == _ON)
                  {
                      // [1] MHL_Mode = 1'b0 --> Disable MHL Mode
C51 COMPILER V9.60.0.0   RL6432_SERIES_GDIPHY                                              09/21/2026 15:33:02 PAGE 21  

                      ScalerSetBit(P7B_17_BANDGAP_03, ~_BIT1, 0x00);
              
                      // [4] MHL_OP = 1'b0 --> Disable MHL OP
                      ScalerSetBit(P7B_1B_CMU_01, ~_BIT4, 0x00);
              
                      if(ScalerGetBit(P7B_18_IMPEDANCE_00, _BIT7) == 0x00)
                      {
              #if(_D2_TMDS_SUPPORT == _ON)
              
                          SET_TMDS_RX2_Z0_ASSERTED();
              
              #if(_DP_HDMI_COMPATIBLE_MODE == _ON)
                          CLR_D2_HDMI_PS_WAKEUP();
              #endif
                          // Clear HDCP Flag
                          ScalerSetBit(P71_A9_TMDS_ABC0, ~(_BIT7 | _BIT6 | _BIT5 | _BIT2), (_BIT6 | _BIT5));
              
                          // Initialize DDC Detection Process
                          CLR_TMDS_RX2_DDC_DETECTED();
              
                          // Enable DDC Toggle IRQ
                          MCU_FE69_DDC2_EDID_IRQ |= _BIT2;
                          MCU_FE69_DDC2_EDID_IRQ |= _BIT3;
              
              #if((_D3_TMDS_SUPPORT == _ON) && (_D2_INPUT_PORT_TYPE == _D2_DUAL_DVI_PORT))
              
                          SET_TMDS_RX3_Z0_ASSERTED();
              
                          // Clear HDCP Flag
                          ScalerSetBit(P72_A9_TMDS_ABC0, ~(_BIT7 | _BIT6 | _BIT5 | _BIT2), (_BIT6 | _BIT5));
              
                          // Initialize DDC Detection Process
                          CLR_TMDS_RX3_DDC_DETECTED();
              
                          // Enable DDC Toggle IRQ
                          MCU_FE72_DDC3_EDID_IRQ |= _BIT2;
                          MCU_FE72_DDC3_EDID_IRQ |= _BIT3;
              
              #endif // End of #if((_D3_TMDS_SUPPORT == _ON) && (_D2_INPUT_PORT_TYPE == _D2_DUAL_DVI_PORT))
              #endif // End of #if(_D2_TMDS_SUPPORT == _ON)
              
                          // Enable Z0
                          ScalerSetBit(P7B_18_IMPEDANCE_00, ~(_BIT7 | _BIT6 | _BIT5 | _BIT4), (_BIT7 | _BIT6 | _BIT5 | _
             -BIT4));
                      }
                  }
                  else
                  {
              #if(_D2_TMDS_SUPPORT == _ON)
              
                      // Disable DDC Toggle IRQ
                      MCU_FE69_DDC2_EDID_IRQ &= ~(_BIT3 | _BIT1);
              
                      // Disable Z0
                      ScalerSetBit(P7B_18_IMPEDANCE_00, ~(_BIT7 | _BIT6 | _BIT5 | _BIT4), 0x00);
              
              #endif
              
              #if((_D2_INPUT_PORT_TYPE == _D2_HDMI_PORT) && (_TMDS_HDCP_2_2_SUPPORT == _ON) && (_HDCP_2_2_SUPPORT == _ON
             -))
                      // Reset Hdcp2 Proc
                      ScalerHdcp2ResetTMDSProc(_D2_INPUT_PORT);
C51 COMPILER V9.60.0.0   RL6432_SERIES_GDIPHY                                              09/21/2026 15:33:02 PAGE 22  

              #endif
                  }
              #endif // End of #if(_D2_INPUT_PORT_TYPE == _D2_MHL_PORT)
              }
              
              
              //--------------------------------------------------
              // Description  : GDI Bandgap Power On/Off
              // Input Value  : On/Off
              // Output Value : None
              //--------------------------------------------------
              void ScalerGDIPhyRx2Power(EnumPowerAction enumPowerAction)
              {
                  switch(enumPowerAction)
                  {
                      case _POWER_ACTION_AC_ON_TO_NORMAL:
                      case _POWER_ACTION_OFF_TO_NORMAL:
                      case _POWER_ACTION_PS_TO_NORMAL:
              
                          ////////////////////////
                          // Clock Lane Enhance //
                          ////////////////////////
              
                          // [5:4] reg_rxvcom_sel = 2'b01 --> VDD - 0.3V
                          ScalerSetBit(P7B_17_BANDGAP_03, ~(_BIT5 | _BIT4), _BIT4);
              
              
                          ////////////////////////
                          // Offset Calibration //
                          ////////////////////////
              
                          // [7] EN_BACK_OFFSET = 1'b1 --> Enable Background Offset Calibration
                          // [6] EN_FORE_OFFSET = 1'b0 --> Disable Auto K-offset
                          // [5] FORE_OFF_AUTOK = 1'b0 --> Disable Auto K-offset Auto Mode
                          ScalerSetBit(P7B_24_KOFFSET_00, ~(_BIT7 | _BIT6 | _BIT5), _BIT7);
              
              
                          //////////////
                          // Z0 AutoK //
                          //////////////
              
                          // [0] Z0_manual = 1 --> Port2 50ohm Auto Mode
                          ScalerSetBit(P7B_17_BANDGAP_03, ~_BIT0, _BIT0);
              
              #if(_D2_TMDS_Z0_IMPEDANCE_OPTION == _LG_90_OHM)
                          // [3:0] Z0_ADJR = 6 --> Z0 Differential Impedance = level 6
                          ScalerSetBit(P7B_18_IMPEDANCE_00, ~(_BIT3 | _BIT2 | _BIT1 | _BIT0), (_BIT2 | _BIT1));
              #else
                          // [3:0] Z0_ADJR = 9 --> Z0 Differential Impedance = level 9
                          ScalerSetBit(P7B_18_IMPEDANCE_00, ~(_BIT3 | _BIT2 | _BIT1 | _BIT0), (_BIT3 | _BIT0));
              #endif
                          // [2:0] Z0_CM_ADJR = 6 --> Z0 Common Mode Impedance = level 6
                          ScalerSetBit(P7B_19_IMPEDANCE_01, ~(_BIT2 | _BIT1 | _BIT0), (_BIT2 | _BIT1));
              
                          // [7] p_channel_en = 1 --> Switch p Channel 50ohm Z0
                          // [6] n_channel_en = 1 --> Switch n Channel 50ohm Z0
                          ScalerSetBit(P7B_17_BANDGAP_03, ~(_BIT7 | _BIT6), (_BIT7 | _BIT6));
              
              
                          ///////////////
                          // Reset PHY //
                          ///////////////
C51 COMPILER V9.60.0.0   RL6432_SERIES_GDIPHY                                              09/21/2026 15:33:02 PAGE 23  

              
                          // [2:0] phy_si_reset_n = 4'b1111 --> Normal Digital PHY
                          ScalerSetBit(P7B_00_DIG_00, ~(_BIT2 | _BIT1 | _BIT0), (_BIT2 | _BIT1 | _BIT0));
              
                          // [1] bypass_clk_rdy = 1 --> Manual Mode
                          ScalerSetBit(P7B_0E_SDM_03, ~_BIT1, _BIT1);
              
                          // [1] bypass_eqen_rdy = 1 --> Manual Mode
                          ScalerSetBit(P7B_10_EQEN_TIMER, ~_BIT1, _BIT1);
              
                          // [1] bypass_data_rdy = 1 --> Manual Mode
                          ScalerSetBit(P7B_11_DATA_TIMER, ~_BIT1, _BIT1);
              
              
                          ////////////////////
                          // HDMI Interface //
                          ////////////////////
              
                          // Digital PHY Lane Swap Setting
                          ScalerSetByte(P7B_01_DIG_01, 0x24);
              
                          // Digital PHY P/N Swap Setting
                          ScalerSetBit(P7B_03_DIG_03, ~(_BIT6 | _BIT5 | _BIT4), 0x00);
              
                          // Digital PHY Select to HDMI
                          ScalerSetBit(P7B_05_DIG_05, ~_BIT7, _BIT7);
              
                          break;
              
                      case _POWER_ACTION_NORMAL_TO_PS:
              
              #if(_D2_TMDS_SUPPORT == _ON)
                          ScalerTMDSRx2PowerSavingProc();
              #endif
              
              #if(_SOURCE_BACKGROUND_DETECT_SUPPORT == _OFF)
                          // Disable R/G/B RX_EN, Disable R/G/B/Clock CDR_EN
                          ScalerSetByte(P7B_1A_CMU_00, 0x80);
              
                          // [7] Disable CMU PLL
                          ScalerSetBit(P7B_1B_CMU_01, ~_BIT7, 0x00);
              #endif
                          // Disable Auto k-offset(foreground)
                          // Disable Auto k-offset auto mode (foreground)
                          ScalerSetBit(P7B_24_KOFFSET_00, ~(_BIT6 | _BIT5), 0x00);
              
              #if((_D2_TMDS_SUPPORT == _ON) && (_TMDS_Z0_POWER_SAVING_OPTION == _ONLY_CLK_CHANNEL_CONNECTED_FOR_PS))
              
              #if(_D2_INPUT_PORT_TYPE == _D2_MHL_PORT)
                          if(GET_D2_TMDS_MODE() == _TMDS_HDMI_MODE)
                          {
                              // Disable RGB Z0
                              ScalerSetBit(P7B_18_IMPEDANCE_00, ~(_BIT6 | _BIT5 | _BIT4), 0x00);
                          }
              #else
                          // Disable RGB Z0
                          ScalerSetBit(P7B_18_IMPEDANCE_00, ~(_BIT6 | _BIT5 | _BIT4), 0x00);
              #endif
              
              #endif
                          break;
              
C51 COMPILER V9.60.0.0   RL6432_SERIES_GDIPHY                                              09/21/2026 15:33:02 PAGE 24  

                      case _POWER_ACTION_NORMAL_TO_OFF:
                      case _POWER_ACTION_SWITCH_INTERFACE_TO_OFF:
                      case _POWER_ACTION_AC_ON_TO_OFF:
                      case _POWER_ACTION_PS_TO_OFF:
              
              #if(_D2_TMDS_SUPPORT == _ON)
                          ScalerTMDSRx2PowerOffProc();
              #endif
              
              #if(_SOURCE_BACKGROUND_DETECT_SUPPORT == _OFF)
                          // Disable R/G/B RX_EN, Disable R/G/B/Clock CDR_EN
                          ScalerSetByte(P7B_1A_CMU_00, 0x00);
              
                          // [7] Disable CMU PLL
                          ScalerSetBit(P7B_1B_CMU_01, ~_BIT7, 0x00);
              #endif
                          // Disable Auto k-offset(foreground)
                          // Disable Auto k-offset auto mode (foreground)
                          ScalerSetBit(P7B_24_KOFFSET_00, ~(_BIT6 | _BIT5), 0x00);
              
                          break;
              
                      default:
              
                          break;
                  }
              }
              #endif
1409          
1410          #if((_D3_INPUT_PORT_TYPE != _D3_NO_PORT) || (_D2_INPUT_PORT_TYPE == _D2_DUAL_DVI_PORT))
1411          //--------------------------------------------------
1412          // Description  : GDI Rx3 Power Process
1413          // Input Value  : None
1414          // Output Value : None
1415          //--------------------------------------------------
1416          void ScalerGDIPhyRx3PowerProc(EnumPowerAction enumPowerAction)
1417          {
1418   1          ScalerGDIPhyRx3Power(enumPowerAction);
1419   1      
1420   1          switch(enumPowerAction)
1421   1          {
1422   2              case _POWER_ACTION_AC_ON_TO_NORMAL:
1423   2      
1424   2                  break;
1425   2      
1426   2              case _POWER_ACTION_PS_TO_NORMAL:
1427   2      
1428   2                  if(ScalerGetBit(P7C_18_IMPEDANCE_00, _BIT7) == _BIT7)
1429   2                  {
1430   3                      // Enable RGB Z0
1431   3                      ScalerSetBit(P7C_18_IMPEDANCE_00, ~(_BIT6 | _BIT5 | _BIT4), (_BIT6 | _BIT5 | _BIT4));
1432   3      
1433   3      #if(_D3_INPUT_PORT_TYPE == _D3_MHL_PORT)
                              if((GET_MHL_RX3_PROCESS_STATE() >= _MHL_STATE_SET_DEV_CAP_DONE) &&
                                 (((GET_MHL_RX3_ADOPTER_ID_HBYTE() == _CHROMA_MHL_ADOPTER_ID_HBYTE) && (GET_MHL_RX3_ADOP
             -TER_ID_LBYTE() == _CHROMA_MHL_ADOPTER_ID_LBYTE)) ||
                                  ((GET_MHL_RX3_ADOPTER_ID_HBYTE() == _SAMSUNG_NOTE2_ADOPTER_ID_HBYTE) && (GET_MHL_RX3_A
             -DOPTER_ID_LBYTE() == _SAMSUNG_NOTE2_ADOPTER_ID_LBYTE))))
                              {
                                  // Reset D3 CBUS
                                  ScalerMHLCBUSResetProc(_D3_INPUT_PORT);
                              }
C51 COMPILER V9.60.0.0   RL6432_SERIES_GDIPHY                                              09/21/2026 15:33:02 PAGE 25  

              #endif
1442   3                  }
1443   2      
1444   2      #if(_D2_INPUT_PORT_TYPE == _D2_DUAL_DVI_PORT)
              
                          if(ScalerGetBit(P7B_18_IMPEDANCE_00, _BIT7) == _BIT7)
                          {
                              // Enable RGB Z0
                              ScalerSetBit(P7C_18_IMPEDANCE_00, ~(_BIT6 | _BIT5 | _BIT4), (_BIT6 | _BIT5 | _BIT4));
                          }
              #endif
1452   2                  break;
1453   2      
1454   2              case _POWER_ACTION_OFF_TO_NORMAL:
1455   2      
1456   2      #if(_D3_INPUT_PORT_TYPE == _D3_MHL_PORT)
                          if((GET_D3_TMDS_MODE() == _TMDS_MHL_MODE) && (GET_MHL_RX3_SWITCH_PORT_DISCOVERY_DONE() == _TRU
             -E) &&
                             (ScalerGetBit(P7C_18_IMPEDANCE_00, (_BIT7 | _BIT6 | _BIT5 | _BIT4)) == (_BIT7 | _BIT6 | _BI
             -T5 | _BIT4)) &&
                             (GET_MHL_RX3_PROCESS_STATE() >= _MHL_STATE_SET_DEV_CAP_DONE) &&
                             (((GET_MHL_RX3_ADOPTER_ID_HBYTE() == _HTC_BUTTERFLY_ADOPTER_ID_HBYTE) && (GET_MHL_RX3_ADOPT
             -ER_ID_LBYTE() == _HTC_BUTTERFLY_ADOPTER_ID_LBYTE)) ||
                              ((GET_MHL_RX3_ADOPTER_ID_HBYTE() == _HUAWEI_D2_ADOPTER_ID_HBYTE) && (GET_MHL_RX3_ADOPTER_I
             -D_LBYTE() == _HUAWEI_D2_ADOPTER_ID_LBYTE)) ||
                              ((GET_MHL_RX3_ADOPTER_ID_HBYTE() == _SAMSUNG_NOTE2_ADOPTER_ID_HBYTE) && (GET_MHL_RX3_ADOPT
             -ER_ID_LBYTE() == _SAMSUNG_NOTE2_ADOPTER_ID_LBYTE))))
                          {
                              // Reset CBUS
                              ScalerMHLCBUSResetProc(_D3_INPUT_PORT);
                          }
              #endif
1468   2                  ScalerGDIPhyZ0Switch(_D3_INPUT_PORT, _ON);
1469   2      
1470   2                  break;
1471   2      
1472   2              case _POWER_ACTION_NORMAL_TO_PS:
1473   2      
1474   2                  break;
1475   2      
1476   2              case _POWER_ACTION_NORMAL_TO_OFF:
1477   2              case _POWER_ACTION_SWITCH_INTERFACE_TO_OFF:
1478   2              case _POWER_ACTION_AC_ON_TO_OFF:
1479   2              case _POWER_ACTION_PS_TO_OFF:
1480   2      
1481   2                  ScalerGDIPhyZ0Switch(_D3_INPUT_PORT, _OFF);
1482   2      
1483   2      #if(_D3_INPUT_PORT_TYPE == _D3_MHL_PORT)
                          // MHL Power Off Process
                          ScalerMHLPowerOffProc(_D3_INPUT_PORT);
              #endif
1487   2      
1488   2      #if((_D3_TMDS_SUPPORT == _ON) && (_TMDS_TOGGLE_HPD_Z0_FOR_ACER == _ON))
                          CLR_TMDS_RX3_TOGGLE_Z0();
                          CLR_TMDS_RX3_TOGGLE_Z0_EVENT();
              #endif
1492   2                  break;
1493   2      
1494   2              default:
1495   2      
1496   2                  break;
1497   2          }
C51 COMPILER V9.60.0.0   RL6432_SERIES_GDIPHY                                              09/21/2026 15:33:02 PAGE 26  

1498   1      }
1499          
1500          
1501          //--------------------------------------------------
1502          // Description  : GDI Z0 Switch
1503          // Input Value  : D3/D3 Port ; Z0 ON/OFF
1504          // Output Value : None
1505          //--------------------------------------------------
1506          void ScalerGDIPhyRx3Z0Switch(bit bSelect)
1507          {
1508   1          if(bSelect == _ON)
1509   1          {
1510   2              SET_DIGITAL_PORT_SWITCH_TO_D3();
1511   2          }
1512   1          else
1513   1          {
1514   2              CLR_DIGITAL_PORT_SWITCH_TO_D3();
1515   2          }
1516   1      
1517   1      #if(_D3_INPUT_PORT_TYPE == _D3_MHL_PORT)
              
                  if(GET_D3_TMDS_MODE() == _TMDS_MHL_MODE)
                  {
                      if(bSelect == _ON)
                      {
              #if(_MHL_DEBUG_WITHOUT_CBUS_MODE == _ON)
                          // Enable Z0
                          ScalerSetBit(P7C_18_IMPEDANCE_00, ~(_BIT7 | _BIT6 | _BIT5 | _BIT4), (_BIT7 | _BIT6 | _BIT5 | _
             -BIT4));
              #endif
                      }
                      else
                      {
                          if((ScalerGetBit(P7C_18_IMPEDANCE_00, (_BIT7 | _BIT6 | _BIT5 | _BIT4)) == (_BIT7 | _BIT6 | _BI
             -T5 | _BIT4)) &&
                             (GET_MHL_RX3_PROCESS_STATE() >= _MHL_STATE_SET_DEV_CAP_DONE))
                          {
                              // Reset D3 CBUS While Switch Port
                              ScalerMHLCBUSResetProc(_D3_INPUT_PORT);
                          }
                      }
                  }
                  else
                  {
                      ScalerMHLCBUSPhySwitch(_D3_INPUT_PORT, _OFF);
              
                      if(bSelect == _ON)
                      {
                          if(ScalerGetBit(P7C_18_IMPEDANCE_00, _BIT7) == 0x00)
                          {
                              SET_TMDS_RX3_Z0_ASSERTED();
              
              #if(_DP_HDMI_COMPATIBLE_MODE == _ON)
                              CLR_D3_HDMI_PS_WAKEUP();
              #endif
                              // Clear HDCP Flag
                              ScalerSetBit(P72_A9_TMDS_ABC0, ~(_BIT7 | _BIT6 | _BIT5 | _BIT2), (_BIT6 | _BIT5));
              
                              // Initialize DDC Detection Process
                              CLR_TMDS_RX3_DDC_DETECTED();
              
                              // Enable DDC Toggle IRQ
C51 COMPILER V9.60.0.0   RL6432_SERIES_GDIPHY                                              09/21/2026 15:33:02 PAGE 27  

                              MCU_FE72_DDC3_EDID_IRQ |= _BIT2;
                              MCU_FE72_DDC3_EDID_IRQ |= _BIT3;
              
                              // Enable Z0
                              ScalerSetBit(P7C_18_IMPEDANCE_00, ~(_BIT7 | _BIT6 | _BIT5 | _BIT4), (_BIT7 | _BIT6 | _BIT5
             - | _BIT4));
                          }
                      }
                      else
                      {
                          // Disable DDC Toggle IRQ
                          MCU_FE72_DDC3_EDID_IRQ &= ~(_BIT3 | _BIT1);
              
                          // Disable Z0
                          ScalerSetBit(P7C_18_IMPEDANCE_00, ~(_BIT7 | _BIT6 | _BIT5 | _BIT4), 0x00);
              
              #if((_HDCP_2_2_SUPPORT == _ON) && (_TMDS_HDCP_2_2_SUPPORT == _ON))
                          // Reset Hdcp2 Proc
                          ScalerHdcp2ResetTMDSProc(_D3_INPUT_PORT);
              #endif
                      }
                  }
              
              #else // Else of #if(_D3_INPUT_PORT_TYPE == _D3_MHL_PORT)
1581   1      
1582   1          if(bSelect == _ON)
1583   1          {
1584   2              // [1] MHL_Mode = 1'b0 --> Disable MHL Mode
1585   2              ScalerSetBit(P7C_17_BANDGAP_03, ~_BIT1, 0x00);
1586   2      
1587   2              // [4] Disable MHL OP
1588   2              ScalerSetBit(P7C_1B_CMU_01, ~_BIT4, 0x00);
1589   2      
1590   2              if(ScalerGetBit(P7C_18_IMPEDANCE_00, _BIT7) == 0x00)
1591   2              {
1592   3      #if((_D3_TMDS_SUPPORT == _ON) && (_D2_INPUT_PORT_TYPE != _D2_DUAL_DVI_PORT))
1593   3      
1594   3                  SET_TMDS_RX3_Z0_ASSERTED();
1595   3      
1596   3      #if(_DP_HDMI_COMPATIBLE_MODE == _ON)
                          CLR_D3_HDMI_PS_WAKEUP();
              #endif
1599   3                  // Clear HDCP Flag
1600   3                  ScalerSetBit(P72_A9_TMDS_ABC0, ~(_BIT7 | _BIT6 | _BIT5 | _BIT2), (_BIT6 | _BIT5));
1601   3      
1602   3                  // Initialize DDC Detection Process
1603   3                  CLR_TMDS_RX3_DDC_DETECTED();
1604   3      
1605   3                  // Enable DDC Toggle IRQ
1606   3                  MCU_FE72_DDC3_EDID_IRQ |= _BIT2;
1607   3                  MCU_FE72_DDC3_EDID_IRQ |= _BIT3;
1608   3      
1609   3      #endif // End of #if((_D3_TMDS_SUPPORT == _ON) && (_D2_INPUT_PORT_TYPE != _D2_DUAL_DVI_PORT))
1610   3      
1611   3                  // Enable Z0
1612   3                  ScalerSetBit(P7C_18_IMPEDANCE_00, ~(_BIT7 | _BIT6 | _BIT5 | _BIT4), (_BIT7 | _BIT6 | _BIT5 | _
             -BIT4));
1613   3              }
1614   2          }
1615   1          else
1616   1          {
1617   2      #if(_D3_TMDS_SUPPORT == _ON)
C51 COMPILER V9.60.0.0   RL6432_SERIES_GDIPHY                                              09/21/2026 15:33:02 PAGE 28  

1618   2      
1619   2              // Disable DDC Toggle IRQ
1620   2              MCU_FE72_DDC3_EDID_IRQ &= ~(_BIT3 | _BIT1);
1621   2      
1622   2              // Disable Z0
1623   2              ScalerSetBit(P7C_18_IMPEDANCE_00, ~(_BIT7 | _BIT6 | _BIT5 | _BIT4), 0x00);
1624   2      
1625   2      #endif
1626   2      
1627   2      #if((_D3_INPUT_PORT_TYPE == _D3_HDMI_PORT) && (_TMDS_HDCP_2_2_SUPPORT == _ON) && (_HDCP_2_2_SUPPORT == _ON
             -))
1628   2              // Reset Hdcp2 Proc
1629   2              ScalerHdcp2ResetTMDSProc(_D3_INPUT_PORT);
1630   2      #endif
1631   2          }
1632   1      #endif // End of #if(_D3_INPUT_PORT_TYPE == _D3_MHL_PORT)
1633   1      }
1634          
1635          
1636          //--------------------------------------------------
1637          // Description  : GDI Bandgap Power On/Off
1638          // Input Value  : On/Off
1639          // Output Value : None
1640          //--------------------------------------------------
1641          void ScalerGDIPhyRx3Power(EnumPowerAction enumPowerAction)
1642          {
1643   1          switch(enumPowerAction)
1644   1          {
1645   2              case _POWER_ACTION_AC_ON_TO_NORMAL:
1646   2              case _POWER_ACTION_OFF_TO_NORMAL:
1647   2              case _POWER_ACTION_PS_TO_NORMAL:
1648   2      
1649   2                  ////////////////////////
1650   2                  // Clock Lane Enhance //
1651   2                  ////////////////////////
1652   2      
1653   2                  // [5:4] reg_rxvcom_sel = 2'b01 --> VDD - 0.3V
1654   2                  ScalerSetBit(P7C_17_BANDGAP_03, ~(_BIT5 | _BIT4), _BIT4);
1655   2      
1656   2      
1657   2                  ////////////////////////
1658   2                  // Offset Calibration //
1659   2                  ////////////////////////
1660   2      
1661   2                  // [7] EN_BACK_OFFSET = 1'b1 --> Enable Background Offset Calibration
1662   2                  // [6] EN_FORE_OFFSET = 1'b0 --> Disable Auto K-offset
1663   2                  // [5] FORE_OFF_AUTOK = 1'b0 --> Disable Auto K-offset Auto Mode
1664   2                  ScalerSetBit(P7C_24_KOFFSET_00, ~(_BIT7 | _BIT6 | _BIT5), _BIT7);
1665   2      
1666   2      
1667   2                  //////////////
1668   2                  // Z0 AutoK //
1669   2                  //////////////
1670   2      
1671   2                  // [0] Z0_manual = 1 --> Port2 50ohm Auto Mode
1672   2                  ScalerSetBit(P7C_17_BANDGAP_03, ~_BIT0, _BIT0);
1673   2      
1674   2      #if(_D3_TMDS_Z0_IMPEDANCE_OPTION == _LG_90_OHM)
                          // [3:0] Z0_ADJR = 6 --> Z0 Differential Impedance = level 6
                          ScalerSetBit(P7C_18_IMPEDANCE_00, ~(_BIT3 | _BIT2 | _BIT1 | _BIT0), (_BIT2 | _BIT1));
              #else
1678   2                  // [3:0] Z0_ADJR = 9 --> Z0 Differential Impedance = level 9
C51 COMPILER V9.60.0.0   RL6432_SERIES_GDIPHY                                              09/21/2026 15:33:02 PAGE 29  

1679   2                  ScalerSetBit(P7C_18_IMPEDANCE_00, ~(_BIT3 | _BIT2 | _BIT1 | _BIT0), (_BIT3 | _BIT0));
1680   2      #endif
1681   2                  // [2:0] Z0_CM_ADJR = 6 --> Z0 Common Mode Impedance = level 6
1682   2                  ScalerSetBit(P7C_19_IMPEDANCE_01, ~(_BIT2 | _BIT1 | _BIT0), (_BIT2 | _BIT1));
1683   2      
1684   2                  // [7] p_channel_en = 1 --> Switch p Channel 50ohm Z0
1685   2                  // [6] n_channel_en = 1 --> Switch n Channel 50ohm Z0
1686   2                  ScalerSetBit(P7C_17_BANDGAP_03, ~(_BIT7 | _BIT6), (_BIT7 | _BIT6));
1687   2      
1688   2      
1689   2                  ///////////////
1690   2                  // Reset PHY //
1691   2                  ///////////////
1692   2      
1693   2                  // [2:0] phy_si_reset_n = 4'b1111 --> Normal Digital PHY
1694   2                  ScalerSetBit(P7C_00_DIG_00, ~(_BIT2 | _BIT1 | _BIT0), (_BIT2 | _BIT1 | _BIT0));
1695   2      
1696   2                  // [1] bypass_clk_rdy = 1 --> Manual Mode
1697   2                  ScalerSetBit(P7C_0E_SDM_03, ~_BIT1, _BIT1);
1698   2      
1699   2                  // [1] bypass_eqen_rdy = 1 --> Manual Mode
1700   2                  ScalerSetBit(P7C_10_EQEN_TIMER, ~_BIT1, _BIT1);
1701   2      
1702   2                  // [1] bypass_data_rdy = 1 --> Manual Mode
1703   2                  ScalerSetBit(P7C_11_DATA_TIMER, ~_BIT1, _BIT1);
1704   2      
1705   2      
1706   2                  ////////////////////
1707   2                  // HDMI Interface //
1708   2                  ////////////////////
1709   2      
1710   2                  // Digital PHY Lane Swap Setting
1711   2                  ScalerSetByte(P7C_01_DIG_01, 0x24);
1712   2      
1713   2                  // Digital PHY P/N Swap Setting
1714   2                  ScalerSetBit(P7C_03_DIG_03, ~(_BIT6 | _BIT5 | _BIT4), 0x00);
1715   2      
1716   2                  // Digital PHY Select to HDMI
1717   2                  ScalerSetBit(P7C_05_DIG_05, ~_BIT7, _BIT7);
1718   2      
1719   2                  break;
1720   2      
1721   2              case _POWER_ACTION_NORMAL_TO_PS:
1722   2      
1723   2      #if(_D3_TMDS_SUPPORT == _ON)
1724   2                  ScalerTMDSRx3PowerSavingProc();
1725   2      #endif
1726   2      
1727   2      #if(_SOURCE_BACKGROUND_DETECT_SUPPORT == _OFF)
1728   2                  // Disable R/G/B RX_EN, Disable R/G/B/Clock CDR_EN
1729   2                  ScalerSetByte(P7C_1A_CMU_00, 0x80);
1730   2      
1731   2                  // [7] Disable CMU PLL
1732   2                  ScalerSetBit(P7C_1B_CMU_01, ~_BIT7, 0x00);
1733   2      #endif
1734   2                  // Disable Auto k-offset(foreground)
1735   2                  // Disable Auto k-offset auto mode (foreground)
1736   2                  ScalerSetBit(P7C_24_KOFFSET_00, ~(_BIT6 | _BIT5), 0x00);
1737   2      
1738   2      #if((_D3_TMDS_SUPPORT == _ON) && (_TMDS_Z0_POWER_SAVING_OPTION == _ONLY_CLK_CHANNEL_CONNECTED_FOR_PS))
              
              #if(_D3_INPUT_PORT_TYPE == _D3_MHL_PORT)
C51 COMPILER V9.60.0.0   RL6432_SERIES_GDIPHY                                              09/21/2026 15:33:02 PAGE 30  

                          if(GET_D3_TMDS_MODE() == _TMDS_HDMI_MODE)
                          {
                              // Disable RGB Z0
                              ScalerSetBit(P7C_18_IMPEDANCE_00, ~(_BIT6 | _BIT5 | _BIT4), 0x00);
                          }
              #else
                          // Disable RGB Z0
                          ScalerSetBit(P7C_18_IMPEDANCE_00, ~(_BIT6 | _BIT5 | _BIT4), 0x00);
              #endif
              
              #endif
1752   2                  break;
1753   2      
1754   2              case _POWER_ACTION_NORMAL_TO_OFF:
1755   2              case _POWER_ACTION_SWITCH_INTERFACE_TO_OFF:
1756   2              case _POWER_ACTION_AC_ON_TO_OFF:
1757   2              case _POWER_ACTION_PS_TO_OFF:
1758   2      
1759   2      #if(_D3_TMDS_SUPPORT == _ON)
1760   2                  ScalerTMDSRx3PowerOffProc();
1761   2      #endif
1762   2      
1763   2      #if(_SOURCE_BACKGROUND_DETECT_SUPPORT == _OFF)
1764   2                  // Disable R/G/B RX_EN, Disable R/G/B/Clock CDR_EN
1765   2                  ScalerSetByte(P7C_1A_CMU_00, 0x00);
1766   2      
1767   2                  // [7] Disable CMU PLL
1768   2                  ScalerSetBit(P7C_1B_CMU_01, ~_BIT7, 0x00);
1769   2      #endif
1770   2                  // Disable Auto k-offset(foreground)
1771   2                  // Disable Auto k-offset auto mode (foreground)
1772   2                  ScalerSetBit(P7C_24_KOFFSET_00, ~(_BIT6 | _BIT5), 0x00);
1773   2      
1774   2                  break;
1775   2      
1776   2              default:
1777   2      
1778   2                  break;
1779   2          }
1780   1      }
1781          #endif


MODULE INFORMATION:   STATIC OVERLAYABLE
   CODE SIZE        =    912    ----
   CONSTANT SIZE    =   ----    ----
   XDATA SIZE       =   ----       3
   PDATA SIZE       =   ----    ----
   DATA SIZE        =   ----    ----
   IDATA SIZE       =   ----    ----
   BIT SIZE         =   ----       4
END OF MODULE INFORMATION.


C51 COMPILATION COMPLETE.  0 WARNING(S),  0 ERROR(S)
