C51 COMPILER V8.12   RL6432_SERIES_POWER                                                   09/16/2026 20:28:31 PAGE 1   


C51 COMPILER V8.12, COMPILATION OF MODULE RL6432_SERIES_POWER
OBJECT MODULE PLACED IN .\Output\RL6432_Project\RL6432_Series_Power.obj
COMPILER INVOKED BY: c:\Keil\C51\BIN\C51.EXE Kernel\Scaler\RL6432_Series_Scaler\Code\RL6432_Series_Power.c LARGE OPTIMIZ
                    -E(9,SPEED) INCDIR(.\Output\RL6432;.\Project\Header;.\Pcb;.\Panel;.\Kernel\Device\Header;.\Kernel\Common;.\Kernel\System\
                    -Header;.\Kernel\Scaler\ScalerFunction\Header;.\Kernel\Scaler\ScalerCommonFunction\Header;.\Kernel\Scaler\ScalerFunction\
                    -Lib\Header;.\Kernel\Scaler\ScalerCommonFunction\Lib\Header;.\Kernel\Scaler\RL6432_Series_Scaler\Header;.\Kernel\Scaler\R
                    -L6432_Series_Common\Header;.\Kernel\Scaler\RL6432_Series_Scaler\Lib\Header;.\Kernel\Scaler\RL6432_Series_Common\Lib\Head
                    -er;.\Kernel\User Common Function\Header;.\User\RTD Series\RTD2014Function\Header;.\User\RTD Series\RTD2014Osd\Header;.\U
                    -ser\RTD Factory\Header;.\User\None Series\NoneFunction\Header;.\User\None Series\NoneOsd\Header;.\User\None Factory\Head
                    -er) DEFINE(_PROJECT=_RL6432_PROJECT,_SCALER_TYPE=_RL6432_SERIES) DEBUG OBJECTEXTEND PRINT(.\Output\RL6432_Project\RL6432
                    -_Series_Power.lst) OBJECT(.\Output\RL6432_Project\RL6432_Series_Power.obj)

line level    source

   1          /********************************************************************************/
   2          /*   Copyright (c) 2021 Realtek Semiconductor Corp. All rights reserved.        */
   3          /*                                                                              */
   4          /*   SPDX-License-Identifier: LicenseRef-Realtek-Proprietary                    */
   5          /*                                                                              */
   6          /*   This software component is confidential and proprietary to Realtek         */
   7          /*   Semiconductor Corp. Disclosure, reproduction, redistribution, in whole     */
   8          /*   or in part, of this work and its derivatives without express permission    */
   9          /*   is prohibited.                                                             */
  10          /********************************************************************************/
  11          
  12          //----------------------------------------------------------------------------------------------------
  13          // ID Code      : RL6432_Series_Power.c No.0000
  14          // Update Note  :
  15          //----------------------------------------------------------------------------------------------------
  16          
  17          #include "ScalerFunctionInclude.h"
  18          
  19          //****************************************************************************
  20          // DEFINITIONS / MACROS
  21          //****************************************************************************
  22          
  23          //****************************************************************************
  24          // STRUCT / TYPE / ENUM DEFINITTIONS
  25          //****************************************************************************
  26          
  27          //****************************************************************************
  28          // CODE TABLES
  29          //****************************************************************************
  30          
  31          //****************************************************************************
  32          // VARIABLE DECLARATIONS
  33          //****************************************************************************
  34          
  35          //****************************************************************************
  36          // FUNCTION DECLARATIONS
  37          //****************************************************************************
  38          BYTE ScalerPowerIsolation(EnumPowerAction enumSwitch);
  39          void ScalerPowerAllGroupPowerCutReset(BYTE ucOn);
  40          void ScalerPowerGroupAIsolation(BYTE ucOn);
  41          void ScalerPowerGroupBIsolation(BYTE ucOn);
  42          void ScalerPowerGroupADIIsolation(BYTE ucOn);
  43          void ScalerPowerGroupD0Isolation(BYTE ucOn);
  44          void ScalerPowerGroupD1Isolation(BYTE ucOn);
  45          void ScalerPowerGroupD2Isolation(BYTE ucOn);
  46          void ScalerPowerGroupD3Isolation(BYTE ucOn);
  47          void ScalerPowerGroupAPowerCut(BYTE ucOn);
C51 COMPILER V8.12   RL6432_SERIES_POWER                                                   09/16/2026 20:28:31 PAGE 2   

  48          void ScalerPowerGroupBPowerCut(BYTE ucOn);
  49          void ScalerPowerGroupADIPowerCut(BYTE ucOn);
  50          void ScalerPowerGroupD0PowerCut(BYTE ucOn);
  51          void ScalerPowerGroupD1PowerCut(BYTE ucOn);
  52          void ScalerPowerGroupD2PowerCut(BYTE ucOn);
  53          void ScalerPowerGroupD3PowerCut(BYTE ucOn);
  54          void ScalerPowerRecoverAGroupIsolationData(void);
  55          void ScalerPowerRecoverBGroupIsolationData(void);
  56          void ScalerPowerRecoverCGroupIsolationData(void);
  57          void ScalerPowerRecoverDGroupIsolationData(void);
  58          void ScalerPowerRecoverEGroupIsolationData(void);
  59          
  60          
  61          //****************************************************************************
  62          // FUNCTION DEFINITIONS
  63          //****************************************************************************
  64          //--------------------------------------------------
  65          // Description  : Power cut block flow
  66          // Input Value  : enumSwitch    --> Power action description.
  67          // Output Value : return power group enter isolation area
  68          //--------------------------------------------------
  69          BYTE ScalerPowerIsolation(EnumPowerAction enumSwitch)
  70          {
  71   1          BYTE ucPowerIsoFlg = 0x00;
  72   1      
  73   1          switch(enumSwitch)
  74   1          {
  75   2              case _POWER_ACTION_NORMAL_TO_PS:
  76   2              case _POWER_ACTION_NORMAL_TO_OFF:
  77   2              case _POWER_ACTION_AC_ON_TO_OFF:
  78   2              case _POWER_ACTION_AC_ON_INITIAL:
  79   2      
  80   2      #if(_PANEL_STYLE == _PANEL_LVDS)
  81   2                  // LVDS Pad Power Off
  82   2                  ScalerDisplayLvdsPadPower(_OFF);
  83   2      #elif(_PANEL_STYLE == _PANEL_DPTX)
                          // LVDS Pad Power Off for eDP
                          ScalerDisplayUseLvdsPadPower(_OFF);
              #endif
  87   2      
  88   2                  // Group A block isolation control
  89   2      #if(_MHL_SUPPORT == _ON)
                          if((ScalerGlobalGetIDCode() != _RL6432_VER_A_ID_CODE) || (enumSwitch == _POWER_ACTION_AC_ON_IN
             -ITIAL))
              #endif
  92   2                  {
  93   3                      ScalerPowerGroupAIsolation(_ON);
  94   3                  }
  95   2      
  96   2                  ucPowerIsoFlg |= _BIT0;
  97   2      
  98   2                  // Group B block isolation control
  99   2                  ScalerPowerGroupBIsolation(_ON);
 100   2                  ucPowerIsoFlg |= _BIT1;
 101   2      
 102   2                  // Group ADI block isolation control
 103   2                  ScalerPowerGroupADIIsolation(_ON);
 104   2                  ucPowerIsoFlg |= _BIT2;
 105   2      
 106   2      #if(_MHL_SUPPORT == _ON)
                          if((ScalerGlobalGetIDCode() != _RL6432_VER_A_ID_CODE) || (enumSwitch == _POWER_ACTION_AC_ON_IN
             -ITIAL))
C51 COMPILER V8.12   RL6432_SERIES_POWER                                                   09/16/2026 20:28:31 PAGE 3   

              #endif
 109   2                  {
 110   3                      // Group D1 to D3 block isolation control
 111   3                      ScalerPowerGroupD1Isolation(_ON);
 112   3                      ScalerPowerGroupD2Isolation(_ON);
 113   3                      ScalerPowerGroupD3Isolation(_ON);
 114   3                  }
 115   2      
 116   2                  ucPowerIsoFlg |= _BIT3;
 117   2      
 118   2                  // Group D0 block isolation control
 119   2                  ScalerPowerGroupD0Isolation(_ON);
 120   2                  ucPowerIsoFlg |= _BIT4;
 121   2      
 122   2                  // Group B power control
 123   2                  ScalerPowerGroupBPowerCut(_ON);
 124   2      
 125   2                  // Group ADI power control
 126   2                  ScalerPowerGroupADIPowerCut(_ON);
 127   2      
 128   2      #if(_MHL_SUPPORT == _ON)
                          if((ScalerGlobalGetIDCode() != _RL6432_VER_A_ID_CODE) || (enumSwitch == _POWER_ACTION_AC_ON_IN
             -ITIAL))
              #endif
 131   2                  {
 132   3                      // Group D1 to D3 power control
 133   3                      ScalerPowerGroupD1PowerCut(_ON);
 134   3                      ScalerPowerGroupD2PowerCut(_ON);
 135   3                      ScalerPowerGroupD3PowerCut(_ON);
 136   3                  }
 137   2      
 138   2                  // Group D0 power control
 139   2                  ScalerPowerGroupD0PowerCut(_ON);
 140   2      
 141   2                  // Group A power control control by GPIO
 142   2      #if(_MHL_SUPPORT == _ON)
                          if((ScalerGlobalGetIDCode() != _RL6432_VER_A_ID_CODE) || (enumSwitch == _POWER_ACTION_AC_ON_IN
             -ITIAL))
              #endif
 145   2                  {
 146   3                      ScalerPowerGroupAPowerCut(_ON);
 147   3                  }
 148   2      
 149   2                  break;
 150   2      
 151   2              case _POWER_ACTION_AC_ON_TO_NORMAL:
 152   2              case _POWER_ACTION_OFF_TO_NORMAL:
 153   2              case _POWER_ACTION_PS_TO_NORMAL:
 154   2      
 155   2                  // All power group Reset
 156   2                  ScalerPowerAllGroupPowerCutReset(_ON);
 157   2      
 158   2                  // Group A power supply control by GPIO
 159   2                  ScalerPowerGroupAPowerCut(_OFF);
 160   2      
 161   2                  // Group B power control
 162   2                  ScalerPowerGroupBPowerCut(_OFF);
 163   2      
 164   2                  // Group ADI power control
 165   2                  ScalerPowerGroupADIPowerCut(_OFF);
 166   2      
 167   2                  // Group D2 to D3 power control
C51 COMPILER V8.12   RL6432_SERIES_POWER                                                   09/16/2026 20:28:31 PAGE 4   

 168   2                  ScalerPowerGroupD2PowerCut(_OFF);
 169   2                  ScalerPowerGroupD3PowerCut(_OFF);
 170   2      
 171   2                  // Group D0 to D1 power control
 172   2                  ScalerPowerGroupD0PowerCut(_OFF);
 173   2                  ScalerPowerGroupD1PowerCut(_OFF);
 174   2      
 175   2                  // Group A block isolation control
 176   2                  ScalerPowerGroupAIsolation(_OFF);
 177   2      
 178   2                  // Group B block isolation control
 179   2                  ScalerPowerGroupBIsolation(_OFF);
 180   2      
 181   2                  // Group ADI block isolation control
 182   2                  ScalerPowerGroupADIIsolation(_OFF);
 183   2      
 184   2                  // Group D2 to D3 block isolation control
 185   2                  ScalerPowerGroupD2Isolation(_OFF);
 186   2                  ScalerPowerGroupD3Isolation(_OFF);
 187   2      
 188   2                  // Group D0 to D1 block isolation control
 189   2                  ScalerPowerGroupD0Isolation(_OFF);
 190   2                  ScalerPowerGroupD1Isolation(_OFF);
 191   2      
 192   2                  // All power group Relase
 193   2                  ScalerPowerAllGroupPowerCutReset(_OFF);
 194   2      
 195   2      #if(_PANEL_STYLE == _PANEL_LVDS)
 196   2                  // LVDS Pad Power On
 197   2                  ScalerDisplayLvdsPadPower(_ON);
 198   2      #elif(_PANEL_STYLE == _PANEL_DPTX)
                          // LVDS Pad Power On for eDP
                          ScalerDisplayUseLvdsPadPower(_ON);
              #endif
 202   2      
 203   2                  break;
 204   2      
 205   2              case _POWER_ACTION_NORMAL_TO_FAKE_PS:
 206   2      
 207   2                  break;
 208   2      
 209   2              case _POWER_ACTION_PS_TO_OFF:
 210   2      
 211   2                  break;
 212   2      
 213   2              default:
 214   2                  break;
 215   2          }
 216   1      
 217   1          return ucPowerIsoFlg;
 218   1      }
 219          
 220          //--------------------------------------------------
 221          // Description  : All Group Power reset
 222          // Input Value  : ON --> Reset ; OFF --> Release
 223          // Output Value : None
 224          //--------------------------------------------------
 225          void ScalerPowerAllGroupPowerCutReset(BYTE ucOn)
 226          {
 227   1          if(ucOn == _ON)
 228   1          {
 229   2              // Group A Power Cut block Reset
C51 COMPILER V8.12   RL6432_SERIES_POWER                                                   09/16/2026 20:28:31 PAGE 5   

 230   2              ScalerSetBit(P0_09_GA_POWER_CTRL, ~_BIT0, _BIT0);
 231   2      
 232   2              // Group B Power Cut block Reset
 233   2              ScalerSetBit(PC0_0A_GB_POWER_CTRL, ~_BIT0, _BIT0);
 234   2      
 235   2              // Group ADI Power Cut block Reset
 236   2              ScalerSetBit(P6F_26_ADI_POWER_CTRL, ~_BIT0, _BIT0);
 237   2      
 238   2              if((ScalerGetBit(P6F_20_D0_POWER_CTRL, _BIT1) == _BIT1) || (ScalerGetBit(P0_F1_VCCKOFF_CONTROL1, _
             -BIT0) == _BIT0))
 239   2              {
 240   3                  // Group D0 Power Cut block Reset
 241   3                  ScalerSetBit(P6F_20_D0_POWER_CTRL, ~_BIT0, _BIT0);
 242   3              }
 243   2      
 244   2              if((ScalerGetBit(P6F_21_D1_POWER_CTRL, _BIT1) == _BIT1) || (ScalerGetBit(P0_F1_VCCKOFF_CONTROL1, _
             -BIT1) == _BIT1))
 245   2              {
 246   3                  // Group D1 Power Cut block Reset
 247   3                  ScalerSetBit(P6F_21_D1_POWER_CTRL, ~_BIT0, _BIT0);
 248   3              }
 249   2      
 250   2              if((ScalerGetBit(P6F_22_D2_POWER_CTRL, _BIT1) == _BIT1) || (ScalerGetBit(P0_F1_VCCKOFF_CONTROL1, _
             -BIT2) == _BIT2))
 251   2              {
 252   3                  // Group D2 Power Cut block Reset
 253   3                  ScalerSetBit(P6F_22_D2_POWER_CTRL, ~_BIT0, _BIT0);
 254   3              }
 255   2      
 256   2              if((ScalerGetBit(P6F_23_D3_POWER_CTRL, _BIT1) == _BIT1) || (ScalerGetBit(P0_F1_VCCKOFF_CONTROL1, _
             -BIT3) == _BIT3))
 257   2              {
 258   3                  // Group D3 Power Cut block Reset
 259   3                  ScalerSetBit(P6F_23_D3_POWER_CTRL, ~_BIT0, _BIT0);
 260   3              }
 261   2          }
 262   1          else
 263   1          {
 264   2              // Group A Power Cut block Relase
 265   2              ScalerSetBit(P0_09_GA_POWER_CTRL, ~_BIT0, 0x00);
 266   2      
 267   2              // Group B Power Cut block Relase
 268   2              ScalerSetBit(PC0_0A_GB_POWER_CTRL, ~_BIT0, 0x00);
 269   2      
 270   2              // Group ADI Power Cut block Relase
 271   2              ScalerSetBit(P6F_26_ADI_POWER_CTRL, ~_BIT0, 0x00);
 272   2      
 273   2              // Group D0 Power Cut block Relase
 274   2              ScalerSetBit(P6F_20_D0_POWER_CTRL, ~_BIT0, 0x00);
 275   2      
 276   2              // Group D1 Power Cut block Relase
 277   2              ScalerSetBit(P6F_21_D1_POWER_CTRL, ~_BIT0, 0x00);
 278   2      
 279   2              // Group D2 Power Cut block Relase
 280   2              ScalerSetBit(P6F_22_D2_POWER_CTRL, ~_BIT0, 0x00);
 281   2      
 282   2              // Group D3 Power Cut block Relase
 283   2              ScalerSetBit(P6F_23_D3_POWER_CTRL, ~_BIT0, 0x00);
 284   2          }
 285   1      }
 286          
 287          //--------------------------------------------------
C51 COMPILER V8.12   RL6432_SERIES_POWER                                                   09/16/2026 20:28:31 PAGE 6   

 288          // Description  : Group A Isolation on/off
 289          // Input Value  : ON --> Group A(Low Power) ; OFF --> Group A (Normal Operation)
 290          // Output Value : None
 291          //--------------------------------------------------
 292          void ScalerPowerGroupAIsolation(BYTE ucOn)
 293          {
 294   1          if(ucOn == _ON)
 295   1          {
 296   2              // Analog isolation on
 297   2              ScalerSetBit(P0_F0_VCCKOFF_CONTROL0, ~_BIT4, _BIT4);
 298   2      
 299   2              // Digital isolation on
 300   2              ScalerSetBit(P0_09_GA_POWER_CTRL, ~_BIT1, _BIT1);
 301   2          }
 302   1          else
 303   1          {
 304   2              // Digital isolation off
 305   2              ScalerSetBit(P0_09_GA_POWER_CTRL, ~_BIT1, 0x00);
 306   2      
 307   2              // Analog isolation off
 308   2              ScalerSetBit(P0_F0_VCCKOFF_CONTROL0, ~_BIT4, 0x00);
 309   2      
 310   2              // Wait for VCCK_OFF Power On Stable
 311   2              POLLING_VCCK_OFF_STATUS(_VCCK_OFF_TIME_POLLING_POWER_ON);
 312   2          }
 313   1      }
 314          
 315          //--------------------------------------------------
 316          // Description  : Group B Isolation on/off
 317          // Input Value  : ON --> Group B(Low Power) ; OFF --> Group B (Normal Operation)
 318          // Output Value : None
 319          //--------------------------------------------------
 320          void ScalerPowerGroupBIsolation(BYTE ucOn)
 321          {
 322   1          if(ucOn == _ON)
 323   1          {
 324   2              // Analog isolation on
 325   2              ScalerSetBit(P0_F0_VCCKOFF_CONTROL0, ~_BIT3, _BIT3);
 326   2      
 327   2              // Digital isolation on
 328   2              ScalerSetBit(PC0_0A_GB_POWER_CTRL, ~_BIT1, _BIT1);
 329   2          }
 330   1          else
 331   1          {
 332   2              // Digital isolation off
 333   2              ScalerSetBit(PC0_0A_GB_POWER_CTRL, ~_BIT1, 0x00);
 334   2      
 335   2              // Analog isolation off
 336   2              ScalerSetBit(P0_F0_VCCKOFF_CONTROL0, ~_BIT3, 0x00);
 337   2          }
 338   1      }
 339          
 340          //--------------------------------------------------
 341          // Description  : Group ADI Isolation on/off
 342          // Input Value  : ON --> Group ADI(Low Power) ; OFF --> Group ADI (Normal Operation)
 343          // Output Value : None
 344          //--------------------------------------------------
 345          void ScalerPowerGroupADIIsolation(BYTE ucOn)
 346          {
 347   1          if(ucOn == _ON)
 348   1          {
 349   2              // Analog isolation on
C51 COMPILER V8.12   RL6432_SERIES_POWER                                                   09/16/2026 20:28:31 PAGE 7   

 350   2              ScalerSetBit(P0_F1_VCCKOFF_CONTROL1, ~_BIT6, _BIT6);
 351   2      
 352   2              // Digital isolation on
 353   2              ScalerSetBit(P6F_26_ADI_POWER_CTRL, ~_BIT1, _BIT1);
 354   2          }
 355   1          else
 356   1          {
 357   2              // Digital isolation off
 358   2              ScalerSetBit(P6F_26_ADI_POWER_CTRL, ~_BIT1, 0x00);
 359   2      
 360   2              // Analog isolation off
 361   2              ScalerSetBit(P0_F1_VCCKOFF_CONTROL1, ~_BIT6, 0x00);
 362   2          }
 363   1      }
 364          
 365          //--------------------------------------------------
 366          // Description  : Group D0 Isolation on/off
 367          // Input Value  : ON --> Group D0 (Low Power) ; OFF --> Group D0 (Normal Operation)
 368          // Output Value : None
 369          //--------------------------------------------------
 370          void ScalerPowerGroupD0Isolation(BYTE ucOn)
 371          {
 372   1          if(ucOn == _ON)
 373   1          {
 374   2              // D0 Analog isolation on
 375   2              ScalerSetBit(P0_F1_VCCKOFF_CONTROL1, ~_BIT0, _BIT0);
 376   2      
 377   2      #if((_DP_HDMI_COMPATIBLE_MODE == _ON) || (_DP_POWER_OFF_HDCP_SUPPORT == _ON))
                      if(GET_DP_DC_OFF_HPD_HIGH() == _OFF)
              #endif
 380   2              {
 381   3                  // D0 Digital isolation on
 382   3                  ScalerSetBit(P6F_20_D0_POWER_CTRL, ~_BIT1, _BIT1);
 383   3              }
 384   2          }
 385   1          else
 386   1          {
 387   2      #if((_DP_HDMI_COMPATIBLE_MODE == _ON) || (_DP_POWER_OFF_HDCP_SUPPORT == _ON))
                      if(GET_DP_DC_OFF_HPD_HIGH() == _OFF)
              #endif
 390   2              {
 391   3                  // D0 Digital isolation off
 392   3                  ScalerSetBit(P6F_20_D0_POWER_CTRL, ~_BIT1, 0x00);
 393   3              }
 394   2      
 395   2              // D0 Analog isolation off
 396   2              ScalerSetBit(P0_F1_VCCKOFF_CONTROL1, ~_BIT0, 0x00);
 397   2          }
 398   1      }
 399          
 400          //--------------------------------------------------
 401          // Description  : Group D1 Isolation on/off
 402          // Input Value  : ON --> Group D1 (Low Power) ; OFF --> Group D1 (Normal Operation)
 403          // Output Value : None
 404          //--------------------------------------------------
 405          void ScalerPowerGroupD1Isolation(BYTE ucOn)
 406          {
 407   1          if(ucOn == _ON)
 408   1          {
 409   2              // D1 Analog isolation on
 410   2              ScalerSetBit(P0_F1_VCCKOFF_CONTROL1, ~_BIT1, _BIT1);
 411   2      
C51 COMPILER V8.12   RL6432_SERIES_POWER                                                   09/16/2026 20:28:31 PAGE 8   

 412   2      #if((_DP_HDMI_COMPATIBLE_MODE == _ON) || (_DP_POWER_OFF_HDCP_SUPPORT == _ON))
                      if(GET_DP_DC_OFF_HPD_HIGH() == _OFF)
              #endif
 415   2              {
 416   3                  // D1 Digital isolation on
 417   3                  ScalerSetBit(P6F_21_D1_POWER_CTRL, ~_BIT1, _BIT1);
 418   3              }
 419   2          }
 420   1          else
 421   1          {
 422   2      #if((_DP_HDMI_COMPATIBLE_MODE == _ON) || (_DP_POWER_OFF_HDCP_SUPPORT == _ON))
                      if(GET_DP_DC_OFF_HPD_HIGH() == _OFF)
              #endif
 425   2              {
 426   3                  // D1 Digital isolation off
 427   3                  ScalerSetBit(P6F_21_D1_POWER_CTRL, ~_BIT1, 0x00);
 428   3              }
 429   2      
 430   2              // D1 Analog isolation off
 431   2              ScalerSetBit(P0_F1_VCCKOFF_CONTROL1, ~_BIT1, 0x00);
 432   2          }
 433   1      }
 434          
 435          //--------------------------------------------------
 436          // Description  : Group D2 Isolation on/off
 437          // Input Value  : ON --> Group D2 (Low Power) ; OFF --> Group D2 (Normal Operation)
 438          // Output Value : None
 439          //--------------------------------------------------
 440          void ScalerPowerGroupD2Isolation(BYTE ucOn)
 441          {
 442   1          if(ucOn == _ON)
 443   1          {
 444   2              // D2 Analog isolation on
 445   2              ScalerSetBit(P0_F1_VCCKOFF_CONTROL1, ~_BIT2, _BIT2);
 446   2      
 447   2              // D2 Digital isolation on
 448   2              ScalerSetBit(P6F_22_D2_POWER_CTRL, ~_BIT1, _BIT1);
 449   2          }
 450   1          else
 451   1          {
 452   2              // D2 Digital isolation off
 453   2              ScalerSetBit(P6F_22_D2_POWER_CTRL, ~_BIT1, 0x00);
 454   2      
 455   2              // D2 Analog isolation off
 456   2              ScalerSetBit(P0_F1_VCCKOFF_CONTROL1, ~_BIT2, 0x00);
 457   2          }
 458   1      }
 459          
 460          //--------------------------------------------------
 461          // Description  : Group D3 Isolation on/off
 462          // Input Value  : ON --> Group D3 (Low Power) ; OFF --> Group D3 (Normal Operation)
 463          // Output Value : None
 464          //--------------------------------------------------
 465          void ScalerPowerGroupD3Isolation(BYTE ucOn)
 466          {
 467   1          if(ucOn == _ON)
 468   1          {
 469   2              // D3 Analog isolation on
 470   2              ScalerSetBit(P0_F1_VCCKOFF_CONTROL1, ~_BIT3, _BIT3);
 471   2      
 472   2              // D3 Digital isolation on
 473   2              ScalerSetBit(P6F_23_D3_POWER_CTRL, ~_BIT1, _BIT1);
C51 COMPILER V8.12   RL6432_SERIES_POWER                                                   09/16/2026 20:28:31 PAGE 9   

 474   2          }
 475   1          else
 476   1          {
 477   2              // D3 Digital isolation off
 478   2              ScalerSetBit(P6F_23_D3_POWER_CTRL, ~_BIT1, 0x00);
 479   2      
 480   2              // D3 Analog isolation off
 481   2              ScalerSetBit(P0_F1_VCCKOFF_CONTROL1, ~_BIT3, 0x00);
 482   2          }
 483   1      }
 484          
 485          //--------------------------------------------------
 486          // Description  : Group A Power on/off
 487          // Input Value  : ON --> Group A(Low Power) ; OFF --> Group A (Normal Operation)
 488          // Output Value : None
 489          //--------------------------------------------------
 490          void ScalerPowerGroupAPowerCut(BYTE ucOn)
 491          {
 492   1          if(ucOn == _ON)
 493   1          {
 494   2              PCB_VCCK_OFF_POWER(_VCCK_OFF_POWER_OFF);
 495   2      
 496   2              // Wait for 1.1V release to 0V, can't delete
 497   2              PCB_VCCKOFF_POWER_RELEASE_TIME(_VCCKOFF_POWER_OFF_TIME);
 498   2          }
 499   1          else
 500   1          {
 501   2              // Group A power block power cut on
 502   2              if((ScalerGetBit(P0_F0_VCCKOFF_CONTROL0, _BIT4) == _BIT4) || (ScalerGetBit(P0_09_GA_POWER_CTRL, _B
             -IT1) == _BIT1))
 503   2              {
 504   3                  PCB_VCCK_OFF_POWER(_VCCK_OFF_POWER_ON);
 505   3      
 506   3                  // Wait for 1.1V stable, can't delete
 507   3                  ScalerTimerDelayXms(10);
 508   3              }
 509   2          }
 510   1      }
 511          
 512          //--------------------------------------------------
 513          // Description  : Group B Power on/off
 514          // Input Value  : ON --> Group B(Low Power) ; OFF --> Group B (Normal Operation)
 515          // Output Value : None
 516          //--------------------------------------------------
 517          void ScalerPowerGroupBPowerCut(BYTE ucOn)
 518          {
 519   1          if(ucOn == _ON)
 520   1          {
 521   2              // Strong power off
 522   2              ScalerSetBit(PC0_0A_GB_POWER_CTRL, ~_BIT5, 0x00);
 523   2      
 524   2              // Weak power off
 525   2              ScalerSetBit(PC0_0A_GB_POWER_CTRL, ~_BIT4, 0x00);
 526   2          }
 527   1          else
 528   1          {
 529   2              // Group B power block power cut on
 530   2              if((ScalerGetBit(P0_F0_VCCKOFF_CONTROL0, _BIT3) == _BIT3) || (ScalerGetBit(PC0_0A_GB_POWER_CTRL, _
             -BIT1) == _BIT1))
 531   2              {
 532   3                  // Weak power on
 533   3                  ScalerSetBit(PC0_0A_GB_POWER_CTRL, ~_BIT4, _BIT4);
C51 COMPILER V8.12   RL6432_SERIES_POWER                                                   09/16/2026 20:28:31 PAGE 10  

 534   3      
 535   3                  // Wait for weak power on flag
 536   3                  pData[0] = 50;
 537   3      
 538   3                  while((ScalerGetBit(PC0_0A_GB_POWER_CTRL, _BIT6) != _BIT6) && (pData[0]-- > 0))
 539   3                  {
 540   4                      DELAY_5US();
 541   4                  }
 542   3      
 543   3                  // Strong power on
 544   3                  ScalerSetBit(PC0_0A_GB_POWER_CTRL, ~_BIT5, _BIT5);
 545   3      
 546   3                  // Wait for strong power on flag
 547   3                  pData[0] = 50;
 548   3      
 549   3                  while((ScalerGetBit(PC0_0A_GB_POWER_CTRL, _BIT7) != _BIT7) && (pData[0]-- > 0))
 550   3                  {
 551   4                      DELAY_5US();
 552   4                  }
 553   3              }
 554   2          }
 555   1      }
 556          
 557          //--------------------------------------------------
 558          // Description  : Group ADI Power on/off
 559          // Input Value  : ON --> Group ADI(Low Power) ; OFF --> Group ADI (Normal Operation)
 560          // Output Value : None
 561          //--------------------------------------------------
 562          void ScalerPowerGroupADIPowerCut(BYTE ucOn)
 563          {
 564   1          if(ucOn == _ON)
 565   1          {
 566   2              // Strong power off
 567   2              ScalerSetBit(P6F_26_ADI_POWER_CTRL, ~_BIT5, 0x00);
 568   2      
 569   2              // Weak power off
 570   2              ScalerSetBit(P6F_26_ADI_POWER_CTRL, ~_BIT4, 0x00);
 571   2          }
 572   1          else
 573   1          {
 574   2              // Group C power block power cut on
 575   2              if((ScalerGetBit(P0_F1_VCCKOFF_CONTROL1, _BIT6) == _BIT6) || (ScalerGetBit(P6F_26_ADI_POWER_CTRL, 
             -_BIT1) == _BIT1))
 576   2              {
 577   3                  // Weak power on
 578   3                  ScalerSetBit(P6F_26_ADI_POWER_CTRL, ~_BIT4, _BIT4);
 579   3      
 580   3                  // Wait for weak power on flag
 581   3                  pData[0] = 50;
 582   3      
 583   3                  while((ScalerGetBit(P6F_26_ADI_POWER_CTRL, _BIT6) != _BIT6) && (pData[0]-- > 0))
 584   3                  {
 585   4                      DELAY_5US();
 586   4                  }
 587   3      
 588   3                  // Strong power on
 589   3                  ScalerSetBit(P6F_26_ADI_POWER_CTRL, ~_BIT5, _BIT5);
 590   3      
 591   3                  // Wait for strong power on flag
 592   3                  pData[0] = 50;
 593   3      
 594   3                  while((ScalerGetBit(P6F_26_ADI_POWER_CTRL, _BIT7) != _BIT7) && (pData[0]-- > 0))
C51 COMPILER V8.12   RL6432_SERIES_POWER                                                   09/16/2026 20:28:31 PAGE 11  

 595   3                  {
 596   4                      DELAY_5US();
 597   4                  }
 598   3              }
 599   2          }
 600   1      }
 601          
 602          //--------------------------------------------------
 603          // Description  : Group D0 Power on/off
 604          // Input Value  : ON --> Group D0(Low Power) ; OFF --> Group D0 (Normal Operation)
 605          // Output Value : None
 606          //--------------------------------------------------
 607          void ScalerPowerGroupD0PowerCut(BYTE ucOn)
 608          {
 609   1          if(ucOn == _ON)
 610   1          {
 611   2      #if((_DP_HDMI_COMPATIBLE_MODE == _ON) || (_DP_POWER_OFF_HDCP_SUPPORT == _ON))
                      if(GET_DP_DC_OFF_HPD_HIGH() == _OFF)
              #endif
 614   2              {
 615   3                  // D0 Strong power off
 616   3                  ScalerSetBit(P6F_20_D0_POWER_CTRL, ~_BIT5, 0x00);
 617   3      
 618   3                  // D0 Weak power off
 619   3                  ScalerSetBit(P6F_20_D0_POWER_CTRL, ~_BIT4, 0x00);
 620   3              }
 621   2          }
 622   1          else
 623   1          {
 624   2      #if((_DP_HDMI_COMPATIBLE_MODE == _ON) || (_DP_POWER_OFF_HDCP_SUPPORT == _ON))
                      if(GET_DP_DC_OFF_HPD_HIGH() == _OFF)
              #endif
 627   2              {
 628   3                  // Group D0 power block power cut on
 629   3                  if((ScalerGetBit(P0_F1_VCCKOFF_CONTROL1, _BIT0) == _BIT0) || (ScalerGetBit(P6F_20_D0_POWER_CTR
             -L, _BIT1) == _BIT1))
 630   3                  {
 631   4                      // Weak power on
 632   4                      ScalerSetBit(P6F_20_D0_POWER_CTRL, ~_BIT4, _BIT4);
 633   4      
 634   4                      // Wait for weak power on flag
 635   4                      pData[0] = 50;
 636   4      
 637   4                      while((ScalerGetBit(P6F_20_D0_POWER_CTRL, _BIT6) != _BIT6) && (pData[0]-- > 0))
 638   4                      {
 639   5                          DELAY_5US();
 640   5                      }
 641   4      
 642   4                      // Strong power on
 643   4                      ScalerSetBit(P6F_20_D0_POWER_CTRL, ~_BIT5, _BIT5);
 644   4      
 645   4                      // Wait for strong power on flag
 646   4                      pData[0] = 50;
 647   4      
 648   4                      while((ScalerGetBit(P6F_20_D0_POWER_CTRL, _BIT7) != _BIT7) && (pData[0]-- > 0))
 649   4                      {
 650   5                          DELAY_5US();
 651   5                      }
 652   4                  }
 653   3              }
 654   2          }
 655   1      }
C51 COMPILER V8.12   RL6432_SERIES_POWER                                                   09/16/2026 20:28:31 PAGE 12  

 656          
 657          //--------------------------------------------------
 658          // Description  : Group D1 Power on/off
 659          // Input Value  : ON --> Group D1(Low Power) ; OFF --> Group D1 (Normal Operation)
 660          // Output Value : None
 661          //--------------------------------------------------
 662          void ScalerPowerGroupD1PowerCut(BYTE ucOn)
 663          {
 664   1          if(ucOn == _ON)
 665   1          {
 666   2      #if((_DP_HDMI_COMPATIBLE_MODE == _ON) || (_DP_POWER_OFF_HDCP_SUPPORT == _ON))
                      if(GET_DP_DC_OFF_HPD_HIGH() == _OFF)
              #endif
 669   2              {
 670   3                  // D1 Strong power off
 671   3                  ScalerSetBit(P6F_21_D1_POWER_CTRL, ~_BIT5, 0x00);
 672   3      
 673   3                  // D1 Weak power off
 674   3                  ScalerSetBit(P6F_21_D1_POWER_CTRL, ~_BIT4, 0x00);
 675   3              }
 676   2          }
 677   1          else
 678   1          {
 679   2      #if((_DP_HDMI_COMPATIBLE_MODE == _ON) || (_DP_POWER_OFF_HDCP_SUPPORT == _ON))
                      if(GET_DP_DC_OFF_HPD_HIGH() == _OFF)
              #endif
 682   2              {
 683   3                  // Group D1 power block power cut on
 684   3                  if((ScalerGetBit(P0_F1_VCCKOFF_CONTROL1, _BIT1) == _BIT1) || (ScalerGetBit(P6F_21_D1_POWER_CTR
             -L, _BIT1) == _BIT1))
 685   3                  {
 686   4                      // Weak power on
 687   4                      ScalerSetBit(P6F_21_D1_POWER_CTRL, ~_BIT4, _BIT4);
 688   4      
 689   4                      // Wait for weak power on flag
 690   4                      pData[0] = 50;
 691   4      
 692   4                      while((ScalerGetBit(P6F_21_D1_POWER_CTRL, _BIT6) != _BIT6) && (pData[0]-- > 0))
 693   4                      {
 694   5                          DELAY_5US();
 695   5                      }
 696   4      
 697   4                      // Strong power on
 698   4                      ScalerSetBit(P6F_21_D1_POWER_CTRL, ~_BIT5, _BIT5);
 699   4      
 700   4                      // Wait for strong power on flag
 701   4                      pData[0] = 50;
 702   4      
 703   4                      while((ScalerGetBit(P6F_21_D1_POWER_CTRL, _BIT7) != _BIT7) && (pData[0]-- > 0))
 704   4                      {
 705   5                          DELAY_5US();
 706   5                      }
 707   4                  }
 708   3              }
 709   2          }
 710   1      }
 711          
 712          //--------------------------------------------------
 713          // Description  : Group D2 Power on/off
 714          // Input Value  : ON --> Group D2 (Low Power) ; OFF --> Group D2 (Normal Operation)
 715          // Output Value : None
 716          //--------------------------------------------------
C51 COMPILER V8.12   RL6432_SERIES_POWER                                                   09/16/2026 20:28:31 PAGE 13  

 717          void ScalerPowerGroupD2PowerCut(BYTE ucOn)
 718          {
 719   1          if(ucOn == _ON)
 720   1          {
 721   2              // D2 Strong power off
 722   2              ScalerSetBit(P6F_22_D2_POWER_CTRL, ~_BIT5, 0x00);
 723   2      
 724   2              // D2 Weak power off
 725   2              ScalerSetBit(P6F_22_D2_POWER_CTRL, ~_BIT4, 0x00);
 726   2          }
 727   1          else
 728   1          {
 729   2              // Group D2 power block power cut on
 730   2              if((ScalerGetBit(P0_F1_VCCKOFF_CONTROL1, _BIT2) == _BIT2) || (ScalerGetBit(P6F_22_D2_POWER_CTRL, _
             -BIT1) == _BIT1))
 731   2              {
 732   3                  // Weak power on
 733   3                  ScalerSetBit(P6F_22_D2_POWER_CTRL, ~_BIT4, _BIT4);
 734   3      
 735   3                  // Wait for weak power on flag
 736   3                  pData[0] = 50;
 737   3      
 738   3                  while((ScalerGetBit(P6F_22_D2_POWER_CTRL, _BIT6) != _BIT6) && (pData[0]-- > 0))
 739   3                  {
 740   4                      DELAY_5US();
 741   4                  }
 742   3      
 743   3                  // Strong power on
 744   3                  ScalerSetBit(P6F_22_D2_POWER_CTRL, ~_BIT5, _BIT5);
 745   3      
 746   3                  // Wait for strong power on flag
 747   3                  pData[0] = 50;
 748   3      
 749   3                  while((ScalerGetBit(P6F_22_D2_POWER_CTRL, _BIT7) != _BIT7) && (pData[0]-- > 0))
 750   3                  {
 751   4                      DELAY_5US();
 752   4                  }
 753   3              }
 754   2          }
 755   1      }
 756          
 757          //--------------------------------------------------
 758          // Description  : Group D3 Power on/off
 759          // Input Value  : ON --> Group D3 (Low Power) ; OFF --> Group D3 (Normal Operation)
 760          // Output Value : None
 761          //--------------------------------------------------
 762          void ScalerPowerGroupD3PowerCut(BYTE ucOn)
 763          {
 764   1          if(ucOn == _ON)
 765   1          {
 766   2              // D3 Strong power off
 767   2              ScalerSetBit(P6F_23_D3_POWER_CTRL, ~_BIT5, 0x00);
 768   2      
 769   2              // D3 Weak power off
 770   2              ScalerSetBit(P6F_23_D3_POWER_CTRL, ~_BIT4, 0x00);
 771   2          }
 772   1          else
 773   1          {
 774   2              // Group D3 power block power cut on
 775   2              if((ScalerGetBit(P0_F1_VCCKOFF_CONTROL1, _BIT3) == _BIT3) || (ScalerGetBit(P6F_23_D3_POWER_CTRL, _
             -BIT1) == _BIT1))
 776   2              {
C51 COMPILER V8.12   RL6432_SERIES_POWER                                                   09/16/2026 20:28:31 PAGE 14  

 777   3                  // Weak power on
 778   3                  ScalerSetBit(P6F_23_D3_POWER_CTRL, ~_BIT4, _BIT4);
 779   3      
 780   3                  // Wait for weak power on flag
 781   3                  pData[0] = 50;
 782   3      
 783   3                  while((ScalerGetBit(P6F_23_D3_POWER_CTRL, _BIT6) != _BIT6) && (pData[0]-- > 0))
 784   3                  {
 785   4                      DELAY_5US();
 786   4                  }
 787   3      
 788   3                  // Strong power on
 789   3                  ScalerSetBit(P6F_23_D3_POWER_CTRL, ~_BIT5, _BIT5);
 790   3      
 791   3                  // Wait for strong power on flag
 792   3                  pData[0] = 50;
 793   3      
 794   3                  while((ScalerGetBit(P6F_23_D3_POWER_CTRL, _BIT7) != _BIT7) && (pData[0]-- > 0))
 795   3                  {
 796   4                      DELAY_5US();
 797   4                  }
 798   3              }
 799   2          }
 800   1      }
 801          
 802          //--------------------------------------------------
 803          // Description  : Recover The setting of Group A Power Cut Area.
 804          // Input Value  : None
 805          // Output Value : None
 806          //--------------------------------------------------
 807          void ScalerPowerRecoverAGroupIsolationData(void)
 808          {
 809   1          //////////////////////// Pin Share Start /////////////////////////////////////
 810   1      
 811   1          PCB_OFF_REGION_GPIO_SETTING_POWER_AC_PD_PS_ON();
 812   1      
 813   1          ScalerPinsharePowerOnReset();
 814   1      
 815   1          //////////////////////// Pin Share End /////////////////////////////////////
 816   1      
 817   1          //////////////////////// LVDS + LVDSPLL and VBO block start //////////////////
 818   1      
 819   1      #if(_PANEL_STYLE == _PANEL_LVDS)
 820   1          // LVDS Port Power On recover
 821   1          ScalerDisplayLvdsInitialTable();
 822   1      #endif
 823   1      
 824   1          //////////////////////// LVDS + LVDSPLL and VBO block End ////////////////////
 825   1      
 826   1      
 827   1          //////////////////////// DPLL/MPLL/DDR PLL block start ///////////////////////
 828   1      
 829   1          // DPLL power up
 830   1          ScalerPLLSetDPLLReset();
 831   1      
 832   1          //////////////////////// DPLL/MPLL/DDR PLL  block End ////////////////////////
 833   1      
 834   1      
 835   1          //////////////////////// DDR DLL + DDR Delaychain start //////////////////////
 836   1      
 837   1          //////////////////////// DDR DLL + DDR Delaychain End ////////////////////////
 838   1      
C51 COMPILER V8.12   RL6432_SERIES_POWER                                                   09/16/2026 20:28:31 PAGE 15  

 839   1          //////////////////////// HDCP 2.2 start //////////////////////
 840   1      
 841   1      #if(_HDCP_2_2_SUPPORT == _ON)
 842   1          ScalerHdcp2Initial();
 843   1      #endif
 844   1      
 845   1          //////////////////////// HDCP 2.2 End ////////////////////////
 846   1      }
 847          
 848          //--------------------------------------------------
 849          // Description  : Recover The setting of Group B Power Cut Area.
 850          // Input Value  : None
 851          // Output Value : None
 852          //--------------------------------------------------
 853          void ScalerPowerRecoverBGroupIsolationData(void)
 854          {
 855   1          //////////////////////// Audio DAC block start ///////////////////////////////
 856   1      
 857   1          //////////////////////// Audio DAC block End /////////////////////////////////
 858   1      
 859   1      }
 860          
 861          //--------------------------------------------------
 862          // Description  : Recover The setting of Group C Power Cut Area.
 863          // Input Value  : None
 864          // Output Value : None
 865          //--------------------------------------------------
 866          void ScalerPowerRecoverCGroupIsolationData(void)
 867          {
 868   1          //////////////////////// GDI Tx (eDP)block start /////////////////////////////
 869   1      
 870   1      #if(_DP_TX_SUPPORT == _ON)
                  // AC_ON_TO_NORMAL or OFF_TO_NORMAL or PS_TO_NORMAL
                  ScalerSyncDpTxPowerProc(_POWER_ACTION_OFF_TO_NORMAL);
              #endif
 874   1      
 875   1      #if(_PANEL_STYLE == _PANEL_DPTX)
                  // Initial DPTx1
                  ScalerDisplayDPTx1Initial();
              #endif // #if(_PANEL_STYLE == _PANEL_DPTX)
 879   1      
 880   1      
 881   1          //////////////////////// GDI Tx (eDP) block End //////////////////////////////
 882   1      }
 883          
 884          //--------------------------------------------------
 885          // Description  : Recover The setting of Group D Power Cut Area.
 886          // Input Value  : None
 887          // Output Value : None
 888          //--------------------------------------------------
 889          void ScalerPowerRecoverDGroupIsolationData(void)
 890          {
 891   1          //////////////////////// DPLL video GDI2~5 block start ///////////////////////
 892   1      
 893   1          //////////////////////// DPLL video GDI2~5 block End /////////////////////////
 894   1      
 895   1      
 896   1          //////////////////////// DPLL audio GDI2~5 block start ///////////////////////
 897   1      
 898   1          //////////////////////// DPLL audio GDI2~5 block End /////////////////////////
 899   1      
 900   1      
C51 COMPILER V8.12   RL6432_SERIES_POWER                                                   09/16/2026 20:28:31 PAGE 16  

 901   1          //////////////////////// HDMI1.4 Phy GDI2~5 block start //////////////////////
 902   1      
 903   1          //////////////////////// HDMI1.4 Phy GDI2~5 block End ////////////////////////
 904   1      
 905   1      
 906   1          //////////////////////// HDMI1.4 Phy DFE GDI2~5 block start //////////////////
 907   1      
 908   1          //////////////////////// HDMI1.4 Phy DFE GDI2~5 block End ////////////////////
 909   1      }
 910          
 911          //--------------------------------------------------
 912          // Description  : Recover The setting of Group E Power Cut Area.
 913          // Input Value  : None
 914          // Output Value : None
 915          //--------------------------------------------------
 916          void ScalerPowerRecoverEGroupIsolationData(void)
 917          {
 918   1          //////////////////////// DPLL video GDI0~1 block start ///////////////////////
 919   1      #if(_D0_INPUT_PORT_TYPE == _D0_DP_PORT)
 920   1          // Set R0' Available HW Mode
 921   1          ScalerSetBit(PB_1A_HDCP_IRQ, ~(_BIT5 | _BIT4), _BIT5);
 922   1      
 923   1          // Enable DP Link Integrity Enable
 924   1          ScalerSetBit(PB_1B_HDCP_INTGT_VRF, ~_BIT7, _BIT7);
 925   1      
 926   1          // Restore HDCP Mode
 927   1          SET_DP_RX0_HDCP_MODE(GET_DP_RX0_HDCP_MODE_BACKUP());
 928   1      
 929   1          // DP Mac Clock Select to Xtal Clock
 930   1          ScalerSetBit(PB_01_PHY_DIG_RESET_CTRL, ~_BIT6, _BIT6);
 931   1      
 932   1          if(ScalerGetBit(PB_20_HDCP_DEBUG, _BIT7) == _BIT7)
 933   1          {
 934   2              // HDCP R0 Calculate
 935   2              ScalerSetBit(PB_63_HDCP_OTHER, ~_BIT7, _BIT7);
 936   2              ScalerSetBit(PB_63_HDCP_OTHER, ~_BIT7, 0x00);
 937   2          }
 938   1      
 939   1      #if(_DP_HDCP_2_2_SUPPORT == _ON)
 940   1          // Set Type Value = 1 for AES 1
 941   1          ScalerSetByte(PB_94_HDCP_TYPE_AES_1, 0x01);
 942   1      #endif
 943   1      #endif
 944   1      
 945   1      #if(_D1_INPUT_PORT_TYPE == _D1_DP_PORT)
                  // Set R0' Available HW Mode
                  ScalerSetBit(PB0_1A_HDCP_IRQ, ~(_BIT5 | _BIT4), _BIT5);
              
                  // Enable DP Link Integrity Enable
                  ScalerSetBit(PB0_1B_HDCP_INTGT_VRF, ~_BIT7, _BIT7);
              
                  // Restore HDCP Mode
                  SET_DP_RX1_HDCP_MODE(GET_DP_RX1_HDCP_MODE_BACKUP());
              
                  // DP Mac Clock Select to Xtal Clock
                  ScalerSetBit(PB0_01_PHY_DIG_RESET_CTRL, ~_BIT6, _BIT6);
              
                  if(ScalerGetBit(PB0_20_HDCP_DEBUG, _BIT7) == _BIT7)
                  {
                      // HDCP R0 Calculate
                      ScalerSetBit(PB0_63_HDCP_OTHER, ~_BIT7, _BIT7);
                      ScalerSetBit(PB0_63_HDCP_OTHER, ~_BIT7, 0x00);
C51 COMPILER V8.12   RL6432_SERIES_POWER                                                   09/16/2026 20:28:31 PAGE 17  

                  }
              
              #if(_DP_HDCP_2_2_SUPPORT == _ON)
                  // Set Type Value = 1 for AES 1
                  ScalerSetByte(PB0_94_HDCP_TYPE_AES_1, 0x01);
              #endif
              #endif
 970   1      
 971   1          //////////////////////// DPLL video GDI0~1 block End /////////////////////////
 972   1      
 973   1      
 974   1          //////////////////////// DPLL audio GDI0~1 block start ///////////////////////
 975   1      
 976   1          //////////////////////// DPLL audio GDI0~1 block End /////////////////////////
 977   1      
 978   1      
 979   1          //////////////////////// DPLL MST to SST0/1 block start //////////////////////
 980   1      
 981   1          //////////////////////// DPLL MST to SST0/1 block End /////////////////////////
 982   1      
 983   1      
 984   1          //////////////////////// HDMI2.0/DP1.2 Phy GDI0~1 block start /////////////////
 985   1      
 986   1          //////////////////////// HDMI2.0/DP1.2 Phy GDI0~1 block End ///////////////////
 987   1      
 988   1      
 989   1          //////////////////////// HDMI2.0/DP1.2 Phy DFE GDI2~5 block start /////////////
 990   1      
 991   1          //////////////////////// HDMI2.0/DP1.2 Phy DFE GDI2~5 block End ///////////////
 992   1      
 993   1      
 994   1          //////////////////////// Format Conversion block start ////////////////////////
 995   1      
 996   1          //////////////////////// Format Conversion block End //////////////////////////
 997   1      }
 998          


MODULE INFORMATION:   STATIC OVERLAYABLE
   CODE SIZE        =   1464    ----
   CONSTANT SIZE    =   ----    ----
   XDATA SIZE       =   ----       2
   PDATA SIZE       =   ----    ----
   DATA SIZE        =   ----    ----
   IDATA SIZE       =   ----    ----
   BIT SIZE         =   ----    ----
END OF MODULE INFORMATION.


C51 COMPILATION COMPLETE.  0 WARNING(S),  0 ERROR(S)
