C51 COMPILER V9.60.0.0   RTD2014USERINTERFACELOCALDIMMING                                  09/24/2026 09:31:38 PAGE 1   


C51 COMPILER V9.60.0.0, COMPILATION OF MODULE RTD2014USERINTERFACELOCALDIMMING
OBJECT MODULE PLACED IN .\Output\RL6432_Project\RTD2014UserInterfaceLocalDimming.obj
COMPILER INVOKED BY: C:\Keil_v5\C51\BIN\C51.EXE User\RTD Series\RTD2014Function\Code\RTD2014UserInterfaceLocalDimming.c 
                    -LARGE OPTIMIZE(9,SPEED) INCDIR(.\Output\RL6432;.\Project\Header;.\Pcb;.\Panel;.\Kernel\Device\Header;.\Kernel\Common;.\K
                    -ernel\System\Header;.\Kernel\Scaler\ScalerFunction\Header;.\Kernel\Scaler\ScalerCommonFunction\Header;.\Kernel\Scaler\Sc
                    -alerFunction\Lib\Header;.\Kernel\Scaler\ScalerCommonFunction\Lib\Header;.\Kernel\Scaler\RL6432_Series_Scaler\Header;.\Ke
                    -rnel\Scaler\RL6432_Series_Common\Header;.\Kernel\Scaler\RL6432_Series_Scaler\Lib\Header;.\Kernel\Scaler\RL6432_Series_Co
                    -mmon\Lib\Header;.\Kernel\User Common Function\Header;.\User\RTD Series\RTD2014Function\Header;.\User\RTD Series\RTD2014O
                    -sd\Header;.\User\RTD Factory\Header;.\User\None Series\NoneFunction\Header;.\User\None Series\NoneOsd\Header;.\User\None
                    - Factory\Header) DEFINE(_PROJECT=_RL6432_PROJECT,_SCALER_TYPE=_RL6432_SERIES) DEBUG OBJECTEXTEND PRINT(.\Output\RL6432_P
                    -roject\RTD2014UserInterfaceLocalDimming.lst) TABS(2) OBJECT(.\Output\RL6432_Project\RTD2014UserInterfaceLocalDimming.obj
                    -)

line level    source

   1          /********************************************************************************/
   2          /*   Copyright (c) 2021 Realtek Semiconductor Corp. All rights reserved.        */
   3          /*                                                                              */
   4          /*   SPDX-License-Identifier: LicenseRef-Realtek-Proprietary                    */
   5          /*                                                                              */
   6          /*   This software component is confidential and proprietary to Realtek         */
   7          /*   Semiconductor Corp. Disclosure, reproduction, redistribution, in whole     */
   8          /*   or in part, of this work and its derivatives without express permission    */
   9          /*   is prohibited.                                                             */
  10          /********************************************************************************/
  11          
  12          //----------------------------------------------------------------------------------------------------
  13          // ID Code      : RTD2014UserInterfaceLocalDimming.c
  14          // Update Note  :
  15          //----------------------------------------------------------------------------------------------------
  16          
  17          #define __USER_INTERFACE_LOCAL_DIMMING__
  18          
  19          #include "UserCommonInclude.h"
  20          
  21          #if((_OSD_TYPE == _REALTEK_2014_OSD) && (_LOCAL_DIMMING_SUPPORT == _ON))
              
              //****************************************************************************
              // DEFINITIONS / MACROS
              //****************************************************************************
              
              
              //****************************************************************************
              // STRUCT / TYPE / ENUM DEFINITTIONS
              //****************************************************************************
              
              
              //****************************************************************************
              // CODE TABLES
              //****************************************************************************
              
              
              //****************************************************************************
              // VARIABLE DECLARATIONS
              //****************************************************************************
              
              
              //****************************************************************************
              // FUNCTION DECLARATIONS
              //****************************************************************************
              EnumLDActionMode UserInterfaceGetLocaldimmingActionMode(void);
C51 COMPILER V9.60.0.0   RTD2014USERINTERFACELOCALDIMMING                                  09/24/2026 09:31:38 PAGE 2   

              EnumLDStatus UserInterfaceGetLocalDimmingStatus(void);
              BYTE UserInterfaceGetLocalDimmingPWMSmoothLevel(void);
              void UserInterfaceLocalDimmingAdjustPCM(void);
              
              EnumLDStatus UserInterfaceGetLocalDimmingNoSupportStatus(void);
              EnumLDPCHDRMode UserInterfaceGetPCHDRVerifyMode(void);
              #if(_UNIFORMITY_SUPPORT == _ON)
              EnumUniformityStatus UserInterfaceGetUniformityStatus(void);
              #endif
              
              #if(_LD_TUNNEL_DETECT_SUPPORT == _ON)
              void UserInterfaceTunnelPatternDetectOff(void);
              #endif
              
              //****************************************************************************
              // FUNCTION DEFINITIONS
              //****************************************************************************
              //--------------------------------------------------
              // Description  : System (1P only)
              // Input Value  :
              // Output Value :
              //--------------------------------------------------
              EnumLDActionMode UserInterfaceGetLocaldimmingActionMode(void)
              {
                  if(ScalerOsdGetOsdEnable() == _ON)
                  {
                      return _LD_ACTION_MODE_NORNAL;
                  }
              
                  return _LD_ACTION_MODE_DIMMING;
              }
              
              //--------------------------------------------------
              // Description  : Get Local Dimming OSD Status
              // Input Value  : void
              // Output Value : On or OFF
              //--------------------------------------------------
              EnumLDStatus UserInterfaceGetLocalDimmingStatus(void)
              {
                  // if sdr don't support local dimming, user should return _LD_DISABLE in sdr case.
                  if(GET_OSD_LOCAL_DIMMING() == _ON)
                  {
                      return _LD_ENABLE;
                  }
              
                  return _LD_DISABLE;
              }
              
              //--------------------------------------------------
              // Description  : Set Led Driver Pwm Frequency
              // Input Value  : None
              // Output Value : 0 ~ 100
              //--------------------------------------------------
              BYTE UserInterfaceGetLocalDimmingPWMSmoothLevel(void)
              {
                  return GET_OSD_LD_ADJ(); // recommend 50 or the value will pass corner pattern
              }
              
              //--------------------------------------------------
              // Description  : Adjust PCM in Local Dimming Mode
              // Input Value  : None
              // Output Value : void
C51 COMPILER V9.60.0.0   RTD2014USERINTERFACELOCALDIMMING                                  09/24/2026 09:31:38 PAGE 3   

              //--------------------------------------------------
              void UserInterfaceLocalDimmingAdjustPCM(void)
              {
              #if(_SDR_TO_HDR_SUPPORT == _ON)
                  UserAdjustSDRToHDR(GET_OSD_SDR_TO_HDR());
              #else
              #if(_PCM_FUNCTION == _ON)
                  OsdFuncColorPcmAdjust();
              #endif
              #endif
              }
              
              //--------------------------------------------------
              // Description  : Local Dimming must support in OGC/OCC
              // Input Value  : None
              // Output Value : _LD_DISABLE /_LD_ENABLE
              //--------------------------------------------------
              EnumLDStatus UserInterfaceGetLocalDimmingNoSupportStatus(void)
              {
              #if(_SDR_TO_HDR_SUPPORT == _ON)
                  // SDRtoHDR can support local dimming
                  if(GET_OSD_SDR_TO_HDR() == _ON)
                  {
                      return _LD_DISABLE;
                  }
              #endif
              
                  // Non OCC/OGC Mode can't supprt local dimming(Ex. user define gamma/ X-rite)
                  if(UserInterfaceSDROCCOGCMode() == _SDR_NONE_CALIBRATION_BY_OGC_TOOL)
                  {
                      return _LD_DISABLE;
                  }
              
                  return _LD_ENABLE;
              }
              
              //--------------------------------------------------
              // Description  : Get PCHDR verify Mode
              // Input Value  : None
              // Output Value : PCHDR verify mode/ PCHDR normal mode
              //--------------------------------------------------
              EnumLDPCHDRMode UserInterfaceGetPCHDRVerifyMode(void)
              {
                  return _LD_PCHDR_NORMAL_MODE;
              }
              
              #if(_UNIFORMITY_SUPPORT == _ON)
              //--------------------------------------------------
              // Description  : Get uniformity OSD ON/OFF
              // Input Value  : None
              // Output Value : _PANEL_UNIFORMITY_ON/ _PANEL_UNIFORMITY_OFF
              //--------------------------------------------------
              EnumUniformityStatus UserInterfaceGetUniformityStatus(void)
              {
                  if(GET_OSD_PANEL_UNIFORMITY() == _ON)
                  {
                      return _PANEL_UNIFORMITY_ON;
                  }
                  else
                  {
                      return _PANEL_UNIFORMITY_OFF;
                  }
C51 COMPILER V9.60.0.0   RTD2014USERINTERFACELOCALDIMMING                                  09/24/2026 09:31:38 PAGE 4   

              }
              #endif
              
              #if(_LD_TUNNEL_DETECT_SUPPORT == _ON)
              //--------------------------------------------------
              // Description  : Adjust All High Light Window Effect Space
              // Input Value  : None
              // Output Value : None
              //--------------------------------------------------
              void UserInterfaceTunnelPatternDetectOff(void)
              {
                  // Set previous HLW effect space
                  UserAdjustHighLightWindowEffectSpace();
                  UserAdjustHLWinType(GET_OSD_HLWIN_TYPE());
              
              #if(_DCR_SUPPORT== _ON)
                  // Set previous DCR
                  UserAdjustDCRTHD();
              #endif
              }
              #endif // End of #if(_LD_TUNNEL_DETECT_SUPPORT == _ON)
              #endif // End of #if((_OSD_TYPE == _REALTEK_2014_OSD) && (_LOCAL_DIMMING_SUPPORT == _ON))
 193          


MODULE INFORMATION:   STATIC OVERLAYABLE
   CODE SIZE        =   ----    ----
   CONSTANT SIZE    =   ----    ----
   XDATA SIZE       =   ----    ----
   PDATA SIZE       =   ----    ----
   DATA SIZE        =   ----    ----
   IDATA SIZE       =   ----    ----
   BIT SIZE         =   ----    ----
END OF MODULE INFORMATION.


C51 COMPILATION COMPLETE.  0 WARNING(S),  0 ERROR(S)
