C51 COMPILER V8.12   RTD2014USERADJUSTUNIFORMITY                                           09/16/2026 20:29:00 PAGE 1   


C51 COMPILER V8.12, COMPILATION OF MODULE RTD2014USERADJUSTUNIFORMITY
OBJECT MODULE PLACED IN .\Output\RL6432_Project\RTD2014UserAdjustUniformity.obj
COMPILER INVOKED BY: c:\Keil\C51\BIN\C51.EXE User\RTD Series\RTD2014Function\Code\RTD2014UserAdjustUniformity.c LARGE OP
                    -TIMIZE(9,SPEED) INCDIR(.\Output\RL6432;.\Project\Header;.\Pcb;.\Panel;.\Kernel\Device\Header;.\Kernel\Common;.\Kernel\Sy
                    -stem\Header;.\Kernel\Scaler\ScalerFunction\Header;.\Kernel\Scaler\ScalerCommonFunction\Header;.\Kernel\Scaler\ScalerFunc
                    -tion\Lib\Header;.\Kernel\Scaler\ScalerCommonFunction\Lib\Header;.\Kernel\Scaler\RL6432_Series_Scaler\Header;.\Kernel\Sca
                    -ler\RL6432_Series_Common\Header;.\Kernel\Scaler\RL6432_Series_Scaler\Lib\Header;.\Kernel\Scaler\RL6432_Series_Common\Lib
                    -\Header;.\Kernel\User Common Function\Header;.\User\RTD Series\RTD2014Function\Header;.\User\RTD Series\RTD2014Osd\Heade
                    -r;.\User\RTD Factory\Header;.\User\None Series\NoneFunction\Header;.\User\None Series\NoneOsd\Header;.\User\None Factory
                    -\Header) DEFINE(_PROJECT=_RL6432_PROJECT,_SCALER_TYPE=_RL6432_SERIES) DEBUG OBJECTEXTEND PRINT(.\Output\RL6432_Project\R
                    -TD2014UserAdjustUniformity.lst) OBJECT(.\Output\RL6432_Project\RTD2014UserAdjustUniformity.obj)

line level    source

   1          /********************************************************************************/
   2          /*   Copyright (c) 2021 Realtek Semiconductor Corp. All rights reserved.        */
   3          /*                                                                              */
   4          /*   SPDX-License-Identifier: LicenseRef-Realtek-Proprietary                    */
   5          /*                                                                              */
   6          /*   This software component is confidential and proprietary to Realtek         */
   7          /*   Semiconductor Corp. Disclosure, reproduction, redistribution, in whole     */
   8          /*   or in part, of this work and its derivatives without express permission    */
   9          /*   is prohibited.                                                             */
  10          /********************************************************************************/
  11          
  12          //----------------------------------------------------------------------------------------------------
  13          // ID Code      : RTD2014UserAdjustUniformity.c No.0000
  14          // Update Note  :
  15          //----------------------------------------------------------------------------------------------------
  16          #define __USER_ADJUST_UNIFORMITY__
  17          
  18          #include "UserCommonInclude.h"
  19          
  20          #if((_OSD_TYPE == _REALTEK_2014_OSD) && (_UNIFORMITY_SUPPORT == _ON))
              
              //****************************************************************************
              // DEFINITIONS / MACROS
              //****************************************************************************
              
              
              //****************************************************************************
              // STRUCT / TYPE / ENUM DEFINITTIONS
              //****************************************************************************
              
              
              //****************************************************************************
              // CODE TABLES
              //****************************************************************************
              
              
              //****************************************************************************
              // VARIABLE DECLARATIONS
              //****************************************************************************
              
              //****************************************************************************
              // FUNCTION DECLARATIONS
              //****************************************************************************
              void UserAdjustPanelUniformityMode(BYTE ucUniformity);
              
              //****************************************************************************
              // FUNCTION DEFINITIONS
C51 COMPILER V8.12   RTD2014USERADJUSTUNIFORMITY                                           09/16/2026 20:29:00 PAGE 2   

              //****************************************************************************
              //--------------------------------------------------
              // Description  : Auto Recognize Panel Uniformity Mode, and Load Corresponding Panel Uniformity LUT
              // Input Value  : None
              // Output Value : None
              //--------------------------------------------------
              void UserAdjustPanelUniformityMode(BYTE ucUniformity)
              {
                  EnumUniformityTypeSelect enumPanelUniformityType = 0;
                  EnumUniformityModeSelect enumPanelUniformityMode = 0;
              
                  if(GET_OSD_PCM_STATUS() == _PCM_OSD_NATIVE)
                  {
                      enumPanelUniformityMode = _UNIFORMITY_OGC_MODE;
                  }
              #if(_OCC_SUPPORT == _ON)
                  else
                  {
                      enumPanelUniformityMode = _UNIFORMITY_PCM_MODE;
                  }
              #endif
              
                  switch(ucUniformity)
                  {
                      case _UNIFORMITY_OSD_TYPE1:
                          enumPanelUniformityType = _UNIFORMITY_TYPE1;
                          break;
              
              
                      case _UNIFORMITY_OSD_TYPE2:
                          enumPanelUniformityType = _UNIFORMITY_TYPE2;
                          break;
              
              
                      case _UNIFORMITY_OSD_TYPE3:
                          enumPanelUniformityType = _UNIFORMITY_TYPE3;
                          break;
              
              
                      case _UNIFORMITY_OSD_TYPE4:
                          enumPanelUniformityType = _UNIFORMITY_TYPE4;
                          break;
              
              
                      case _UNIFORMITY_OSD_TYPE5:
                          enumPanelUniformityType = _UNIFORMITY_TYPE5;
                          break;
              
              
                      case _UNIFORMITY_OSD_TYPE6:
                          enumPanelUniformityType = _UNIFORMITY_TYPE6;
                          break;
              
              
                      default:
                          break;
                  }
              
                  UserCommonAdjustPanelUniformity(enumPanelUniformityType, enumPanelUniformityMode);
              }
              #endif // End of #if((_OSD_TYPE == _REALTEK_2014_OSD) && (_UNIFORMITY_SUPPORT == _ON))
 109          
C51 COMPILER V8.12   RTD2014USERADJUSTUNIFORMITY                                           09/16/2026 20:29:00 PAGE 3   



MODULE INFORMATION:   STATIC OVERLAYABLE
   CODE SIZE        =   ----    ----
   CONSTANT SIZE    =   ----    ----
   XDATA SIZE       =   ----    ----
   PDATA SIZE       =   ----    ----
   DATA SIZE        =   ----    ----
   IDATA SIZE       =   ----    ----
   BIT SIZE         =   ----    ----
END OF MODULE INFORMATION.


C51 COMPILATION COMPLETE.  0 WARNING(S),  0 ERROR(S)
