C51 COMPILER V8.12   RTD2014OSDFONTVLC                                                     09/16/2026 20:29:08 PAGE 1   


C51 COMPILER V8.12, COMPILATION OF MODULE RTD2014OSDFONTVLC
OBJECT MODULE PLACED IN .\Output\RL6432_Project\RTD2014OsdFontVLC.obj
COMPILER INVOKED BY: c:\Keil\C51\BIN\C51.EXE User\RTD Series\RTD2014Osd\Code\RTD2014OsdFontVLC.c LARGE OPTIMIZE(9,SPEED)
                    - INCDIR(.\Output\RL6432;.\Project\Header;.\Pcb;.\Panel;.\Kernel\Device\Header;.\Kernel\Common;.\Kernel\System\Header;.\K
                    -ernel\Scaler\ScalerFunction\Header;.\Kernel\Scaler\ScalerCommonFunction\Header;.\Kernel\Scaler\ScalerFunction\Lib\Header
                    -;.\Kernel\Scaler\ScalerCommonFunction\Lib\Header;.\Kernel\Scaler\RL6432_Series_Scaler\Header;.\Kernel\Scaler\RL6432_Seri
                    -es_Common\Header;.\Kernel\Scaler\RL6432_Series_Scaler\Lib\Header;.\Kernel\Scaler\RL6432_Series_Common\Lib\Header;.\Kerne
                    -l\User Common Function\Header;.\User\RTD Series\RTD2014Function\Header;.\User\RTD Series\RTD2014Osd\Header;.\User\RTD Fa
                    -ctory\Header;.\User\None Series\NoneFunction\Header;.\User\None Series\NoneOsd\Header;.\User\None Factory\Header) DEFINE
                    -(_PROJECT=_RL6432_PROJECT,_SCALER_TYPE=_RL6432_SERIES) DEBUG OBJECTEXTEND PRINT(.\Output\RL6432_Project\RTD2014OsdFontVL
                    -C.lst) OBJECT(.\Output\RL6432_Project\RTD2014OsdFontVLC.obj)

line level    source

   1          /********************************************************************************/
   2          /*   The  Software  is  proprietary,  confidential,  and  valuable to Realtek   */
   3          /*   Semiconductor  Corporation  ("Realtek").  All  rights, including but not   */
   4          /*   limited  to  copyrights,  patents,  trademarks, trade secrets, mask work   */
   5          /*   rights, and other similar rights and interests, are reserved to Realtek.   */
   6          /*   Without  prior  written  consent  from  Realtek,  copying, reproduction,   */
   7          /*   modification,  distribution,  or  otherwise  is strictly prohibited. The   */
   8          /*   Software  shall  be  kept  strictly  in  confidence,  and  shall  not be   */
   9          /*   disclosed to or otherwise accessed by any third party.                     */
  10          /*   c<2003> - <2012>                                                           */
  11          /*   The Software is provided "AS IS" without any warranty of any kind,         */
  12          /*   express, implied, statutory or otherwise.                                  */
  13          /********************************************************************************/
  14          
  15          //----------------------------------------------------------------------------------------------------
  16          // ID Code      : RTD2014OsdFontVLC.c No.0000
  17          // Update Note  :
  18          //----------------------------------------------------------------------------------------------------
  19          
  20          #define __RTD_OSDFONTVLC__
  21          
  22          #include "UserCommonInclude.h"
  23          #include "RTDLogoFontVLC.h"
  24          
  25          #if(_OSD_TYPE == _REALTEK_2014_OSD)
  26          
  27          //****************************************************************************
  28          // DEFINITIONS / MACROS
  29          //****************************************************************************
  30          
  31          //****************************************************************************
  32          // STRUCT / TYPE / ENUM DEFINITTIONS
  33          //****************************************************************************
  34          
  35          //****************************************************************************
  36          // CODE TABLES
  37          //****************************************************************************
  38          
  39          BYTE code tFONT1_GLOBAL[]=
  40          {
  41                  
  42                  0x0f,0x1c,0x82,0xe4,0x73,0xa6,0x95,0xdb,0x03,0x1d,0x00,0x00,
  43                  0x00,0x00,0x00,0x00,0x00,0x00,0x00,0x00,0x00,0x24,0x90,0xe4,
  44                  0xba,0x93,0x24,0x49,0x92,0x24,0x49,0xee,0x2b,0x84,0x00,0x00,
  45                  0x00,0x00,0x00,0x00,0x00,0x00,0x00,0x6c,0x42,0x7a,0x92,0x64,
  46                  0xef,0x24,0xd9,0x3b,0x49,0xa6,0x93,0x40,0x36,0x00,0x00,0x00,
  47                  0x00,0x00,0xce,0x05,0xe7,0xc0,0x39,0x70,0x0e,0x9c,0x03,0xe7,
C51 COMPILER V8.12   RTD2014OSDFONTVLC                                                     09/16/2026 20:29:08 PAGE 2   

  48                  0xc0,0x75,0x00,0x00,0x44,0x02,0x00,0x00,0x00,0x24,0x02,0x00,
  49                  0x10,0x09,0x66,0x60,0x06,0x66,0x60,0x06,0x66,0x24,0x02,0x00,
  50                  0x10,0x09,0xba,0xa1,0x1b,0xba,0xa1,0x1b,0xba,0x25,0x02,0x00,
  51                  0x10,0x09,0xf6,0x86,0xbd,0x61,0x6f,0xd8,0x1b,0xf6,0x96,0x08,
  52                  0x00,0x40,0x24,0x48,0x20,0x81,0x04,0x12,0x48,0x24,0x02,0x00,
  53                  0x10,0x49,0x93,0x74,0x93,0x74,0x93,0x74,0x93,0x74,0x93,0x74,
  54                  0x22,0x00,0x00,0x91,0x6c,0x92,0xbd,0x49,0xf6,0x26,0xd9,0x9b,
  55                  0x64,0x6f,0x92,0x9d,0x08,0x00,0x40,0x24,0x21,0x49,0x48,0x12,
  56                  0x92,0x84,0x24,0x21,0x49,0x22,0x00,0x00,0x91,0x64,0x26,0x49,
  57                  0x66,0x92,0x64,0x26,0x49,0x66,0x92,0x64,0x26,0x49,0x22,0x00,
  58                  0x00,0x91,0xa4,0x3b,0x49,0xba,0x93,0xa4,0x3b,0x49,0xba,0x93,
  59                  0xa4,0x3b,0x49,0x22,0x00,0x00,0x91,0x24,0x49,0x92,0x24,0x49,
  60                  0x92,0x24,0x49,0x92,0x24,0x49,0x92,0x08,0x00,0x80,0xb5,0x61,
  61                  0x2d,0x58,0x0b,0xd6,0x82,0xb5,0x60,0x2d,0xd8,0x0b,0x00,0x00,
  62                  0x00,0x90,0x24,0x49,0x92,0xfb,0x0a,0x21,0x00,0x00,0x00,0x00,
  63                  0x90,0x24,0x49,0x7a,0x27,0x81,0x04,0x00,0x92,0xdc,0x92,0x24,
  64                  0x57,0x88,0x04,0x00,0x00,0x00,0x00,0xd2,0x92,0x24,0x3b,0x09,
  65                  0x91,0x00,0x00,0x00,0x00,0x00,0x00,0x00,0x00,0x00,0x00,0x00,
  66                  0x00,0x00,0x00,0x00,0x00,0x00,0x00,0x00,0xd9,0xfb,0xba,0x82,
  67                  0xf7,0x85,0xf7,0x95,0x76,0xbd,0xe8,0xf7,0x0a,0xde,0x17,0xde,
  68                  0x17,0xde,0x97,0xbb,0xa0,0x5f,0xdc,0xe7,0xa1,0x7e,0x86,0x37,
  69                  0x51,0x35,0x07,0xce,0x77,0xdd,0x7c,0xbf,0x6b,0xf1,0xbd,0xf6,
  70                  0xe2,0xa0,0x07,0xee,0x57,0xa3,0xe6,0x86,0x37,0x33,0x51,0x0b,
  71                  0xd6,0x62,0xed,0xb5,0x58,0x6b,0x6d,0xee,0xb5,0x14,0xd4,0xa7,
  72                  0x70,0x3e,0x1f,0xd6,0xa7,0x8a,0xef,0x53,0xc5,0xf3,0x54,0xf1,
  73                  0x7c,0x14,0xcf,0xba,0x86,0x23,0x28,0x00,0x37,0x87,0xb5,0x66,
  74                  0x51,0x75,0x1e,0x78,0x1e,0x78,0x16,0xe5,0x19,0x7a,0x1d,0xec,
  75                  0xa2,0xc0,0x75,0xa3,0x12,0x5c,0x09,0x77,0x92,0x92,0x2b,0x21,
  76                  0x95,0x70,0xbb,0x02,0x75,0x03,0x03,0x76,0x1b,0x12,0x9b,0xa4,
  77                  0x33,0x92,0x6c,0x92,0x0c,0x49,0x63,0x07,0xa6,0x01,0x69,0x01,
  78                  0xdd,0xd0,0x0d,0xdd,0x98,0x4e,0xd0,0x0d,0xdd,0xd2,0xd2,0x00,
  79                  0x00,0x00,0x92,0x24,0x49,0x92,0x84,0x48,0x00,0x20,0x49,0x92,
  80                  0x24,0x49,0x88,0x04,0x00,0x00,0x00,0x00,0x00,0x40,0x81,0xf7,
  81                  0x86,0x34,0xac,0x05,0x6b,0xc1,0x5a,0x70,0x2f,0x6c,0x4a,0xd7,
  82                  0x78,0xef,0xdb,0xdb,0xcf,0x8f,0xba,0xe7,0x48,0x04,0x55,0xa8,
  83                  0xaa,0xcf,0x27,0x55,0xf5,0xf9,0x54,0xa5,0x52,0x05,0x00,0x00,
  84                  0x06,0x74,0x03,0x00,0x00,0x00,0x14,0x38,0x17,0xfc,0x35,0xcc,
  85                  0xa0,0x66,0x50,0x50,0x55,0x45,0xd9,0xa1,0x86,0x22,0x23,0x35,
  86                  0xb5,0xf6,0x50,0xf5,0xec,0x59,0xcf,0xf3,0x9d,0x39,0xed,0xdc,
  87                  0xce,0x7d,0xf4,0xfb,0xd6,0xf3,0xcc,0x94,0xeb,0x07,0x00,0x00,
  88                  0x00,0x0c,0x98,0x81,0x19,0x98,0x01,0x03,0x50,0x60,0x5f,0xa8,
  89                  0x6b,0xa8,0xea,0xa0,0x3a,0x94,0x34,0xc5,0x05,0x00,0x08,0x41,
  90                  0x5a,0x72,0x8d,0x66,0xdf,0xfb,0xda,0xe9,0xaa,0x4a,0x67,0xdf,
  91                  0xfb,0xda,0x8c,0xbe,0x00,0x00,0x00,0x86,0x8b,0x4d,0xa7,0x5f,
  92                  0x66,0xde,0x26,0xbd,0xe1,0x1a,0x80,0x4c,0xb2,0xaa,0x9e,0xbf,
  93                  0x3d,0xea,0x79,0x36,0xe6,0x6f,0x30,0x63,0xf8,0x1b,0xbb,0x3c,
  94                  0xcf,0xec,0xaa,0xbf,0x67,0x25,0x32,0x0e,0xd2,0x87,0xca,0x39,
  95                  0x7c,0x7f,0xe7,0xe0,0x3a,0x07,0xce,0xe1,0x72,0x0e,0xbf,0xef,
  96                  0x39,0xa4,0x4e,0x13,0xc7,0x82,0x7b,0x2d,0x7c,0xd6,0xe2,0xbb,
  97                  0xd6,0x2a,0xcf,0x59,0xab,0xea,0x9c,0xb5,0xaa,0xce,0xb2,0xaa,
  98                  0xce,0x09,0x3e,0x15,0x2c,0x00,0x2f,0xc3,0xf9,0x3a,0xac,0x35,
  99                  0x87,0xaa,0x73,0xa8,0x3a,0x87,0x55,0x07,0x9f,0x33,0xe8,0x05,
 100                  0x00,0x00,0x00,0x00,0x00,0x00,0x48,0xc2,0x9d,0xe4,0xae,0x24,
 101                  0xb9,0xae,0x24,0x49,0x92,0x24,0x49,0x92,0x24,0x49,0x92,0x24,
 102                  0x49,0x92,0x24,0x49,0x48,0x3a,0x3d,0x49,0xb2,0x77,0x92,0x24,
 103                  0x49,0x92,0x24,0x49,0x92,0x24,0x49,0x92,0x24,0x49,0x92,0x24,
 104                  0x49,0x92,0x24,0x49,0x92,0x24,0x49,0x92,0x24,0x49,0x92,0x24,
 105                  0x49,0x92,0x24,0x49,0x92,0x5c,0x49,0x12,0x77,0x92,0x24,0x49,
 106                  0x92,0x24,0x49,0x92,0x24,0x49,0x92,0x24,0x49,0x92,0x24,0x49,
 107                  0x92,0xec,0x24,0x89,0x4e,0x92,0x24,0x49,0x92,0x24,0x49,0x92,
 108                  0x24,0x49,0x92,0x24,0x49,0x92,0x24,0x49,0x92,0x24,0x49,0x92,
 109                  0x24,0xc9,0xff,
C51 COMPILER V8.12   RTD2014OSDFONTVLC                                                     09/16/2026 20:29:08 PAGE 3   

 110                  
 111                  
 112          
 113          
 114          };
 115          #if _MEW_OSD_FONT
 116          BYTE code tFONT1_MAIN_MENU_2BIT[]=
 117          {
 118                  0x0f,0x81,0x3e,0x7c,0x69,0xb2,0x4d,0xa5,0x05,0xab,0x00,0x00,
 119                  0x00,0x00,0x00,0x00,0x00,0x00,0x00,0x00,0x00,0x00,0x00,0x00,
 120                  0x00,0x00,0x00,0x00,0x00,0x00,0x00,0x00,0x00,0x74,0x81,0x84,
 121                  0xd6,0x1b,0x1a,0x76,0x42,0x03,0x00,0x00,0x00,0xa6,0x61,0x0f,
 122                  0xec,0x0d,0x7b,0x43,0x81,0x53,0x45,0x9f,0x73,0x1d,0xf7,0x3a,
 123                  0x7b,0x77,0xce,0x9a,0x49,0x9e,0x3b,0x93,0xec,0x49,0x92,0xbd,
 124                  0x93,0x64,0xef,0x24,0x00,0x00,0x24,0x19,0x49,0x92,0x9d,0x24,
 125                  0x49,0x92,0x24,0x49,0x92,0x24,0x49,0x92,0x02,0x45,0x2b,0xbc,
 126                  0x53,0xa9,0x8c,0xa4,0x2a,0x3b,0xa9,0x4a,0x92,0xaa,0x24,0xa9,
 127                  0x4a,0x92,0xaa,0x24,0x00,0x00,0x60,0x95,0x22,0xb1,0x48,0x4e,
 128                  0x48,0x56,0x48,0x12,0x92,0x00,0x00,0x80,0xab,0x14,0xda,0x0b,
 129                  0x9f,0x86,0xb7,0xa1,0x1b,0x1a,0x00,0x00,0x00,0x00,0x00,0x00,
 130                  0xd0,0xa1,0x4d,0x43,0x36,0xba,0x42,0x03,0x00,0x00,0x00,0xf6,
 131                  0x86,0xd9,0xd0,0x03,0x00,0x00,0x00,0x00,0xc8,0xde,0x49,0x32,
 132                  0x3b,0x49,0xee,0x27,0x49,0xd6,0x99,0xc9,0xbd,0xb2,0x27,0x7d,
 133                  0xce,0xb5,0xdb,0x39,0x75,0xa8,0x02,0x90,0x24,0x49,0x92,0x24,
 134                  0x49,0x92,0x24,0xd9,0x49,0x12,0x13,0x00,0x00,0x80,0x54,0x25,
 135                  0x49,0x55,0x92,0x54,0x25,0x49,0xd5,0x4e,0x92,0x32,0x29,0xe6,
 136                  0x55,0xe8,0x02,0x80,0x90,0x64,0x91,0xe4,0x90,0x2c,0x24,0x85,
 137                  0x5a,0x00,0x00,0x00,0x1a,0xfa,0x85,0xfe,0xc0,0x8b,0x56,0xa8,
 138                  0x0b,0x00,0x00,0x00,0x00,0x68,0x30,0x0d,0x7b,0x20,0x1b,0x9d,
 139                  0x60,0x12,0x9a,0x30,0xc0,0x0e,0x24,0x69,0x49,0xd2,0x9d,0x24,
 140                  0xdd,0x49,0xd2,0x9d,0x24,0xdd,0x49,0xd2,0x9d,0x24,0xdd,0x01,
 141                  0x80,0x44,0x48,0x92,0x24,0x49,0x92,0x24,0x49,0x92,0x24,0x49,
 142                  0x92,0x84,0x48,0x80,0x44,0x48,0x92,0x24,0x49,0x92,0x24,0x49,
 143                  0x92,0x24,0x49,0x92,0x24,0x49,0x92,0x24,0x49,0x00,0xe0,0x10,
 144                  0x8a,0xe4,0x20,0x29,0xac,0xc0,0x59,0x50,0x07,0x14,0x20,0x11,
 145                  0x92,0x24,0x49,0x92,0x24,0x49,0x92,0x24,0x49,0x92,0x24,0x49,
 146                  0x92,0x24,0x49,0x12,0x00,0x00,0x00,0x00,0x00,0x00,0x00,0x58,
 147                  0x84,0x94,0x24,0xa9,0x4a,0x92,0xaa,0x24,0xa9,0x4a,0x92,0xaa,
 148                  0x24,0xa9,0x4a,0x92,0xaa,0x24,0x00,0x00,0x00,0x00,0x00,0x00,
 149                  0x40,0x92,0xee,0x24,0xe9,0x4e,0x92,0xee,0x24,0xe9,0x4e,0x92,
 150                  0xee,0x24,0xe9,0x4e,0x12,0x1d,0xc2,0x06,0x26,0xd0,0x09,0x23,
 151                  0xa1,0xed,0xc0,0x6c,0xe8,0x01,0x0d,0x00,0x38,0x92,0x64,0x91,
 152                  0x9c,0x90,0xac,0x94,0x24,0x39,0x95,0x24,0xeb,0x24,0x49,0x56,
 153                  0x12,0x22,0x01,0x12,0x21,0x49,0x92,0x24,0x49,0x92,0x24,0x49,
 154                  0x92,0x24,0x49,0x12,0x22,0x01,0x00,0x22,0x01,0x00,0x00,0x00,
 155                  0x12,0x81,0x48,0x00,0x14,0x38,0x05,0xeb,0x40,0x96,0x22,0x71,
 156                  0x48,0x0a,0x72,0x00,0x20,0x55,0x3b,0x49,0xd5,0xec,0xa4,0xaa,
 157                  0x27,0xa9,0xd2,0xd9,0x55,0x64,0xaa,0xd8,0x51,0x31,0x90,0x05,
 158                  0x00,0x00,0x00,0x00,0x80,0x06,0x33,0xb0,0x37,0x00,0x00,0x00,
 159                  0x00,0x00,0x00,0x00,0x03,0xb2,0x21,0x81,0x04,0x95,0x0c,0x95,
 160                  0x64,0x97,0x64,0x85,0xa4,0x0e,0x3b,0x55,0x00,0x00,0x00,0x00,
 161                  0x00,0x00,0x00,0x14,0x58,0x07,0xd6,0x82,0xb5,0x0c,0x6b,0x99,
 162                  0x53,0x6b,0x8d,0xac,0xb5,0xda,0xde,0x6b,0x31,0x73,0x16,0x00,
 163                  0x00,0x80,0x01,0x73,0x8a,0x91,0x45,0xdb,0x1b,0x66,0x00,0x00,
 164                  0x00,0x00,0x00,0x00,0x0a,0x9c,0x02,0x00,0x00,0x00,0x00,0x00,
 165                  0x0a,0x9c,0x62,0x6f,0x00,0x00,0x00,0x00,0x00,0x00,0x00,0x80,
 166                  0x86,0xce,0xc6,0x24,0xcc,0x4e,0xd8,0xbd,0xc2,0x00,0x00,0x03,
 167                  0x00,0x00,0x00,0x00,0x00,0x00,0x20,0x65,0x24,0xe7,0x24,0x49,
 168                  0x9d,0x24,0x87,0x24,0x38,0xb1,0x83,0x6d,0x87,0x01,0x74,0x2b,
 169                  0x29,0xd3,0x2b,0x59,0x7b,0x27,0xc9,0xec,0xec,0x44,0x47,0xc2,
 170                  0x30,0x00,0x00,0xdd,0x48,0x99,0x5e,0xc9,0xda,0x3b,0x49,0x66,
 171                  0x67,0x27,0x3a,0x12,0xe6,0x98,0xf4,0xc1,0x49,0x01,0x38,0x07,
C51 COMPILER V8.12   RTD2014OSDFONTVLC                                                     09/16/2026 20:29:08 PAGE 4   

 172                  0x80,0x02,0x39,0x8a,0xa4,0x0e,0xc9,0x41,0x52,0x00,0x80,0x73,
 173                  0x00,0x28,0x90,0xa3,0x48,0xea,0x90,0x1c,0x24,0x05,0x00,0x00,
 174                  0x00,0x00,0x06,0xcc,0xc0,0x0c,0xcc,0xc0,0x0c,0x00,0x00,0x10,
 175                  0x70,0x02,0xe7,0xe0,0x9c,0xc3,0x67,0x9d,0xd3,0xce,0x3a,0x67,
 176                  0x7a,0x01,0x00,0x00,0x24,0x42,0x92,0x24,0x49,0x92,0x24,0x49,
 177                  0x92,0x24,0x89,0x86,0xce,0x86,0x1d,0x26,0x11,0x88,0x04,0xc8,
 178                  0xd3,0x7b,0x32,0xcf,0xb3,0xf7,0xcc,0xfd,0xec,0x3d,0x00,0x00,
 179                  0x00,0x89,0x90,0x24,0x49,0x92,0x24,0x49,0x92,0x24,0x49,0x82,
 180                  0xa2,0xc8,0x82,0x95,0x93,0x08,0x44,0x02,0xec,0x75,0xb2,0xf6,
 181                  0x75,0xad,0x9a,0xeb,0xba,0xae,0x75,0x2e,0x00,0x00,0x00,0x1c,
 182                  0x70,0x0e,0x9c,0x03,0xe7,0xc0,0x39,0x00,0x00,0x40,0xc0,0x04,
 183                  0x66,0x0c,0x33,0xef,0x2e,0x33,0xb3,0x4f,0xcd,0x6c,0x33,0x30,
 184                  0x03,0x33,0x30,0x03,0x00,0x00,0x00,0x60,0x9d,0xd3,0xb3,0xce,
 185                  0x39,0x7a,0x7d,0xce,0xe1,0x38,0x07,0x12,0x00,0x00,0x00,0x24,
 186                  0x49,0x92,0x24,0x49,0x92,0x24,0x49,0x92,0x00,0x00,0x00,0x00,
 187                  0x53,0xb5,0xf7,0xe4,0x79,0xf6,0x1e,0xda,0x04,0x48,0x92,0xc4,
 188                  0x86,0x4e,0x18,0xbd,0x01,0x24,0x49,0x92,0x24,0x49,0x92,0x24,
 189                  0x49,0x92,0x00,0x00,0x00,0x00,0xd7,0x75,0xed,0x5c,0x7b,0xad,
 190                  0xcc,0xc5,0xb1,0x36,0x90,0x24,0x09,0x16,0x45,0x72,0x50,0x0b,
 191                  0x80,0x73,0xe0,0x1c,0x38,0x07,0xce,0x01,0x00,0x00,0x00,0xec,
 192                  0x3a,0x33,0x7b,0xd4,0xcc,0x7e,0x99,0x19,0xcc,0x40,0x02,0x00,
 193                  0x00,0x00,0x00,0x26,0x41,0x12,0x76,0x92,0x96,0x24,0xdd,0x49,
 194                  0xd2,0x9d,0x24,0xdd,0x49,0xd2,0x1d,0x00,0x98,0x04,0x49,0xd8,
 195                  0x49,0x5a,0x72,0x56,0x77,0xa2,0xba,0x93,0xa3,0x7b,0xe5,0x9c,
 196                  0xee,0x00,0x40,0x92,0x24,0x49,0x92,0x24,0x49,0x92,0x24,0x49,
 197                  0x92,0x24,0x49,0x92,0x24,0x49,0x02,0x00,0x49,0x92,0x24,0x49,
 198                  0x92,0x95,0x24,0x49,0x76,0x92,0xa4,0x27,0x49,0xb6,0x24,0xd9,
 199                  0x3b,0x00,0x90,0x24,0x49,0x92,0x24,0x49,0x92,0x24,0x49,0x92,
 200                  0x24,0x49,0x92,0x24,0x49,0x92,0x00,0x40,0x92,0x24,0x49,0x92,
 201                  0x4c,0x22,0x31,0x29,0x96,0x4e,0x2a,0x25,0x49,0xce,0x49,0x02,
 202                  0x00,0x87,0x44,0x48,0x56,0x4a,0x92,0x54,0x25,0x49,0x55,0x92,
 203                  0x54,0x25,0x49,0x55,0x12,0x00,0x38,0x24,0x42,0xb2,0x52,0x92,
 204                  0xa4,0x2a,0x49,0xaa,0x92,0xa4,0x6a,0x27,0xa9,0xda,0x3b,0x49,
 205                  0xba,0x93,0xa4,0x3b,0x49,0xba,0x93,0xa4,0x3b,0x49,0x74,0x76,
 206                  0x42,0x24,0x0c,0x00,0x64,0x9d,0xee,0x24,0xab,0x3b,0x49,0xba,
 207                  0x93,0xa4,0x3b,0x49,0x74,0x76,0x42,0x24,0x0c,0x00,0x24,0x49,
 208                  0x92,0x24,0x49,0x92,0x24,0x49,0x92,0x24,0x49,0x92,0x24,0x49,
 209                  0x92,0x24,0x00,0x90,0x64,0x26,0x49,0x74,0x74,0x4e,0xf5,0x21,
 210                  0x4b,0x92,0x24,0x49,0x92,0x24,0x49,0x02,0x00,0x49,0x92,0x24,
 211                  0x49,0x92,0x24,0x49,0x92,0x24,0x49,0x92,0x24,0x49,0x92,0x24,
 212                  0x09,0x00,0x64,0xad,0x24,0x29,0x49,0xb2,0x4e,0x92,0x24,0x3b,
 213                  0x49,0x92,0x24,0x49,0x92,0x24,0x49,0x00,0x20,0x55,0x49,0x52,
 214                  0x95,0x24,0x55,0x49,0x52,0x95,0x24,0x55,0x49,0x16,0x49,0x90,
 215                  0x1c,0x00,0x48,0xd5,0x4c,0x52,0xc5,0x4e,0xd5,0x74,0x52,0x95,
 216                  0x9d,0x54,0x25,0x59,0x24,0x41,0x72,0x00,0x00,0x98,0x84,0xde,
 217                  0x09,0x3b,0x09,0x49,0x42,0x92,0x90,0x24,0x24,0x09,0x49,0x42,
 218                  0x80,0x49,0xe8,0x9d,0xb0,0x97,0x90,0x05,0x6b,0xc1,0x5a,0xb0,
 219                  0x16,0xac,0x05,0x0b,0x48,0x49,0x92,0x9c,0x24,0x49,0x92,0x24,
 220                  0x49,0x92,0x24,0xc9,0x49,0x92,0xd4,0x27,0xf5,0x3d,0x38,0x05,
 221                  0x48,0x49,0x92,0x9c,0x24,0x44,0x02,0x00,0x03,0xf6,0x63,0xbf,
 222                  0x93,0x64,0x76,0x00,0x20,0x11,0x92,0x24,0xb9,0x92,0x24,0xae,
 223                  0x9d,0xf5,0x0e,0x75,0xdb,0x75,0x5f,0x67,0x1b,0xf5,0x19,0x00,
 224                  0x48,0x04,0x22,0xb9,0x41,0xee,0xd2,0xdf,0x93,0xec,0x2b,0xb5,
 225                  0xaf,0x7b,0x2a,0x27,0xfb,0x39,0x00,0xb0,0x08,0x8b,0x64,0x2d,
 226                  0x92,0xb5,0x48,0xd6,0x22,0x7b,0x2d,0x76,0xd6,0x22,0x7b,0x01,
 227                  0xc0,0x22,0x5c,0xc8,0xba,0xe0,0xba,0xe0,0xba,0x50,0xd7,0x45,
 228                  0xb9,0x2e,0xd4,0x95,0x15,0x92,0xb5,0x48,0x12,0x92,0x84,0x24,
 229                  0x21,0x49,0x48,0x12,0x42,0x08,0xb0,0x1a,0x6b,0x75,0xb3,0x16,
 230                  0xac,0x05,0x6b,0xc1,0x5a,0xb0,0x12,0x2c,0x42,0x80,0x54,0x3b,
 231                  0x3b,0x55,0x64,0xbb,0xab,0x82,0xa6,0xb2,0x32,0x95,0x24,0xb9,
 232                  0x93,0x24,0x21,0x12,0xc0,0x5e,0x99,0xb2,0x77,0xa2,0x72,0xed,
 233                  0x2d,0xc9,0x4a,0xb6,0x76,0x36,0xb8,0x12,0x81,0x48,0x80,0xbb,
C51 COMPILER V8.12   RTD2014OSDFONTVLC                                                     09/16/2026 20:29:08 PAGE 5   

 234                  0x27,0x5f,0xc9,0x33,0x73,0x27,0x49,0x92,0x64,0xef,0x24,0x49,
 235                  0x92,0x24,0x49,0x92,0x24,0x44,0x02,0x5c,0xeb,0x78,0xc3,0xe7,
 236                  0x9c,0x0b,0x40,0x15,0x00,0x48,0x04,0x22,0x01,0x16,0xc9,0x5a,
 237                  0x24,0x6b,0x91,0xac,0x45,0xb2,0x16,0xc9,0x5a,0x24,0x6b,0x91,
 238                  0x2c,0xc8,0x02,0x2e,0xb8,0x2e,0xb8,0x2e,0xb8,0x2e,0xb8,0x2e,
 239                  0xb8,0x2e,0xb8,0x16,0x71,0x41,0x16,0xf0,0xff,
 240                  
 241                  
 242          
 243          
 244          };
 245          
 246          #else
              BYTE code tFONT1_MAIN_MENU_2BIT[]=
              {
                      0x0f,0x81,0x3e,0xc7,0x69,0xb2,0x4d,0xa5,0x05,0xb4,0x00,0x00,
                      0x00,0x00,0x00,0x00,0x00,0x00,0x00,0x00,0x00,0x00,0x00,0x00,
                      0x00,0x00,0x00,0x00,0x00,0x00,0x00,0x00,0x00,0x74,0x81,0x84,
                      0xd6,0x07,0x1a,0x4e,0x42,0x03,0x00,0x00,0x00,0xa6,0xe1,0x0c,
                      0x9c,0x03,0xe7,0x40,0x81,0x5d,0x45,0xef,0x7d,0x6d,0xf7,0xda,
                      0xe7,0x74,0xf6,0x9a,0x49,0x9e,0x3b,0x93,0x9c,0x49,0x92,0x73,
                      0x92,0xe4,0x9c,0x24,0x00,0x00,0x24,0x19,0x49,0x92,0x93,0x24,
                      0x49,0x92,0x24,0x49,0x92,0x24,0x49,0x92,0x02,0x45,0x2b,0xbc,
                      0x53,0xa9,0x8c,0xa4,0x2a,0x27,0xa9,0x4a,0x92,0xaa,0x24,0xa9,
                      0x4a,0x92,0xaa,0x24,0x00,0x00,0x60,0x95,0x22,0xb1,0x48,0x76,
                      0x48,0x56,0x48,0x12,0x92,0x00,0x00,0x80,0xab,0x14,0xda,0x0b,
                      0x9f,0x86,0xb7,0xa1,0x1b,0x1a,0x00,0x00,0x00,0x00,0x00,0x00,
                      0xd0,0xa1,0x4d,0x43,0x0e,0xba,0x42,0x03,0x00,0x00,0x00,0xce,
                      0x81,0x39,0xd0,0x03,0x00,0x00,0x00,0x00,0xc8,0x39,0x49,0x32,
                      0x27,0x49,0xee,0x27,0x49,0xd6,0x9e,0xc9,0xbd,0x72,0x26,0xbd,
                      0xf7,0x75,0xda,0xde,0xb5,0xa9,0x02,0x90,0x24,0x49,0x92,0x24,
                      0x49,0x92,0x24,0x39,0x49,0x12,0x13,0x00,0x00,0x80,0x54,0x25,
                      0x49,0x55,0x92,0x54,0x25,0x49,0xd5,0x49,0x92,0x32,0x29,0xe6,
                      0x55,0xe8,0x02,0x80,0x90,0x64,0x91,0x64,0x93,0x2c,0x24,0x85,
                      0x5a,0x00,0x00,0x00,0x1a,0xfa,0x85,0xfe,0xc0,0x8b,0x56,0xa8,
                      0x0b,0x00,0x00,0x00,0x00,0x68,0x30,0x0d,0x67,0x20,0x07,0x9d,
                      0x60,0x12,0x9a,0x30,0xc0,0x09,0x24,0x69,0x49,0xd2,0x9d,0x24,
                      0xdd,0x49,0xd2,0x9d,0x24,0xdd,0x49,0xd2,0x9d,0x24,0xdd,0x01,
                      0x80,0x44,0x48,0x92,0x24,0x49,0x92,0x24,0x49,0x92,0x24,0x49,
                      0x92,0x84,0x48,0x80,0x44,0x48,0x92,0x24,0x49,0x92,0x24,0x49,
                      0x92,0x24,0x49,0x92,0x24,0x49,0x92,0x24,0x49,0x00,0x60,0x13,
                      0x8a,0x64,0x23,0x29,0xac,0xc0,0x5e,0x50,0x1b,0x14,0x20,0x11,
                      0x92,0x24,0x49,0x92,0x24,0x49,0x92,0x24,0x49,0x92,0x24,0x49,
                      0x92,0x24,0x49,0x12,0x00,0x00,0x00,0x00,0x00,0x00,0x00,0x58,
                      0x84,0x94,0x24,0xa9,0x4a,0x92,0xaa,0x24,0xa9,0x4a,0x92,0xaa,
                      0x24,0xa9,0x4a,0x92,0xaa,0x24,0x00,0x00,0x00,0x00,0x00,0x00,
                      0x40,0x92,0xee,0x24,0xe9,0x4e,0x92,0xee,0x24,0xe9,0x4e,0x92,
                      0xee,0x24,0xe9,0x4e,0x12,0x1d,0xc2,0x01,0x26,0xd0,0x09,0x23,
                      0xa1,0x9d,0xc0,0x1c,0xe8,0x01,0x0d,0x00,0xd8,0x92,0x64,0x91,
                      0xec,0x90,0xac,0x94,0x24,0xd9,0x95,0x24,0x6b,0x27,0x49,0x56,
                      0x12,0x22,0x01,0x12,0x21,0x49,0x92,0x24,0x49,0x92,0x24,0x49,
                      0x92,0x24,0x49,0x12,0x22,0x01,0x00,0x22,0x01,0x00,0x00,0x00,
                      0x12,0x81,0x48,0x00,0x14,0xd8,0x05,0x6b,0x43,0x96,0x22,0xb1,
                      0x49,0x0a,0xb2,0x01,0x20,0x55,0x27,0x49,0xd5,0x9c,0xa4,0xaa,
                      0x27,0xa9,0xd2,0x39,0x55,0x64,0xaa,0x38,0x51,0x31,0x90,0x05,
                      0x00,0x00,0x00,0x00,0x80,0x06,0x33,0x70,0x0e,0x00,0x00,0x00,
                      0x00,0x00,0x00,0x00,0x67,0x20,0x81,0x04,0x12,0x54,0x32,0x54,
                      0x92,0x53,0x92,0x15,0x92,0xda,0x9c,0x54,0x01,0x00,0x00,0x00,
                      0x00,0x00,0x00,0xb0,0x0b,0xd6,0x82,0xb5,0x60,0x2d,0xc3,0x5a,
                      0x66,0xd7,0x5a,0x23,0x6b,0xad,0x76,0xce,0x5a,0xcc,0xec,0x05,
                      0x00,0x00,0x60,0xc0,0xec,0x62,0x64,0xd1,0xce,0x81,0x19,0x00,
                      0x00,0x00,0x00,0x00,0x80,0x02,0xbb,0x00,0x00,0x00,0x00,0x00,
C51 COMPILER V8.12   RTD2014OSDFONTVLC                                                     09/16/2026 20:29:08 PAGE 6   

                      0x80,0x02,0xbb,0x38,0x07,0x1c,0x00,0x00,0x00,0x00,0x00,0x00,
                      0x00,0x80,0xd3,0x98,0x84,0x3e,0x09,0x33,0x09,0x87,0x45,0x03,
                      0x0c,0x00,0x00,0x00,0x00,0x00,0x00,0x80,0x80,0xec,0xca,0x24,
                      0x7b,0x27,0x89,0x4a,0x82,0x64,0xc3,0x76,0x82,0xe3,0x84,0xd1,
                      0xad,0x2c,0xdd,0x64,0xd5,0x99,0x24,0x39,0x27,0x49,0x7a,0x32,
                      0x09,0xc7,0x04,0x00,0xa0,0x1b,0x4b,0x37,0x59,0x75,0x26,0x49,
                      0xce,0x49,0x92,0x9e,0x4c,0xc2,0x31,0xc1,0x26,0xbd,0xb1,0x53,
                      0xd8,0x1b,0x6c,0x00,0x76,0x29,0x12,0x9b,0xa4,0x8a,0x64,0x43,
                      0x00,0xd8,0x1b,0x6c,0x00,0x76,0x29,0x12,0x9b,0xa4,0x8a,0x64,
                      0x43,0x00,0x00,0x00,0x00,0x66,0x60,0x06,0x66,0x60,0x06,0x66,
                      0x00,0x00,0x80,0x04,0xf6,0x86,0xbd,0xb1,0xf7,0xe6,0xb3,0xf6,
                      0x6e,0x7b,0xed,0x3d,0xbd,0x00,0x00,0x00,0x92,0x24,0x49,0x92,
                      0x24,0x49,0x92,0x24,0x49,0x92,0x24,0x71,0x1a,0x93,0xd0,0x1c,
                      0x24,0x49,0x02,0x00,0x79,0xfa,0x4c,0xe6,0x79,0xce,0x99,0xb9,
                      0x9f,0x73,0x06,0x00,0x00,0x20,0x49,0x92,0x24,0x49,0x92,0x24,
                      0x49,0x92,0x24,0x49,0x12,0xac,0xb2,0x49,0x0a,0x96,0x24,0x49,
                      0x00,0xe0,0xac,0x9d,0x75,0xae,0x6b,0xd5,0x5c,0xd7,0x75,0xad,
                      0x7d,0x01,0x00,0x00,0x60,0x6f,0xd8,0x1b,0xf6,0x86,0xbd,0x61,
                      0x6f,0x00,0x00,0x20,0x81,0x19,0x98,0x31,0xcc,0xbc,0xa7,0xcc,
                      0xcc,0xd9,0x35,0x73,0xcc,0xc0,0x0c,0xcc,0xc0,0x0c,0x18,0x00,
                      0x00,0x00,0xac,0xbd,0x7b,0xd6,0xde,0x5b,0xaf,0xcf,0xde,0x6c,
                      0x7b,0x43,0x36,0x08,0x00,0x00,0x48,0x92,0x24,0x49,0x92,0x24,
                      0x49,0x92,0x24,0x21,0x12,0x00,0x00,0x80,0xa9,0x3a,0x67,0xf2,
                      0x3c,0xe7,0x0c,0x6d,0x02,0x24,0x02,0x91,0x4c,0x0e,0x9c,0xd0,
                      0x34,0x92,0x24,0x49,0x92,0x24,0x49,0x92,0x24,0x49,0x88,0x04,
                      0x00,0x00,0xe0,0xba,0xae,0x93,0xeb,0xac,0x95,0xb9,0xd8,0xd6,
                      0x01,0x12,0x81,0x48,0x36,0x59,0xb0,0x52,0x50,0xb0,0x37,0xec,
                      0x0d,0x7b,0xc3,0xde,0x60,0x03,0x00,0x00,0x38,0xb5,0x67,0xce,
                      0xa8,0x99,0xf3,0x32,0x33,0x98,0x81,0x0c,0x08,0x00,0x00,0x00,
                      0x60,0x12,0x24,0xe1,0x24,0x69,0x49,0xd2,0x9d,0x24,0xdd,0x49,
                      0xd2,0x9d,0x24,0xdd,0x01,0x80,0x49,0x90,0x84,0x93,0xa4,0x25,
                      0x7b,0x75,0x27,0xaa,0x3b,0xd9,0xba,0x57,0xf6,0xee,0x0e,0x00,
                      0x24,0x49,0x92,0x24,0x49,0x92,0x24,0x49,0x92,0x24,0x49,0x92,
                      0x24,0x49,0x92,0x24,0x00,0x90,0x24,0x49,0x92,0x24,0x59,0x49,
                      0x92,0xe4,0x24,0x49,0x7a,0x92,0xe4,0x48,0x92,0x73,0x02,0x00,
                      0x49,0x92,0x24,0x49,0x92,0x24,0x49,0x92,0x24,0x49,0x92,0x24,
                      0x49,0x92,0x24,0x09,0x00,0x24,0x49,0x92,0x24,0xc9,0x24,0x12,
                      0x93,0x62,0xe9,0xa4,0x52,0x92,0x64,0xef,0x24,0x00,0xb0,0x49,
                      0x84,0x64,0xa5,0x24,0x49,0x55,0x92,0x54,0x25,0x49,0x55,0x92,
                      0x54,0x25,0x01,0x80,0x4d,0x22,0x24,0x2b,0x25,0x49,0xaa,0x92,
                      0xa4,0x2a,0x49,0xaa,0x4e,0x92,0xaa,0x73,0x92,0xa4,0x3b,0x49,
                      0xba,0x93,0xa4,0x3b,0x49,0xba,0x93,0x44,0xe7,0x24,0x44,0xc2,
                      0x00,0x40,0xd6,0xee,0x4e,0xb2,0xba,0x93,0xa4,0x3b,0x49,0xba,
                      0x93,0x44,0xe7,0x24,0x44,0xc2,0x00,0x40,0x92,0x24,0x49,0x92,
                      0x24,0x49,0x92,0x24,0x49,0x92,0x24,0x49,0x92,0x24,0x49,0x02,
                      0x00,0x49,0x66,0x92,0x44,0x47,0x67,0x57,0x6f,0xb2,0x24,0x49,
                      0x92,0x24,0x49,0x92,0x24,0x00,0x90,0x24,0x49,0x92,0x24,0x49,
                      0x92,0x24,0x49,0x92,0x24,0x49,0x92,0x24,0x49,0x92,0x00,0x40,
                      0xd6,0x4a,0x92,0x92,0x24,0x6b,0x27,0x49,0x72,0x92,0x24,0x49,
                      0x92,0x24,0x49,0x92,0x04,0x00,0x52,0x95,0x24,0x55,0x49,0x52,
                      0x95,0x24,0x55,0x49,0x52,0x95,0x64,0x91,0x04,0xc9,0x06,0x80,
                      0x54,0xcd,0x24,0x55,0x9c,0x54,0x4d,0x27,0x55,0x39,0x49,0x55,
                      0x92,0x45,0x12,0x24,0x1b,0x00,0x80,0x49,0xe8,0x93,0x70,0x92,
                      0x90,0x24,0x24,0x09,0x49,0x42,0x92,0x90,0x24,0x04,0x98,0x84,
                      0x3e,0x09,0x67,0x09,0x59,0xb0,0x16,0xac,0x05,0x6b,0xc1,0x5a,
                      0xb0,0x80,0x94,0x24,0xc9,0x4e,0x92,0x24,0x49,0x92,0x24,0x49,
                      0x92,0xec,0x24,0x49,0x7d,0x52,0xdf,0x8d,0x5d,0x80,0x94,0x24,
                      0xc9,0x4e,0x42,0x24,0x00,0x30,0xe0,0x3c,0xce,0x3b,0x49,0xe6,
                      0x04,0x00,0x12,0x21,0x49,0x92,0x2b,0x49,0xe2,0x3a,0x59,0xef,
                      0x50,0xb7,0x53,0xf7,0xb5,0x8f,0x51,0x9f,0x01,0x80,0x44,0x20,
                      0x92,0x1b,0xe4,0x2e,0xfd,0xdd,0xc9,0xb9,0x52,0xe7,0xba,0xa7,
                      0xb2,0x73,0x9e,0x0d,0x00,0x8b,0xb0,0x48,0xd6,0x22,0x59,0x8b,
C51 COMPILER V8.12   RTD2014OSDFONTVLC                                                     09/16/2026 20:29:08 PAGE 7   

                      0x64,0x2d,0x72,0xd6,0xe2,0x64,0x2d,0x72,0x16,0x00,0x2c,0xc2,
                      0x85,0xac,0x0b,0xae,0x0b,0xae,0x0b,0x75,0x5d,0x94,0xeb,0x42,
                      0x5d,0x59,0x21,0x59,0x8b,0x24,0x21,0x49,0x48,0x12,0x92,0x84,
                      0x24,0x21,0x84,0x00,0xab,0xb1,0x56,0x37,0x6b,0xc1,0x5a,0xb0,
                      0x16,0xac,0x05,0x2b,0xc1,0x22,0x04,0x48,0xb5,0x7d,0x52,0x45,
                      0x8e,0xbb,0x2a,0x68,0x2a,0x2b,0x53,0x49,0x92,0x3b,0x49,0x12,
                      0x22,0x01,0x9c,0x95,0x29,0xe7,0x24,0x2a,0xd7,0x39,0x92,0xac,
                      0xe4,0x68,0xfb,0x80,0x2b,0x11,0x88,0x04,0xb8,0x7b,0xf2,0x95,
                      0x3c,0x33,0x77,0x92,0x24,0x49,0xce,0x49,0x92,0x24,0x49,0x92,
                      0x24,0x49,0x42,0x24,0xc0,0xb5,0xb6,0x37,0x7c,0xf6,0xbe,0x00,
                      0x54,0x01,0x80,0x44,0x20,0x12,0x60,0x91,0xac,0x45,0xb2,0x16,
                      0xc9,0x5a,0x24,0x6b,0x91,0xac,0x45,0xb2,0x16,0xc9,0x82,0x2c,
                      0xe0,0x82,0xeb,0x82,0xeb,0x82,0xeb,0x82,0xeb,0x82,0xeb,0x82,
                      0x6b,0x11,0x17,0x64,0x01,0xff,
              };
              #endif
 374          
 375          
 376          BYTE code tHotKey_1BIT_ICON[] = 
 377          {
 378                  
 379                  0x0f,0x18,0xc3,0xe7,0x62,0x49,0xdb,0xa5,0x0b,0x75,0x00,0x00,
 380                  0x00,0x00,0x00,0x00,0x40,0x92,0x24,0x98,0x81,0x19,0x98,0x81,
 381                  0x19,0x98,0x81,0x19,0x98,0x81,0x19,0x49,0x92,0x00,0x00,0x00,
 382                  0x00,0x00,0x00,0x24,0x49,0x02,0x00,0x00,0x00,0x00,0x00,0x90,
 383                  0x24,0x89,0xb5,0x60,0x2d,0x58,0x0b,0xd6,0x82,0xb5,0x60,0x2d,
 384                  0x58,0x0b,0xd6,0x02,0x66,0x60,0x06,0x66,0x60,0x06,0x66,0x60,
 385                  0x06,0x66,0x60,0x46,0x92,0x24,0x00,0x00,0x00,0x00,0x00,0x00,
 386                  0x49,0x92,0x00,0x00,0x00,0x00,0x00,0x00,0x24,0x49,0x62,0x2d,
 387                  0x58,0x0b,0xd6,0x82,0xb5,0x60,0x2d,0x58,0x0b,0xd6,0x82,0xb5,
 388                  0x90,0x24,0xc9,0x4a,0x66,0xd6,0xea,0x9e,0x59,0xab,0x7b,0x66,
 389                  0xad,0x64,0x66,0xad,0xee,0x99,0xb5,0xba,0x67,0xd6,0xea,0x9e,
 390                  0x59,0x98,0x81,0x19,0x9f,0x24,0xf9,0xd4,0x0c,0x55,0x33,0xd4,
 391                  0x9b,0x49,0xde,0x9a,0x50,0x35,0x43,0xd5,0x0c,0x05,0x00,0x73,
 392                  0x2a,0xb1,0x77,0xd4,0xec,0x13,0xf6,0x58,0xa9,0x81,0x90,0x0d,
 393                  0x75,0x00,0x00,0xb3,0x56,0x62,0xaf,0xa5,0xb6,0xb5,0x86,0x59,
 394                  0x2b,0xe9,0xbd,0x96,0xda,0x7b,0xad,0xb2,0xad,0x95,0x8c,0xb5,
 395                  0x60,0x2d,0x9c,0x64,0xe6,0x1c,0x66,0xce,0x61,0xe6,0x9c,0x64,
 396                  0xe6,0x1c,0x66,0xce,0x61,0xe6,0x1c,0x66,0x0e,0x66,0x60,0xc6,
 397                  0x4a,0x32,0xab,0xab,0xd6,0xd1,0x55,0x67,0xb5,0xaa,0x44,0x57,
 398                  0xad,0xd5,0x5d,0xb5,0x56,0x77,0xd5,0x5a,0x0d,0x00,0xfb,0x54,
 399                  0xb2,0xed,0xcc,0x70,0x32,0x83,0x35,0x03,0x33,0x64,0xcf,0x50,
 400                  0x67,0x06,0x00,0xcc,0x5a,0x89,0xbd,0x96,0xda,0xd6,0x1a,0x66,
 401                  0xad,0xa4,0xf7,0x5a,0x6a,0xef,0xb5,0xca,0xb6,0x56,0x32,0xd6,
 402                  0x82,0xb5,0x00,0x00,0x0a,0xac,0x05,0x73,0xa1,0x7a,0x50,0xdd,
 403                  0xd4,0x82,0xb5,0x82,0x75,0x12,0x74,0xd5,0xaa,0xa8,0x9a,0x6d,
 404                  0xbd,0xd1,0xde,0xf7,0xf0,0x3c,0xdc,0x75,0xe3,0xef,0x69,0x55,
 405                  0xbf,0x8f,0x4e,0xe5,0x67,0x93,0xa8,0xe9,0xee,0x58,0xa7,0xdb,
 406                  0xa8,0x37,0x8a,0xef,0xbe,0x9f,0xa7,0xe9,0xba,0x6f,0x6e,0xef,
 407                  0xea,0xae,0xca,0x9b,0x06,0x00,0x68,0x30,0x03,0xeb,0xd2,0xd4,
 408                  0xd2,0x54,0xf5,0xc0,0x0c,0x31,0x4b,0x58,0x0b,0x56,0x75,0x53,
 409                  0xa6,0x29,0xd7,0xc0,0x5a,0xa0,0x00,0x00,0x2a,0xbf,0xb4,0xaa,
 410                  0xcf,0x4f,0xf3,0xfc,0xb9,0xa9,0xfb,0x79,0xce,0xcb,0x2b,0x2f,
 411                  0x4b,0xd5,0x1e,0xa9,0xaa,0xd5,0x12,0x8e,0x37,0x9d,0xaa,0xf5,
 412                  0x76,0xbb,0xef,0x9b,0xea,0x7e,0x78,0x6e,0xf6,0xb7,0x94,0xbc,
 413                  0xe3,0xac,0x6e,0xe9,0xe9,0x2e,0x24,0x7b,0x90,0x19,0x98,0xa6,
 414                  0xaa,0xb1,0xaa,0x71,0x2d,0x98,0x01,0x0d,0x00,0x00,0x00,0x00,
 415                  0x80,0x05,0x16,0xac,0x55,0xc5,0x5a,0x29,0xd6,0x49,0x38,0xaa,
 416                  0x20,0x05,0x55,0xa8,0xf7,0xe0,0xf9,0x2c,0xee,0x5b,0x95,0xf7,
 417                  0x29,0x77,0x3d,0xfb,0x54,0xee,0xde,0x24,0x1b,0xdd,0x90,0x86,
 418                  0x6e,0xcd,0xbb,0xdd,0x7c,0xe7,0x79,0x9a,0x7e,0xef,0xa7,0xdb,
 419                  0x9d,0x3c,0xbb,0x0b,0x00,0x00,0x00,0x18,0x30,0x30,0x43,0xf7,
C51 COMPILER V8.12   RTD2014OSDFONTVLC                                                     09/16/2026 20:29:08 PAGE 8   

 420                  0x0c,0xe9,0x59,0x15,0xd6,0xaa,0x62,0x2d,0x58,0x60,0x01,0x00,
 421                  0x00,0x00,0x5d,0xe7,0xce,0x7e,0x54,0xdd,0xcf,0x5b,0xd4,0x7d,
 422                  0xaf,0x0f,0x8f,0xf3,0x52,0xaa,0xa0,0x02,0x55,0x38,0x09,0xa7,
 423                  0x9e,0xf4,0xce,0xdd,0x8f,0xbe,0x5f,0xdd,0x9e,0x87,0xf9,0xde,
 424                  0xd8,0x6f,0xa3,0x1b,0x3a,0xd0,0x6d,0x93,0xec,0xa1,0x33,0x43,
 425                  0xf7,0x0c,0x0c,0x18,0x00,0x00,0x00,0x00,0x00,0x00,0x40,0x81,
 426                  0x2a,0xa8,0x82,0x2a,0xa8,0x02,0x00,0x00,0x00,0x1a,0x74,0x43,
 427                  0x37,0x74,0x43,0x37,0x55,0xa0,0x00,0xa8,0x82,0x2a,0xa8,0x82,
 428                  0x2a,0xa8,0x82,0x2a,0xa0,0x1b,0x34,0x00,0xdd,0xd0,0x0d,0xdd,
 429                  0xd0,0x0d,0xdd,0xd0,0x0d,0x00,0x00,0x00,0x00,0x00,0x20,0x51,
 430                  0x00,0x00,0x00,0x00,0x00,0x00,0x9c,0x08,0x00,0x00,0x00,0x00,
 431                  0x00,0x00,0x13,0x01,0x50,0x05,0x55,0x50,0x05,0x55,0x50,0x05,
 432                  0x55,0x00,0xf2,0x0a,0x00,0xba,0xa1,0x1b,0xba,0xa1,0x1b,0xba,
 433                  0xa1,0x1b,0x90,0x78,0x01,0x00,0x00,0x00,0x00,0x00,0x58,0x11,
 434                  0x00,0x00,0x00,0x00,0x00,0x00,0x76,0x04,0x00,0x00,0x00,0x00,
 435                  0x00,0x80,0xb4,0x40,0x54,0x00,0x00,0x00,0x00,0x00,0x00,0x88,
 436                  0x1c,0x00,0x00,0x00,0x00,0x00,0x00,0x22,0x03,0x00,0x00,0x00,
 437                  0x00,0x00,0xc0,0x2b,0x01,0x54,0x41,0x15,0x54,0x41,0x15,0x54,
 438                  0x41,0x15,0x00,0xe2,0x0d,0x80,0x6e,0xe8,0x86,0x6e,0xe8,0x86,
 439                  0x6e,0xe8,0x06,0x10,0x59,0x00,0x00,0x00,0x00,0x00,0x00,0x44,
 440                  0x36,0x00,0x00,0x00,0x00,0x00,0x00,0x2d,0x01,0x00,0x00,0x00,
 441                  0x00,0x00,0x50,0x05,0x55,0x50,0x05,0x55,0x50,0x05,0x55,0x00,
 442                  0x14,0xa8,0x02,0xba,0xa1,0x1b,0xba,0xa1,0x1b,0xba,0xa1,0x1b,
 443                  0x80,0x06,0xdd,0x54,0x41,0x15,0x54,0x41,0x15,0x28,0x00,0x00,
 444                  0x00,0xa0,0x1b,0xba,0xa1,0x1b,0xba,0x41,0x03,0x00,0x00,0x00,
 445                  0x00,0x00,0x00,0x00,0x0b,0x2a,0x07,0xa7,0x87,0x05,0x00,0x80,
 446                  0x82,0x95,0x20,0xf6,0xa9,0x20,0x19,0x18,0x00,0x00,0x00,0x49,
 447                  0x22,0xaa,0x26,0xa3,0x0a,0xaa,0xa0,0x0a,0xaa,0x00,0x00,0x40,
 448                  0x22,0x89,0x95,0xee,0x85,0x6e,0xe8,0x86,0x6e,0xe8,0x06,0x00,
 449                  0x00,0x30,0x24,0x32,0x9c,0x48,0x58,0x2c,0x00,0x00,0x00,0x00,
 450                  0x00,0x80,0xa1,0xc9,0xb6,0xa9,0x33,0x00,0xa0,0xc0,0x59,0xb0,
 451                  0x83,0x35,0x43,0x1d,0xcd,0xda,0x70,0x86,0xb2,0x37,0x25,0x38,
 452                  0xab,0x31,0x1b,0xba,0x01,0x00,0x00,0x00,0x00,0x00,0x00,0x00,
 453                  0x00,0x28,0x90,0x05,0x55,0x50,0x05,0x55,0x50,0x05,0x55,0x50,
 454                  0x85,0x24,0x85,0xaa,0x9c,0xa8,0xd2,0xd0,0x0d,0xdd,0xd0,0x0d,
 455                  0xdd,0xd0,0x0d,0xdd,0x36,0x89,0xca,0x74,0x47,0x9d,0x6e,0x00,
 456                  0x00,0x00,0x00,0x00,0x00,0xd8,0xed,0x34,0x52,0x7b,0x58,0x4e,
 457                  0xa0,0x16,0x00,0x00,0x00,0x00,0x00,0x40,0x83,0x3d,0x70,0xb6,
 458                  0x66,0x9d,0x1e,0xaa,0x66,0xc3,0x3e,0x70,0x86,0xaa,0x69,0xd6,
 459                  0x6a,0x9c,0xd5,0x38,0x07,0xf6,0x05,0x7b,0xc3,0xde,0x30,0x03,
 460                  0x33,0x00,0x00,0x00,0x00,0x40,0x81,0x2a,0xa8,0xc2,0xea,0xa1,
 461                  0x36,0x9c,0xa6,0x6a,0xb0,0x16,0x5c,0x17,0xcc,0x40,0x0f,0x74,
 462                  0x43,0x37,0x55,0xa0,0x00,0x00,0x00,0x00,0x00,0x00,0xba,0x41,
 463                  0x03,0x00,0x00,0x00,0x00,0xa0,0x59,0xc7,0x46,0xcd,0x82,0xab,
 464                  0xba,0x59,0x66,0xe0,0x7a,0xe0,0xbe,0x60,0x2d,0x58,0x0b,0x00,
 465                  0x00,0x00,0x00,0x00,0x00,0xc0,0xea,0x66,0xd5,0x0c,0x65,0x0f,
 466                  0x65,0x6f,0xb8,0x2e,0x38,0x07,0xce,0x81,0xb5,0x60,0x2d,0x24,
 467                  0x49,0x82,0x19,0x98,0x81,0xbd,0xe1,0xda,0x70,0x8e,0x66,0x1d,
 468                  0xcd,0x5a,0x3d,0x54,0x4d,0x92,0x24,0xaa,0xa0,0x0a,0x00,0x00,
 469                  0x00,0x00,0x10,0x92,0xa0,0x1b,0xba,0x61,0x1a,0x66,0xe0,0xba,
 470                  0x34,0x6b,0x19,0x54,0x2f,0xb8,0x54,0x01,0x00,0x00,0x00,0x00,
 471                  0x00,0x55,0x40,0x37,0x00,0x00,0x00,0x00,0x00,0xd0,0x2d,0x49,
 472                  0x55,0xac,0x05,0x6b,0xc1,0x75,0xc3,0x5c,0xa8,0x19,0x2c,0x4d,
 473                  0x5d,0xb0,0x9a,0x32,0x49,0x92,0x00,0x00,0x00,0x00,0x00,0x00,
 474                  0x24,0x49,0x62,0x2d,0x38,0x0b,0xce,0x81,0x7d,0xc1,0xde,0xa8,
 475                  0xd9,0x54,0xcd,0x50,0xab,0x9b,0xb5,0x51,0x73,0x60,0xaf,0xc6,
 476                  0xa9,0x19,0x96,0x6c,0x58,0x07,0x14,0x00,0x00,0x00,0x00,0x00,
 477                  0x40,0x37,0xec,0xd1,0x9c,0x08,0xb5,0xc6,0x6e,0xca,0x3a,0x00,
 478                  0x00,0x00,0x00,0x00,0x40,0x15,0x54,0x0d,0x49,0xad,0xb4,0x0a,
 479                  0x4b,0x15,0x54,0x41,0x15,0x54,0x41,0x15,0xd0,0xcd,0xa9,0x6e,
 480                  0xe9,0x9d,0x5e,0xe8,0x34,0xba,0xa1,0x1b,0xba,0xa1,0x1b,0xba,
 481                  0x61,0x1f,0x30,0x00,0x00,0x00,0x00,0x00,0x00,0x00,0x00,0x00,
C51 COMPILER V8.12   RTD2014OSDFONTVLC                                                     09/16/2026 20:29:08 PAGE 9   

 482                  0xac,0x82,0xb3,0x50,0xb3,0x11,0xcd,0x39,0x70,0x36,0x9c,0xa1,
 483                  0x6a,0x37,0x6b,0x35,0x72,0x60,0x36,0x68,0x00,0xb0,0xa6,0x39,
 484                  0x12,0x4a,0x2d,0x00,0x00,0x00,0x00,0x00,0x80,0xa6,0xc9,0x96,
 485                  0xad,0x4e,0x24,0x1c,0x0a,0x00,0x00,0xa8,0x82,0x2a,0xa8,0x82,
 486                  0x2a,0xec,0xaa,0x6c,0x49,0x2a,0x01,0x00,0x00,0xdd,0xd0,0x0d,
 487                  0xdd,0xd0,0xed,0xe4,0x74,0x8b,0x24,0x01,0x00,0x00,0xb0,0xa0,
 488                  0x72,0x90,0xde,0x47,0x90,0x6c,0x68,0x00,0x00,0x0c,0xab,0x36,
 489                  0x92,0x86,0x01,0x00,0x00,0x00,0x00,0x00,0x90,0x58,0xa8,0x58,
 490                  0x51,0x05,0x55,0xa8,0x84,0x52,0x05,0x55,0x00,0x80,0x8c,0xc0,
 491                  0x74,0x82,0x6e,0xe8,0xd6,0x24,0x8d,0x6e,0xe8,0x06,0x00,0x00,
 492                  0x00,0x00,0x80,0x02,0xf7,0x02,0x00,0x00,0x4e,0x61,0xf5,0xa6,
 493                  0x86,0xb2,0x71,0x2d,0xe8,0x01,0xa8,0x82,0x2a,0x24,0x59,0x96,
 494                  0xaa,0x4e,0xab,0x82,0x2a,0xa8,0x82,0x2a,0xa8,0x02,0xba,0xa1,
 495                  0x5b,0x5a,0xd2,0x4e,0xba,0x17,0xba,0xa1,0x1b,0xba,0xa1,0x1b,
 496                  0xba,0x01,0x00,0x80,0xa1,0x59,0x71,0x60,0x9b,0xa6,0xac,0x0b,
 497                  0xaa,0x00,0x00,0x00,0x00,0x00,0x00,0x80,0x6e,0x00,0x00,0x00,
 498                  0x18,0x30,0x03,0x33,0xaa,0x7b,0xa6,0x92,0xce,0x94,0xb9,0x50,
 499                  0xdd,0x58,0x50,0x17,0xac,0x07,0xae,0x81,0x67,0x60,0x06,0x26,
 500                  0x11,0x03,0x00,0x80,0x55,0x70,0x5d,0x30,0x83,0xea,0xa6,0x96,
 501                  0xa6,0x42,0xac,0x95,0xc2,0xc8,0x12,0xcc,0x01,0x0d,0x00,0x00,
 502                  0x40,0x41,0x93,0x76,0x9a,0xc4,0x35,0x94,0x5a,0x00,0x00,0x00,
 503                  0x40,0x03,0x00,0x00,0x1a,0x5c,0x03,0xeb,0x82,0xb5,0x34,0x55,
 504                  0x12,0x55,0x8d,0x6b,0x60,0x5d,0x9a,0x5a,0x1a,0xd5,0x03,0x73,
 505                  0xc1,0x73,0xc1,0x75,0xc1,0x95,0x88,0x0b,0x00,0x00,0xc0,0x02,
 506                  0x6b,0xc1,0x5a,0xe8,0xb5,0xaa,0x3a,0x59,0xa9,0xae,0xce,0x24,
 507                  0xd5,0x3d,0x53,0xf4,0x4c,0x61,0x06,0x66,0x00,0x00,0x00,0x8c,
 508                  0x48,0x06,0x66,0x60,0x1e,0x98,0x0b,0xae,0x05,0x77,0x35,0x96,
 509                  0x69,0xca,0x75,0x61,0x21,0x59,0xb0,0xaa,0x9b,0x32,0x4d,0xb9,
 510                  0x2e,0xa8,0x05,0x00,0x00,0x28,0x00,0x00,0x00,0xa0,0xc1,0xd9,
 511                  0x12,0x56,0x54,0x28,0x68,0x00,0x00,0x28,0xb0,0x0a,0x35,0x1b,
 512                  0x43,0x2a,0xe8,0x68,0xa9,0x0a,0xaa,0x1a,0x6b,0xc1,0x75,0xc1,
 513                  0x0c,0x68,0x00,0x00,0x5c,0x22,0xb9,0xe0,0xba,0xe0,0x1a,0x78,
 514                  0x06,0xa6,0xa9,0x6a,0xac,0x82,0xeb,0x86,0x19,0xbd,0x52,0x49,
 515                  0xaf,0x55,0xd5,0xbd,0x56,0x55,0x5b,0x0b,0xd6,0x02,0x00,0x00,
 516                  0x80,0x5a,0x00,0x00,0x00,0x00,0x00,0x00,0x40,0x83,0x6b,0x34,
 517                  0xb5,0x1c,0x18,0x19,0x16,0x0b,0x00,0x00,0xa8,0x82,0x2a,0xa8,
 518                  0x82,0x2a,0xa8,0x42,0x52,0xd9,0x54,0x88,0x2a,0xa8,0x02,0xba,
 519                  0xa1,0x1b,0xba,0xa1,0x9b,0xd2,0x2d,0x3b,0x69,0xe8,0x6c,0x74,
 520                  0x43,0x37,0xab,0x60,0x2e,0x2c,0x4d,0x0d,0x65,0x63,0x0e,0x68,
 521                  0x00,0x00,0x40,0x03,0x00,0x00,0x00,0x00,0x00,0x50,0x85,0x4a,
 522                  0x28,0x55,0x50,0x85,0xa4,0x16,0xc4,0x0a,0x00,0x00,0xe8,0xd6,
 523                  0x24,0x8d,0x6e,0xe8,0x96,0x91,0xc6,0x48,0x00,0x00,0x00,0x80,
 524                  0x93,0x70,0xac,0x05,0x6b,0xa1,0xb2,0x60,0x2d,0x58,0x0b,0xd6,
 525                  0x02,0x00,0x6c,0x92,0x8d,0x19,0x98,0xd1,0x64,0x60,0x06,0x66,
 526                  0x60,0x06,0x00,0x00,0x00,0x00,0xcc,0x8d,0x99,0xfb,0x66,0x92,
 527                  0x10,0x00,0x00,0x00,0x05,0xd6,0x82,0x73,0x20,0x41,0x92,0x24,
 528                  0xd6,0xc2,0x49,0xa8,0xac,0xac,0x4a,0xaf,0x95,0x33,0xd6,0xda,
 529                  0x61,0xad,0x19,0xd0,0x80,0xac,0x95,0x04,0x33,0x36,0x49,0x67,
 530                  0xf7,0x24,0x95,0xcc,0x1c,0xeb,0xcc,0x50,0x35,0x03,0x00,0x56,
 531                  0x32,0xb3,0x00,0x00,0x40,0x83,0x69,0xd8,0x03,0x27,0x9a,0x73,
 532                  0x3a,0x49,0x12,0x00,0x00,0x00,0x00,0xa8,0xee,0x5b,0x55,0xf7,
 533                  0x7d,0x57,0xba,0x93,0x24,0x21,0x73,0xdf,0xcc,0xb8,0x19,0x00,
 534                  0x00,0x00,0x00,0x48,0x92,0x44,0x02,0xe7,0xc0,0x5a,0x50,0x05,
 535                  0x0a,0x00,0x00,0x64,0xad,0x24,0x00,0x1a,0x6b,0x4d,0xb3,0xd6,
 536                  0x1e,0xbd,0x56,0x22,0xdf,0xb5,0x32,0x2b,0x51,0xb1,0x82,0x95,
 537                  0xcc,0x2c,0x00,0x50,0x66,0x58,0x35,0x43,0xce,0x8c,0x4c,0x3e,
 538                  0xb3,0x46,0x27,0xc1,0x44,0x92,0x24,0xcd,0x39,0x8d,0x1c,0xd8,
 539                  0x1b,0x66,0xa0,0x1b,0x00,0x00,0xe9,0x4e,0x52,0xdd,0xf7,0x5d,
 540                  0xd5,0xed,0x2e,0x00,0x00,0x00,0x00,0xb0,0x16,0xac,0x05,0x6b,
 541                  0x61,0x65,0xc1,0x5a,0xb0,0x16,0x4e,0xc2,0x01,0x00,0xcc,0xc0,
 542                  0x0c,0xcc,0x68,0x32,0x30,0x03,0x33,0x36,0xc9,0x06,0x00,0x00,
 543                  0x00,0x00,0x00,0x00,0x14,0x38,0x0b,0x00,0x00,0xc8,0xc2,0x49,
C51 COMPILER V8.12   RTD2014OSDFONTVLC                                                     09/16/2026 20:29:08 PAGE 10  

 544                  0x58,0xd9,0x29,0x89,0x3e,0x2b,0x43,0xb2,0x91,0x34,0x20,0x90,
 545                  0x24,0x95,0x24,0x49,0x9c,0x93,0xc4,0x39,0x9a,0x73,0xc0,0x01,
 546                  0x00,0x20,0x24,0x9d,0x24,0x49,0x12,0xc9,0xde,0xa1,0xf6,0x86,
 547                  0xbd,0xc1,0x06,0x00,0x00,0x80,0x8c,0x4d,0xd2,0x69,0x27,0xc9,
 548                  0xde,0x2a,0x2b,0xe1,0x48,0x28,0x00,0x00,0x00,0x00,0x00,0xd0,
 549                  0x60,0x0f,0x39,0xa8,0x04,0x2b,0xa1,0xd6,0xde,0xac,0x33,0x9b,
 550                  0x73,0x66,0x38,0xe9,0xe1,0x24,0x4d,0x92,0x10,0xcc,0x86,0x1e,
 551                  0x00,0x00,0x00,0x00,0x36,0xd8,0x1b,0x00,0x00,0x00,0xe0,0x1c,
 552                  0x38,0x07,0xc9,0x41,0x12,0x02,0x00,0x00,0x00,0x60,0x6f,0xd8,
 553                  0x5b,0xc8,0x16,0x92,0x58,0x07,0xaa,0x00,0x00,0x00,0x00,0x38,
 554                  0xe0,0x1c,0x20,0x5b,0x93,0x18,0x92,0x1e,0xce,0x99,0xcd,0x3a,
 555                  0x7b,0xb3,0xd6,0x0e,0x55,0x09,0xa9,0x84,0x24,0x49,0x48,0x3a,
 556                  0xe4,0xcc,0x70,0xce,0x0c,0x67,0xed,0xcd,0x59,0xd9,0xac,0x4a,
 557                  0x28,0x09,0x9c,0x03,0xec,0x0d,0x36,0x00,0x00,0x00,0x34,0x98,
 558                  0x86,0x6c,0x49,0x88,0x13,0xe2,0x1c,0x38,0x07,0x00,0x00,0x00,
 559                  0x40,0x48,0x82,0x9d,0x60,0x6f,0xd8,0x1b,0x00,0x00,0x00,0xe0,
 560                  0x1c,0x70,0x00,0x00,0x00,0xa0,0xc0,0x2a,0xc8,0x41,0x48,0x12,
 561                  0x2a,0xd9,0xac,0xca,0x66,0xad,0x3d,0x9c,0xb3,0x87,0x9c,0x69,
 562                  0x92,0x46,0x02,0x7b,0x53,0x0b,0x00,0x00,0x00,0x00,0x00,0x00,
 563                  0x43,0xd2,0xe1,0x64,0x67,0x77,0x9d,0x9c,0x84,0x48,0x58,0x2c,
 564                  0x00,0x00,0x00,0x38,0xe0,0x1c,0x38,0x27,0x2d,0x39,0xc9,0x4e,
 565                  0x92,0xa4,0x12,0x15,0x00,0x00,0xb0,0xc1,0xde,0xa4,0xf6,0x96,
 566                  0x24,0xfb,0x24,0x49,0xd2,0x3a,0x09,0x00,0x54,0x42,0x25,0xe1,
 567                  0x64,0xf6,0xa9,0x6c,0x92,0x20,0x19,0x18,0x00,0x00,0xa0,0x07,
 568                  0x00,0x00,0x00,0x00,0x00,0x00,0xe0,0x80,0x73,0xe0,0x1c,0x38,
 569                  0x07,0xce,0x81,0x73,0xe0,0x1c,0x38,0x07,0x00,0x36,0xd8,0x1b,
 570                  0xf6,0x86,0xbd,0x61,0x6f,0xd8,0x1b,0xf6,0x86,0xbd,0x01,0x00,
 571                  0x00,0x00,0x00,0x90,0x40,0x12,0x02,0x00,0x00,0x00,0x00,0x40,
 572                  0x22,0x24,0x49,0xe2,0x1c,0x38,0x07,0xce,0x81,0x73,0xe0,0x1c,
 573                  0x70,0x00,0x34,0xa1,0x49,0x1a,0x7b,0xc3,0xde,0xb0,0x37,0xec,
 574                  0x0d,0x7b,0x83,0x0d,0x10,0x90,0x00,0x00,0x00,0x00,0x00,0x80,
 575                  0x44,0x48,0x92,0x04,0x00,0x00,0x00,0x00,0x80,0x10,0x42,0x92,
 576                  0x24,0x84,0x10,0x00,0x00,0x00,0x00,0x00,0x92,0x24,0x21,0x12,
 577                  0x00,0x00,0x00,0x00,0x00,0x9a,0xa4,0x21,0x0d,0x38,0xe0,0x1c,
 578                  0x38,0x07,0xce,0x81,0x73,0xe0,0x1c,0x48,0x40,0x00,0x60,0x83,
 579                  0xbd,0x61,0x6f,0xd8,0x1b,0xf6,0x86,0xbd,0x25,0x49,0x42,0x24,
 580                  0x00,0x00,0x00,0x00,0x00,0x84,0x24,0x90,0x00,0x00,0x00,0x00,
 581                  0x00,0xe0,0x1c,0x38,0x07,0xce,0x81,0x73,0xe0,0x1c,0x38,0x07,
 582                  0xce,0x01,0x00,0x60,0x6f,0xd8,0x1b,0xf6,0x86,0xbd,0x61,0x6f,
 583                  0xd8,0x1b,0xf6,0x06,0x00,0x00,0x00,0x00,0x80,0x55,0x70,0x0e,
 584                  0x2a,0x41,0x25,0x14,0x20,0x85,0x24,0xac,0x24,0xab,0x92,0x24,
 585                  0x27,0x49,0x92,0x24,0x49,0x92,0x24,0x49,0x92,0x24,0x40,0x92,
 586                  0x24,0x49,0x92,0x24,0x49,0x92,0x24,0x49,0x92,0x24,0x9d,0x24,
 587                  0x91,0xec,0x90,0xf4,0x00,0xb0,0x09,0xc9,0x64,0x3a,0x49,0xb2,
 588                  0x93,0x24,0x49,0x92,0x24,0xc9,0x49,0x54,0x24,0x5b,0x01,0x00,
 589                  0x00,0x00,0x98,0x86,0xbd,0x35,0x89,0x26,0xe9,0x95,0xb0,0x4e,
 590                  0xc2,0x3a,0x09,0xe7,0x24,0x9c,0x93,0x70,0x4e,0xc2,0x39,0x09,
 591                  0x67,0x25,0x9c,0x95,0xb0,0xb2,0x93,0x84,0xe9,0x04,0xdd,0xd0,
 592                  0x0d,0xdd,0xd0,0x0d,0xdd,0xd0,0x2d,0x7b,0x92,0x48,0x20,0x81,
 593                  0x04,0x12,0x48,0x20,0x81,0x04,0x12,0x48,0x30,0xeb,0x24,0x9d,
 594                  0x2a,0xb5,0xd7,0xf4,0x38,0x35,0x93,0x5d,0x35,0x93,0x54,0xcd,
 595                  0xec,0xd4,0xe9,0x31,0x6b,0x97,0x92,0x5e,0x95,0xcc,0x90,0xcc,
 596                  0x26,0x99,0x4d,0xb2,0x37,0xe7,0xec,0xcd,0x39,0x7b,0x73,0xce,
 597                  0xde,0xe4,0xec,0x21,0xd9,0x43,0x32,0x95,0x50,0x12,0xca,0x39,
 598                  0x50,0x0b,0x00,0x00,0x00,0x40,0x92,0x24,0x49,0x92,0x24,0x49,
 599                  0x92,0x24,0x49,0x92,0x93,0x24,0xa9,0x95,0x4a,0x38,0xea,0x00,
 600                  0x90,0x34,0x92,0x3d,0x3a,0x49,0x24,0x49,0x92,0x24,0x49,0x92,
 601                  0x24,0x49,0x92,0x24,0x49,0x02,0xc8,0xb1,0x25,0x61,0x25,0x49,
 602                  0x92,0x24,0x49,0x76,0x92,0xa4,0x27,0xc9,0x90,0x6c,0xd8,0x80,
 603                  0x26,0x69,0x24,0x8d,0xbd,0xa1,0x07,0x00,0x00,0x00,0x00,0x00,
 604                  0x00,0x60,0x15,0x9c,0x85,0x4a,0xb0,0x12,0xea,0x24,0x2c,0x0b,
 605                  0x56,0x82,0x24,0x25,0x49,0xb2,0x92,0x24,0x49,0x92,0x24,0x49,
C51 COMPILER V8.12   RTD2014OSDFONTVLC                                                     09/16/2026 20:29:08 PAGE 11  

 606                  0x92,0x24,0x49,0x92,0x24,0x49,0x22,0x24,0x49,0x92,0x24,0x49,
 607                  0x92,0x24,0x49,0x92,0x24,0x49,0xd2,0x49,0x32,0x92,0x1d,0xf6,
 608                  0xee,0x81,0x61,0x48,0x64,0x24,0x49,0x76,0x92,0x24,0x49,0x92,
 609                  0x24,0x49,0x92,0x24,0x49,0x92,0xd4,0xbb,0x4e,0x00,0x00,0x00,
 610                  0x30,0x0d,0xd9,0x9a,0xc4,0x90,0xf4,0x26,0x99,0x24,0x9c,0x24,
 611                  0x24,0x09,0x49,0x42,0x92,0x90,0x24,0x24,0x09,0x49,0x42,0x4e,
 612                  0xc2,0xc9,0x4e,0x12,0x00,0x00,0x00,0x00,0x00,0xb2,0x05,0xd9,
 613                  0x90,0x40,0x02,0x09,0x24,0x90,0x40,0x02,0x09,0x24,0xd8,0xab,
 614                  0x6a,0x65,0xce,0xea,0xda,0x72,0xba,0x47,0x32,0xa3,0x92,0xbd,
 615                  0xab,0x92,0xbd,0x4b,0x32,0x63,0xce,0xe9,0x36,0x6b,0x95,0x09,
 616                  0xc9,0x0e,0x49,0x42,0x92,0x90,0x24,0x24,0x09,0x49,0x42,0x92,
 617                  0x90,0x64,0x93,0xec,0x95,0x70,0x2a,0x61,0x49,0x28,0xeb,0x40,
 618                  0x2d,0x00,0x00,0x00,0x24,0x49,0x92,0x24,0x49,0x92,0x24,0x49,
 619                  0x92,0x24,0x49,0x92,0x64,0x25,0x49,0x54,0x24,0x2c,0x16,0xec,
 620                  0xdd,0x98,0xd9,0xa3,0x93,0x44,0x92,0x64,0x92,0x24,0x49,0x92,
 621                  0x24,0x49,0x92,0x24,0x49,0x88,0x64,0x57,0x55,0xed,0xb0,0x56,
 622                  0x92,0x24,0x49,0x92,0x24,0x49,0x92,0x4c,0x92,0x44,0x27,0x41,
 623                  0x32,0x30,0x86,0x64,0x37,0xc9,0x20,0x69,0xcc,0x86,0x1e,0x00,
 624                  0x00,0x00,0xff,
 625                  
 626                  
 627          
 628          
 629          };
 630          BYTE code tMenuLock_1BIT_ICON[] = 
 631          {
 632              
 633              0xF0,0x7E,0x18,0xC3,0x49,0xAB,0x5D,0x62,0x02,0xDC,0x49,0x92,
 634              0x24,0x49,0x92,0x24,0x49,0x92,0x24,0x49,0x92,0x24,0x49,0x92,
 635              0x24,0x49,0x92,0x24,0x49,0x92,0x24,0x49,0x92,0x49,0x92,0xA8,
 636              0x24,0x87,0x64,0x90,0x14,0x26,0x70,0x06,0xEA,0xD0,0xAD,0x90,
 637              0x49,0xA0,0x00,0x80,0x05,0x49,0xD8,0x49,0xD6,0x4E,0x92,0x24,
 638              0x49,0x92,0x10,0x09,0x00,0x00,0x19,0x21,0x49,0x92,0x24,0x49,
 639              0x92,0x24,0x49,0x92,0x64,0x25,0x12,0x09,0x4D,0x03,0x00,0x90,
 640              0x63,0x48,0x2A,0x24,0xC9,0xA9,0x24,0x49,0x92,0x24,0x49,0x92,
 641              0x24,0x49,0x92,0xBD,0x92,0x44,0x67,0x25,0x64,0x27,0xAC,0x4E,
 642              0xD8,0x9D,0xD0,0x49,0x92,0x64,0x92,0x24,0x2A,0x49,0x91,0x0C,
 643              0x12,0x38,0x03,0x75,0x68,0x8A,0xBD,0x41,0x92,0x40,0x01,0x00,
 644              0x20,0x09,0x92,0xAC,0x9D,0x24,0x49,0x92,0x24,0x21,0x12,0x00,
 645              0x00,0x80,0x64,0x92,0x24,0x49,0x92,0x24,0x49,0x92,0x24,0x49,
 646              0x56,0xD2,0x09,0xB1,0x03,0x1A,0x00,0x0E,0x45,0x62,0x48,0x4E,
 647              0x48,0x92,0x24,0x49,0x92,0x24,0x49,0x92,0x24,0x49,0x92,0x64,
 648              0xAF,0x24,0xD1,0x59,0x09,0x59,0x09,0x6B,0x27,0x2C,0x7B,0xC3,
 649              0xDE,0xB0,0x37,0xEC,0x0D,0x7B,0xC3,0xDE,0xB0,0x37,0xEC,0x0D,
 650              0x7B,0x23,0xE7,0x24,0xC9,0x4C,0x92,0xCC,0x24,0xC9,0x4C,0x92,
 651              0xCC,0x24,0xC9,0x4C,0x92,0xCC,0x24,0xC9,0x4C,0x92,0xCC,0x24,
 652              0x91,0xD0,0x12,0x48,0x20,0x81,0x04,0x12,0x48,0x20,0x81,0x04,
 653              0x99,0x24,0xC9,0x4C,0x92,0xCC,0x24,0xC9,0x4C,0x92,0xCC,0x24,
 654              0xC9,0x4C,0x92,0xCC,0x24,0xC9,0x4C,0x92,0xCC,0x24,0xB1,0x16,
 655              0xAC,0x05,0x6B,0xC1,0x5A,0xB0,0x16,0xAC,0x05,0x6B,0xC1,0x5A,
 656              0xB0,0x16,0x52,0x95,0x24,0x55,0x49,0x52,0x95,0x24,0x55,0x49,
 657              0x52,0x95,0x24,0x55,0x49,0x52,0x95,0x24,0x55,0x49,0x52,0x95,
 658              0x64,0x27,0xEC,0x4E,0xD8,0x9D,0xD0,0x9D,0xD0,0x9D,0xD0,0x9D,
 659              0xD0,0x9D,0xD0,0x9D,0xD0,0x9D,0xD0,0x49,0x92,0x24,0x49,0x92,
 660              0x24,0x49,0x26,0x49,0x0E,0x49,0x90,0x14,0xCE,0x40,0x15,0x54,
 661              0xB1,0x37,0xEC,0x0D,0x7B,0x83,0x0D,0x00,0x00,0x00,0x20,0x49,
 662              0x92,0x24,0x49,0x92,0x24,0x21,0x12,0x00,0x00,0x00,0x20,0x33,
 663              0x49,0x32,0x93,0x24,0x33,0x49,0x18,0x09,0x00,0x00,0x00,0x20,
 664              0x81,0x04,0x12,0x58,0x01,0x00,0x00,0x00,0x90,0x24,0x49,0x92,
 665              0x24,0x49,0x92,0x24,0x49,0x92,0x64,0x27,0x2B,0x21,0x9D,0xB0,
 666              0x3B,0xA1,0x25,0x74,0x92,0x24,0x49,0x92,0x24,0x49,0x92,0x24,
 667              0xC9,0x51,0x49,0x90,0x14,0x66,0xE0,0x1C,0xA8,0xC3,0x5A,0xB0,
C51 COMPILER V8.12   RTD2014OSDFONTVLC                                                     09/16/2026 20:29:08 PAGE 12  

 668              0x16,0xAC,0x05,0x6B,0x01,0x00,0x00,0x00,0x48,0x92,0x24,0x49,
 669              0x92,0x24,0x49,0x92,0x24,0x49,0xD2,0x2B,0x3B,0x61,0x75,0x42,
 670              0x4B,0x60,0x2D,0xA4,0x2A,0x49,0xAA,0x92,0x64,0x2A,0x49,0x92,
 671              0x24,0xA9,0x4A,0x92,0xAA,0x24,0xC9,0x49,0x92,0x24,0x49,0x92,
 672              0x24,0x9D,0xD0,0x9D,0xD0,0x9D,0xD0,0x9D,0x94,0xEE,0x84,0xEE,
 673              0x84,0x4E,0x12,0x3B,0x49,0x92,0x24,0x49,0x50,0x05,0x55,0x50,
 674              0x05,0x55,0x50,0x05,0x55,0x50,0x05,0x55,0x50,0x05,0x00,0x00,
 675              0x00,0x00,0x00,0x00,0x00,0x00,0xAB,0x21,0x0B,0x9D,0xD0,0x9D,
 676              0xD0,0x9D,0xD0,0x9D,0xD0,0x12,0x00,0xC3,0x22,0x73,0x92,0x24,
 677              0x93,0x24,0x49,0x92,0x24,0x49,0x92,0x24,0x49,0x92,0x24,0x93,
 678              0x24,0x00,0x00,0x00,0xA8,0x82,0x2A,0xA8,0x82,0x2A,0x80,0x04,
 679              0x12,0x48,0x20,0x81,0x04,0x12,0x48,0x20,0x81,0x04,0x00,0x60,
 680              0x37,0xAC,0x05,0x09,0x3A,0x41,0x27,0xB4,0x04,0xF6,0x02,0x90,
 681              0xB2,0xC8,0x9C,0x24,0x49,0x92,0x24,0x49,0x92,0x24,0x49,0x92,
 682              0x24,0x49,0x92,0x24,0x49,0x02,0x00,0x00,0x0A,0x9C,0x82,0x73,
 683              0xE0,0x1C,0xA8,0x03,0x8A,0x5E,0x00,0x00,0x00,0x00,0x00,0x00,
 684              0x48,0x9D,0x24,0x21,0x49,0x48,0x12,0x92,0x84,0x24,0x21,0x49,
 685              0x48,0x12,0x92,0x0C,0x2B,0x61,0x03,0x00,0x00,0x00,0x00,0x00,
 686              0x20,0x67,0x92,0xE4,0x9C,0x24,0x39,0x27,0x49,0xCE,0x49,0x92,
 687              0x73,0x92,0xE4,0x9C,0x24,0x39,0x27,0x49,0xEA,0xAC,0x64,0xD8,
 688              0x2B,0xA8,0x82,0x2A,0xA8,0x82,0x2A,0xA8,0x82,0x73,0x20,0x63,
 689              0x48,0x2A,0x91,0x04,0x00,0x00,0x00,0x00,0x00,0x20,0x11,0x00,
 690              0x00,0x00,0x00,0x00,0x00,0x92,0x0E,0x12,0x48,0x20,0x41,0x27,
 691              0xE8,0x84,0xDE,0x09,0xBD,0x12,0x76,0x92,0xDD,0x49,0x92,0x04,
 692              0x55,0x50,0x05,0x55,0x50,0x05,0xE7,0xC0,0x1C,0x45,0x62,0x48,
 693              0x4E,0x52,0x49,0xAC,0x05,0x6B,0xC1,0x5A,0xB0,0x16,0x24,0xD8,
 694              0x09,0xBD,0x12,0x76,0x92,0xDD,0x49,0x92,0x24,0x01,
 695          
 696          };
 697          
 698          
 699          BYTE code _tFONT1_SMALL_LOGO[]=
 700          {
 701          0x0F,0x7E,0xC1,0x38,0x96,0xDB,0x52,0xA4,0x01,0x83,0x00,0x00,
 702          0x58,0x60,0x2F,0xD8,0x1B,0xAA,0x20,0x05,0x9A,0x35,0x6C,0x86,
 703          0xAA,0x69,0x92,0x2E,0xBA,0xB3,0xCF,0x99,0xA9,0xCC,0xC9,0x54,
 704          0x66,0x92,0x48,0xB3,0x08,0x0E,0x9B,0x61,0xEF,0x39,0xEC,0x3D,
 705          0x89,0xBD,0x27,0xC9,0xDE,0x39,0xEC,0x3D,0xC3,0xDE,0x33,0xEC,
 706          0x3D,0xB0,0xCF,0x8A,0x66,0x25,0xC9,0x5A,0x49,0xB2,0xD6,0x93,
 707          0x64,0xAD,0x99,0x64,0xAD,0x99,0x64,0xAD,0x99,0x64,0xAD,0x99,
 708          0x64,0x31,0x7A,0xED,0x86,0xEA,0x3E,0x76,0x75,0x9F,0x53,0xDD,
 709          0x3D,0x53,0xDD,0x3D,0xD3,0xD3,0x9D,0x99,0xE9,0xAE,0xCC,0xE9,
 710          0xAE,0x1A,0x5A,0x9D,0x15,0xD8,0x09,0x6B,0x27,0xEC,0xDA,0x2F,
 711          0xD5,0x6B,0x91,0x64,0x2D,0x49,0xB2,0x57,0x0E,0x7B,0x0F,0xD4,
 712          0x11,0x90,0xB0,0x74,0x9F,0x43,0xF7,0x0C,0xDD,0x3D,0x74,0x77,
 713          0xD3,0x9D,0xB8,0x92,0xAA,0x43,0xEC,0x19,0x42,0x48,0xB2,0xCF,
 714          0xA1,0xF6,0x0C,0x7B,0xCF,0xB0,0xF7,0x0C,0xBB,0xCE,0x61,0x37,
 715          0x59,0x81,0x4C,0x02,0x49,0xF6,0x0E,0xAB,0xEA,0x20,0x05,0xDD,
 716          0x50,0x71,0x96,0x2A,0x49,0xED,0x6A,0x42,0xD6,0xC0,0xEA,0xEE,
 717          0x59,0xAB,0x3B,0xBD,0x56,0x77,0x65,0xAD,0xEE,0xAA,0xB5,0xA6,
 718          0x53,0x4B,0x77,0x67,0x49,0xA6,0x51,0x8E,0x02,0x75,0x0E,0x55,
 719          0xE7,0x50,0x75,0x0E,0x55,0xE7,0x50,0x75,0x0E,0x15,0x87,0x6A,
 720          0x72,0x05,0x32,0x2B,0xB0,0x12,0xF6,0x9A,0x61,0xAD,0x0C,0x6B,
 721          0x25,0xAC,0x35,0xC3,0x5A,0x33,0xAC,0x9D,0x66,0x11,0xD6,0x10,
 722          0x42,0xD2,0x05,0x69,0xA2,0x9B,0x64,0xEA,0x20,0x75,0x1D,0x2A,
 723          0x6B,0x65,0x85,0x2D,0x1D,0x90,0x73,0x96,0x3C,0x33,0x6B,0xE5,
 724          0xEA,0xDE,0xFB,0x92,0xAE,0x3A,0x49,0x52,0x57,0x92,0x24,0xF6,
 725          0x9E,0xC6,0x32,0x6A,0xA0,0x7A,0x48,0x75,0x53,0x95,0xA6,0xAA,
 726          0x8A,0xAA,0x5D,0x47,0xD5,0xDE,0xE7,0x54,0xD6,0x9E,0x29,0x96,
 727          0xAE,0x1C,0xC8,0x39,0x6B,0x25,0xE7,0xAC,0x95,0x9C,0xB3,0x77,
 728          0xF6,0x39,0xB5,0xF7,0x3E,0x27,0xB5,0xF7,0x39,0xDD,0x55,0xE7,
 729          0x74,0x6F,0x8E,0xDE,0x89,0x90,0xA4,0x2A,0xF6,0xBE,0x6F,0xC9,
C51 COMPILER V8.12   RTD2014OSDFONTVLC                                                     09/16/2026 20:29:08 PAGE 13  

 730          0xAE,0x92,0xA4,0x2A,0x56,0xDD,0xC5,0x5A,0x77,0x49,0xAA,0x0A,
 731          0x91,0xD8,0xA0,0xF6,0x39,0xA4,0x66,0xAC,0x6E,0xC7,0x9A,0x39,
 732          0xD6,0x4E,0xCF,0xEC,0x4A,0xA6,0x77,0x38,0x53,0x20,0x18,0xD0,
 733          0x0D,0x69,0xA8,0x72,0xD8,0x75,0x86,0xEC,0x69,0x92,0x09,0x34,
 734          0x08,
 735          };
 736          
 737          
 738          #if(_SMALL_LOGO_TYPE == _SMALL_LOGO2BIT_MATRIX)
              BYTE code _tFONT1_SMALL_LOGO_2BIT[]=
              {
                      0x0F,0x78,0x3E,0xC1,0x94,0x2B,0x6D,0x5A,0x00,0xD4,0xD8,0x98,
                      0x93,0x25,0xA9,0xA4,0x93,0x24,0xA9,0x37,0x49,0xEA,0x7D,0x93,
                      0x32,0x93,0x30,0x93,0x60,0x04,0x00,0x00,0x00,0x00,0x00,0x00,
                      0x80,0x0D,0xF6,0xE6,0x9C,0xBD,0x99,0xD9,0x9B,0xD4,0xDE,0x24,
                      0x7B,0x93,0xEC,0x4D,0xB2,0x37,0x62,0x03,0x00,0x00,0x00,0x00,
                      0x00,0x00,0x50,0x34,0x49,0x6F,0x92,0xBD,0x48,0x56,0x5A,0x77,
                      0xD2,0x9D,0x4E,0x75,0x4B,0xAA,0x9B,0xA2,0x29,0x00,0x00,0x00,
                      0x00,0x00,0x00,0x20,0x51,0x24,0xA9,0x4A,0x41,0x15,0x54,0x41,
                      0x15,0x54,0x41,0x15,0x14,0x28,0x00,0x00,0x00,0x00,0x00,0x00,
                      0xA0,0x02,0x95,0x50,0xD5,0xA1,0xAA,0x9B,0xAA,0x84,0xAA,0x2B,
                      0x54,0x5D,0x17,0x55,0xD7,0x45,0xD1,0x14,0x00,0x00,0x00,0x00,
                      0x00,0x00,0x60,0x2C,0x7A,0x26,0xD1,0x33,0x95,0xEE,0x99,0xAA,
                      0x36,0x93,0xB4,0x99,0x2C,0x3D,0x93,0xE8,0x99,0xA4,0x19,0x69,
                      0x00,0x00,0x00,0x00,0x00,0x00,0x00,0x0B,0xAC,0x05,0x6B,0xC1,
                      0x5A,0xB0,0x16,0xAC,0x05,0x6B,0xC1,0x5A,0x60,0x79,0xE0,0xD6,
                      0x87,0xE3,0x73,0xC3,0x79,0xE0,0x80,0xCF,0xC1,0xE9,0x8D,0x93,
                      0x8B,0x03,0x00,0x00,0x00,0x00,0x00,0x00,0x00,0x40,0x96,0xE6,
                      0xDA,0x6B,0xEE,0x3D,0xDA,0xCC,0x4D,0xF7,0xE7,0x30,0x1E,0xDD,
                      0xAB,0x78,0xEE,0xDE,0x38,0x00,
              
              
              
              };
              
              #else
 766          BYTE code _tFONT1_SMALL_LOGO_2BIT[]=
 767          {
 768                  0x0f,0xe7,0x3c,0x18,0x9d,0xba,0x24,0x56,0x02,0xa6,0x00,0x00,
 769                  0x00,0x36,0x98,0x0d,0x33,0x30,0x03,0xdd,0x00,0x00,0x00,0x00,
 770                  0x00,0x00,0x00,0x00,0x20,0x90,0x40,0xd2,0xee,0x9d,0xea,0xbe,
 771                  0xee,0xaa,0xaa,0xe7,0xaa,0x55,0xf5,0x3c,0x75,0xaf,0x9a,0x59,
 772                  0x00,0x00,0x00,0x00,0x00,0x00,0x00,0x00,0xec,0xc0,0x4e,0xd8,
 773                  0x49,0xc6,0x4e,0xd2,0x9d,0x5e,0xd1,0xe9,0x2c,0x3a,0x49,0x34,
 774                  0x00,0x00,0x00,0x00,0x00,0x00,0x00,0x00,0x00,0x70,0x08,0x87,
 775                  0xe4,0x40,0x20,0xa0,0x02,0x00,0x76,0x60,0x27,0xec,0xa9,0xb0,
 776                  0xa7,0x8a,0x99,0x14,0xd3,0x09,0x4d,0x68,0x00,0x00,0x00,0x00,
 777                  0x00,0x00,0x00,0x00,0x12,0x21,0x49,0x12,0x22,0x01,0x12,0x21,
 778                  0x49,0x12,0x22,0x01,0x00,0x00,0x00,0x00,0xc0,0x06,0x7b,0x03,
 779                  0x00,0x12,0x21,0x49,0x92,0x5d,0x91,0xec,0x2a,0x76,0xaa,0x62,
 780                  0x67,0xad,0x24,0x2c,0x09,0x00,0x24,0x86,0x24,0xdd,0x49,0xd2,
 781                  0x9d,0x43,0xfa,0x1c,0x92,0xd3,0xcf,0x95,0xf4,0x24,0xc9,0x00,
 782                  0x00,0x00,0x00,0x00,0x00,0x00,0x00,0x90,0x08,0x49,0x92,0x24,
 783                  0x49,0x02,0x00,0xcf,0xbd,0x92,0x2b,0xd7,0xfd,0x3c,0x01,0x00,
 784                  0x00,0x00,0x00,0x00,0x00,0x00,0xe0,0x10,0x16,0xc9,0x5a,0x24,
 785                  0xeb,0x90,0x9c,0x43,0x72,0x90,0x40,0x02,0x00,0x00,0x00,0x00,
 786                  0x00,0x00,0xd0,0x0d,0x1a,0x00,0x60,0x83,0xbd,0x61,0x6f,0x98,
 787                  0x81,0x19,0x00,0x00,0x00,0x00,0x00,0x00,0x00,0xf7,0xbd,0xba,
 788                  0xef,0xe3,0xee,0xbe,0x0e,0xe9,0x33,0xcf,0x93,0x4c,0xcf,0x24,
 789                  0xdd,0x7b,0x57,0xba,0xf6,0xae,0xea,0x9a,0xa9,0xaa,0x9a,0x59,
 790                  0xab,0x00,0x00,0x00,0x00,0x00,0x00,0x80,0x9c,0x24,0xe9,0x75,
 791                  0x24,0x53,0x8b,0x4e,0x92,0x24,0x49,0x92,0x59,0xab,0x32,0xbd,
C51 COMPILER V8.12   RTD2014OSDFONTVLC                                                     09/16/2026 20:29:08 PAGE 14  

 792                  0x56,0xd5,0xf4,0x59,0x55,0xdd,0xc9,0x5a,0x0d,0x00,0x00,0x00,
 793                  0x00,0x00,0x00,0xe4,0x50,0xf2,0x3c,0x24,0x33,0x24,0xdc,0x77,
 794                  0xaa,0x5d,0x57,0x2a,0x99,0xa9,0x92,0x99,0x5a,0xf4,0xac,0xb5,
 795                  0x25,0x0b,0x00,0x00,0x00,0x00,0x00,0x00,0xa8,0xbd,0xf7,0xae,
 796                  0x24,0x49,0x92,0x24,0x59,0x33,0xdd,0x2b,0x99,0xf4,0x4a,0x92,
 797                  0xe4,0x24,0x49,0x4e,0x92,0x1c,0x49,0x02,0x00,0x00,0x00,0x00,
 798                  0x00,0x00,0xb0,0x77,0x22,0x33,0x49,0x32,0x93,0x44,0xcf,0x5a,
 799                  0xaa,0x3b,0x4b,0x75,0x27,0x25,0x39,0x29,0xc9,0x39,0x76,0xc2,
 800                  0x06,0x00,0x00,0x00,0x00,0x00,0x00,0x26,0xa9,0xcc,0x54,0x55,
 801                  0x4d,0xaf,0x55,0x35,0xa9,0xb5,0x56,0xa7,0xea,0x5e,0xa9,0xe4,
 802                  0xb9,0x42,0xce,0xb3,0xe0,0x00,0x00,0x00,0x00,0x00,0x00,0x00,
 803                  0x80,0xcc,0x35,0x93,0x9a,0xd9,0x93,0x9a,0x99,0xa9,0xea,0xee,
 804                  0xae,0xea,0x4e,0xaa,0xd2,0x95,0x92,0x58,0x25,0x41,0x27,0x34,
 805                  0x00,0x00,0x00,0x00,0x00,0x00,0x80,0x0a,0x54,0xc1,0x2a,0x58,
 806                  0x0b,0xd6,0x82,0x73,0xe0,0x1c,0x70,0x00,0x00,0x00,0x00,0x00,
 807                  0x00,0x00,0x80,0x19,0x00,0x1a,0x54,0x20,0x85,0xbd,0x82,0x9d,
 808                  0xc5,0x26,0x6c,0x00,0x00,0x00,0x00,0x00,0x00,0x00,0x58,0x3d,
 809                  0xf7,0xbd,0x80,0x53,0xc2,0xbd,0x6a,0xe7,0xde,0x6b,0x65,0xae,
 810                  0x6b,0xad,0xc9,0x75,0x65,0x65,0x2e,0xa2,0x00,0x00,0x00,0x00,
 811                  0x00,0x00,0x00,0x40,0x92,0xb5,0x02,0x5c,0x31,0x5c,0x2b,0x33,
 812                  0xd7,0x73,0xd6,0xcc,0x35,0x49,0xf7,0xcc,0xf5,0xa4,0x87,0xad,
 813                  0x1b,0x00,0x00,0x00,0x00,0x00,0x00,0x00,0xec,0x9d,0x1c,0x60,
 814                  0xa2,0xe8,0x93,0xce,0x34,0xe9,0xee,0x6d,0x55,0xd7,0xde,0xeb,
 815                  0x14,0x5b,0x15,0x00,0x00,0x00,0x00,0x00,0x00,0x00,0xec,0x24,
 816                  0xd9,0x00,0x16,0xa8,0x82,0x2a,0x58,0x05,0x6b,0x81,0x05,0x00,
 817                  0x00,0x0d,0xba,0xa1,0x1b,0x12,0xec,0x0a,0x58,0x6c,0x60,0x27,
 818                  0x6c,0x00,0x00,0x00,0x00,0x00,0x00,0x00,0x38,0x2d,0xac,0xee,
 819                  0x9d,0xb5,0xaa,0xf6,0x5e,0xaa,0x92,0xb3,0x57,0xb1,0x59,0x6c,
 820                  0x00,0x00,0x52,0x36,0x2b,0x35,0x3b,0xa7,0x7a,0xe6,0xa8,0xea,
 821                  0xa6,0xaa,0x1b,0x4b,0x6f,0x00,0x00,0x00,0x00,0x00,0x00,0x00,
 822                  0xe8,0x84,0x06,0x52,0x8b,0x39,0x6a,0x76,0xd0,0x4d,0x55,0xb7,
 823                  0xac,0x35,0x7d,0x58,0x76,0x00,0x00,0x00,0x00,0x00,0x00,0x00,
 824                  0x00,0x00,0x00,0x00,0x00,0x00,0x00,0x00,0x00,0x00,0x00,0x00,
 825                  0x00,0x00,0xfe,0xff,
 826                  
 827          };
 828          #endif
 829          
 830          //--------------------------------------------------
 831          // Description  :
 832          // Input Value  :
 833          // Output Value :
 834          //--------------------------------------------------
 835          //6463 180旋转菜单不行
 836          void OsdFontVLCLoadFont(BYTE ucState)
 837          {
 838   1          switch(ucState)
 839   1          {
 840   2              case _FONT1_GLOBAL:
 841   2      #if((_OSD_ROTATE_FUNCTION == _OSD_ROTATE_SOFTWARE) || (_OSD_ROTATE_FUNCTION == _OSD_ROTATE_HARDWARE))
 842   2                  ScalerOsdHardwareVLC(tFONT1_GLOBAL, VLC_TABLE_SIZE(tFONT1_GLOBAL), GET_CURRENT_BANK_NUMBER(), 
             -_1GLOBAL_START, g_usFontTableStart, GET_OSD_ROTATE_STATUS());
 843   2      #else
                          ScalerOsdHardwareVLC(tFONT1_GLOBAL, VLC_TABLE_SIZE(tFONT1_GLOBAL), GET_CURRENT_BANK_NUMBER(), 
             -_1GLOBAL_START, g_usFontTableStart, _OSD_ROTATE_DEGREE_0);
              #endif
 846   2                  break;
 847   2      
 848   2      #if(_LOGO_New_Tool_4 ==  _ON)
                              case _REALTEK_1BIT_LOGO0:
                                      switch(GET_OSD_ROTATE_STATUS())
                                      {
C51 COMPILER V8.12   RTD2014OSDFONTVLC                                                     09/16/2026 20:29:08 PAGE 15  

                                              case _OSD_ROTATE_DEGREE_0:
                                                      ScalerOsdHardwareVLC(tICON_1BIT_LOGO0, VLC_TABLE_SIZE(tICON_1BIT_LOGO0), GET_CURRENT_BANK_NUMBER(), _
             -LOGO_START_ADDRESS, g_usFontTableStart, _OSD_ROTATE_DEGREE_0);
                                                      break;
                                      
                                              case _OSD_ROTATE_DEGREE_90:
                                                      ScalerOsdHardwareVLC(tICON_1BIT_LOGO0_90, VLC_TABLE_SIZE(tICON_1BIT_LOGO0_90), GET_CURRENT_BANK_NUMBE
             -R(), _LOGO_START_ADDRESS, g_usFontTableStart, _OSD_ROTATE_DEGREE_0);
                                                      break;
                                                      
                                              case _OSD_ROTATE_DEGREE_180:
                                                      ScalerOsdHardwareVLC(tICON_1BIT_LOGO0_180, VLC_TABLE_SIZE(tICON_1BIT_LOGO0_180), GET_CURRENT_BANK_NUM
             -BER(), _LOGO_START_ADDRESS, g_usFontTableStart, _OSD_ROTATE_DEGREE_0);
                                                      break;
                                                      
                                              case _OSD_ROTATE_DEGREE_270:
                                                      ScalerOsdHardwareVLC(tICON_1BIT_LOGO0_270, VLC_TABLE_SIZE(tICON_1BIT_LOGO0_270), GET_CURRENT_BANK_NUM
             -BER(), _LOGO_START_ADDRESS, g_usFontTableStart, _OSD_ROTATE_DEGREE_0);
                                                      break;
                                      }
                              break;
                      
                      
              #else
 872   2      
 873   2      #if(_LOGO_New_Tool ==  _ON)
                      case _REALTEK_1BIT_LOGO0:
              #if((_OSD_ROTATE_FUNCTION == _OSD_ROTATE_SOFTWARE) || (_OSD_ROTATE_FUNCTION == _OSD_ROTATE_HARDWARE))
                                              ScalerOsdHardwareVLC(tICON_1BIT_LOGO0, VLC_TABLE_SIZE(tICON_1BIT_LOGO0), GET_CURRENT_BANK_NUMBER(), _L
             -OGO_START_ADDRESS, g_usFontTableStart, _OSD_ROTATE_DEGREE_0);
              #else
                                              ScalerOsdHardwareVLC(tICON_1BIT_LOGO0, VLC_TABLE_SIZE(tICON_1BIT_LOGO0), GET_CURRENT_BANK_NUMBER(), _L
             -OGO_START_ADDRESS, g_usFontTableStart, _OSD_ROTATE_DEGREE_0);
              #endif
                      break;
              
              
              #endif
 884   2      #if(_LOGO_TYPE != _LOGO_NONE)&&(_LOGO_TYPE != _LOGO_BLUE_BG)&&(_LOGO_New_Tool !=  _ON)
              
                                      case _REALTEK_1BIT_LOGO0:
                              #if((_OSD_ROTATE_FUNCTION == _OSD_ROTATE_SOFTWARE) || (_OSD_ROTATE_FUNCTION == _OSD_ROTATE_HARDWARE))
                                      ScalerOsdHardwareVLC(tICON_1BIT_LOGO0, VLC_TABLE_SIZE(tICON_1BIT_LOGO0), GET_CURRENT_BANK_NUMBER(), _LO
             -GO_START_ADDRESS, g_usFontTableStart, GET_OSD_ROTATE_STATUS());
                              #else
                                      ScalerOsdHardwareVLC(tICON_1BIT_LOGO0, VLC_TABLE_SIZE(tICON_1BIT_LOGO0), GET_CURRENT_BANK_NUMBER(), _LO
             -GO_START_ADDRESS, g_usFontTableStart, _OSD_ROTATE_DEGREE_0);
                              #endif
                                      break;
              
              
                      #if(0xf000 <= _LOGO_TYPE)       
              
                                      case _REALTEK_1BIT_LOGO1:
                                      #if((_OSD_ROTATE_FUNCTION == _OSD_ROTATE_SOFTWARE) || (_OSD_ROTATE_FUNCTION == _OSD_ROTATE_HARDWARE))
                                              ScalerOsdHardwareVLC(tICON_1BIT_LOGO1, VLC_TABLE_SIZE(tICON_1BIT_LOGO1), GET_CURRENT_BANK_NUMBER(), 0x
             -100, g_usFontTableStart, GET_OSD_ROTATE_STATUS());
                                      #else
                                              ScalerOsdHardwareVLC(tICON_1BIT_LOGO1, VLC_TABLE_SIZE(tICON_1BIT_LOGO1), GET_CURRENT_BANK_NUMBER(), 0x
             -100, g_usFontTableStart, _OSD_ROTATE_DEGREE_0);
                                      #endif
                                              break;
C51 COMPILER V8.12   RTD2014OSDFONTVLC                                                     09/16/2026 20:29:08 PAGE 16  

                      #endif//end of (0xf000 <= _LOGO_TYPE)
              
              #endif//end of (_LOGO_TYPE != _LOGO_NONE)
 907   2      #endif//
 908   2      
 909   2                              case _FONT2_ICON_MENU:
 910   2      #if((_OSD_ROTATE_FUNCTION == _OSD_ROTATE_SOFTWARE) || (_OSD_ROTATE_FUNCTION == _OSD_ROTATE_HARDWARE))
 911   2                              ScalerOsdHardwareVLC(tFONT1_MAIN_MENU_2BIT, VLC_TABLE_SIZE(tFONT1_MAIN_MENU_2BIT), GET_CURRENT_BANK_NUM
             -BER(), _2BIT_ICON_START,g_usFontTableStart,GET_OSD_ROTATE_STATUS());
 912   2      #else
                                      ScalerOsdHardwareVLC(tFONT1_MAIN_MENU_2BIT, VLC_TABLE_SIZE(tFONT1_MAIN_MENU_2BIT), GET_CURRENT_BANK_NUM
             -BER(), _2BIT_ICON_START,g_usFontTableStart,_OSD_ROTATE_DEGREE_0);
              #endif
 915   2                                              break;
 916   2      
 917   2      
 918   2                              case _HOTKEY_1BIT_ICON:
 919   2      #if((_OSD_ROTATE_FUNCTION == _OSD_ROTATE_SOFTWARE) || (_OSD_ROTATE_FUNCTION == _OSD_ROTATE_HARDWARE))
 920   2                              ScalerOsdHardwareVLC(tHotKey_1BIT_ICON, VLC_TABLE_SIZE(tHotKey_1BIT_ICON), GET_CURRENT_BANK_NUMBER(), 0
             -,g_usFontTableStart,GET_OSD_ROTATE_STATUS());
 921   2      #else
                                      ScalerOsdHardwareVLC(tHotKey_1BIT_ICON, VLC_TABLE_SIZE(tHotKey_1BIT_ICON), GET_CURRENT_BANK_NUMBER(), 0
             -,g_usFontTableStart,_OSD_ROTATE_DEGREE_0);
              #endif
 924   2                                              break;
 925   2      
 926   2      #if(_DEF_MENU_LOCK)     
                          case _MENULOCK_1BIT_ICON:
              #if((_OSD_ROTATE_FUNCTION == _OSD_ROTATE_SOFTWARE) || (_OSD_ROTATE_FUNCTION == _OSD_ROTATE_HARDWARE))
                              ScalerOsdHardwareVLC(tMenuLock_1BIT_ICON, VLC_TABLE_SIZE(tMenuLock_1BIT_ICON), GET_CURRENT
             -_BANK_NUMBER(), 0,g_usFontTableStart,GET_OSD_ROTATE_STATUS());
              #else
                              ScalerOsdHardwareVLC(tMenuLock_1BIT_ICON, VLC_TABLE_SIZE(tMenuLock_1BIT_ICON), GET_CURRENT
             -_BANK_NUMBER(), 0,g_usFontTableStart,_OSD_ROTATE_DEGREE_0);
              #endif
                              break;
              #endif
 935   2      
 936   2                      #if(_SMALL_LOGO_TYPE != _SMALL_LOGO_TYPE_NONE)
                                              case _FONT1_SMALL_LOGO:
                                                      #if((_OSD_ROTATE_FUNCTION == _OSD_ROTATE_SOFTWARE) || (_OSD_ROTATE_FUNCTION == _OSD_ROTATE_HARDWARE))
                                                              ScalerOsdHardwareVLC(_tFONT1_SMALL_LOGO, VLC_TABLE_SIZE(_tFONT1_SMALL_LOGO), GET_CURRENT_BANK_NUMBER
             -(),_OSD_1BIT_SMALL_LOGO_START,g_usFontTableStart,GET_OSD_ROTATE_STATUS());
                                                      #else
                                                              ScalerOsdHardwareVLC(_tFONT1_SMALL_LOGO, VLC_TABLE_SIZE(_tFONT1_SMALL_LOGO), GET_CURRENT_BANK_NUMBER
             -(),_OSD_1BIT_SMALL_LOGO_START,g_usFontTableStart,_OSD_ROTATE_DEGREE_0);
                                                      #endif
                                                      break;
                              #endif
 945   2                      
 946   2                      #if(_SMALL_LOGO_TYPE >= 0xEF00)
                                              case _FONT1_SMALL_LOGO_2BIT:
                                                      #if((_OSD_ROTATE_FUNCTION == _OSD_ROTATE_SOFTWARE) || (_OSD_ROTATE_FUNCTION == _OSD_ROTATE_HARDWARE))
                                                              ScalerOsdHardwareVLC(_tFONT1_SMALL_LOGO_2BIT, VLC_TABLE_SIZE(_tFONT1_SMALL_LOGO_2BIT), GET_CURRENT_B
             -ANK_NUMBER(),_2BIT_SMALL_LOGO_START,g_usFontTableStart,GET_OSD_ROTATE_STATUS());
                                                      #else
                                                              ScalerOsdHardwareVLC(_tFONT1_SMALL_LOGO_2BIT, VLC_TABLE_SIZE(_tFONT1_SMALL_LOGO_2BIT), GET_CURRENT_B
             -ANK_NUMBER(),_2BIT_SMALL_LOGO_START,g_usFontTableStart,_OSD_ROTATE_DEGREE_0);
                                                      #endif
                                                      break;
                              #endif
 955   2      
C51 COMPILER V8.12   RTD2014OSDFONTVLC                                                     09/16/2026 20:29:08 PAGE 17  

 956   2              default:
 957   2                  break;
 958   2          }
 959   1      }
 960          
 961          #endif//#if(_OSD_TYPE == _REALTEK_2014_OSD)


MODULE INFORMATION:   STATIC OVERLAYABLE
   CODE SIZE        =    116    ----
   CONSTANT SIZE    =   7038    ----
   XDATA SIZE       =   ----    ----
   PDATA SIZE       =   ----    ----
   DATA SIZE        =   ----    ----
   IDATA SIZE       =   ----    ----
   BIT SIZE         =   ----    ----
END OF MODULE INFORMATION.


C51 COMPILATION COMPLETE.  0 WARNING(S),  0 ERROR(S)
