C51 COMPILER V8.12   RTD2014USERADJUST3DGAMMA                                              09/16/2026 20:28:58 PAGE 1   


C51 COMPILER V8.12, COMPILATION OF MODULE RTD2014USERADJUST3DGAMMA
OBJECT MODULE PLACED IN .\Output\RL6432_Project\RTD2014UserAdjust3DGamma.obj
COMPILER INVOKED BY: c:\Keil\C51\BIN\C51.EXE User\RTD Series\RTD2014Function\Code\RTD2014UserAdjust3DGamma.c LARGE OPTIM
                    -IZE(9,SPEED) INCDIR(.\Output\RL6432;.\Project\Header;.\Pcb;.\Panel;.\Kernel\Device\Header;.\Kernel\Common;.\Kernel\Syste
                    -m\Header;.\Kernel\Scaler\ScalerFunction\Header;.\Kernel\Scaler\ScalerCommonFunction\Header;.\Kernel\Scaler\ScalerFunctio
                    -n\Lib\Header;.\Kernel\Scaler\ScalerCommonFunction\Lib\Header;.\Kernel\Scaler\RL6432_Series_Scaler\Header;.\Kernel\Scaler
                    -\RL6432_Series_Common\Header;.\Kernel\Scaler\RL6432_Series_Scaler\Lib\Header;.\Kernel\Scaler\RL6432_Series_Common\Lib\He
                    -ader;.\Kernel\User Common Function\Header;.\User\RTD Series\RTD2014Function\Header;.\User\RTD Series\RTD2014Osd\Header;.
                    -\User\RTD Factory\Header;.\User\None Series\NoneFunction\Header;.\User\None Series\NoneOsd\Header;.\User\None Factory\He
                    -ader) DEFINE(_PROJECT=_RL6432_PROJECT,_SCALER_TYPE=_RL6432_SERIES) DEBUG OBJECTEXTEND PRINT(.\Output\RL6432_Project\RTD2
                    -014UserAdjust3DGamma.lst) OBJECT(.\Output\RL6432_Project\RTD2014UserAdjust3DGamma.obj)

line level    source

   1          /********************************************************************************/
   2          /*   Copyright (c) 2021 Realtek Semiconductor Corp. All rights reserved.        */
   3          /*                                                                              */
   4          /*   SPDX-License-Identifier: LicenseRef-Realtek-Proprietary                    */
   5          /*                                                                              */
   6          /*   This software component is confidential and proprietary to Realtek         */
   7          /*   Semiconductor Corp. Disclosure, reproduction, redistribution, in whole     */
   8          /*   or in part, of this work and its derivatives without express permission    */
   9          /*   is prohibited.                                                             */
  10          /********************************************************************************/
  11          
  12          //----------------------------------------------------------------------------------------------------
  13          // ID Code      : RTD2014UserAdjust3DGamma.c No.0000
  14          // Update Note  :
  15          //----------------------------------------------------------------------------------------------------
  16          
  17          #define __USER_ADJUST_3D_GAMMA__
  18          
  19          #include "UserCommonInclude.h"
  20          
  21          #if((_OSD_TYPE == _REALTEK_2014_OSD) && (_RGB_3D_GAMMA == _ON))
              
              //****************************************************************************
              // DEFINITIONS / MACROS
              //****************************************************************************
              
              
              //****************************************************************************
              // STRUCT / TYPE / ENUM DEFINITTIONS
              //****************************************************************************
              
              
              //****************************************************************************
              // CODE TABLES
              //****************************************************************************
              
              
              //****************************************************************************
              // VARIABLE DECLARATIONS
              //****************************************************************************
              
              
              //****************************************************************************
              // FUNCTION DECLARATIONS
              //****************************************************************************
              void UserAdjust3DGamma(BYTE uc3DGammaMode);
              
C51 COMPILER V8.12   RTD2014USERADJUST3DGAMMA                                              09/16/2026 20:28:58 PAGE 2   

              
              //****************************************************************************
              // FUNCTION DEFINITIONS
              //****************************************************************************
              //--------------------------------------------------
              // Description  : Adjust 3D Gamma
              // Input Value  : 3D Gamma type
              // Output Value : None
              //--------------------------------------------------
              void UserAdjust3DGamma(BYTE uc3DGammaMode)
              {
              //    if(uc3DGammaMode != _3D_GAMMA_OFF)
                  {
                      ScalerColorRGB3DGammaAdjust(tRGB3DGAMMA_TABLE[uc3DGammaMode], GET_CURRENT_BANK_NUMBER());
                  }
              }
              #endif // End of #if((_OSD_TYPE == _REALTEK_2014_OSD) && (_RGB_3D_GAMMA == _ON))
  65          
  66          


MODULE INFORMATION:   STATIC OVERLAYABLE
   CODE SIZE        =   ----    ----
   CONSTANT SIZE    =   ----    ----
   XDATA SIZE       =   ----    ----
   PDATA SIZE       =   ----    ----
   DATA SIZE        =   ----    ----
   IDATA SIZE       =   ----    ----
   BIT SIZE         =   ----    ----
END OF MODULE INFORMATION.


C51 COMPILATION COMPLETE.  0 WARNING(S),  0 ERROR(S)
