C51 COMPILER V8.12   SCALERCOMMONFWUPDATEBACKGROUND                                        09/16/2026 20:28:09 PAGE 1   


C51 COMPILER V8.12, COMPILATION OF MODULE SCALERCOMMONFWUPDATEBACKGROUND
OBJECT MODULE PLACED IN .\Output\RL6432_Project\ScalerCommonFwUpdateBackground.obj
COMPILER INVOKED BY: c:\Keil\C51\BIN\C51.EXE Kernel\Scaler\ScalerCommonFunction\Code\ScalerCommonFwUpdateBackground.c LA
                    -RGE OPTIMIZE(9,SPEED) INCDIR(.\Output\RL6432;.\Project\Header;.\Pcb;.\Panel;.\Kernel\Device\Header;.\Kernel\Common;.\Ker
                    -nel\System\Header;.\Kernel\Scaler\ScalerFunction\Header;.\Kernel\Scaler\ScalerCommonFunction\Header;.\Kernel\Scaler\Scal
                    -erFunction\Lib\Header;.\Kernel\Scaler\ScalerCommonFunction\Lib\Header;.\Kernel\Scaler\RL6432_Series_Scaler\Header;.\Kern
                    -el\Scaler\RL6432_Series_Common\Header;.\Kernel\Scaler\RL6432_Series_Scaler\Lib\Header;.\Kernel\Scaler\RL6432_Series_Comm
                    -on\Lib\Header;.\Kernel\User Common Function\Header;.\User\RTD Series\RTD2014Function\Header;.\User\RTD Series\RTD2014Osd
                    -\Header;.\User\RTD Factory\Header;.\User\None Series\NoneFunction\Header;.\User\None Series\NoneOsd\Header;.\User\None F
                    -actory\Header) DEFINE(_PROJECT=_RL6432_PROJECT,_SCALER_TYPE=_RL6432_SERIES) DEBUG OBJECTEXTEND PRINT(.\Output\RL6432_Pro
                    -ject\ScalerCommonFwUpdateBackground.lst) OBJECT(.\Output\RL6432_Project\ScalerCommonFwUpdateBackground.obj)

line level    source

   1          /********************************************************************************/
   2          /*   Copyright (c) 2021 Realtek Semiconductor Corp. All rights reserved.        */
   3          /*                                                                              */
   4          /*   SPDX-License-Identifier: LicenseRef-Realtek-Proprietary                    */
   5          /*                                                                              */
   6          /*   This software component is confidential and proprietary to Realtek         */
   7          /*   Semiconductor Corp. Disclosure, reproduction, redistribution, in whole     */
   8          /*   or in part, of this work and its derivatives without express permission    */
   9          /*   is prohibited.                                                             */
  10          /********************************************************************************/
  11          
  12          //----------------------------------------------------------------------------------------------------
  13          // ID Code      : ScalerCommonFwUpdateBackground.c No.0000
  14          // Update Note  :
  15          //----------------------------------------------------------------------------------------------------
  16          
  17          #define __SCALER_COMMON_BACKGROUND_FW_UPDATE__
  18          
  19          #include "ScalerCommonFunctionInclude.h"
  20          
  21          #if(_FW_UPDATE_BACKGROUND_SUPPORT == _ON)
              
              //****************************************************************************
              // DEFINITIONS / MACROS
              //****************************************************************************
              
              
              //****************************************************************************
              // STRUCT / TYPE / ENUM DEFINITTIONS
              //****************************************************************************
              
              
              //****************************************************************************
              // CODE TABLES
              //****************************************************************************
              
              
              //****************************************************************************
              // VARIABLE DECLARATIONS
              //****************************************************************************
              StructSysBusyStatusInfo g_stFwUpdateBackgroundSysStatusInfo =
              {
              #if(_DP_TX_SUPPORT == _ON)
                  _STATUS_IDLE,
              #endif
              #if(_DP_SUPPORT == _ON)
                  _STATUS_IDLE,
C51 COMPILER V8.12   SCALERCOMMONFWUPDATEBACKGROUND                                        09/16/2026 20:28:09 PAGE 2   

              #endif
              #if(_DP_TYPE_C_PORT_CTRL_SUPPORT == _ON)
                  _STATUS_IDLE,
              #endif
              #if(_DIGITAL_PORT_SUPPORT == _ON)
                  _STATUS_IDLE,
              #endif
                  _STATUS_IDLE
              };
              
              //****************************************************************************
              // FUNCTION DECLARATIONS
              //****************************************************************************
              EnumBusyStatusInfo ScalerFwUpdateBackgroundGetSystemStatus(void);
              void ScalerFwUpdateBackgroundSetBusyStatus(EnumBackgroundFwUpdateAffectedIp enumIp, EnumBusyStatusInfo enu
             -mStatus, WORD usTime);
              
              //****************************************************************************
              // FUNCTION DEFINITIONS
              //****************************************************************************
              //--------------------------------------------------
              // Description  : Get Systerm Busy Status
              // Input Value  : None
              // Output Value : Busy Status
              //--------------------------------------------------
              EnumBusyStatusInfo ScalerFwUpdateBackgroundGetSystemStatus(void)
              {
              #if(_DP_TX_SUPPORT == _ON)
                  if(g_stFwUpdateBackgroundSysStatusInfo.b1DpTxBusyStatus == _STATUS_BUSY)
                  {
                      return _STATUS_BUSY;
                  }
              #endif
              
              #if(_DP_SUPPORT == _ON)
                  if(g_stFwUpdateBackgroundSysStatusInfo.b1DpRxBusyStatus == _STATUS_BUSY)
                  {
                      return _STATUS_BUSY;
                  }
              #endif
              
              #if(_DP_TYPE_C_PORT_CTRL_SUPPORT == _ON)
                  if(g_stFwUpdateBackgroundSysStatusInfo.b1TypeCBusyStatus == _STATUS_BUSY)
                  {
                      return _STATUS_BUSY;
                  }
              #endif
              
              #if(_DIGITAL_PORT_SUPPORT == _ON)
                  if(g_stFwUpdateBackgroundSysStatusInfo.b1MCCSBusyStatus == _STATUS_BUSY)
                  {
                      return _STATUS_BUSY;
                  }
              #endif
              
                  if(g_stFwUpdateBackgroundSysStatusInfo.b1HdcpBusyStatus == _STATUS_BUSY)
                  {
                      return _STATUS_BUSY;
                  }
                  return _STATUS_IDLE;
              }
              
C51 COMPILER V8.12   SCALERCOMMONFWUPDATEBACKGROUND                                        09/16/2026 20:28:09 PAGE 3   

              //--------------------------------------------------
              // Description  : For affective Ip to Set Busy Status
              // Input Value  : enumIp, enumStatus, ultimeout
              // Output Value : None
              //--------------------------------------------------
              void ScalerFwUpdateBackgroundSetBusyStatus(EnumBackgroundFwUpdateAffectedIp enumIp, EnumBusyStatusInfo enu
             -mStatus, WORD usTime)
              {
                  switch(enumIp)
                  {
              #if(_DP_TX_SUPPORT == _ON)
                      case _AFFECTED_IP_DPTX:
                          g_stFwUpdateBackgroundSysStatusInfo.b1DpTxBusyStatus = enumStatus;
                          if(enumStatus == _STATUS_BUSY)
                          {
                              ScalerTimerReactiveTimerEvent(usTime, _SCALER_TIMER_EVENT_BACKGROUND_FW_UPDATE_DPTX_BUSY);
                          }
                          else
                          {
                              ScalerTimerCancelTimerEvent(_SCALER_TIMER_EVENT_BACKGROUND_FW_UPDATE_DPTX_BUSY);
                          }
                          break;
              #endif
              #if(_DP_SUPPORT == _ON)
                      case _AFFECTED_IP_DPRX:
                          g_stFwUpdateBackgroundSysStatusInfo.b1DpRxBusyStatus = enumStatus;
                          if(enumStatus == _STATUS_BUSY)
                          {
                              ScalerTimerReactiveTimerEvent(usTime, _SCALER_TIMER_EVENT_BACKGROUND_FW_UPDATE_DPRX_BUSY);
                          }
                          else
                          {
                              ScalerTimerCancelTimerEvent(_SCALER_TIMER_EVENT_BACKGROUND_FW_UPDATE_DPRX_BUSY);
                          }
                          break;
              #endif
              
              #if(_DP_TYPE_C_PORT_CTRL_SUPPORT == _ON)
                      case _AFFECTED_IP_TYPEC:
                          g_stFwUpdateBackgroundSysStatusInfo.b1TypeCBusyStatus = enumStatus;
                          if(enumStatus == _STATUS_BUSY)
                          {
                              ScalerTimerReactiveTimerEvent(usTime, _SCALER_TIMER_EVENT_BACKGROUND_FW_UPDATE_TYPEC_BUSY)
             -;
                          }
                          else
                          {
                              ScalerTimerCancelTimerEvent(_SCALER_TIMER_EVENT_BACKGROUND_FW_UPDATE_TYPEC_BUSY);
                          }
                          break;
              #endif
              #if(_DIGITAL_PORT_SUPPORT == _ON)
                      case _AFFECTED_IP_MCCS:
                          g_stFwUpdateBackgroundSysStatusInfo.b1MCCSBusyStatus = enumStatus;
                          if(enumStatus == _STATUS_BUSY)
                          {
                              ScalerTimerReactiveTimerEvent(usTime, _SCALER_TIMER_EVENT_BACKGROUND_FW_UPDATE_MCCS_BUSY);
                          }
                          else
                          {
                              ScalerTimerCancelTimerEvent(_SCALER_TIMER_EVENT_BACKGROUND_FW_UPDATE_MCCS_BUSY);
                          }
C51 COMPILER V8.12   SCALERCOMMONFWUPDATEBACKGROUND                                        09/16/2026 20:28:09 PAGE 4   

                          break;
              #endif
                      case _AFFECTED_IP_HDCP:
                          g_stFwUpdateBackgroundSysStatusInfo.b1HdcpBusyStatus = enumStatus;
                          if(enumStatus == _STATUS_BUSY)
                          {
                              ScalerTimerReactiveTimerEvent(usTime, _SCALER_TIMER_EVENT_BACKGROUND_FW_UPDATE_HDCP_BUSY);
                          }
                          else
                          {
                              ScalerTimerCancelTimerEvent(_SCALER_TIMER_EVENT_BACKGROUND_FW_UPDATE_HDCP_BUSY);
                          }
                          break;
                      default:
                          break;
                  }
              }
              
              #endif


MODULE INFORMATION:   STATIC OVERLAYABLE
   CODE SIZE        =   ----    ----
   CONSTANT SIZE    =   ----    ----
   XDATA SIZE       =   ----    ----
   PDATA SIZE       =   ----    ----
   DATA SIZE        =   ----    ----
   IDATA SIZE       =   ----    ----
   BIT SIZE         =   ----    ----
END OF MODULE INFORMATION.


C51 COMPILATION COMPLETE.  0 WARNING(S),  0 ERROR(S)
