C51 COMPILER V8.12   SCALERDPRX0                                                           09/16/2026 20:27:11 PAGE 1   


C51 COMPILER V8.12, COMPILATION OF MODULE SCALERDPRX0
OBJECT MODULE PLACED IN .\Output\RL6432_Project\ScalerDPRx0.obj
COMPILER INVOKED BY: c:\Keil\C51\BIN\C51.EXE Kernel\Scaler\ScalerFunction\Code\ScalerDPRx0.c LARGE OPTIMIZE(9,SPEED) INC
                    -DIR(.\Output\RL6432;.\Project\Header;.\Pcb;.\Panel;.\Kernel\Device\Header;.\Kernel\Common;.\Kernel\System\Header;.\Kerne
                    -l\Scaler\ScalerFunction\Header;.\Kernel\Scaler\ScalerCommonFunction\Header;.\Kernel\Scaler\ScalerFunction\Lib\Header;.\K
                    -ernel\Scaler\ScalerCommonFunction\Lib\Header;.\Kernel\Scaler\RL6432_Series_Scaler\Header;.\Kernel\Scaler\RL6432_Series_C
                    -ommon\Header;.\Kernel\Scaler\RL6432_Series_Scaler\Lib\Header;.\Kernel\Scaler\RL6432_Series_Common\Lib\Header;.\Kernel\Us
                    -er Common Function\Header;.\User\RTD Series\RTD2014Function\Header;.\User\RTD Series\RTD2014Osd\Header;.\User\RTD Factor
                    -y\Header;.\User\None Series\NoneFunction\Header;.\User\None Series\NoneOsd\Header;.\User\None Factory\Header) DEFINE(_PR
                    -OJECT=_RL6432_PROJECT,_SCALER_TYPE=_RL6432_SERIES) DEBUG OBJECTEXTEND PRINT(.\Output\RL6432_Project\ScalerDPRx0.lst) OBJ
                    -ECT(.\Output\RL6432_Project\ScalerDPRx0.obj)

line level    source

   1          /********************************************************************************/
   2          /*   Copyright (c) 2021 Realtek Semiconductor Corp. All rights reserved.        */
   3          /*                                                                              */
   4          /*   SPDX-License-Identifier: LicenseRef-Realtek-Proprietary                    */
   5          /*                                                                              */
   6          /*   This software component is confidential and proprietary to Realtek         */
   7          /*   Semiconductor Corp. Disclosure, reproduction, redistribution, in whole     */
   8          /*   or in part, of this work and its derivatives without express permission    */
   9          /*   is prohibited.                                                             */
  10          /********************************************************************************/
  11          
  12          //----------------------------------------------------------------------------------------------------
  13          // ID Code      : ScalerDPRx0.c No.0000
  14          // Update Note  :
  15          //----------------------------------------------------------------------------------------------------
  16          
  17          #include "ScalerFunctionInclude.h"
  18          
  19          //****************************************************************************
  20          // DEFINITIONS / MACROS
  21          //****************************************************************************
  22          
  23          //****************************************************************************
  24          // STRUCT / TYPE / ENUM DEFINITTIONS
  25          //****************************************************************************
  26          
  27          //****************************************************************************
  28          // CODE TABLES
  29          //****************************************************************************
  30          
  31          //****************************************************************************
  32          // VARIABLE DECLARATIONS
  33          //****************************************************************************
  34          #if(_D0_DP_EXIST == _ON)
  35          bit g_bDpRx0Tp1Initial = _FALSE;
  36          BYTE g_ucDpRx0LTPatternSet;
  37          BYTE g_ucDpRx0Tp1PermitSwingLevel0;
  38          
  39          #if(_DP_LT_TP2_RETRY_FOR_S2P1_S3P0 == _ON)
              BYTE g_pucDpRx0MaxSwing[4];
              #endif
  42          
  43          //****************************************************************************
  44          // FUNCTION DECLARATIONS
  45          //****************************************************************************
  46          void ScalerDpRx0AuxWaitRcv_EXINT0(void);
  47          void ScalerDpRx0ErrorCounterUpdate_EXINT0(void);
C51 COMPILER V8.12   SCALERDPRX0                                                           09/16/2026 20:27:11 PAGE 2   

  48          void ScalerDpRx0ErrorCounterDisable_EXINT0(void);
  49          void ScalerDpRx0ErrorCounterEnable_EXINT0(EnumDpLinkTrainingType enumDpLtType);
  50          void ScalerDpRx0AVMute(void);
  51          void ScalerDpRx0ScrambleSetting(void);
  52          
  53          #if((_DP_ILLEGAL_IDLE_PATTERN_CHECK_SUPPORT == _ON) && (_HW_DP_LANE_VALID_CHECK_SUPPORT == _ON))
              bit ScalerDpRx0LaneValidCheck(void);
              #endif
  56          
  57          void ScalerDpRx0CheckHdcpCpirqStatus(void);
  58          void ScalerDpRx0CrcCalculate(void);
  59          
  60          #if(_DP_DYNAMIC_ADJUST_LINK_RATE_SUPPORT == _ON)
              void ScalerDpRx0CalculateLinkRate(EnumDpLaneCount enumDpLaneCount);
              #endif
  63          
  64          #if(_HW_HS_TRACKING_GEN_TYPE == _HS_TRACKING_GEN_2)
  65          void ScalerDpRx0HSActiveTrackingMode(EnumDpHSTrackingType enumHSTrackingType);
  66          #endif
  67          BYTE ScalerDpRx0GetDpcdBitInfo(BYTE ucDpcdAccessPortH, BYTE ucDpcdAccessPortM, BYTE ucDpcdAccessPortL, BYT
             -E ucDpcdBit);
  68          BYTE ScalerDpRx0GetDpcdInfo(BYTE ucDpcdAccessPortH, BYTE ucDpcdAccessPortM, BYTE ucDpcdAccessPortL);
  69          bit ScalerDpRx0GetVideoStream(void);
  70          bit ScalerDpRx0MSAActiveChange(void);
  71          void ScalerDpRx0SecDataBlockReset(void);
  72          void ScalerDpRx0SetDpcdBitValue(BYTE ucDpcdAccessPortH, BYTE ucDpcdAccessPortM, BYTE ucDpcdAccessPortL, BY
             -TE ucNotDpcdBit, BYTE ucDpcdBit);
  73          void ScalerDpRx0SetDpcdValue(BYTE ucDpcdAccessPortH, BYTE ucDpcdAccessPortM, BYTE ucDpcdAccessPortL, BYTE 
             -ucDpcdValue);
  74          void ScalerDpRx0SetDpcdWrite1ClearValue(BYTE ucDpcdAccessPortH, BYTE ucDpcdAccessPortM, BYTE ucDpcdAccessP
             -ortL, BYTE ucDpcdValue);
  75          void ScalerDpRx0DpcdGroupReset(BYTE ucDpcdAccessPortH, BYTE ucDpcdAccessPortM, BYTE ucDpcdAccessPortL, WOR
             -D usLen);
  76          void ScalerDpRx0DpcdLinkConfigReset(void);
  77          void ScalerDpRx0DpcdSourceOUIReset(void);
  78          void ScalerDpRx0SetSinkDeviceSpecificField(EnumDpVersionType enumDpVersion);
  79          
  80          void ScalerDpRx0SinkStatusSet(EnumDpSinkReceivePort enumReceiverPort, EnumDpSinkStatus enumInSync);
  81          void ScalerDpRx0ChangeHdcpDpcdCapability(bit bEn);
  82          
  83          #if(_DP_RX0_ASSR_MODE_SUPPORT == _ON)
              void ScalerDpRx0ASSRModeSetting(void);
              #endif
  86          
  87          #if(_DP_FREESYNC_SUPPORT == _ON)
  88          bit ScalerDpRx0GetFREESYNCStatusChange(void);
  89          WORD ScalerDpRx0SetFREESYNCMsaForLut(WORD usDpHtotal);
  90          #if(_FW_DP_RX_H_PORCH_ENLARGE_SUPPORT == _ON)
  91          WORD ScalerDpRx0FreesyncHPorchEnlarge(WORD usDpHtotal);
  92          #endif
  93          #endif
  94          
  95          #if(_DP_HDCP14_REPEATER_BIT_DISABLE_FOR_TX_CLONE_OFF == _ON)
              bit g_bDpRx0HdcpRepeaterBit;
              #endif
  98          #endif
  99          
 100          //****************************************************************************
 101          // FUNCTION DEFINITIONS
 102          //****************************************************************************
 103          #if(_D0_DP_EXIST == _ON)
 104          //-------------------------------------------------------
C51 COMPILER V8.12   SCALERDPRX0                                                           09/16/2026 20:27:11 PAGE 3   

 105          // Description  : Wait for Aux Mac State switch to RCV_STANBY
 106          // Input Value  : None
 107          // Output Value : None
 108          //-------------------------------------------------------
 109          void ScalerDpRx0AuxWaitRcv_EXINT0(void) using 1
 110          {
 111   1          BYTE ucCntTemp = 0;
 112   1      
 113   1          for(ucCntTemp; ucCntTemp < 60; ucCntTemp++)
 114   1          {
 115   2              DELAY_5US_EXINT();
 116   2              if(ScalerGetBit_EXINT(PB7_C7_TP1_OCCR, (_BIT2 | _BIT1 | _BIT0)) == _BIT0)
 117   2              {
 118   3                  break;
 119   3              }
 120   2          }
 121   1      }
 122          
 123          //--------------------------------------------------
 124          // Description  : DP Error Counter Update
 125          // Input Value  : None
 126          // Output Value : None
 127          //--------------------------------------------------
 128          void ScalerDpRx0ErrorCounterUpdate_EXINT0(void) using 1
 129          {
 130   1          WORD usErrorTemp = 0;
 131   1      
 132   1          switch(g_ucDpRx0LaneCount)
 133   1          {
 134   2              case _DP_ONE_LANE:
 135   2      
 136   2                  // Store Lane0 Error
 137   2                  ScalerSetBit_EXINT(PB_08_BIST_PATTERN_SEL, ~(_BIT4 | _BIT3), (_D0_DP_LANE0 << 3));
 138   2      
 139   2                  usErrorTemp = (((WORD)ScalerGetByte_EXINT(PB_0B_BIST_PATTERN3) << 8) | (ScalerGetByte_EXINT(PB
             -_0C_BIST_PATTERN4)));
 140   2      
 141   2                  if((usErrorTemp >= 49) && (usErrorTemp <= 100))
 142   2                  {
 143   3                      usErrorTemp = 50;
 144   3                  }
 145   2      
 146   2                  ScalerDpRx0SetDpcdValue_EXINT0(0x00, 0x02, 0x10, LOBYTE(usErrorTemp));
 147   2                  ScalerDpRx0SetDpcdBitValue_EXINT0(0x00, 0x02, 0x11, ~(_BIT6 | _BIT5 | _BIT4 | _BIT3 | _BIT2 | 
             -_BIT1 | _BIT0), HIBYTE(usErrorTemp));
 148   2      
 149   2                  break;
 150   2      
 151   2              case _DP_TWO_LANE:
 152   2      
 153   2                  // Store Lane0 Error
 154   2                  ScalerSetBit_EXINT(PB_08_BIST_PATTERN_SEL, ~(_BIT4 | _BIT3), (_D0_DP_LANE0 << 3));
 155   2      
 156   2                  usErrorTemp = (((WORD)ScalerGetByte_EXINT(PB_0B_BIST_PATTERN3) << 8) | (ScalerGetByte_EXINT(PB
             -_0C_BIST_PATTERN4)));
 157   2      
 158   2                  if((usErrorTemp >= 49) && (usErrorTemp <= 100))
 159   2                  {
 160   3                      usErrorTemp = 50;
 161   3                  }
 162   2      
 163   2                  ScalerDpRx0SetDpcdValue_EXINT0(0x00, 0x02, 0x10, LOBYTE(usErrorTemp));
C51 COMPILER V8.12   SCALERDPRX0                                                           09/16/2026 20:27:11 PAGE 4   

 164   2                  ScalerDpRx0SetDpcdBitValue_EXINT0(0x00, 0x02, 0x11, ~(_BIT6 | _BIT5 | _BIT4 | _BIT3 | _BIT2 | 
             -_BIT1 | _BIT0), HIBYTE(usErrorTemp));
 165   2      
 166   2                  // Store Lane1 Error
 167   2                  ScalerSetBit_EXINT(PB_08_BIST_PATTERN_SEL, ~(_BIT4 | _BIT3), (_D0_DP_LANE1 << 3));
 168   2      
 169   2                  usErrorTemp = (((WORD)ScalerGetByte_EXINT(PB_0B_BIST_PATTERN3) << 8) | (ScalerGetByte_EXINT(PB
             -_0C_BIST_PATTERN4)));
 170   2      
 171   2                  if((usErrorTemp >= 49) && (usErrorTemp <= 100))
 172   2                  {
 173   3                      usErrorTemp = 50;
 174   3                  }
 175   2      
 176   2                  ScalerDpRx0SetDpcdValue_EXINT0(0x00, 0x02, 0x12, LOBYTE(usErrorTemp));
 177   2                  ScalerDpRx0SetDpcdBitValue_EXINT0(0x00, 0x02, 0x13, ~(_BIT6 | _BIT5 | _BIT4 | _BIT3 | _BIT2 | 
             -_BIT1 | _BIT0), HIBYTE(usErrorTemp));
 178   2      
 179   2                  break;
 180   2      
 181   2              default:
 182   2              case _DP_FOUR_LANE:
 183   2      
 184   2                  // Store Lane0 Error
 185   2                  ScalerSetBit_EXINT(PB_08_BIST_PATTERN_SEL, ~(_BIT4 | _BIT3), (_D0_DP_LANE0 << 3));
 186   2      
 187   2                  usErrorTemp = (((WORD)ScalerGetByte_EXINT(PB_0B_BIST_PATTERN3) << 8) | (ScalerGetByte_EXINT(PB
             -_0C_BIST_PATTERN4)));
 188   2      
 189   2                  if((usErrorTemp >= 49) && (usErrorTemp <= 100))
 190   2                  {
 191   3                      usErrorTemp = 50;
 192   3                  }
 193   2      
 194   2                  ScalerDpRx0SetDpcdValue_EXINT0(0x00, 0x02, 0x10, LOBYTE(usErrorTemp));
 195   2                  ScalerDpRx0SetDpcdBitValue_EXINT0(0x00, 0x02, 0x11, ~(_BIT6 | _BIT5 | _BIT4 | _BIT3 | _BIT2 | 
             -_BIT1 | _BIT0), HIBYTE(usErrorTemp));
 196   2      
 197   2                  // Store Lane1 Error
 198   2                  ScalerSetBit_EXINT(PB_08_BIST_PATTERN_SEL, ~(_BIT4 | _BIT3), (_D0_DP_LANE1 << 3));
 199   2      
 200   2                  usErrorTemp = (((WORD)ScalerGetByte_EXINT(PB_0B_BIST_PATTERN3) << 8) | (ScalerGetByte_EXINT(PB
             -_0C_BIST_PATTERN4)));
 201   2      
 202   2                  if((usErrorTemp >= 49) && (usErrorTemp <= 100))
 203   2                  {
 204   3                      usErrorTemp = 50;
 205   3                  }
 206   2      
 207   2                  ScalerDpRx0SetDpcdValue_EXINT0(0x00, 0x02, 0x12, LOBYTE(usErrorTemp));
 208   2                  ScalerDpRx0SetDpcdBitValue_EXINT0(0x00, 0x02, 0x13, ~(_BIT6 | _BIT5 | _BIT4 | _BIT3 | _BIT2 | 
             -_BIT1 | _BIT0), HIBYTE(usErrorTemp));
 209   2      
 210   2                  // Store Lane2 Error
 211   2                  ScalerSetBit_EXINT(PB_08_BIST_PATTERN_SEL, ~(_BIT4 | _BIT3), (_D0_DP_LANE2 << 3));
 212   2      
 213   2                  usErrorTemp = (((WORD)ScalerGetByte_EXINT(PB_0B_BIST_PATTERN3) << 8) | (ScalerGetByte_EXINT(PB
             -_0C_BIST_PATTERN4)));
 214   2      
 215   2                  if((usErrorTemp >= 49) && (usErrorTemp <= 100))
 216   2                  {
 217   3                      usErrorTemp = 50;
C51 COMPILER V8.12   SCALERDPRX0                                                           09/16/2026 20:27:11 PAGE 5   

 218   3                  }
 219   2      
 220   2                  ScalerDpRx0SetDpcdValue_EXINT0(0x00, 0x02, 0x14, LOBYTE(usErrorTemp));
 221   2                  ScalerDpRx0SetDpcdBitValue_EXINT0(0x00, 0x02, 0x15, ~(_BIT6 | _BIT5 | _BIT4 | _BIT3 | _BIT2 | 
             -_BIT1 | _BIT0), HIBYTE(usErrorTemp));
 222   2      
 223   2                  // Store Lane3 Error
 224   2                  ScalerSetBit_EXINT(PB_08_BIST_PATTERN_SEL, ~(_BIT4 | _BIT3), (_D0_DP_LANE3 << 3));
 225   2      
 226   2                  usErrorTemp = (((WORD)ScalerGetByte_EXINT(PB_0B_BIST_PATTERN3) << 8) | (ScalerGetByte_EXINT(PB
             -_0C_BIST_PATTERN4)));
 227   2      
 228   2                  if((usErrorTemp >= 49) && (usErrorTemp <= 100))
 229   2                  {
 230   3                      usErrorTemp = 50;
 231   3                  }
 232   2      
 233   2                  ScalerDpRx0SetDpcdValue_EXINT0(0x00, 0x02, 0x16, LOBYTE(usErrorTemp));
 234   2                  ScalerDpRx0SetDpcdBitValue_EXINT0(0x00, 0x02, 0x17, ~(_BIT6 | _BIT5 | _BIT4 | _BIT3 | _BIT2 | 
             -_BIT1 | _BIT0), HIBYTE(usErrorTemp));
 235   2      
 236   2                  break;
 237   2          }
 238   1      
 239   1          // Reset 8B/10B Error Counter
 240   1          ScalerSetBit_EXINT(PB_08_BIST_PATTERN_SEL, ~(_BIT2 | _BIT1 | _BIT0), 0x00);
 241   1          ScalerSetBit_EXINT(PB_08_BIST_PATTERN_SEL, ~(_BIT2 | _BIT1 | _BIT0), _BIT1);
 242   1      }
 243          
 244          //--------------------------------------------------
 245          // Description  : DP Error Counter Disable
 246          // Input Value  : None
 247          // Output Value : None
 248          //--------------------------------------------------
 249          void ScalerDpRx0ErrorCounterDisable_EXINT0(void) using 1
 250          {
 251   1          BYTE ucAutoIncBackUp = ScalerGetByte_EXINT(PB7_C0_DPCD_CTRL);
 252   1      
 253   1          // Disable Wildcard IRQ for Error Counter
 254   1          ScalerSetBit_EXINT(PB7_FB_DUMMY_1, ~(_BIT7 | _BIT5 | _BIT3 | _BIT1 | _BIT0), 0x00);
 255   1      
 256   1          // Disable 8B/10B Error Counter
 257   1          ScalerSetBit_EXINT(PB_08_BIST_PATTERN_SEL, ~(_BIT2 | _BIT1 | _BIT0), 0x00);
 258   1      
 259   1          if((ucAutoIncBackUp & _BIT0) == 0x00)
 260   1          {
 261   2              // Enable Dpcd Auto Inc
 262   2              ScalerSetBit_EXINT(PB7_C0_DPCD_CTRL, ~_BIT0, _BIT0);
 263   2          }
 264   1      
 265   1          // Set DPCD 0x21xh
 266   1          ScalerSetByte_EXINT(PB7_C1_DPCD_ADDR_PORT_H, 0x00);
 267   1          ScalerSetByte_EXINT(PB7_C2_DPCD_ADDR_PORT_M, 0x02);
 268   1          ScalerSetByte_EXINT(PB7_C3_DPCD_ADDR_PORT_L, 0x10);
 269   1      
 270   1          // Set DPCD 0x210-0x217 = 0x00
 271   1          ScalerSetByte_EXINT(PB7_C4_DPCD_DATA_PORT, 0x00);
 272   1          ScalerSetByte_EXINT(PB7_C4_DPCD_DATA_PORT, 0x00);
 273   1          ScalerSetByte_EXINT(PB7_C4_DPCD_DATA_PORT, 0x00);
 274   1          ScalerSetByte_EXINT(PB7_C4_DPCD_DATA_PORT, 0x00);
 275   1          ScalerSetByte_EXINT(PB7_C4_DPCD_DATA_PORT, 0x00);
 276   1          ScalerSetByte_EXINT(PB7_C4_DPCD_DATA_PORT, 0x00);
C51 COMPILER V8.12   SCALERDPRX0                                                           09/16/2026 20:27:11 PAGE 6   

 277   1          ScalerSetByte_EXINT(PB7_C4_DPCD_DATA_PORT, 0x00);
 278   1          ScalerSetByte_EXINT(PB7_C4_DPCD_DATA_PORT, 0x00);
 279   1      
 280   1          if((ucAutoIncBackUp & _BIT0) == 0x00)
 281   1          {
 282   2              // Disable Dpcd Auto Inc
 283   2              ScalerSetBit_EXINT(PB7_C0_DPCD_CTRL, ~_BIT0, 0x00);
 284   2          }
 285   1      }
 286          
 287          //--------------------------------------------------
 288          // Description  : DP Error Counter Enable
 289          // Input Value  : DP Link Training Type
 290          // Output Value : None
 291          //--------------------------------------------------
 292          void ScalerDpRx0ErrorCounterEnable_EXINT0(EnumDpLinkTrainingType enumDpLtType) using 1
 293          {
 294   1          // Enable DPCD Error Count Valid Flag
 295   1          switch(g_ucDpRx0LaneCount)
 296   1          {
 297   2              case _DP_ONE_LANE:
 298   2      
 299   2                  ScalerDpRx0SetDpcdBitValue_EXINT0(0x00, 0x02, 0x11, ~_BIT7, _BIT7);
 300   2      
 301   2                  break;
 302   2      
 303   2              case _DP_TWO_LANE:
 304   2      
 305   2                  ScalerDpRx0SetDpcdBitValue_EXINT0(0x00, 0x02, 0x11, ~_BIT7, _BIT7);
 306   2                  ScalerDpRx0SetDpcdBitValue_EXINT0(0x00, 0x02, 0x13, ~_BIT7, _BIT7);
 307   2      
 308   2                  break;
 309   2      
 310   2              default:
 311   2              case _DP_FOUR_LANE:
 312   2      
 313   2                  ScalerDpRx0SetDpcdBitValue_EXINT0(0x00, 0x02, 0x11, ~_BIT7, _BIT7);
 314   2                  ScalerDpRx0SetDpcdBitValue_EXINT0(0x00, 0x02, 0x13, ~_BIT7, _BIT7);
 315   2                  ScalerDpRx0SetDpcdBitValue_EXINT0(0x00, 0x02, 0x15, ~_BIT7, _BIT7);
 316   2                  ScalerDpRx0SetDpcdBitValue_EXINT0(0x00, 0x02, 0x17, ~_BIT7, _BIT7);
 317   2      
 318   2                  break;
 319   2          }
 320   1      
 321   1          if(enumDpLtType == _DP_NORMAL_LT)
 322   1          {
 323   2              // Enable 8B/10B Error Counter
 324   2              ScalerSetBit_EXINT(PB_08_BIST_PATTERN_SEL, ~(_BIT2 | _BIT1 | _BIT0), _BIT1);
 325   2          }
 326   1      
 327   1          // Enable Read Error Counter IRQ, Clear IRQ Flag
 328   1          ScalerSetBit_EXINT(PB7_FB_DUMMY_1, ~(_BIT7 | _BIT5 | _BIT3 | _BIT1 | _BIT0), (_BIT1 | _BIT0));
 329   1      }
 330          
 331          //--------------------------------------------------
 332          // Description  : DP RGB Output Disable
 333          // Input Value  : None
 334          // Output Value : None
 335          //--------------------------------------------------
 336          void ScalerDpRx0AVMute(void)
 337          {
 338   1          if(ScalerGetBit(PB6_3A_DP_IRQ_CTRL0, (_BIT1 | _BIT0)) == (_BIT1 | _BIT0))
C51 COMPILER V8.12   SCALERDPRX0                                                           09/16/2026 20:27:11 PAGE 7   

 339   1          {
 340   2              // Set free run & force to BG
 341   2              ScalerSetBit(P0_28_VIDEO_DISPLAY_CONTROL_REG, ~(_BIT5 | _BIT3), _BIT5);
 342   2          }
 343   1      
 344   1          // Disable fifo overflwo/ underflwo IRQ
 345   1          ScalerSetBit(PB6_3A_DP_IRQ_CTRL0, ~(_BIT1 | _BIT0), 0x00);
 346   1      
 347   1          // Disable RGB Output
 348   1          ScalerSetBit(PB5_31_DP_OUTPUT_CTRL, ~(_BIT2 | _BIT1 | _BIT0), 0x00);
 349   1      
 350   1      #if(_AUDIO_SUPPORT == _ON)
 351   1          // Disable Audio Channel
 352   1          ScalerAudioDpAudioEnable(_DISABLE, _D0_INPUT_PORT);
 353   1      #endif
 354   1      }
 355          
 356          //--------------------------------------------------
 357          // Description  : DP Scramble Setting
 358          // Input Value  : None
 359          // Output Value : None
 360          //--------------------------------------------------
 361          void ScalerDpRx0ScrambleSetting(void)
 362          {
 363   1          BYTE ucBackUp = ScalerGetByte(PB7_D0_AUX_MODE_SET);
 364   1          bit bEnhanceChange = _FALSE;
 365   1          bit bScrambleChange = _FALSE;
 366   1      
 367   1          SET_DP_RX0_AUX_MANUAL_MODE();
 368   1      
 369   1          if((ScalerDpRx0GetDpcdBitInfo(0x00, 0x01, 0x01, _BIT7) == _BIT7) != (ScalerGetBit(PB_01_PHY_DIG_RESET_
             -CTRL, _BIT2) == _BIT2))
 370   1          {
 371   2              bEnhanceChange = _TRUE;
 372   2      
 373   2              if(ScalerDpRx0GetDpcdBitInfo(0x00, 0x01, 0x01, _BIT7) == _BIT7)
 374   2              {
 375   3                  // Enable Enhancement Control Mode --> MAC
 376   3                  ScalerSetBit(PB_01_PHY_DIG_RESET_CTRL, ~_BIT2, _BIT2);
 377   3              }
 378   2              else
 379   2              {
 380   3                  // Disable Enhancement Control Mode --> MAC
 381   3                  ScalerSetBit(PB_01_PHY_DIG_RESET_CTRL, ~_BIT2, 0x00);
 382   3              }
 383   2          }
 384   1      
 385   1          if((ScalerDpRx0GetDpcdBitInfo(0x00, 0x01, 0x02, _BIT5) == _BIT5) != (ScalerGetBit(PB_07_SCRAMBLE_CTRL,
             - _BIT5) == _BIT5))
 386   1          {
 387   2              bScrambleChange = _TRUE;
 388   2      
 389   2              if(ScalerDpRx0GetDpcdBitInfo(0x00, 0x01, 0x02, _BIT5) == _BIT5)
 390   2              {
 391   3                  // Disable Scrambling
 392   3                  ScalerSetBit(PB_07_SCRAMBLE_CTRL, ~_BIT5, _BIT5);
 393   3              }
 394   2              else
 395   2              {
 396   3                  // Enable Scrambling
 397   3                  ScalerSetBit(PB_07_SCRAMBLE_CTRL, ~_BIT5, 0x00);
 398   3              }
C51 COMPILER V8.12   SCALERDPRX0                                                           09/16/2026 20:27:11 PAGE 8   

 399   2          }
 400   1      
 401   1          if((bEnhanceChange == _TRUE) || (bScrambleChange == _TRUE))
 402   1          {
 403   2              SET_DP_RX0_AUX_AUTO_MODE();
 404   2      
 405   2              // Delay 2ms for Scramble
 406   2              ScalerTimerDelayXms(2);
 407   2      
 408   2              SET_DP_RX0_AUX_MANUAL_MODE();
 409   2          }
 410   1      
 411   1          if((ucBackUp & _BIT1) == _BIT1)
 412   1          {
 413   2              SET_DP_RX0_AUX_AUTO_MODE();
 414   2          }
 415   1      }
 416          
 417          #if((_DP_ILLEGAL_IDLE_PATTERN_CHECK_SUPPORT == _ON) && (_HW_DP_LANE_VALID_CHECK_SUPPORT == _ON))
              //--------------------------------------------------
              // Description  : Check Lane Valid
              // Input Value  : None
              // Output Value : True --> ok, False --> Lane Valid Error
              //--------------------------------------------------
              bit ScalerDpRx0LaneValidCheck(void)
              {
                  // Enable Lane Valid Detect
                  ScalerSetBit(PB_00_HD_DP_SEL, ~_BIT3, 0x00);
                  ScalerSetBit(PB_00_HD_DP_SEL, ~_BIT3, _BIT3);
              
                  // Delay Time us [150,x]
                  DELAY_XUS(150);
              
                  switch(ScalerDpRx0GetDpcdInfo(0x00, 0x01, 0x01) & 0x1F)
                  {
                      case _DP_ONE_LANE:
              
                          if(((GET_DP_RX0_PCB_LANE0_MAPPING() == _DP_SCALER_LANE0) && (ScalerGetBit(PB_00_HD_DP_SEL, _BI
             -T7) == 0x00)) ||
                             ((GET_DP_RX0_PCB_LANE0_MAPPING() == _DP_SCALER_LANE1) && (ScalerGetBit(PB_00_HD_DP_SEL, _BI
             -T6) == 0x00)) ||
                             ((GET_DP_RX0_PCB_LANE0_MAPPING() == _DP_SCALER_LANE2) && (ScalerGetBit(PB_00_HD_DP_SEL, _BI
             -T5) == 0x00)) ||
                             ((GET_DP_RX0_PCB_LANE0_MAPPING() == _DP_SCALER_LANE3) && (ScalerGetBit(PB_00_HD_DP_SEL, _BI
             -T4) == 0x00)))
                          {
                              return _FALSE;
                          }
              
                          break;
              
                      case _DP_TWO_LANE:
              
                          if(((((GET_DP_RX0_PCB_LANE0_MAPPING() == _DP_SCALER_LANE0) && (GET_DP_RX0_PCB_LANE1_MAPPING() 
             -== _DP_SCALER_LANE1)) || ((GET_DP_RX0_PCB_LANE0_MAPPING() == _DP_SCALER_LANE1) && (GET_DP_RX0_PCB_LANE1_MAPPING() == _DP
             -_SCALER_LANE0))) &&
                              (ScalerGetBit(PB_00_HD_DP_SEL, (_BIT7 | _BIT6)) == 0x00)) ||
                             ((((GET_DP_RX0_PCB_LANE0_MAPPING() == _DP_SCALER_LANE0) && (GET_DP_RX0_PCB_LANE1_MAPPING() 
             -== _DP_SCALER_LANE2)) || ((GET_DP_RX0_PCB_LANE0_MAPPING() == _DP_SCALER_LANE2) && (GET_DP_RX0_PCB_LANE1_MAPPING() == _DP
             -_SCALER_LANE0))) &&
                              (ScalerGetBit(PB_00_HD_DP_SEL, (_BIT7 | _BIT5)) == 0x00)) ||
                             ((((GET_DP_RX0_PCB_LANE0_MAPPING() == _DP_SCALER_LANE0) && (GET_DP_RX0_PCB_LANE1_MAPPING() 
C51 COMPILER V8.12   SCALERDPRX0                                                           09/16/2026 20:27:11 PAGE 9   

             -== _DP_SCALER_LANE3)) || ((GET_DP_RX0_PCB_LANE0_MAPPING() == _DP_SCALER_LANE3) && (GET_DP_RX0_PCB_LANE1_MAPPING() == _DP
             -_SCALER_LANE0))) &&
                              (ScalerGetBit(PB_00_HD_DP_SEL, (_BIT7 | _BIT4)) == 0x00)) ||
                             ((((GET_DP_RX0_PCB_LANE0_MAPPING() == _DP_SCALER_LANE1) && (GET_DP_RX0_PCB_LANE1_MAPPING() 
             -== _DP_SCALER_LANE2)) || ((GET_DP_RX0_PCB_LANE0_MAPPING() == _DP_SCALER_LANE2) && (GET_DP_RX0_PCB_LANE1_MAPPING() == _DP
             -_SCALER_LANE1))) &&
                              (ScalerGetBit(PB_00_HD_DP_SEL, (_BIT6 | _BIT5)) == 0x00)) ||
                             ((((GET_DP_RX0_PCB_LANE0_MAPPING() == _DP_SCALER_LANE1) && (GET_DP_RX0_PCB_LANE1_MAPPING() 
             -== _DP_SCALER_LANE3)) || ((GET_DP_RX0_PCB_LANE0_MAPPING() == _DP_SCALER_LANE3) && (GET_DP_RX0_PCB_LANE1_MAPPING() == _DP
             -_SCALER_LANE1))) &&
                              (ScalerGetBit(PB_00_HD_DP_SEL, (_BIT6 | _BIT4)) == 0x00)) ||
                             ((((GET_DP_RX0_PCB_LANE0_MAPPING() == _DP_SCALER_LANE2) && (GET_DP_RX0_PCB_LANE1_MAPPING() 
             -== _DP_SCALER_LANE3)) || ((GET_DP_RX0_PCB_LANE0_MAPPING() == _DP_SCALER_LANE3) && (GET_DP_RX0_PCB_LANE1_MAPPING() == _DP
             -_SCALER_LANE2))) &&
                              (ScalerGetBit(PB_00_HD_DP_SEL, (_BIT5 | _BIT4)) == 0x00)))
                          {
                              return _FALSE;
                          }
              
                          break;
              
                      case _DP_FOUR_LANE:
              
                          if(ScalerGetBit(PB_00_HD_DP_SEL, (_BIT7 | _BIT6 | _BIT5 | _BIT4)) == 0x00)
                          {
                              return _FALSE;
                          }
              
                          break;
              
                      default:
              
                          return _FALSE;
              
                          break;
                  }
              
                  return _TRUE;
              }
              #endif
 485          
 486          //--------------------------------------------------
 487          // Description  : Clear CPIRQ Flag
 488          // Input Value  : None
 489          // Output Value : None
 490          //--------------------------------------------------
 491          void ScalerDpRx0CheckHdcpCpirqStatus(void)
 492          {
 493   1          if((ScalerGetByte(PB_1E_HDCP_INTGT_VRF_ANS_MSB) == 0x53) && (ScalerGetByte(PB_1F_HDCP_INTGT_VRF_ANS_LS
             -B) == 0x1F))
 494   1          {
 495   2              if((ScalerDpRx0GetDpcdInfo(0x00, 0x02, 0x01) & _BIT2) == _BIT2)
 496   2              {
 497   3      #if(_DP_HDCP_2_2_SUPPORT == _ON)
 498   3                  // Check HDCP22 decode
 499   3                  if(GET_DP_RX0_HDCP_MODE() == _HDCP_22)
 500   3                  {
 501   4                      if(ScalerDpRx0GetDpcdInfo(0x06, 0x94, 0x93) == 0x00)
 502   4                      {
 503   5                          // Clear Link Status CPIRQ Flag
 504   5                          ScalerDpRx0SetDpcdValue(0x00, 0x02, 0x01, (ScalerDpRx0GetDpcdInfo(0x00, 0x02, 0x01) & 
             -~_BIT2));
C51 COMPILER V8.12   SCALERDPRX0                                                           09/16/2026 20:27:11 PAGE 10  

 505   5                      }
 506   4                  }
 507   3                  else
 508   3      #endif
 509   3                  {
 510   4                      if(ScalerDpRx0GetDpcdInfo(0x06, 0x80, 0x29) == 0x00)
 511   4                      {
 512   5                          // Clear Link Status CPIRQ Flag
 513   5                          ScalerDpRx0SetDpcdValue(0x00, 0x02, 0x01, (ScalerDpRx0GetDpcdInfo(0x00, 0x02, 0x01) & 
             -~_BIT2));
 514   5                      }
 515   4                  }
 516   3              }
 517   2          }
 518   1      }
 519          //--------------------------------------------------
 520          // Description  : DP CRC Calculate
 521          // Input Value  : None
 522          // Output Value : None
 523          //--------------------------------------------------
 524          void ScalerDpRx0CrcCalculate(void)
 525          {
 526   1          if(GET_DP_RX0_CRC_CALCULATE() == _TRUE)
 527   1          {
 528   2              DebugMessageRx0("7. DP CRC Test Start", 0);
 529   2      
 530   2              if(GET_COLOR_SPACE() == _COLOR_SPACE_YCBCR422)
 531   2              {
 532   3                  ScalerSetBit(PB5_70_DP_CRC_CTRL, ~_BIT4, _BIT4);
 533   3              }
 534   2              else
 535   2              {
 536   3                  ScalerSetBit(PB5_70_DP_CRC_CTRL, ~_BIT4, 0x00);
 537   3              }
 538   2      
 539   2              // Start CRC Calculation
 540   2              ScalerSetBit(PB5_70_DP_CRC_CTRL, ~_BIT7, _BIT7);
 541   2      
 542   2              if((ScalerTimerPollingFlagProc(_DP_MEASURE_POLLING_TIMEOUT, PB5_70_DP_CRC_CTRL, _BIT6, _TRUE) && (
             -ScalerDpRx0FifoCheck(_DP_FIFO_POLLING_CHECK))) == _TRUE)
 543   2              {
 544   3                  ScalerDpRx0SetDpcdValue(0x00, 0x02, 0x40, ScalerGetByte(PB5_72_DP_CRC_R_L));
 545   3                  ScalerDpRx0SetDpcdValue(0x00, 0x02, 0x41, ScalerGetByte(PB5_71_DP_CRC_R_M));
 546   3                  ScalerDpRx0SetDpcdValue(0x00, 0x02, 0x42, ScalerGetByte(PB5_74_DP_CRC_G_L));
 547   3                  ScalerDpRx0SetDpcdValue(0x00, 0x02, 0x43, ScalerGetByte(PB5_73_DP_CRC_G_M));
 548   3                  ScalerDpRx0SetDpcdValue(0x00, 0x02, 0x44, ScalerGetByte(PB5_76_DP_CRC_B_L));
 549   3                  ScalerDpRx0SetDpcdValue(0x00, 0x02, 0x45, ScalerGetByte(PB5_75_DP_CRC_B_M));
 550   3      
 551   3                  CLR_DP_RX0_CRC_CALCULATE();
 552   3      
 553   3                  // Update _TEST_CRC_COUNT
 554   3                  ScalerDpRx0SetDpcdValue(0x00, 0x02, 0x46, 0x21);
 555   3              }
 556   2      
 557   2              // Stop CRC Calculation
 558   2              ScalerSetBit(PB5_70_DP_CRC_CTRL, ~_BIT7, 0x00);
 559   2          }
 560   1      }
 561          
 562          #if(_DP_DYNAMIC_ADJUST_LINK_RATE_SUPPORT == _ON)
              //--------------------------------------------------
              // Description  : DP Link Rate Set
C51 COMPILER V8.12   SCALERDPRX0                                                           09/16/2026 20:27:11 PAGE 11  

              // Input Value  : MST Port and Lane Count
              // Output Value : None
              //--------------------------------------------------
              void ScalerDpRx0CalculateLinkRate(EnumDpLaneCount enumDpLaneCount)
              {
                  BYTE ucLinkRate = 0;
                  WORD usDpInputClkRang = _INPUTCLOCK_RANG_DP;
                  BYTE ucBitPerComponent = _DP_EDID_COLOR_DEPTH_BITS_PER_COMPONENT;
                  DWORD ulDpInputBitRate = (DWORD)usDpInputClkRang * ucBitPerComponent * 3;
              
              #if(_D0_DP_TYPE_C_PORT_CTRL_SUPPORT == _ON)
                  usDpInputClkRang = _INPUTCLOCK_RANG_USBC;
                  ulDpInputBitRate = (DWORD)usDpInputClkRang * ucBitPerComponent * 3;
              #endif
              
                  if((ScalerDpRx0GetDpcdInfo(0x00, 0x00, 0x00) >= _DP_VERSION_1_2) || (ScalerDpRx0GetDpcdBitInfo(0x00, 0
             -x00, 0x0E, _BIT7) == _BIT7))
                  {
                      if(ScalerDpRx0GetDpcdBitInfo(0x00, 0x00, 0x21, _BIT0) == 0x00)
                      {
                          ucLinkRate = DP_LINK_RATE_ADJUST(enumDpLaneCount, ulDpInputBitRate);
              
                          if(ucLinkRate > _D0_DP_LINK_CLK_RATE)
                          {
                              ucLinkRate = _D0_DP_LINK_CLK_RATE;
                          }
              
                          if(ucLinkRate >= _DP_HIGH_SPEED2_540MHZ)
                          {
                              ScalerDpRx0SetDpcdValue(0x00, 0x00, 0x01, _DP_LINK_HBR2);
              
                              if(GET_DP_RX_D0_PORT_TARGET_VERSION() <= _DP_VERSION_1_2)
                              {
                                  // When Define Extended Rx Cap Should Set DPCD 0x02201
              #if(_HW_DP_DPCD_EXT_CAP_PHYSICAL_ADDRESS_SUPPORT == _ON)
                                  ScalerDpRx0SetDpcdValue(0x00, 0x22, 0x01, _DP_LINK_HBR2);
              #else
                                  g_ucDpRx0DPCD02201hValue = _DP_LINK_HBR2;
              #endif
                              }
                              else
                              {
                                  // When Define Extended Rx Cap Should Set DPCD 0x02201
              #if(_HW_DP_DPCD_EXT_CAP_PHYSICAL_ADDRESS_SUPPORT == _ON)
                                  ScalerDpRx0SetDpcdValue(0x00, 0x22, 0x01, ucLinkRate);
              #else
                                  g_ucDpRx0DPCD02201hValue = ucLinkRate;
              #endif
                              }
                          }
                          else
                          {
                              ScalerDpRx0SetDpcdValue(0x00, 0x00, 0x01, ucLinkRate);
              
                              // When Define Extended Rx Cap Should Set DPCD 0x02201
              #if(_HW_DP_DPCD_EXT_CAP_PHYSICAL_ADDRESS_SUPPORT == _ON)
                              ScalerDpRx0SetDpcdValue(0x00, 0x22, 0x01, ucLinkRate);
              #else
                              g_ucDpRx0DPCD02201hValue = ucLinkRate;
              #endif
                          }
                      }
C51 COMPILER V8.12   SCALERDPRX0                                                           09/16/2026 20:27:11 PAGE 12  

                      else
                      {
                          if(_D0_DP_LINK_CLK_RATE >= _DP_HIGH_SPEED2_540MHZ)
                          {
                              ScalerDpRx0SetDpcdValue(0x00, 0x00, 0x01, _DP_LINK_HBR2);
              
                              if(GET_DP_RX_D0_PORT_TARGET_VERSION() <= _DP_VERSION_1_2)
                              {
                                  // When Define Extended Rx Cap Should Set DPCD 0x02201
              #if(_HW_DP_DPCD_EXT_CAP_PHYSICAL_ADDRESS_SUPPORT == _ON)
                                  ScalerDpRx0SetDpcdValue(0x00, 0x22, 0x01, _DP_LINK_HBR2);
              #else
                                  g_ucDpRx0DPCD02201hValue = _DP_LINK_HBR2;
              #endif
                              }
                              else
                              {
                                  // When Define Extended Rx Cap Should Set DPCD 0x02201
              #if(_HW_DP_DPCD_EXT_CAP_PHYSICAL_ADDRESS_SUPPORT == _ON)
                                  ScalerDpRx0SetDpcdValue(0x00, 0x22, 0x01, _D0_DP_LINK_CLK_RATE);
              #else
                                  g_ucDpRx0DPCD02201hValue = _D0_DP_LINK_CLK_RATE;
              #endif
                              }
                          }
                          else
                          {
                              ScalerDpRx0SetDpcdValue(0x00, 0x00, 0x01, _D0_DP_LINK_CLK_RATE);
              
                              // When Define Extended Rx Cap Should Set DPCD 0x02201
              #if(_HW_DP_DPCD_EXT_CAP_PHYSICAL_ADDRESS_SUPPORT == _ON)
                              ScalerDpRx0SetDpcdValue(0x00, 0x22, 0x01, _D0_DP_LINK_CLK_RATE);
              #else
                              g_ucDpRx0DPCD02201hValue = _D0_DP_LINK_CLK_RATE;
              #endif
                          }
                      }
                  }
              }
              #endif
 666          
 667          #if(_HW_HS_TRACKING_GEN_TYPE == _HS_TRACKING_GEN_2)
 668          //--------------------------------------------------
 669          // Description  : DP Hs Tracking Active Region Setting
 670          // Input Value  : Hs Tracking Type
 671          // Output Value : None
 672          //--------------------------------------------------
 673          void ScalerDpRx0HSActiveTrackingMode(EnumDpHSTrackingType enumHSTrackingType)
 674          {
 675   1          if(enumHSTrackingType == _DP_HS_TRACKING_FW_MODE)
 676   1          {
 677   2              // HS Tracking Region By FW Setting
 678   2              ScalerSetBit(PB5_B9_MN_SCLKG_SDM_TEST, ~_BIT7, _BIT7);
 679   2      
 680   2              // BE Start Num = 2 line
 681   2              ScalerSetBit(PB5_C7_VBID_MAN_MADE, ~(_BIT7 | _BIT6 | _BIT5 | _BIT4), _BIT5);
 682   2      
 683   2              // BE End Num = 2 line
 684   2              ScalerSetBit(PB5_C7_VBID_MAN_MADE, ~(_BIT3 | _BIT2 | _BIT1 | _BIT0), _BIT1);
 685   2          }
 686   1          else
 687   1          {
C51 COMPILER V8.12   SCALERDPRX0                                                           09/16/2026 20:27:11 PAGE 13  

 688   2              // HS Tracking Region By FW Setting
 689   2              ScalerSetBit(PB5_B9_MN_SCLKG_SDM_TEST, ~_BIT7, 0x00);
 690   2          }
 691   1      }
 692          #endif
 693          //--------------------------------------------------
 694          // Description  : Get DPCD Table Information
 695          // Input Value  : ucDpcdAccessPortH --> High Byte of DPCD Address
 696          //                ucDpcdAccessPortM --> Middle Byte of DPCD Address
 697          //                ucDpcdAccessPortL --> Low Bye of DPCD Adress
 698          // Output Value : DPCD Information
 699          //--------------------------------------------------
 700          BYTE ScalerDpRx0GetDpcdBitInfo(BYTE ucDpcdAccessPortH, BYTE ucDpcdAccessPortM, BYTE ucDpcdAccessPortL, BYT
             -E ucDpcdBit)
 701          {
 702   1          // Release Aux
 703   1          ScalerSetBit(PB7_C0_DPCD_CTRL, ~_BIT7, 0x00);
 704   1      
 705   1          ScalerSetByte(PB7_C1_DPCD_ADDR_PORT_H, ucDpcdAccessPortH);
 706   1          ScalerSetByte(PB7_C2_DPCD_ADDR_PORT_M, ucDpcdAccessPortM);
 707   1          ScalerSetByte(PB7_C3_DPCD_ADDR_PORT_L, ucDpcdAccessPortL);
 708   1      
 709   1          return ScalerGetBit(PB7_C4_DPCD_DATA_PORT, ucDpcdBit);
 710   1      }
 711          //--------------------------------------------------
 712          // Description  : Get DPCD Table Information
 713          // Input Value  : ucDpcdAccessPortH --> High Byte of DPCD Address
 714          //                ucDpcdAccessPortM --> Middle Byte of DPCD Address
 715          //                ucDpcdAccessPortL --> Low Bye of DPCD Adress
 716          // Output Value : DPCD Information
 717          //--------------------------------------------------
 718          BYTE ScalerDpRx0GetDpcdInfo(BYTE ucDpcdAccessPortH, BYTE ucDpcdAccessPortM, BYTE ucDpcdAccessPortL)
 719          {
 720   1          // Release Aux
 721   1          ScalerSetBit(PB7_C0_DPCD_CTRL, ~_BIT7, 0x00);
 722   1      
 723   1          ScalerSetByte(PB7_C1_DPCD_ADDR_PORT_H, ucDpcdAccessPortH);
 724   1          ScalerSetByte(PB7_C2_DPCD_ADDR_PORT_M, ucDpcdAccessPortM);
 725   1          ScalerSetByte(PB7_C3_DPCD_ADDR_PORT_L, ucDpcdAccessPortL);
 726   1      
 727   1          return ScalerGetByte(PB7_C4_DPCD_DATA_PORT);
 728   1      }
 729          //--------------------------------------------------
 730          // Description  : Check Dp Video Straam VBID
 731          // Input Value  : None
 732          // Output Value : True --> Get Video Stream
 733          //--------------------------------------------------
 734          bit ScalerDpRx0GetVideoStream(void)
 735          {
 736   1      #if(_DP_MST_SUPPORT == _ON)
                  if(g_enumDpMSTCapablePort == _DP_MST_RX0_PORT)
                  {
                      // Check if ST_Source is Assigned the STx Stream In MST Mode
                      if((ScalerGetBit(PB_01_PHY_DIG_RESET_CTRL, _BIT7) == _BIT7) &&
                         (ScalerGetBit(PB5_0D_SOURCE_SEL_0, (_BIT6 | _BIT5 | _BIT4)) == 0x00))
                      {
                          return _FALSE;
                      }
                  }
              #endif
 747   1      
 748   1          if(ScalerGetBit(PB6_01_DP_VBID, _BIT3) == 0x00)
C51 COMPILER V8.12   SCALERDPRX0                                                           09/16/2026 20:27:11 PAGE 14  

 749   1          {
 750   2              return _TRUE;
 751   2          }
 752   1      
 753   1          return _FALSE;
 754   1      }
 755          //--------------------------------------------------
 756          // Description  : Check DP Vactive / Hactive Information
 757          // Input Value  : None
 758          // Output Value : True --> DP Vactive / Hactive Information Check Ok
 759          //--------------------------------------------------
 760          bit ScalerDpRx0MSAActiveChange(void)
 761          {
 762   1          // Pop up Main Stream Attributes
 763   1          ScalerSetBit(PB6_00_MN_STRM_ATTR_CTRL, ~(_BIT7 | _BIT6 | _BIT5 | _BIT3 | _BIT2), (_BIT7 | _BIT6 | _BIT
             -5 | _BIT3));
 764   1      
 765   1          // Get Display Format Hactive
 766   1          ScalerRead(PB5_45_MN_DPF_HWD_M, 2, &pData[0], _AUTOINC);
 767   1      
 768   1          // Get MSA Hactive
 769   1          ScalerRead(PB6_0C_MSA_HWD_0, 2, &pData[2], _AUTOINC);
 770   1      
 771   1          // Get Display Format Vactive
 772   1          ScalerRead(PB5_4D_MN_DPF_VHT_M, 2, &pData[4], _AUTOINC);
 773   1      
 774   1          // Get MSA Vactive
 775   1          ScalerRead(PB6_16_MSA_VHT_0, 2, &pData[6], _AUTOINC);
 776   1      
 777   1          if((PDATA_WORD(0) != PDATA_WORD(1)) || (PDATA_WORD(2) != PDATA_WORD(3)))
 778   1          {
 779   2              return _TRUE;
 780   2          }
 781   1      
 782   1          return _FALSE;
 783   1      }
 784          //--------------------------------------------------
 785          // Description  : Dp Secondary Data Reset
 786          // Input Value  : None
 787          // Output Value : None
 788          //--------------------------------------------------
 789          void ScalerDpRx0SecDataBlockReset(void)
 790          {
 791   1          // Set S code by FW manual
 792   1          ScalerSetBit(PB6_58_SCODE_0, ~_BIT7, _BIT7);
 793   1      
 794   1          // Sec Data Block Reset
 795   1          ScalerSetBit(PB5_00_MAC_DIG_RESET_CTRL, ~_BIT4, _BIT4);
 796   1          ScalerSetBit(PB5_00_MAC_DIG_RESET_CTRL, ~_BIT4, 0x00);
 797   1      
 798   1          // Set S code by HW auto
 799   1          ScalerSetBit(PB6_58_SCODE_0, ~_BIT7, 0x00);
 800   1      }
 801          //--------------------------------------------------
 802          // Description  : Set DPCD Table Information
 803          // Input Value  : ucDpcdAccessPortH --> High Byte of DPCD Address
 804          //                ucDpcdAccessPortM --> Middle Byte of DPCD Address
 805          //                ucDpcdAccessPortL --> Low Bye of DPCD Adress
 806          //                ucDpcdValue --> DPCD Value
 807          // Output Value : None
 808          //--------------------------------------------------
 809          void ScalerDpRx0SetDpcdBitValue(BYTE ucDpcdAccessPortH, BYTE ucDpcdAccessPortM, BYTE ucDpcdAccessPortL, BY
C51 COMPILER V8.12   SCALERDPRX0                                                           09/16/2026 20:27:11 PAGE 15  

             -TE ucNotDpcdBit, BYTE ucDpcdBit)
 810          {
 811   1          // Release Aux
 812   1          ScalerSetBit(PB7_C0_DPCD_CTRL, ~_BIT7, 0x00);
 813   1      
 814   1          ScalerSetByte(PB7_C1_DPCD_ADDR_PORT_H, ucDpcdAccessPortH);
 815   1          ScalerSetByte(PB7_C2_DPCD_ADDR_PORT_M, ucDpcdAccessPortM);
 816   1          ScalerSetByte(PB7_C3_DPCD_ADDR_PORT_L, ucDpcdAccessPortL);
 817   1          ScalerSetBit(PB7_C4_DPCD_DATA_PORT, ~(~ucNotDpcdBit), ucDpcdBit);
 818   1      }
 819          //--------------------------------------------------
 820          // Description  : Set DPCD Table Information
 821          // Input Value  : ucDpcdAccessPortH --> High Byte of DPCD Address
 822          //                ucDpcdAccessPortM --> Middle Byte of DPCD Address
 823          //                ucDpcdAccessPortL --> Low Bye of DPCD Adress
 824          //                ucDpcdValue --> DPCD Value
 825          // Output Value : None
 826          //--------------------------------------------------
 827          void ScalerDpRx0SetDpcdValue(BYTE ucDpcdAccessPortH, BYTE ucDpcdAccessPortM, BYTE ucDpcdAccessPortL, BYTE 
             -ucDpcdValue)
 828          {
 829   1          // Release Aux
 830   1          ScalerSetBit(PB7_C0_DPCD_CTRL, ~_BIT7, 0x00);
 831   1      
 832   1          ScalerSetByte(PB7_C1_DPCD_ADDR_PORT_H, ucDpcdAccessPortH);
 833   1          ScalerSetByte(PB7_C2_DPCD_ADDR_PORT_M, ucDpcdAccessPortM);
 834   1          ScalerSetByte(PB7_C3_DPCD_ADDR_PORT_L, ucDpcdAccessPortL);
 835   1          ScalerSetByte(PB7_C4_DPCD_DATA_PORT, ucDpcdValue);
 836   1      }
 837          
 838          //--------------------------------------------------
 839          // Description  : Set DPCD Table Information
 840          // Input Value  : ucDpcdAccessPortH --> High Byte of DPCD Address
 841          //                ucDpcdAccessPortM --> Middle Byte of DPCD Address
 842          //                ucDpcdAccessPortL --> Low Bye of DPCD Adress
 843          //                ucDpcdValue --> DPCD Value
 844          // Output Value : None
 845          //--------------------------------------------------
 846          void ScalerDpRx0SetDpcdWrite1ClearValue(BYTE ucDpcdAccessPortH, BYTE ucDpcdAccessPortM, BYTE ucDpcdAccessP
             -ortL, BYTE ucDpcdValue)
 847          {
 848   1          BYTE ucBackUp = 0;
 849   1      
 850   1          ucBackUp = ScalerGetByte(PB7_D0_AUX_MODE_SET);
 851   1      
 852   1          // Release Aux
 853   1          ScalerSetBit(PB7_C0_DPCD_CTRL, ~_BIT7, 0x00);
 854   1      
 855   1          // SET AUX AUTO MODE
 856   1          SET_DP_RX0_AUX_AUTO_MODE();
 857   1      
 858   1          ScalerSetByte(PB7_C1_DPCD_ADDR_PORT_H, ucDpcdAccessPortH);
 859   1          ScalerSetByte(PB7_C2_DPCD_ADDR_PORT_M, ucDpcdAccessPortM);
 860   1          ScalerSetByte(PB7_C3_DPCD_ADDR_PORT_L, ucDpcdAccessPortL);
 861   1          ScalerSetByte(PB7_C4_DPCD_DATA_PORT, ucDpcdValue);
 862   1      
 863   1          if((ucBackUp & _BIT1) == 0x00)
 864   1          {
 865   2              // SET AUX MANUAL MODE
 866   2              SET_DP_RX0_AUX_MANUAL_MODE();
 867   2          }
 868   1      }
C51 COMPILER V8.12   SCALERDPRX0                                                           09/16/2026 20:27:11 PAGE 16  

 869          
 870          //--------------------------------------------------
 871          // Description  : Set DPCD Group Reset
 872          // Input Value  : ucDpcdAccessPortH --> High Byte of DPCD Address
 873          //                ucDpcdAccessPortM --> Middle Byte of DPCD Address
 874          //                ucDpcdAccessPortL --> Low Bye of DPCD Adress
 875          //                ucLen             --> Group Len
 876          // Output Value : None
 877          //--------------------------------------------------
 878          void ScalerDpRx0DpcdGroupReset(BYTE ucDpcdAccessPortH, BYTE ucDpcdAccessPortM, BYTE ucDpcdAccessPortL, WOR
             -D usLen)
 879          {
 880   1          BYTE ucAuxModeBackUp = 0;
 881   1          BYTE ucAutoIncBackUp = 0;
 882   1      
 883   1          // Release Aux
 884   1          ScalerSetBit(PB7_C0_DPCD_CTRL, ~_BIT7, 0x00);
 885   1      
 886   1          ucAuxModeBackUp = ScalerGetByte(PB7_D0_AUX_MODE_SET);
 887   1          ucAutoIncBackUp = ScalerGetByte(PB7_C0_DPCD_CTRL);
 888   1      
 889   1          if((ucAuxModeBackUp & _BIT1) == _BIT1)
 890   1          {
 891   2              SET_DP_RX0_AUX_MANUAL_MODE();
 892   2          }
 893   1      
 894   1          // Set Dpcd Addr
 895   1          ScalerSetByte(PB7_C1_DPCD_ADDR_PORT_H, ucDpcdAccessPortH);
 896   1          ScalerSetByte(PB7_C2_DPCD_ADDR_PORT_M, ucDpcdAccessPortM);
 897   1          ScalerSetByte(PB7_C3_DPCD_ADDR_PORT_L, ucDpcdAccessPortL);
 898   1      
 899   1          if((ucAutoIncBackUp & _BIT0) == 0x00)
 900   1          {
 901   2              // Enable Dpcd Auto Inc
 902   2              ScalerSetBit(PB7_C0_DPCD_CTRL, ~_BIT0, _BIT0);
 903   2          }
 904   1      
 905   1          while(usLen > 0)
 906   1          {
 907   2              // Reset Dpcd
 908   2              ScalerSetByte(PB7_C4_DPCD_DATA_PORT, 0x00);
 909   2      
 910   2              usLen--;
 911   2          }
 912   1      
 913   1          if((ucAutoIncBackUp & _BIT0) == 0x00)
 914   1          {
 915   2              // Disable Dpcd Auto Inc
 916   2              ScalerSetBit(PB7_C0_DPCD_CTRL, ~_BIT0, 0x00);
 917   2          }
 918   1      
 919   1          if((ucAuxModeBackUp & _BIT1) == _BIT1)
 920   1          {
 921   2              SET_DP_RX0_AUX_AUTO_MODE();
 922   2          }
 923   1      }
 924          
 925          //--------------------------------------------------
 926          // Description  : Dpcd LinkConfig Reset
 927          // Input Value  : None
 928          // Output Value : None
 929          //--------------------------------------------------
C51 COMPILER V8.12   SCALERDPRX0                                                           09/16/2026 20:27:11 PAGE 17  

 930          void ScalerDpRx0DpcdLinkConfigReset(void)
 931          {
 932   1          // Link Configuration Reset 100~106
 933   1          ScalerDpRx0DpcdGroupReset(0x00, 0x01, 0x00, 7);
 934   1      
 935   1          // Link Quality Reset 10B~10E
 936   1          ScalerDpRx0DpcdGroupReset(0x00, 0x01, 0x0B, 4);
 937   1      }
 938          
 939          //--------------------------------------------------
 940          // Description  : Dpcd Source OUI Reset
 941          // Input Value  : None
 942          // Output Value : None
 943          //--------------------------------------------------
 944          void ScalerDpRx0DpcdSourceOUIReset(void)
 945          {
 946   1          // Source OUI Reset
 947   1          ScalerDpRx0DpcdGroupReset(0x00, 0x03, 0x00, 12);
 948   1      }
 949          
 950          //--------------------------------------------------
 951          // Description  : Dp Set IEEE OUI Support and Dp Set Sink Device Specific Field 00400h - 004FFh
 952          // Input Value  : _DP_VERSION_1_1 or _DP_VERSION_1_2 or _DP_VERSION_1_4
 953          // Output Value : None
 954          //--------------------------------------------------
 955          void ScalerDpRx0SetSinkDeviceSpecificField(EnumDpVersionType enumDpVersion)
 956          {
 957   1          if(enumDpVersion >= _DP_VERSION_1_4)
 958   1          {
 959   2              // _BIT7 = 1: Always IEEE OUI Support Under DP1.2
 960   2              ScalerDpRx0SetDpcdBitValue(0x00, 0x00, 0x07, ~_BIT7, _BIT7);
 961   2      
 962   2              // Sink IEEE OUI For DP1.4
 963   2              ScalerDpRx0SetDpcdValue(0x00, 0x04, 0x00, _DP_1_4_SINK_RTK_IEEE_OUI_L);
 964   2              ScalerDpRx0SetDpcdValue(0x00, 0x04, 0x01, _DP_1_4_SINK_RTK_IEEE_OUI_M);
 965   2              ScalerDpRx0SetDpcdValue(0x00, 0x04, 0x02, _DP_1_4_SINK_RTK_IEEE_OUI_H);
 966   2      
 967   2              // Sink IEEE OUI LSB For DP1.4
 968   2              ScalerDpRx0SetDpcdValue(0x00, 0x04, 0x03, _DP_1_4_SINK_RTK_ID_STRING_0);
 969   2              ScalerDpRx0SetDpcdValue(0x00, 0x04, 0x04, _DP_1_4_SINK_RTK_ID_STRING_1);
 970   2              ScalerDpRx0SetDpcdValue(0x00, 0x04, 0x05, _DP_1_4_SINK_RTK_ID_STRING_2);
 971   2              ScalerDpRx0SetDpcdValue(0x00, 0x04, 0x06, _DP_1_4_SINK_RTK_ID_STRING_3);
 972   2              ScalerDpRx0SetDpcdValue(0x00, 0x04, 0x07, _DP_1_4_SINK_RTK_ID_STRING_4);
 973   2              ScalerDpRx0SetDpcdValue(0x00, 0x04, 0x08, _DP_1_4_SINK_RTK_ID_STRING_5);
 974   2      
 975   2              // Sink HW/FW Version For DP1.4
 976   2              ScalerDpRx0SetDpcdValue(0x00, 0x04, 0x09, _DP_1_4_SINK_RTK_HW_VERSION);
 977   2              ScalerDpRx0SetDpcdValue(0x00, 0x04, 0x0A, _DP_1_4_SINK_RTK_FW_VERSION_H);
 978   2              ScalerDpRx0SetDpcdValue(0x00, 0x04, 0x0B, _DP_1_4_SINK_RTK_FW_VERSION_L);
 979   2          }
 980   1          else if(enumDpVersion >= _DP_VERSION_1_2)
 981   1          {
 982   2              // _BIT7 = 1: Always IEEE OUI Support Under DP1.2
 983   2              ScalerDpRx0SetDpcdBitValue(0x00, 0x00, 0x07, ~_BIT7, _BIT7);
 984   2      
 985   2              // Sink IEEE OUI for DP1.2
 986   2              ScalerDpRx0SetDpcdValue(0x00, 0x04, 0x00, _DP_1_2_SINK_RTK_IEEE_OUI_L);
 987   2              ScalerDpRx0SetDpcdValue(0x00, 0x04, 0x01, _DP_1_2_SINK_RTK_IEEE_OUI_M);
 988   2              ScalerDpRx0SetDpcdValue(0x00, 0x04, 0x02, _DP_1_2_SINK_RTK_IEEE_OUI_H);
 989   2      
 990   2              // Sink IEEE OUI LSB For DP1.2
 991   2              ScalerDpRx0SetDpcdValue(0x00, 0x04, 0x03, _DP_1_2_SINK_RTK_ID_STRING_0);
C51 COMPILER V8.12   SCALERDPRX0                                                           09/16/2026 20:27:11 PAGE 18  

 992   2              ScalerDpRx0SetDpcdValue(0x00, 0x04, 0x04, _DP_1_2_SINK_RTK_ID_STRING_1);
 993   2              ScalerDpRx0SetDpcdValue(0x00, 0x04, 0x05, _DP_1_2_SINK_RTK_ID_STRING_2);
 994   2              ScalerDpRx0SetDpcdValue(0x00, 0x04, 0x06, _DP_1_2_SINK_RTK_ID_STRING_3);
 995   2              ScalerDpRx0SetDpcdValue(0x00, 0x04, 0x07, _DP_1_2_SINK_RTK_ID_STRING_4);
 996   2              ScalerDpRx0SetDpcdValue(0x00, 0x04, 0x08, _DP_1_2_SINK_RTK_ID_STRING_5);
 997   2      
 998   2              // Sink HW/FW Version For DP1.2
 999   2              ScalerDpRx0SetDpcdValue(0x00, 0x04, 0x09, _DP_1_2_SINK_RTK_HW_VERSION);
1000   2              ScalerDpRx0SetDpcdValue(0x00, 0x04, 0x0A, _DP_1_2_SINK_RTK_FW_VERSION_H);
1001   2              ScalerDpRx0SetDpcdValue(0x00, 0x04, 0x0B, _DP_1_2_SINK_RTK_FW_VERSION_L);
1002   2          }
1003   1          else
1004   1          {
1005   2      #if(_DP_SINK_VER11_OUI_SUPPORT == _ON)
1006   2              // _BIT7 = 1: IEEE OUI Support
1007   2              ScalerDpRx0SetDpcdBitValue(0x00, 0x00, 0x07, ~_BIT7, _BIT7);
1008   2      
1009   2              // Sink IEEE OUI For DP1.1
1010   2              ScalerDpRx0SetDpcdValue(0x00, 0x04, 0x00, _DP_1_1_SINK_RTK_IEEE_OUI_L);
1011   2              ScalerDpRx0SetDpcdValue(0x00, 0x04, 0x01, _DP_1_1_SINK_RTK_IEEE_OUI_M);
1012   2              ScalerDpRx0SetDpcdValue(0x00, 0x04, 0x02, _DP_1_1_SINK_RTK_IEEE_OUI_H);
1013   2      #else
                      // _BIT7 = 0: IEEE OUI Not Support
                      ScalerDpRx0SetDpcdBitValue(0x00, 0x00, 0x07, ~_BIT7, 0x00);
              
                      // Sink IEEE OUI Not Support
                      ScalerDpRx0SetDpcdValue(0x00, 0x04, 0x00, 0x00);
                      ScalerDpRx0SetDpcdValue(0x00, 0x04, 0x01, 0x00);
                      ScalerDpRx0SetDpcdValue(0x00, 0x04, 0x02, 0x00);
              #endif
1022   2              // Sink IEEE OUI LSB For DP1.1
1023   2              ScalerDpRx0SetDpcdValue(0x00, 0x04, 0x03, _DP_1_1_SINK_RTK_ID_STRING_0);
1024   2              ScalerDpRx0SetDpcdValue(0x00, 0x04, 0x04, _DP_1_1_SINK_RTK_ID_STRING_1);
1025   2              ScalerDpRx0SetDpcdValue(0x00, 0x04, 0x05, _DP_1_1_SINK_RTK_ID_STRING_2);
1026   2              ScalerDpRx0SetDpcdValue(0x00, 0x04, 0x06, _DP_1_1_SINK_RTK_ID_STRING_3);
1027   2              ScalerDpRx0SetDpcdValue(0x00, 0x04, 0x07, _DP_1_1_SINK_RTK_ID_STRING_4);
1028   2              ScalerDpRx0SetDpcdValue(0x00, 0x04, 0x08, _DP_1_1_SINK_RTK_ID_STRING_5);
1029   2      
1030   2              // Sink HW/FW Version For DP1.1
1031   2              ScalerDpRx0SetDpcdValue(0x00, 0x04, 0x09, _DP_1_1_SINK_RTK_HW_VERSION);
1032   2              ScalerDpRx0SetDpcdValue(0x00, 0x04, 0x0A, _DP_1_1_SINK_RTK_FW_VERSION_H);
1033   2              ScalerDpRx0SetDpcdValue(0x00, 0x04, 0x0B, _DP_1_1_SINK_RTK_FW_VERSION_L);
1034   2          }
1035   1      }
1036          
1037          //--------------------------------------------------
1038          // Description  : DP Sink Status Setting
1039          // Input Value  : Receive Port, Sync Status
1040          // Output Value : None
1041          //--------------------------------------------------
1042          void ScalerDpRx0SinkStatusSet(EnumDpSinkReceivePort enumReceiverPort, EnumDpSinkStatus enumInSync)
1043          {
1044   1          BYTE ucSinkStatusBackup = ScalerDpRx0GetDpcdInfo(0x00, 0x02, 0x05);
1045   1      
1046   1          if(enumInSync == _DP_SINK_IN_SYNC)
1047   1          {
1048   2              if(enumReceiverPort == _DP_SINK_REVEICE_PORT0)
1049   2              {
1050   3                  if((ucSinkStatusBackup & _BIT0) != _BIT0)
1051   3                  {
1052   4                      // Set Receive Port 0 in Sync
1053   4                      ScalerDpRx0SetDpcdValue(0x00, 0x02, 0x05, (ucSinkStatusBackup | _BIT0));
C51 COMPILER V8.12   SCALERDPRX0                                                           09/16/2026 20:27:11 PAGE 19  

1054   4                  }
1055   3              }
1056   2              else if(enumReceiverPort == _DP_SINK_REVEICE_PORT1)
1057   2              {
1058   3                  if((ucSinkStatusBackup & _BIT1) != _BIT1)
1059   3                  {
1060   4                      // Set Receive Port 1 in Sync
1061   4                      ScalerDpRx0SetDpcdValue(0x00, 0x02, 0x05, (ucSinkStatusBackup | _BIT1));
1062   4                  }
1063   3              }
1064   2          }
1065   1          else
1066   1          {
1067   2              if(enumReceiverPort == _DP_SINK_REVEICE_PORT0)
1068   2              {
1069   3                  if((ucSinkStatusBackup & _BIT0) == _BIT0)
1070   3                  {
1071   4                      // Set Receive Port 0 Out of Sync
1072   4                      ScalerDpRx0SetDpcdValue(0x00, 0x02, 0x05, (ucSinkStatusBackup & ~_BIT0));
1073   4                  }
1074   3              }
1075   2              else if(enumReceiverPort == _DP_SINK_REVEICE_PORT1)
1076   2              {
1077   3                  if((ucSinkStatusBackup & _BIT1) == _BIT1)
1078   3                  {
1079   4                      // Set Receive Port 1 Out of Sync
1080   4                      ScalerDpRx0SetDpcdValue(0x00, 0x02, 0x05, (ucSinkStatusBackup & ~_BIT1));
1081   4                  }
1082   3              }
1083   2          }
1084   1      }
1085          
1086          //--------------------------------------------------
1087          // Description  : Dp HDCP DPCD capability Switch
1088          // Input Value  : _ENABLE or _DISABLE
1089          // Output Value : None
1090          //--------------------------------------------------
1091          void ScalerDpRx0ChangeHdcpDpcdCapability(bit bEn)
1092          {
1093   1          if(bEn == _ENABLE)
1094   1          {
1095   2              // Clear flag for write 68xxx int
1096   2              ScalerSetBit(PB7_DA_AUX_FIFO_RST, ~_BIT1, _BIT1);
1097   2      
1098   2              // Enable Write 68xxx int
1099   2              ScalerSetBit(PB7_DA_AUX_FIFO_RST, ~_BIT2, _BIT2);
1100   2      
1101   2      #if((_DP_TX_SUPPORT == _ON) && (_D0_DP_MST_PORT_SUPPORT == _ON))
                      // Clear flag for Write AKSV int
                      ScalerSetBit(PB7_A5_AUX_RESERVE5, ~(_BIT2 | _BIT1 | _BIT0), _BIT2);
              
                      // Enable Write AKSV int
                      ScalerSetBit(PB7_A5_AUX_RESERVE5, ~_BIT6, _BIT6);
              
              #if(_DP_HDCP14_REPEATER_BIT_DISABLE_FOR_TX_CLONE_OFF == _ON)
                      // Enable Hdcp Repeater, _BIT1: Repeater,  _BIT0: HDCP Capable
                      ScalerDpRx0SetDpcdBitValue(0x06, 0x80, 0x28, ~(_BIT1 | _BIT0), (((BYTE)GET_DP_RX0_HDCP14_REPEATER_
             -SUPPORT() << 1) | _BIT0));
              #else
                      // Enable HDCP and repeater support
                      ScalerDpRx0SetDpcdValue(0x06, 0x80, 0x28, 0x03);
              #endif
C51 COMPILER V8.12   SCALERDPRX0                                                           09/16/2026 20:27:11 PAGE 20  

              #else
1116   2              // Enable HDCP support
1117   2              ScalerDpRx0SetDpcdValue(0x06, 0x80, 0x28, 0x01);
1118   2      #endif
1119   2      
1120   2      #if((_EIZO_CUSTOMIZED_VALUE_OF_DPCD_SUPPORT == _ON) && (_DP_TX_SUPPORT == _ON))
                      if(ScalerDpRx0GetDpcdInfo(0x00, 0x00, 0x00) > _DP_VERSION_1_1)
                      {
                          ScalerDpRx0SetDpcdValue(0x06, 0x80, 0x28, 0x03);
                      }
              #endif
1126   2      
1127   2      #if(_DP_HDCP_2_2_SUPPORT == _ON)
1128   2              // Enable the HDCP2.2 capability
1129   2              for(pData[0] = 0; pData[0] < 3; pData[0]++)
1130   2              {
1131   3                  ScalerDpRx0SetDpcdValue(0x06, 0x92, (0x1D + pData[0]), g_pucDPRx0Caps[pData[0]]);
1132   3              }
1133   2      #endif
1134   2          }
1135   1          else
1136   1          {
1137   2              // Disable Write 68xxx int
1138   2              ScalerSetBit(PB7_DA_AUX_FIFO_RST, ~_BIT2, 0x00);
1139   2      
1140   2      #if((_DP_TX_SUPPORT == _ON) && (_D0_DP_MST_PORT_SUPPORT == _ON))
                      // Disable Write AKSV int
                      ScalerSetBit(PB7_A5_AUX_RESERVE5, ~_BIT6, 0x00);
              #endif
1144   2              // Disable HDCP support
1145   2              ScalerDpRx0SetDpcdValue(0x06, 0x80, 0x28, 0x00);
1146   2      
1147   2      #if(_DP_HDCP_2_2_SUPPORT == _ON)
1148   2              // Disable the HDCP2.2 capability
1149   2              for(pData[0] = 0; pData[0] < 3; pData[0]++)
1150   2              {
1151   3                  ScalerDpRx0SetDpcdValue(0x06, 0x92, (0x1D + pData[0]), 0x00);
1152   3              }
1153   2      #endif
1154   2          }
1155   1      }
1156          
1157          #if(_DP_RX0_ASSR_MODE_SUPPORT == _ON)
              //--------------------------------------------------
              // Description  : DP ASSR Mode On/ Off
              // Input Value  : _ON/ _OFF
              // Output Value : None
              //--------------------------------------------------
              void ScalerDpRx0ASSRModeSetting(void)
              {
                  if((ScalerDpRx0GetDpcdInfo(0x00, 0x01, 0x0A) & _BIT0) == _BIT0)
                  {
                      // Scramble seed equal to 0xFFFE
                      ScalerSetBit(PB_07_SCRAMBLE_CTRL, ~_BIT4, _BIT4);
                  }
                  else
                  {
                      // Scramble seed equal to 0xFFFF
                      ScalerSetBit(PB_07_SCRAMBLE_CTRL, ~_BIT4, 0x00);
                  }
              }
              #endif
C51 COMPILER V8.12   SCALERDPRX0                                                           09/16/2026 20:27:11 PAGE 21  

1177          
1178          #if(_DP_FREESYNC_SUPPORT == _ON)
1179          //--------------------------------------------------
1180          // Description  : Check FREESYNC Enable
1181          // Input Value  : None
1182          // Output Value : _TRUE: FREESYNC change
1183          //--------------------------------------------------
1184          bit ScalerDpRx0GetFREESYNCStatusChange(void)
1185          {
1186   1      #if(_DRR_FREE_RUN_DISPLAY_SUPPORT == _OFF)
1187   1          if((GET_FREESYNC_ENABLED() == _TRUE) && ((g_stInputTimingData.usVFreq < (_PANEL_FREESYNC_MIN_FRAME_RAT
             -E - _FRAME_SYNC_MARGIN)) || (g_stInputTimingData.usVFreq > (_PANEL_FREESYNC_MAX_FRAME_RATE + _FRAME_SYNC_MARGIN))))
1188   1          {
1189   2              DebugMessageRx0("7.FREESYNC IVF out of panel range", g_stInputTimingData.usVFreq);
1190   2              return _TRUE;
1191   2          }
1192   1      #endif
1193   1      
1194   1          if((bit)(ScalerDpRx0GetDpcdInfo(0x00, 0x01, 0x07) & _BIT7) != GET_FREESYNC_ENABLED())
1195   1          {
1196   2              DebugMessageRx0("7.FREESYNC ignore MSA 0 -> 1", 0);
1197   2              return _TRUE;
1198   2          }
1199   1      
1200   1          return _FALSE;
1201   1      }
1202          
1203          //--------------------------------------------------
1204          // Description  : Set DP Freesync Htotal info
1205          // Input Value  : Dp Timing Info
1206          // Output Value : None
1207          //--------------------------------------------------
1208          WORD ScalerDpRx0SetFREESYNCMsaForLut(WORD usDpHtotal)
1209          {
1210   1          WORD usTempMeasureHtotal = usDpHtotal;
1211   1          WORD usTempMsaHtotal = ((((WORD)ScalerGetByte(PB6_08_MSA_HTT_0)) << 8) | ((WORD)ScalerGetByte(PB6_09_M
             -SA_HTT_1)));
1212   1          WORD usTempMsaHtotalMargin = ((DWORD)usTempMeasureHtotal * _EDID_ANALYSIS_HTOTAL_MARGIN / 100);
1213   1      
1214   1          if((usTempMsaHtotal > (usTempMeasureHtotal + usTempMsaHtotalMargin)) || (usTempMsaHtotal < (usTempMeas
             -ureHtotal - usTempMsaHtotalMargin)))
1215   1          {
1216   2              SET_DP_RX0_HTOTAL(usTempMeasureHtotal);
1217   2      
1218   2              SET_DP_RX0_HTOTAL_MARGIN(usTempMsaHtotalMargin);
1219   2      
1220   2              DebugMessageRx0("7. DP Freesync Get MSA Htotal Fail", usTempMsaHtotal);
1221   2          }
1222   1          else
1223   1          {
1224   2              SET_DP_RX0_HTOTAL(usTempMsaHtotal);
1225   2      
1226   2              SET_DP_RX0_HTOTAL_MARGIN(1);
1227   2          }
1228   1      
1229   1          return GET_DP_RX0_HTOTAL();
1230   1      }
1231          
1232          #if(_FW_DP_RX_H_PORCH_ENLARGE_SUPPORT == _ON)
1233          //--------------------------------------------------
1234          // Description  : DP H Porch Enlarge
1235          // Input Value  : Vlaue for H Proch Enlarge
C51 COMPILER V8.12   SCALERDPRX0                                                           09/16/2026 20:27:11 PAGE 22  

1236          // Output Value : None
1237          //--------------------------------------------------
1238          WORD ScalerDpRx0FreesyncHPorchEnlarge(WORD usDpHtotal)
1239          {
1240   1          WORD usTempHtotal = usDpHtotal;
1241   1          BYTE ucDpHPorchExtend = (GET_DWORD_MUL_DIV(usDpHtotal, 5, 100));
1242   1          WORD usFifoOffset = 0;
1243   1          WORD usTempHWidth = ((((WORD)ScalerGetByte(PB6_0C_MSA_HWD_0)) << 8) | ((WORD)ScalerGetByte(PB6_0D_MSA_
             -HWD_1)));
1244   1      
1245   1          // DP fifo size = 256 x 96bit or 128 x 96bit
1246   1          if(GET_COLOR_SPACE() == _COLOR_SPACE_YCBCR422)
1247   1          {
1248   2              // FifoOffset = (1/2 * (fifo size) / (2 * depth per color)), color format is YCbCr 4:2:2
1249   2              usFifoOffset = _HW_DP_RX_VIDEO_FIFO_SIZE / (4 * GET_COLOR_DEPTH());
1250   2          }
1251   1          else
1252   1          {
1253   2              // FifoOffset = (1/2 * (fifo size) / (3 * depth per color)), color format is RGB or YCbCr 4:4:4 or
             - others
1254   2              usFifoOffset = _HW_DP_RX_VIDEO_FIFO_SIZE / (6 * GET_COLOR_DEPTH());
1255   2          }
1256   1      
1257   1          // Check if H porch is less than ucDpHPorchExtend
1258   1          if((usTempHtotal - usTempHWidth) < ucDpHPorchExtend)
1259   1          {
1260   2              SET_DP_RX0_H_PORCH_ENLARGE(ucDpHPorchExtend - (usTempHtotal - usTempHWidth));
1261   2      
1262   2              // if H porch Enlarge is more than 1/4 fifo offset , H porch Enlarge use 1/4 fifo offset
1263   2              if(GET_DP_RX0_H_PORCH_ENLARGE() > (usFifoOffset / 2))
1264   2              {
1265   3                  SET_DP_RX0_H_PORCH_ENLARGE(usFifoOffset / 2);
1266   3              }
1267   2      
1268   2              usTempHtotal = usTempHtotal + GET_DP_RX0_H_PORCH_ENLARGE();
1269   2          }
1270   1          else
1271   1          {
1272   2              CLR_DP_RX0_H_PORCH_ENLARGE();
1273   2          }
1274   1      
1275   1          if((usTempHtotal % 2) != 0)
1276   1          {
1277   2              // Avoid Htotal value is odd.
1278   2              usTempHtotal += 1;
1279   2          }
1280   1      
1281   1          return usTempHtotal;
1282   1      }
1283          #endif
1284          #endif
1285          
1286          #endif


MODULE INFORMATION:   STATIC OVERLAYABLE
   CODE SIZE        =   2939    ----
   CONSTANT SIZE    =   ----    ----
   XDATA SIZE       =      2      40
   PDATA SIZE       =   ----    ----
   DATA SIZE        =   ----    ----
   IDATA SIZE       =   ----    ----
C51 COMPILER V8.12   SCALERDPRX0                                                           09/16/2026 20:27:11 PAGE 23  

   BIT SIZE         =      1       3
END OF MODULE INFORMATION.


C51 COMPILATION COMPLETE.  0 WARNING(S),  0 ERROR(S)
