C51 COMPILER V9.60.0.0   SCALERAUDIO                                                       09/20/2026 19:43:09 PAGE 1   


C51 COMPILER V9.60.0.0, COMPILATION OF MODULE SCALERAUDIO
OBJECT MODULE PLACED IN .\Output\RL6432_Project\ScalerAudio.obj
COMPILER INVOKED BY: C:\Keil_v5\C51\BIN\C51.EXE Kernel\Scaler\ScalerFunction\Code\ScalerAudio.c LARGE OPTIMIZE(9,SPEED) 
                    -INCDIR(.\Output\RL6432;.\Project\Header;.\Pcb;.\Panel;.\Kernel\Device\Header;.\Kernel\Common;.\Kernel\System\Header;.\Ke
                    -rnel\Scaler\ScalerFunction\Header;.\Kernel\Scaler\ScalerCommonFunction\Header;.\Kernel\Scaler\ScalerFunction\Lib\Header;
                    -.\Kernel\Scaler\ScalerCommonFunction\Lib\Header;.\Kernel\Scaler\RL6432_Series_Scaler\Header;.\Kernel\Scaler\RL6432_Serie
                    -s_Common\Header;.\Kernel\Scaler\RL6432_Series_Scaler\Lib\Header;.\Kernel\Scaler\RL6432_Series_Common\Lib\Header;.\Kernel
                    -\User Common Function\Header;.\User\RTD Series\RTD2014Function\Header;.\User\RTD Series\RTD2014Osd\Header;.\User\RTD Fac
                    -tory\Header;.\User\None Series\NoneFunction\Header;.\User\None Series\NoneOsd\Header;.\User\None Factory\Header) DEFINE(
                    -_PROJECT=_RL6432_PROJECT,_SCALER_TYPE=_RL6432_SERIES) DEBUG OBJECTEXTEND PRINT(.\Output\RL6432_Project\ScalerAudio.lst) 
                    -TABS(2) OBJECT(.\Output\RL6432_Project\ScalerAudio.obj)

line level    source

   1          /********************************************************************************/
   2          /*   Copyright (c) 2021 Realtek Semiconductor Corp. All rights reserved.        */
   3          /*                                                                              */
   4          /*   SPDX-License-Identifier: LicenseRef-Realtek-Proprietary                    */
   5          /*                                                                              */
   6          /*   This software component is confidential and proprietary to Realtek         */
   7          /*   Semiconductor Corp. Disclosure, reproduction, redistribution, in whole     */
   8          /*   or in part, of this work and its derivatives without express permission    */
   9          /*   is prohibited.                                                             */
  10          /********************************************************************************/
  11          
  12          //----------------------------------------------------------------------------------------------------
  13          // ID Code      : ScalerAudio.c No.0000
  14          // Update Note  :
  15          //----------------------------------------------------------------------------------------------------
  16          
  17          #define __SCALER_AUDIO__
  18          
  19          #include "ScalerFunctionInclude.h"
  20          
  21          #if(_AUDIO_SUPPORT == _ON)
  22          
  23          //****************************************************************************
  24          // DEFINITIONS / MACROS
  25          //****************************************************************************
  26          
  27          
  28          //****************************************************************************
  29          // STRUCT / TYPE / ENUM DEFINITTIONS
  30          //****************************************************************************
  31          
  32          
  33          //****************************************************************************
  34          // CODE TABLES
  35          //****************************************************************************
  36          
  37          
  38          //****************************************************************************
  39          // VARIABLE DECLARATIONS
  40          //****************************************************************************
  41          
  42          #if(_EMBEDDED_DAC_SUPPORT == _ON)
  43          StructAudioDACInfo g_stAudioDACInfo;
  44          #endif
  45          
  46          #if(_INTERNAL_AUDIO_TEST_SUPPORT == _ON)
              StructAudioGenFreqParameter g_stAudioGenFreq;
C51 COMPILER V9.60.0.0   SCALERAUDIO                                                       09/20/2026 19:43:09 PAGE 2   

              #endif
  49          
  50          bit g_bAudioDVCMuteCtrlStatus;
  51          
  52          //****************************************************************************
  53          // FUNCTION DECLARATIONS
  54          //****************************************************************************
  55          void ScalerAudioInitial(void);
  56          void ScalerAudioDigitalAdjustVolume(WORD usVolume);
  57          void ScalerAudioMuteProc(bit bMute, WORD usVolume);
  58          void ScalerAudioDigitalVolumeMute(bit bMute, WORD usVolume);
  59          void ScalerAudioDisable(void);
  60          void ScalerAudioInputPortSwitch(EnumAudioInputPort enumAudioInput);
  61          BYTE ScalerAudioGetDigitalAudioPort(EnumAudioOutputType enumAudioOutput);
  62          EnumAudioSamplingFreqPacket ScalerAudioGetSamplingFreqPacket(EnumAudioSamplingFreqType enumSamplingFreqTyp
             -e);
  63          WORD ScalerAudioGetUserSamplingFreqDCode(EnumInputPortType enumPortType, EnumAudioSamplingFreqType enumAud
             -ioFreq);
  64          BYTE ScalerAudioGetUserSamplingFreqSCode(EnumInputPortType enumPortType, EnumAudioSamplingFreqType enumAud
             -ioFreq);
  65          WORD ScalerAudioGetUserSamplingFreqDCode_EXINT0(EnumInputPortType enumPortType, EnumAudioSamplingFreqType 
             -enumAudioFreq);
  66          BYTE ScalerAudioGetUserSamplingFreqSCode_EXINT0(EnumInputPortType enumPortType, EnumAudioSamplingFreqType 
             -enumAudioFreq);
  67          
  68          #if(_INTERNAL_AUDIO_TEST_SUPPORT == _ON)
              void ScalerAudioSetUserDefineAudioGenFrequency(EnumAudioSamplingFreqType enumAudioFreq);
              #endif
  71          
  72          #if(_HDMI_SUPPORT == _ON)
  73          BYTE ScalerAudioChannelOutputSel(BYTE ucCa);
  74          #endif
  75          
  76          #if(_LINE_IN_SUPPORT == _ON)
  77          #if(_HW_DIGITAL_PORT_COMBO_PHY_TYPE != _DIGITAL_PORT_COMBO_PHY_NONE)
              
              #if(_DP_SUPPORT == _ON)
              BYTE ScalerAudioGetDigitalAudioPort_EXINT0(EnumAudioOutputType enumAudioOutput);
              #endif
              
              EnumAudioInputSource ScalerAudioGetInputSource_EXINT0(void);
              #endif
  85          
  86          EnumAudioInputSource ScalerAudioGetInputSource(void);
  87          #endif
  88          
  89          #if(_EMBEDDED_DAC_SUPPORT == _ON)
  90          void ScalerAudioDACInitial(void);
  91          void ScalerAudioDACOutputSwitch(EnumAudioDACOutput enumDACOutput);
  92          void ScalerAudioDACSetState(EnumAudioDACState enumTargetState);
  93          EnumAudioDACState ScalerAudioDACGetState(void);
  94          bit ScalerAudioDACGetStateChange(void);
  95          void ScalerAudioDACClrStateChange(void);
  96          void ScalerAudioDACSetVcmReady(bit bReady);
  97          void ScalerAudioDACNormalToDepop(void);
  98          void ScalerAudioDACDepopToNormal(void);
  99          void ScalerAudioDACOutputEnable(void);
 100          EnumAudioDACOutput ScalerAudioDACGetOutput(void);
 101          void ScalerAudioDACSetOutputGain(EnumAudioDACOutput enumOutputType, EnumAudioDacOutputGain enumOutputGain)
             -;
 102          #endif
 103          
C51 COMPILER V9.60.0.0   SCALERAUDIO                                                       09/20/2026 19:43:09 PAGE 3   

 104          void ScalerAudioDVCInitial(void);
 105          void ScalerAudioDVCVolumeAdjustType(bit bAdjustType);
 106          
 107          #if(_AUDIO_DVC_FAST_CONTROL_SUPPORT == _ON)
 108          void ScalerAudioDVCVolumeFastAdjustType(bit bAdjustType);
 109          #endif
 110          
 111          void ScalerAudioDVCAdjustVolume(WORD usVolume);
 112          void ScalerAudioDVCVolumeMute(bit bMute, WORD usVolume);
 113          
 114          #if(_AUDIO_DVC_FAST_CONTROL_SUPPORT == _ON)
 115          void ScalerAudioDVCVolumeFastMute(bit bMute, WORD usVolume);
 116          #endif
 117          
 118          void ScalerAudioDVCSetMuteZCDTimeout(bit bMute, WORD usVolume, bit bAdjustType, WORD usTimeout);
 119          void ScalerAudioDVCSetVolumeZCDTimeout(WORD usVolume);
 120          void ScalerAudioDVCSetVolumeMuteStatus(bit bMute);
 121          bit ScalerAudioDVCGetVolumeMuteStatus(void);
 122          void ScalerAudioDVCResetProc(void);
 123          
 124          #if(_DIGITAL_AUDIO_OUTPUT_ADJUST_VOLUME_SUPPORT == _ON)
              void ScalerAudioSpdifChannelStatusProc(EnumAudioInputSource enumAudioSource, BYTE ucInputPort);
              void ScalerAudioSpdifCheckIfSamplingFrequencyChange(BYTE ucInputPort);
              #endif
 128          
 129          //****************************************************************************
 130          // FUNCTION DEFINITIONS
 131          //****************************************************************************
 132          //--------------------------------------------------
 133          // Description  : Audio Initial
 134          // Input Value  : None
 135          // Output Value : None
 136          //--------------------------------------------------
 137          void ScalerAudioInitial(void)
 138          {
 139   1          ScalerAudioDigitalAudioInitial();
 140   1      
 141   1          ScalerAudioDVCInitial();
 142   1      }
 143          
 144          //--------------------------------------------------
 145          // Description  : Adjust Digital volume
 146          // Input Value  : ucVolume
 147          // Output Value : None
 148          //--------------------------------------------------
 149          void ScalerAudioDigitalAdjustVolume(WORD usVolume)
 150          {
 151   1          ScalerAudioDVCSetVolumeZCDTimeout(usVolume);
 152   1      
 153   1          ScalerAudioDVCAdjustVolume(usVolume);
 154   1      }
 155          
 156          //--------------------------------------------------
 157          // Description  : Audio Mute proc
 158          // Input Value  : bMute, usVolume
 159          // Output Value : None
 160          //--------------------------------------------------
 161          void ScalerAudioMuteProc(bit bMute, WORD usVolume)
 162          {
 163   1          ScalerAudioDigitalVolumeMute(bMute, usVolume);
 164   1      }
 165          
C51 COMPILER V9.60.0.0   SCALERAUDIO                                                       09/20/2026 19:43:09 PAGE 4   

 166          //--------------------------------------------------
 167          // Description  : Smooth adjust digital volume for mute/unmute
 168          // Input Value  : bMute
 169          // Output Value : None
 170          //--------------------------------------------------
 171          void ScalerAudioDigitalVolumeMute(bit bMute, WORD usVolume)
 172          {
 173   1          ScalerAudioDVCVolumeMute(bMute, usVolume);
 174   1      }
 175          
 176          //--------------------------------------------------
 177          // Description  : Transfer depop mode to Normal mode
 178          // Input Value  : None
 179          // Output Value : None
 180          //--------------------------------------------------
 181          void ScalerAudioDisable(void)
 182          {
 183   1      #if(_EMBEDDED_DAC_SUPPORT == _ON)
 184   1      
 185   1          ScalerTimerCancelTimerEvent(_SYSTEM_TIMER_EVENT_AUDIO_DAC_WAIT_VCM_INITIAL);
 186   1          ScalerTimerCancelTimerEvent(_SYSTEM_TIMER_EVENT_AUDIO_DAC_WAIT_DEPOP_TO_NORMAL);
 187   1          ScalerTimerCancelTimerEvent(_SYSTEM_TIMER_EVENT_AUDIO_DAC_WAIT_VCM_CHARGE);
 188   1      
 189   1          ScalerAudioDACNormalToDepop();
 190   1      
 191   1          ScalerAudioDACSetVcmReady(_OFF);
 192   1      
 193   1          // Power Down Depop CLK
 194   1          ScalerSetBit(P6_D4_DA_CLK_CTRL, ~_BIT4, 0x00);
 195   1      
 196   1          // Power Down DAC
 197   1          ScalerSetByte(P6_C0_REG_DAC_POWER0, 0x00);
 198   1          ScalerSetBit(P6_C1_REG_DAC_POWER1, ~(_BIT7 | _BIT6 | _BIT5 | _BIT4), 0x00);
 199   1      
 200   1          SET_AUDIO_DAC_STATE(_AUDIO_DAC_OFF);
 201   1      
 202   1      #endif
 203   1      
 204   1      #if(_LINE_IN_SUPPORT == _ON)
 205   1      
 206   1      #if(_HW_AUDIO_LINE_IN_AFE_POWER_TYPE == _ADC_AFE_POWER_CONTROL_GEN_1)
 207   1          // Power Down ADC
 208   1          ScalerSetBit(P6_B0_REG_ADC_POWER, ~_BIT7, 0x00);
 209   1      #else
                  // Power Down ADC
                  ScalerSetBit(P6_B0_REG_ADC_POWER, ~(_BIT7 | _BIT6), 0x00);
              #endif
 213   1      
 214   1          // Power Down Input Buffer and Mbias
 215   1          ScalerSetBit(P6_C0_REG_DAC_POWER0, ~(_BIT2 | _BIT1 | _BIT0), 0x00);
 216   1      #endif
 217   1      
 218   1          // Disable DVC counter for power saving
 219   1          ScalerSetBit(P8_A0_DVC_EN, ~_BIT6, _BIT6);
 220   1      
 221   1          // Power Down DPLL
 222   1          ScalerAudioDisableAudioPLL();
 223   1      }
 224          
 225          //--------------------------------------------------
 226          // Description  : Switch Audio Input Port For Each Audio Output
 227          // Input Value  : ucAudioOutput, ucAudioInput
C51 COMPILER V9.60.0.0   SCALERAUDIO                                                       09/20/2026 19:43:09 PAGE 5   

 228          // Output Value : None
 229          //--------------------------------------------------
 230          void ScalerAudioInputPortSwitch(EnumAudioInputPort enumAudioInput)
 231          {
 232   1          // Set DAC Input
 233   1          ScalerSetBit(P6F_01_MUX_DA_DVC_IN, ~(_BIT2 | _BIT1 | _BIT0), enumAudioInput);
 234   1      
 235   1      #if((_DIGITAL_AUDIO_OUTPUT_ADJUST_VOLUME_SUPPORT == _OFF) && (_DIGITAL_AUDIO_I2S_OUTPUT_L_R_CHANNEL_SWAP_S
             -UPPORT == _OFF))
 236   1          // Set IIS Input
 237   1          ScalerSetBit(P6F_00_MUX_DIG_OUT, ~(_BIT6 | _BIT5 | _BIT4), (enumAudioInput << 4));
 238   1      
 239   1          // Set SPDIF Input
 240   1          ScalerSetBit(P6F_00_MUX_DIG_OUT, ~(_BIT2 | _BIT1 | _BIT0), enumAudioInput);
 241   1      #endif
 242   1      
 243   1      #if(_DP_TX_SUPPORT == _ON)
              #if(_LINE_IN_AUDIO_DP_TX_CLONE_SUPPORT == _ON)
                  // Set DP Tx Input
                  ScalerSetBit(P6F_02_MUX_DP_I2S_IN, ~(_BIT2 | _BIT1 | _BIT0), enumAudioInput);
              #endif
              #endif
 249   1      }
 250          
 251          //--------------------------------------------------
 252          // Description  : Get Current Audio Port For Output Type
 253          // Input Value  : None
 254          // Output Value : audio port
 255          //--------------------------------------------------
 256          BYTE ScalerAudioGetDigitalAudioPort(EnumAudioOutputType enumAudioOutput)
 257          {
 258   1          switch(enumAudioOutput)
 259   1          {
 260   2              case _AUDIO_DAC_OUT:
 261   2      
 262   2                  return (ScalerGetBit(P6F_01_MUX_DA_DVC_IN, (_BIT2 | _BIT1 | _BIT0)));
 263   2      
 264   2              case _AUDIO_I2S_OUT:
 265   2      
 266   2                  return (ScalerGetBit(P6F_00_MUX_DIG_OUT, (_BIT6 | _BIT5 | _BIT4)) >> 4);
 267   2      
 268   2              case _AUDIO_SPDIF_OUT:
 269   2      
 270   2                  return (ScalerGetBit(P6F_00_MUX_DIG_OUT, (_BIT2 | _BIT1 | _BIT0)));
 271   2      
 272   2      #if(_DP_TX_SUPPORT == _ON)
                      case _AUDIO_DPTX_OUT:
              
                          return (ScalerGetBit(P6F_02_MUX_DP_I2S_IN, (_BIT2 | _BIT1 | _BIT0)));
              #endif
 277   2      
 278   2              default:
 279   2                  break;
 280   2          }
 281   1      
 282   1          return _AUDIO_FROM_D0_PORT;
 283   1      }
 284          
 285          //--------------------------------------------------
 286          // Description  : Get Audio Sampling Freq Packet
 287          // Input Value  : EnumAudioSamplingFreqType
 288          // Output Value : EnumAudioSamplingFreqPacket
C51 COMPILER V9.60.0.0   SCALERAUDIO                                                       09/20/2026 19:43:09 PAGE 6   

 289          //--------------------------------------------------
 290          EnumAudioSamplingFreqPacket ScalerAudioGetSamplingFreqPacket(EnumAudioSamplingFreqType enumSamplingFreqTyp
             -e)
 291          {
 292   1          switch(enumSamplingFreqType)
 293   1          {
 294   2              case _AUDIO_FREQ_32K:
 295   2                  return _AUDIO_FREQ_PACKET_32K;
 296   2      
 297   2              case _AUDIO_FREQ_44_1K:
 298   2                  return _AUDIO_FREQ_PACKET_44_1K;
 299   2      
 300   2              case _AUDIO_FREQ_48K:
 301   2                  return _AUDIO_FREQ_PACKET_48K;
 302   2      
 303   2              case _AUDIO_FREQ_64K:
 304   2                  return _AUDIO_FREQ_PACKET_64K;
 305   2      
 306   2              case _AUDIO_FREQ_88_2K:
 307   2                  return _AUDIO_FREQ_PACKET_88_2K;
 308   2      
 309   2              case _AUDIO_FREQ_96K:
 310   2                  return _AUDIO_FREQ_PACKET_96K;
 311   2      
 312   2              case _AUDIO_FREQ_128K:
 313   2                  return _AUDIO_FREQ_PACKET_128K;
 314   2      
 315   2      #if(_HW_HDMI_AUDIO_AFD_MODE_FOR_176P4_192 == _AUDIO_AFD_FW_MODE)
                      case _AUDIO_FREQ_176_4K:
                      case _AUDIO_FREQ_192K:
              
                          if(GET_REG_D0_MAC_SWITCH_TO_HDMI() == _TRUE)
                          {
                              ScalerSetDataPortBit(P2_C9_HDMI_AP, _P2_CA_PT_8C_PORT_PAGE2_AUDIO_FREQ_RESULT_M, ~_BIT4, _
             -BIT4);
              
                              ScalerGetDataPortByte(P2_C9_HDMI_AP, _P2_CA_PT_8C_PORT_PAGE2_AUDIO_FREQ_RESULT_M, 2, &pDat
             -a[2], _AUTOINC);
              
                              if((PDATA_WORD(1) & 0xFFF) < 0x171)
                              {
                                  DebugMessageAudio("Fs = 176.4kHz", (PDATA_WORD(1) & 0xFFF));
                                  return _AUDIO_FREQ_PACKET_176_4K;
                              }
                              else
                              {
                                  DebugMessageAudio("Fs = 192kHz", (PDATA_WORD(1) & 0xFFF));
                                  return _AUDIO_FREQ_PACKET_192K;
                              }
                          }
                          else
                          {
                              if(enumSamplingFreqType == _AUDIO_FREQ_176_4K)
                              {
                                  return _AUDIO_FREQ_PACKET_176_4K;
                              }
                              else
                              {
                                  return _AUDIO_FREQ_PACKET_192K;
                              }
                          }
              #else
C51 COMPILER V9.60.0.0   SCALERAUDIO                                                       09/20/2026 19:43:09 PAGE 7   

 348   2              case _AUDIO_FREQ_176_4K:
 349   2                  return _AUDIO_FREQ_PACKET_176_4K;
 350   2      
 351   2              case _AUDIO_FREQ_192K:
 352   2                  return _AUDIO_FREQ_PACKET_192K;
 353   2      #endif
 354   2      
 355   2              default:
 356   2                  break;
 357   2          }
 358   1      
 359   1          return _AUDIO_FREQ_PACKET_NO_AUDIO;
 360   1      }
 361          
 362          //--------------------------------------------------
 363          // Description  : Get User Define D Code of Audio Sampling Freq
 364          // Input Value  : EnumPortType
 365          // Input Value  : EnumAudioSamplingFreqType
 366          // Output Value : NF Code
 367          //--------------------------------------------------
 368          WORD ScalerAudioGetUserSamplingFreqDCode(EnumInputPortType enumPortType, EnumAudioSamplingFreqType enumAud
             -ioFreq)
 369          {
 370   1          WORD usDCode = 0x00;
 371   1      
 372   1          switch(enumAudioFreq)
 373   1          {
 374   2              case _AUDIO_FREQ_32K:
 375   2              case _AUDIO_FREQ_64K:
 376   2              case _AUDIO_FREQ_128K:
 377   2              case _AUDIO_FREQ_256K:
 378   2              case _AUDIO_FREQ_512K:
 379   2      
 380   2                  if(enumPortType == _PORT_DP)
 381   2                  {
 382   3                      usDCode = _DP_SAMPLING_FREQ_32K_GROUP_D_CODE;
 383   3                  }
 384   2                  else if(enumPortType == _PORT_HDMI)
 385   2                  {
 386   3                      usDCode = _HDMI_SAMPLING_FREQ_32K_GROUP_D_CODE;
 387   3                  }
 388   2      
 389   2                  break;
 390   2      
 391   2              case _AUDIO_FREQ_44_1K:
 392   2              case _AUDIO_FREQ_88_2K:
 393   2              case _AUDIO_FREQ_176_4K:
 394   2              case _AUDIO_FREQ_352_8K:
 395   2              case _AUDIO_FREQ_705_6K:
 396   2      
 397   2                  if(enumPortType == _PORT_DP)
 398   2                  {
 399   3                      usDCode = _DP_SAMPLING_FREQ_44K_GROUP_D_CODE;
 400   3                  }
 401   2                  else if(enumPortType == _PORT_HDMI)
 402   2                  {
 403   3                      usDCode = _HDMI_SAMPLING_FREQ_44K_GROUP_D_CODE;
 404   3                  }
 405   2      
 406   2                  break;
 407   2      
 408   2              case _AUDIO_FREQ_48K:
C51 COMPILER V9.60.0.0   SCALERAUDIO                                                       09/20/2026 19:43:09 PAGE 8   

 409   2              case _AUDIO_FREQ_96K:
 410   2              case _AUDIO_FREQ_192K:
 411   2              case _AUDIO_FREQ_384K:
 412   2              case _AUDIO_FREQ_768K:
 413   2      
 414   2                  if(enumPortType == _PORT_DP)
 415   2                  {
 416   3                      usDCode = _DP_SAMPLING_FREQ_48K_GROUP_D_CODE;
 417   3                  }
 418   2                  else if(enumPortType == _PORT_HDMI)
 419   2                  {
 420   3                      usDCode = _HDMI_SAMPLING_FREQ_48K_GROUP_D_CODE;
 421   3                  }
 422   2      
 423   2                  break;
 424   2      
 425   2              case _AUDIO_FREQ_NO_AUDIO:
 426   2              default:
 427   2      
 428   2                  if(enumPortType == _PORT_DP)
 429   2                  {
 430   3                      usDCode = _DP_SAMPLING_FREQ_48K_GROUP_D_CODE;
 431   3                  }
 432   2                  else if(enumPortType == _PORT_HDMI)
 433   2                  {
 434   3                      usDCode = _HDMI_SAMPLING_FREQ_48K_GROUP_D_CODE;
 435   3                  }
 436   2      
 437   2                  break;
 438   2          }
 439   1      
 440   1          return usDCode;
 441   1      }
 442          
 443          //--------------------------------------------------
 444          // Description  : Get User Define S Code of Audio Sampling Freq
 445          // Input Value  : EnumPortType
 446          // Input Value  : EnumAudioSamplingFreqType
 447          // Output Value : NF Code
 448          //--------------------------------------------------
 449          BYTE ScalerAudioGetUserSamplingFreqSCode(EnumInputPortType enumPortType, EnumAudioSamplingFreqType enumAud
             -ioFreq)
 450          {
 451   1          BYTE ucSCode = 0x00;
 452   1      
 453   1          switch(enumAudioFreq)
 454   1          {
 455   2              case _AUDIO_FREQ_32K:
 456   2      
 457   2                  if(enumPortType == _PORT_DP)
 458   2                  {
 459   3                      ucSCode = _DP_SAMPLING_FREQ_32K_GROUP_S_CODE;
 460   3                  }
 461   2                  else if(enumPortType == _PORT_HDMI)
 462   2                  {
 463   3                      ucSCode = _HDMI_SAMPLING_FREQ_32K_GROUP_S_CODE;
 464   3                  }
 465   2      
 466   2                  break;
 467   2      
 468   2              case _AUDIO_FREQ_44_1K:
 469   2      
C51 COMPILER V9.60.0.0   SCALERAUDIO                                                       09/20/2026 19:43:09 PAGE 9   

 470   2                  if(enumPortType == _PORT_DP)
 471   2                  {
 472   3                      ucSCode = _DP_SAMPLING_FREQ_44K_GROUP_S_CODE;
 473   3                  }
 474   2                  else if(enumPortType == _PORT_HDMI)
 475   2                  {
 476   3                      ucSCode = _HDMI_SAMPLING_FREQ_44K_GROUP_S_CODE;
 477   3                  }
 478   2                  break;
 479   2      
 480   2              case _AUDIO_FREQ_48K:
 481   2      
 482   2                  if(enumPortType == _PORT_DP)
 483   2                  {
 484   3                      ucSCode = _DP_SAMPLING_FREQ_48K_GROUP_S_CODE;
 485   3                  }
 486   2                  else if(enumPortType == _PORT_HDMI)
 487   2                  {
 488   3                      ucSCode = _HDMI_SAMPLING_FREQ_48K_GROUP_S_CODE;
 489   3                  }
 490   2      
 491   2                  break;
 492   2      
 493   2              case _AUDIO_FREQ_64K:
 494   2      
 495   2                  if(enumPortType == _PORT_DP)
 496   2                  {
 497   3                      ucSCode = _DP_SAMPLING_FREQ_32K_GROUP_S_CODE >> 1;
 498   3                  }
 499   2                  else if(enumPortType == _PORT_HDMI)
 500   2                  {
 501   3                      ucSCode = _HDMI_SAMPLING_FREQ_32K_GROUP_S_CODE >> 1;
 502   3                  }
 503   2      
 504   2                  break;
 505   2      
 506   2              case _AUDIO_FREQ_88_2K:
 507   2      
 508   2                  if(enumPortType == _PORT_DP)
 509   2                  {
 510   3                      ucSCode = _DP_SAMPLING_FREQ_44K_GROUP_S_CODE >> 1;
 511   3                  }
 512   2                  else if(enumPortType == _PORT_HDMI)
 513   2                  {
 514   3                      ucSCode = _HDMI_SAMPLING_FREQ_44K_GROUP_S_CODE >> 1;
 515   3                  }
 516   2      
 517   2                  break;
 518   2      
 519   2              case _AUDIO_FREQ_96K:
 520   2      
 521   2                  if(enumPortType == _PORT_DP)
 522   2                  {
 523   3                      ucSCode = _DP_SAMPLING_FREQ_48K_GROUP_S_CODE >> 1;
 524   3                  }
 525   2                  else if(enumPortType == _PORT_HDMI)
 526   2                  {
 527   3                      ucSCode = _HDMI_SAMPLING_FREQ_48K_GROUP_S_CODE >> 1;
 528   3                  }
 529   2      
 530   2                  break;
 531   2      
C51 COMPILER V9.60.0.0   SCALERAUDIO                                                       09/20/2026 19:43:09 PAGE 10  

 532   2              case _AUDIO_FREQ_128K:
 533   2      
 534   2                  if(enumPortType == _PORT_DP)
 535   2                  {
 536   3                      ucSCode = _DP_SAMPLING_FREQ_32K_GROUP_S_CODE >> 2;
 537   3                  }
 538   2                  else if(enumPortType == _PORT_HDMI)
 539   2                  {
 540   3                      ucSCode = _HDMI_SAMPLING_FREQ_32K_GROUP_S_CODE >> 2;
 541   3                  }
 542   2      
 543   2                  break;
 544   2      
 545   2              case _AUDIO_FREQ_176_4K:
 546   2      
 547   2                  if(enumPortType == _PORT_DP)
 548   2                  {
 549   3                      ucSCode = _DP_SAMPLING_FREQ_44K_GROUP_S_CODE >> 2;
 550   3                  }
 551   2                  else if(enumPortType == _PORT_HDMI)
 552   2                  {
 553   3                      ucSCode = _HDMI_SAMPLING_FREQ_44K_GROUP_S_CODE >> 2;
 554   3                  }
 555   2      
 556   2                  break;
 557   2      
 558   2              case _AUDIO_FREQ_192K:
 559   2      
 560   2                  if(enumPortType == _PORT_DP)
 561   2                  {
 562   3                      ucSCode = _DP_SAMPLING_FREQ_48K_GROUP_S_CODE >> 2;
 563   3                  }
 564   2                  else if(enumPortType == _PORT_HDMI)
 565   2                  {
 566   3                      ucSCode = _HDMI_SAMPLING_FREQ_48K_GROUP_S_CODE >> 2;
 567   3                  }
 568   2      
 569   2                  break;
 570   2      
 571   2              case _AUDIO_FREQ_256K:
 572   2      
 573   2                  if(enumPortType == _PORT_DP)
 574   2                  {
 575   3                      ucSCode = _DP_SAMPLING_FREQ_32K_GROUP_S_CODE >> 3;
 576   3                  }
 577   2                  else if(enumPortType == _PORT_HDMI)
 578   2                  {
 579   3                      ucSCode = _HDMI_SAMPLING_FREQ_32K_GROUP_S_CODE >> 3;
 580   3                  }
 581   2      
 582   2                  break;
 583   2      
 584   2              case _AUDIO_FREQ_352_8K:
 585   2      
 586   2                  if(enumPortType == _PORT_DP)
 587   2                  {
 588   3                      ucSCode = _DP_SAMPLING_FREQ_44K_GROUP_S_CODE >> 3;
 589   3                  }
 590   2                  else if(enumPortType == _PORT_HDMI)
 591   2                  {
 592   3                      ucSCode = _HDMI_SAMPLING_FREQ_44K_GROUP_S_CODE >> 3;
 593   3                  }
C51 COMPILER V9.60.0.0   SCALERAUDIO                                                       09/20/2026 19:43:09 PAGE 11  

 594   2      
 595   2                  break;
 596   2      
 597   2              case _AUDIO_FREQ_384K:
 598   2      
 599   2                  if(enumPortType == _PORT_DP)
 600   2                  {
 601   3                      ucSCode = _DP_SAMPLING_FREQ_48K_GROUP_S_CODE >> 3;
 602   3                  }
 603   2                  else if(enumPortType == _PORT_HDMI)
 604   2                  {
 605   3                      ucSCode = _HDMI_SAMPLING_FREQ_48K_GROUP_S_CODE >> 3;
 606   3                  }
 607   2      
 608   2                  break;
 609   2      
 610   2              case _AUDIO_FREQ_512K:
 611   2      
 612   2                  if(enumPortType == _PORT_DP)
 613   2                  {
 614   3                      ucSCode = _DP_SAMPLING_FREQ_32K_GROUP_S_CODE >> 4;
 615   3                  }
 616   2                  else if(enumPortType == _PORT_HDMI)
 617   2                  {
 618   3                      ucSCode = _HDMI_SAMPLING_FREQ_32K_GROUP_S_CODE >> 4;
 619   3                  }
 620   2      
 621   2                  break;
 622   2      
 623   2              case _AUDIO_FREQ_705_6K:
 624   2      
 625   2                  if(enumPortType == _PORT_DP)
 626   2                  {
 627   3                      ucSCode = _DP_SAMPLING_FREQ_44K_GROUP_S_CODE >> 4;
 628   3                  }
 629   2                  else if(enumPortType == _PORT_HDMI)
 630   2                  {
 631   3                      ucSCode = _HDMI_SAMPLING_FREQ_44K_GROUP_S_CODE >> 4;
 632   3                  }
 633   2      
 634   2                  break;
 635   2      
 636   2              case _AUDIO_FREQ_768K:
 637   2      
 638   2                  if(enumPortType == _PORT_DP)
 639   2                  {
 640   3                      ucSCode = _DP_SAMPLING_FREQ_48K_GROUP_S_CODE >> 4;
 641   3                  }
 642   2                  else if(enumPortType == _PORT_HDMI)
 643   2                  {
 644   3                      ucSCode = _HDMI_SAMPLING_FREQ_48K_GROUP_S_CODE >> 4;
 645   3                  }
 646   2      
 647   2                  break;
 648   2      
 649   2              case _AUDIO_FREQ_NO_AUDIO:
 650   2              default:
 651   2      
 652   2                  if(enumPortType == _PORT_DP)
 653   2                  {
 654   3                      ucSCode = _DP_SAMPLING_FREQ_48K_GROUP_S_CODE;
 655   3                  }
C51 COMPILER V9.60.0.0   SCALERAUDIO                                                       09/20/2026 19:43:09 PAGE 12  

 656   2                  else if(enumPortType == _PORT_HDMI)
 657   2                  {
 658   3                      ucSCode = _HDMI_SAMPLING_FREQ_48K_GROUP_S_CODE;
 659   3                  }
 660   2      
 661   2                  break;
 662   2          }
 663   1      
 664   1          return ucSCode;
 665   1      }
 666          
 667          //--------------------------------------------------
 668          // Description  : Get User Define D Code of Audio Sampling Freq
 669          // Input Value  : EnumPortType
 670          // Input Value  : EnumAudioSamplingFreqType
 671          // Output Value : NF Code
 672          //--------------------------------------------------
 673          WORD ScalerAudioGetUserSamplingFreqDCode_EXINT0(EnumInputPortType enumPortType, EnumAudioSamplingFreqType 
             -enumAudioFreq) using 1
 674          {
 675   1          WORD usDCode = 0x00;
 676   1      
 677   1          switch(enumAudioFreq)
 678   1          {
 679   2              case _AUDIO_FREQ_32K:
 680   2              case _AUDIO_FREQ_64K:
 681   2              case _AUDIO_FREQ_128K:
 682   2              case _AUDIO_FREQ_256K:
 683   2              case _AUDIO_FREQ_512K:
 684   2      
 685   2                  if(enumPortType == _PORT_DP)
 686   2                  {
 687   3                      usDCode = _DP_SAMPLING_FREQ_32K_GROUP_D_CODE;
 688   3                  }
 689   2                  else if(enumPortType == _PORT_HDMI)
 690   2                  {
 691   3                      usDCode = _HDMI_SAMPLING_FREQ_32K_GROUP_D_CODE;
 692   3                  }
 693   2      
 694   2                  break;
 695   2      
 696   2              case _AUDIO_FREQ_44_1K:
 697   2              case _AUDIO_FREQ_88_2K:
 698   2              case _AUDIO_FREQ_176_4K:
 699   2              case _AUDIO_FREQ_352_8K:
 700   2              case _AUDIO_FREQ_705_6K:
 701   2      
 702   2                  if(enumPortType == _PORT_DP)
 703   2                  {
 704   3                      usDCode = _DP_SAMPLING_FREQ_44K_GROUP_D_CODE;
 705   3                  }
 706   2                  else if(enumPortType == _PORT_HDMI)
 707   2                  {
 708   3                      usDCode = _HDMI_SAMPLING_FREQ_44K_GROUP_D_CODE;
 709   3                  }
 710   2      
 711   2                  break;
 712   2      
 713   2              case _AUDIO_FREQ_48K:
 714   2              case _AUDIO_FREQ_96K:
 715   2              case _AUDIO_FREQ_192K:
 716   2              case _AUDIO_FREQ_384K:
C51 COMPILER V9.60.0.0   SCALERAUDIO                                                       09/20/2026 19:43:09 PAGE 13  

 717   2              case _AUDIO_FREQ_768K:
 718   2      
 719   2                  if(enumPortType == _PORT_DP)
 720   2                  {
 721   3                      usDCode = _DP_SAMPLING_FREQ_48K_GROUP_D_CODE;
 722   3                  }
 723   2                  else if(enumPortType == _PORT_HDMI)
 724   2                  {
 725   3                      usDCode = _HDMI_SAMPLING_FREQ_48K_GROUP_D_CODE;
 726   3                  }
 727   2      
 728   2                  break;
 729   2      
 730   2              case _AUDIO_FREQ_NO_AUDIO:
 731   2              default:
 732   2      
 733   2                  if(enumPortType == _PORT_DP)
 734   2                  {
 735   3                      usDCode = _DP_SAMPLING_FREQ_48K_GROUP_D_CODE;
 736   3                  }
 737   2                  else if(enumPortType == _PORT_HDMI)
 738   2                  {
 739   3                      usDCode = _HDMI_SAMPLING_FREQ_48K_GROUP_D_CODE;
 740   3                  }
 741   2      
 742   2                  break;
 743   2          }
 744   1      
 745   1          return usDCode;
 746   1      }
 747          
 748          //--------------------------------------------------
 749          // Description  : Get User Define S Code of Audio Sampling Freq
 750          // Input Value  : EnumPortType
 751          // Input Value  : EnumAudioSamplingFreqType
 752          // Output Value : NF Code
 753          //--------------------------------------------------
 754          BYTE ScalerAudioGetUserSamplingFreqSCode_EXINT0(EnumInputPortType enumPortType, EnumAudioSamplingFreqType 
             -enumAudioFreq) using 1
 755          {
 756   1          BYTE ucSCode = 0x00;
 757   1      
 758   1          switch(enumAudioFreq)
 759   1          {
 760   2              case _AUDIO_FREQ_32K:
 761   2      
 762   2                  if(enumPortType == _PORT_DP)
 763   2                  {
 764   3                      ucSCode = _DP_SAMPLING_FREQ_32K_GROUP_S_CODE;
 765   3                  }
 766   2                  else if(enumPortType == _PORT_HDMI)
 767   2                  {
 768   3                      ucSCode = _HDMI_SAMPLING_FREQ_32K_GROUP_S_CODE;
 769   3                  }
 770   2      
 771   2                  break;
 772   2      
 773   2              case _AUDIO_FREQ_44_1K:
 774   2      
 775   2                  if(enumPortType == _PORT_DP)
 776   2                  {
 777   3                      ucSCode = _DP_SAMPLING_FREQ_44K_GROUP_S_CODE;
C51 COMPILER V9.60.0.0   SCALERAUDIO                                                       09/20/2026 19:43:09 PAGE 14  

 778   3                  }
 779   2                  else if(enumPortType == _PORT_HDMI)
 780   2                  {
 781   3                      ucSCode = _HDMI_SAMPLING_FREQ_44K_GROUP_S_CODE;
 782   3                  }
 783   2                  break;
 784   2      
 785   2              case _AUDIO_FREQ_48K:
 786   2      
 787   2                  if(enumPortType == _PORT_DP)
 788   2                  {
 789   3                      ucSCode = _DP_SAMPLING_FREQ_48K_GROUP_S_CODE;
 790   3                  }
 791   2                  else if(enumPortType == _PORT_HDMI)
 792   2                  {
 793   3                      ucSCode = _HDMI_SAMPLING_FREQ_48K_GROUP_S_CODE;
 794   3                  }
 795   2      
 796   2                  break;
 797   2      
 798   2              case _AUDIO_FREQ_64K:
 799   2      
 800   2                  if(enumPortType == _PORT_DP)
 801   2                  {
 802   3                      ucSCode = _DP_SAMPLING_FREQ_32K_GROUP_S_CODE >> 1;
 803   3                  }
 804   2                  else if(enumPortType == _PORT_HDMI)
 805   2                  {
 806   3                      ucSCode = _HDMI_SAMPLING_FREQ_32K_GROUP_S_CODE >> 1;
 807   3                  }
 808   2      
 809   2                  break;
 810   2      
 811   2              case _AUDIO_FREQ_88_2K:
 812   2      
 813   2                  if(enumPortType == _PORT_DP)
 814   2                  {
 815   3                      ucSCode = _DP_SAMPLING_FREQ_44K_GROUP_S_CODE >> 1;
 816   3                  }
 817   2                  else if(enumPortType == _PORT_HDMI)
 818   2                  {
 819   3                      ucSCode = _HDMI_SAMPLING_FREQ_44K_GROUP_S_CODE >> 1;
 820   3                  }
 821   2      
 822   2                  break;
 823   2      
 824   2              case _AUDIO_FREQ_96K:
 825   2      
 826   2                  if(enumPortType == _PORT_DP)
 827   2                  {
 828   3                      ucSCode = _DP_SAMPLING_FREQ_48K_GROUP_S_CODE >> 1;
 829   3                  }
 830   2                  else if(enumPortType == _PORT_HDMI)
 831   2                  {
 832   3                      ucSCode = _HDMI_SAMPLING_FREQ_48K_GROUP_S_CODE >> 1;
 833   3                  }
 834   2      
 835   2                  break;
 836   2      
 837   2              case _AUDIO_FREQ_128K:
 838   2      
 839   2                  if(enumPortType == _PORT_DP)
C51 COMPILER V9.60.0.0   SCALERAUDIO                                                       09/20/2026 19:43:09 PAGE 15  

 840   2                  {
 841   3                      ucSCode = _DP_SAMPLING_FREQ_32K_GROUP_S_CODE >> 2;
 842   3                  }
 843   2                  else if(enumPortType == _PORT_HDMI)
 844   2                  {
 845   3                      ucSCode = _HDMI_SAMPLING_FREQ_32K_GROUP_S_CODE >> 2;
 846   3                  }
 847   2      
 848   2                  break;
 849   2      
 850   2              case _AUDIO_FREQ_176_4K:
 851   2      
 852   2                  if(enumPortType == _PORT_DP)
 853   2                  {
 854   3                      ucSCode = _DP_SAMPLING_FREQ_44K_GROUP_S_CODE >> 2;
 855   3                  }
 856   2                  else if(enumPortType == _PORT_HDMI)
 857   2                  {
 858   3                      ucSCode = _HDMI_SAMPLING_FREQ_44K_GROUP_S_CODE >> 2;
 859   3                  }
 860   2      
 861   2                  break;
 862   2      
 863   2              case _AUDIO_FREQ_192K:
 864   2      
 865   2                  if(enumPortType == _PORT_DP)
 866   2                  {
 867   3                      ucSCode = _DP_SAMPLING_FREQ_48K_GROUP_S_CODE >> 2;
 868   3                  }
 869   2                  else if(enumPortType == _PORT_HDMI)
 870   2                  {
 871   3                      ucSCode = _HDMI_SAMPLING_FREQ_48K_GROUP_S_CODE >> 2;
 872   3                  }
 873   2      
 874   2                  break;
 875   2      
 876   2              case _AUDIO_FREQ_256K:
 877   2      
 878   2                  if(enumPortType == _PORT_DP)
 879   2                  {
 880   3                      ucSCode = _DP_SAMPLING_FREQ_32K_GROUP_S_CODE >> 3;
 881   3                  }
 882   2                  else if(enumPortType == _PORT_HDMI)
 883   2                  {
 884   3                      ucSCode = _HDMI_SAMPLING_FREQ_32K_GROUP_S_CODE >> 3;
 885   3                  }
 886   2      
 887   2                  break;
 888   2      
 889   2              case _AUDIO_FREQ_352_8K:
 890   2      
 891   2                  if(enumPortType == _PORT_DP)
 892   2                  {
 893   3                      ucSCode = _DP_SAMPLING_FREQ_44K_GROUP_S_CODE >> 3;
 894   3                  }
 895   2                  else if(enumPortType == _PORT_HDMI)
 896   2                  {
 897   3                      ucSCode = _HDMI_SAMPLING_FREQ_44K_GROUP_S_CODE >> 3;
 898   3                  }
 899   2      
 900   2                  break;
 901   2      
C51 COMPILER V9.60.0.0   SCALERAUDIO                                                       09/20/2026 19:43:09 PAGE 16  

 902   2              case _AUDIO_FREQ_384K:
 903   2      
 904   2                  if(enumPortType == _PORT_DP)
 905   2                  {
 906   3                      ucSCode = _DP_SAMPLING_FREQ_48K_GROUP_S_CODE >> 3;
 907   3                  }
 908   2                  else if(enumPortType == _PORT_HDMI)
 909   2                  {
 910   3                      ucSCode = _HDMI_SAMPLING_FREQ_48K_GROUP_S_CODE >> 3;
 911   3                  }
 912   2      
 913   2                  break;
 914   2      
 915   2              case _AUDIO_FREQ_512K:
 916   2      
 917   2                  if(enumPortType == _PORT_DP)
 918   2                  {
 919   3                      ucSCode = _DP_SAMPLING_FREQ_32K_GROUP_S_CODE >> 4;
 920   3                  }
 921   2                  else if(enumPortType == _PORT_HDMI)
 922   2                  {
 923   3                      ucSCode = _HDMI_SAMPLING_FREQ_32K_GROUP_S_CODE >> 4;
 924   3                  }
 925   2      
 926   2                  break;
 927   2      
 928   2              case _AUDIO_FREQ_705_6K:
 929   2      
 930   2                  if(enumPortType == _PORT_DP)
 931   2                  {
 932   3                      ucSCode = _DP_SAMPLING_FREQ_44K_GROUP_S_CODE >> 4;
 933   3                  }
 934   2                  else if(enumPortType == _PORT_HDMI)
 935   2                  {
 936   3                      ucSCode = _HDMI_SAMPLING_FREQ_44K_GROUP_S_CODE >> 4;
 937   3                  }
 938   2      
 939   2                  break;
 940   2      
 941   2              case _AUDIO_FREQ_768K:
 942   2      
 943   2                  if(enumPortType == _PORT_DP)
 944   2                  {
 945   3                      ucSCode = _DP_SAMPLING_FREQ_48K_GROUP_S_CODE >> 4;
 946   3                  }
 947   2                  else if(enumPortType == _PORT_HDMI)
 948   2                  {
 949   3                      ucSCode = _HDMI_SAMPLING_FREQ_48K_GROUP_S_CODE >> 4;
 950   3                  }
 951   2      
 952   2                  break;
 953   2      
 954   2              case _AUDIO_FREQ_NO_AUDIO:
 955   2              default:
 956   2      
 957   2                  if(enumPortType == _PORT_DP)
 958   2                  {
 959   3                      ucSCode = _DP_SAMPLING_FREQ_48K_GROUP_S_CODE;
 960   3                  }
 961   2                  else if(enumPortType == _PORT_HDMI)
 962   2                  {
 963   3                      ucSCode = _HDMI_SAMPLING_FREQ_48K_GROUP_S_CODE;
C51 COMPILER V9.60.0.0   SCALERAUDIO                                                       09/20/2026 19:43:09 PAGE 17  

 964   3                  }
 965   2      
 966   2                  break;
 967   2          }
 968   1      
 969   1          return ucSCode;
 970   1      }
 971          
 972          #if(_INTERNAL_AUDIO_TEST_SUPPORT == _ON)
              //--------------------------------------------------
              // Description  : Audio Frequency Set By User Define
              // Input Value  : EnumAudioSamplingFreqType
              // Output Value : None
              //--------------------------------------------------
              void ScalerAudioSetUserDefineAudioGenFrequency(EnumAudioSamplingFreqType enumAudioFreq)
              {
                  BYTE ucSCode = ScalerAudioGetSamplingFreqPacket(enumAudioFreq);
              
                  ucSCode = ScalerAudioGetUserSamplingFreqSCode(_PORT_HDMI, enumAudioFreq);
              
                  // Update Audio Frequency
                  SET_AUDIO_GEN_FREQ_MAPPING(enumAudioFreq);
              
                  // Set Frequency Parameters
                  switch(enumAudioFreq)
                  {
                      case _AUDIO_FREQ_32K:
                      case _AUDIO_FREQ_64K:
                      case _AUDIO_FREQ_128K:
                      case _AUDIO_FREQ_256K:
                      case _AUDIO_FREQ_512K:
              
                          SET_AUDIO_GEN_FREQ_S_CODE(ucSCode);
                          SET_AUDIO_GEN_FREQ_D_CODE(_HDMI_SAMPLING_FREQ_32K_GROUP_D_CODE);
              
                          break;
              
                      case _AUDIO_FREQ_44_1K:
                      case _AUDIO_FREQ_88_2K:
                      case _AUDIO_FREQ_176_4K:
                      case _AUDIO_FREQ_352_8K:
                      case _AUDIO_FREQ_705_6K:
              
                          SET_AUDIO_GEN_FREQ_S_CODE(ucSCode);
                          SET_AUDIO_GEN_FREQ_D_CODE(_HDMI_SAMPLING_FREQ_44K_GROUP_D_CODE);
              
                          break;
              
                      case _AUDIO_FREQ_48K:
                      case _AUDIO_FREQ_96K:
                      case _AUDIO_FREQ_192K:
                      case _AUDIO_FREQ_384K:
                      case _AUDIO_FREQ_768K:
              
                          SET_AUDIO_GEN_FREQ_S_CODE(ucSCode);
                          SET_AUDIO_GEN_FREQ_D_CODE(_HDMI_SAMPLING_FREQ_48K_GROUP_D_CODE);
              
              
                          break;
              
                      default:
              
C51 COMPILER V9.60.0.0   SCALERAUDIO                                                       09/20/2026 19:43:09 PAGE 18  

                          // Set Frequency Parameters to 500Hz
                          SET_AUDIO_GEN_FREQ_S_CODE(_HDMI_SAMPLING_FREQ_32K_GROUP_S_CODE);
                          SET_AUDIO_GEN_FREQ_D_CODE(_HDMI_SAMPLING_FREQ_32K_GROUP_D_CODE);
              
                          break;
                  }
              }
              #endif
1034          
1035          #if(_HDMI_SUPPORT == _ON)
1036          //--------------------------------------------------
1037          // Description  : SPDIF/IIS Output By Channel Allocation
1038          // Input Value  : Channel Allocation
1039          // Output Value : Which channel need active
1040          //--------------------------------------------------
1041          BYTE ScalerAudioChannelOutputSel(BYTE ucCa)
1042          {
1043   1          // ucRseult[0/1/2/3] = SPDIF/IIS Lane 4/3/2/1
1044   1          BYTE ucResult = 0x0F;
1045   1      
1046   1          switch(ucCa)
1047   1          {
1048   2              case 0x01:
1049   2              case 0x02:
1050   2              case 0x03:
1051   2      
1052   2                  // Lane1,2
1053   2                  ucResult = 0x03;
1054   2                  break;
1055   2      
1056   2              case 0x04:
1057   2              case 0x08:
1058   2      
1059   2                  // Lane1,3
1060   2                  ucResult = 0x05;
1061   2                  break;
1062   2      
1063   2              case 0x05:
1064   2              case 0x06:
1065   2              case 0x07:
1066   2              case 0x09:
1067   2              case 0x0A:
1068   2              case 0x0B:
1069   2      
1070   2                  // Lane1,2,3
1071   2                  ucResult = 0x07;
1072   2                  break;
1073   2      
1074   2              case 0x14:
1075   2      
1076   2                  // Lane1,4
1077   2                  ucResult = 0x09;
1078   2                  break;
1079   2      
1080   2              case 0x15:
1081   2              case 0x16:
1082   2              case 0x17:
1083   2      
1084   2                  // Lane1,2,4
1085   2                  ucResult = 0x0B;
1086   2                  break;
1087   2      
C51 COMPILER V9.60.0.0   SCALERAUDIO                                                       09/20/2026 19:43:09 PAGE 19  

1088   2              case 0x0C:
1089   2              case 0x10:
1090   2              case 0x18:
1091   2              case 0x1C:
1092   2              case 0x24:
1093   2              case 0x26:
1094   2      
1095   2                  // Lane1,3,4
1096   2                  ucResult = 0x0D;
1097   2                  break;
1098   2      
1099   2              case 0x0D:
1100   2              case 0x0E:
1101   2              case 0x0F:
1102   2              case 0x11:
1103   2              case 0x12:
1104   2              case 0x13:
1105   2              case 0x19:
1106   2              case 0x1A:
1107   2              case 0x1B:
1108   2              case 0x1D:
1109   2              case 0x1E:
1110   2              case 0x1F:
1111   2              case 0x20:
1112   2              case 0x21:
1113   2              case 0x22:
1114   2              case 0x23:
1115   2              case 0x25:
1116   2              case 0x27:
1117   2              case 0x28:
1118   2              case 0x29:
1119   2              case 0x2A:
1120   2              case 0x2B:
1121   2              case 0x2C:
1122   2              case 0x2D:
1123   2              case 0x2E:
1124   2              case 0x2F:
1125   2              case 0x30:
1126   2              case 0x31:
1127   2      
1128   2                  // Lane1,2,3,4
1129   2                  ucResult = 0x0F;
1130   2                  break;
1131   2      
1132   2              default:
1133   2                  break;
1134   2          }
1135   1      
1136   1          return ucResult;
1137   1      }
1138          #endif
1139          
1140          #if(_LINE_IN_SUPPORT == _ON)
1141          #if(_HW_DIGITAL_PORT_COMBO_PHY_TYPE != _DIGITAL_PORT_COMBO_PHY_NONE)
              #if(_DP_SUPPORT == _ON)
              //--------------------------------------------------
              // Description  : Get Current Audio Port For Output Type
              // Input Value  : None
              // Output Value : audio port
              //--------------------------------------------------
              BYTE ScalerAudioGetDigitalAudioPort_EXINT0(EnumAudioOutputType enumAudioOutput) using 1
              {
C51 COMPILER V9.60.0.0   SCALERAUDIO                                                       09/20/2026 19:43:09 PAGE 20  

                  switch(enumAudioOutput)
                  {
                      case _AUDIO_DAC_OUT:
              
                          return (ScalerGetBit_EXINT(P6F_01_MUX_DA_DVC_IN, (_BIT2 | _BIT1 | _BIT0)));
              
                      case _AUDIO_I2S_OUT:
              
                          return (ScalerGetBit_EXINT(P6F_00_MUX_DIG_OUT, (_BIT6 | _BIT5 | _BIT4)) >> 4);
              
                      case _AUDIO_SPDIF_OUT:
              
                          return (ScalerGetBit_EXINT(P6F_00_MUX_DIG_OUT, (_BIT2 | _BIT1 | _BIT0)));
              
              #if(_DP_TX_SUPPORT == _ON)
                      case _AUDIO_DPTX_OUT:
              
                          return (ScalerGetBit_EXINT(P6F_02_MUX_DP_I2S_IN, (_BIT2 | _BIT1 | _BIT0)));
              #endif
              
                      default:
                          break;
                  }
              
                  return _AUDIO_FROM_D0_PORT;
              }
              #endif
              
              //--------------------------------------------------
              // Description  : Get Current DAC Input Source
              // Input Value  : None
              // Output Value : _LINE_IN_AUDIO/ _DIGITAL_AUDIO
              //--------------------------------------------------
              EnumAudioInputSource ScalerAudioGetInputSource_EXINT0(void) using 1
              {
                  return ((ScalerGetBit_EXINT(P6_D1_DA_MUTE, _BIT3) == 0x00) ? _DIGITAL_AUDIO : _LINE_IN_AUDIO);
              }
              #endif
1188          
1189          //--------------------------------------------------
1190          // Description  : Get Current DAC Input Source
1191          // Input Value  : None
1192          // Output Value : _LINE_IN_AUDIO/ _DIGITAL_AUDIO
1193          //--------------------------------------------------
1194          EnumAudioInputSource ScalerAudioGetInputSource(void)
1195          {
1196   1          return ((ScalerGetBit(P6_D1_DA_MUTE, _BIT3) == 0x00) ? _DIGITAL_AUDIO : _LINE_IN_AUDIO);
1197   1      }
1198          #endif
1199          
1200          #if(_EMBEDDED_DAC_SUPPORT == _ON)
1201          //--------------------------------------------------
1202          // Description  : Initial Audio DAC
1203          // Input Value  : None
1204          // Output Value : None
1205          //--------------------------------------------------
1206          void ScalerAudioDACInitial(void)
1207          {
1208   1          ScalerSetBit(P6_C0_REG_DAC_POWER0, ~(_BIT7 | _BIT6 | _BIT3 | _BIT1 | _BIT0), (_BIT7 | _BIT6 | _BIT3 | 
             -_BIT1 | _BIT0));
1209   1      
1210   1      #if(_DAC_SPEAKER_OUTPUT_SUPPORT == _ON)
C51 COMPILER V9.60.0.0   SCALERAUDIO                                                       09/20/2026 19:43:09 PAGE 21  

1211   1          // Power On for Line Out Power
1212   1          ScalerSetBit(P6_C0_REG_DAC_POWER0, ~_BIT5, _BIT5);
1213   1      #else
                  // Power OFF for Line Out Power
                  ScalerSetBit(P6_C0_REG_DAC_POWER0, ~_BIT5, 0x00);
              #endif
1217   1      
1218   1      #if(_DAC_HP_OUTPUT_SUPPORT == _ON)
1219   1          // Power On for HeadFone Power
1220   1          ScalerSetBit(P6_C0_REG_DAC_POWER0, ~_BIT4, _BIT4);
1221   1      #else
                  // Power OFF for HeadFone Power
                  ScalerSetBit(P6_C0_REG_DAC_POWER0, ~_BIT4, 0x00);
              #endif
1225   1      
1226   1          // Set DAC Clock Divider, Enable Depop Clock and Set Depop Clock
1227   1          ScalerSetByte(P6_D4_DA_CLK_CTRL, 0x12);
1228   1      
1229   1          // Power On Depop Circuit and Set Vcm Voltage as 1.65V
1230   1          ScalerSetByte(P6_C1_REG_DAC_POWER1, 0xF1);
1231   1      
1232   1          // Set DAC Dither Function
1233   1          ScalerSetBit(P6_D0_DA_CTRL, ~(_BIT5 | _BIT4), (_DAC_DITHER_FUNCTION_LEVEL << 4));
1234   1      
1235   1          // Mute DAC and Set DAC Clock Source
1236   1          ScalerSetBit(P6_D1_DA_MUTE, ~(_BIT7 | _BIT6 | _BIT3), 0x00);
1237   1      
1238   1          // Set DAC Volume Of L Ch
1239   1          ScalerSetByte(P6_D2_DA_GAIN_L, 0x57);
1240   1      
1241   1          // Set DAC Volume Of R Ch
1242   1          ScalerSetByte(P6_D3_DA_GAIN_R, 0x57);
1243   1      
1244   1          // Set Double Buffer
1245   1          ScalerSetBit(P6_D2_DA_GAIN_L, ~_BIT7, _BIT7);
1246   1      
1247   1      #if(_DAC_SPEAKER_OUTPUT_SWAP == _OFF)
1248   1          // Set Speaker L/R Output
1249   1          ScalerSetBit(P6_E0_REG_MUX_ANA_OUT, ~(_BIT7 | _BIT6 | _BIT5 | _BIT4), 0x00);
1250   1      #else
                  // Swap Speaker L/R Output
                  ScalerSetBit(P6_E0_REG_MUX_ANA_OUT, ~(_BIT7 | _BIT6 | _BIT5 | _BIT4), (_BIT6 | _BIT4));
              #endif
1254   1      
1255   1      #if(_DAC_HP_OUTPUT_SWAP == _OFF)
1256   1          // Set Headphone L/R Output
1257   1          ScalerSetBit(P6_E0_REG_MUX_ANA_OUT, ~(_BIT3 | _BIT2 | _BIT1 | _BIT0), 0x00);
1258   1      #else
                  // Swap Headphone L/R Output
                  ScalerSetBit(P6_E0_REG_MUX_ANA_OUT, ~(_BIT3 | _BIT2 | _BIT1 | _BIT0), (_BIT2 | _BIT0));
              #endif
1262   1      }
1263          
1264          //--------------------------------------------------
1265          // Description  : Switch audio output (AOUT / HPOut)
1266          // Input Value  : enumDACOutput
1267          // Output Value : None
1268          //--------------------------------------------------
1269          void ScalerAudioDACOutputSwitch(EnumAudioDACOutput enumDACOutput)
1270          {
1271   1          switch(enumDACOutput)
1272   1          {
C51 COMPILER V9.60.0.0   SCALERAUDIO                                                       09/20/2026 19:43:09 PAGE 22  

1273   2      #if((_DAC_SPEAKER_OUTPUT_SUPPORT == _ON) && (_DAC_HP_OUTPUT_SUPPORT == _ON))
1274   2              case _AUDIO_DAC_OUTPUT_BOTH:
1275   2      
1276   2                  ScalerSetBit(P6_C0_REG_DAC_POWER0, ~(_BIT5 | _BIT4), (_BIT5 | _BIT4));
1277   2                  break;
1278   2      #endif
1279   2      
1280   2      #if(_DAC_SPEAKER_OUTPUT_SUPPORT == _ON)
1281   2              case _AUDIO_DAC_OUTPUT_SPEAKER:
1282   2      
1283   2                  ScalerSetBit(P6_C0_REG_DAC_POWER0, ~(_BIT5 | _BIT4), _BIT5);
1284   2                  break;
1285   2      #endif
1286   2      
1287   2      #if(_DAC_HP_OUTPUT_SUPPORT == _ON)
1288   2              case _AUDIO_DAC_OUTPUT_HEADPHONE:
1289   2      
1290   2                  ScalerSetBit(P6_C0_REG_DAC_POWER0, ~(_BIT5 | _BIT4), _BIT4);
1291   2                  break;
1292   2      #endif
1293   2      
1294   2              default:
1295   2      
1296   2                  ScalerSetBit(P6_C0_REG_DAC_POWER0, ~(_BIT5 | _BIT4), 0x00);
1297   2      
1298   2                  break;
1299   2          }
1300   1      }
1301          
1302          //--------------------------------------------------
1303          // Description  : Change Auido DAC State
1304          // Input Value  : Target Audio DAC State
1305          // Output Value : None
1306          //--------------------------------------------------
1307          void ScalerAudioDACSetState(EnumAudioDACState enumTargetState)
1308          {
1309   1          SET_AUDIO_DAC_STATE(enumTargetState);
1310   1          SET_AUDIO_DAC_STATE_CHANGE();
1311   1      }
1312          
1313          //--------------------------------------------------
1314          // Description  : Get Curretn DAC State
1315          // Input Value  : None
1316          // Output Value : Current DAC State
1317          //--------------------------------------------------
1318          EnumAudioDACState ScalerAudioDACGetState(void)
1319          {
1320   1          return GET_AUDIO_DAC_STATE();
1321   1      }
1322          
1323          //--------------------------------------------------
1324          // Description  : Get Curretn DAC State Change
1325          // Input Value  : None
1326          // Output Value : TRUE => State Changed
1327          //--------------------------------------------------
1328          bit ScalerAudioDACGetStateChange(void)
1329          {
1330   1          return GET_AUDIO_DAC_STATE_CHANGE();
1331   1      }
1332          
1333          //--------------------------------------------------
1334          // Description  : Clear DAC State Change
C51 COMPILER V9.60.0.0   SCALERAUDIO                                                       09/20/2026 19:43:09 PAGE 23  

1335          // Input Value  : None
1336          // Output Value : None
1337          //--------------------------------------------------
1338          void ScalerAudioDACClrStateChange(void)
1339          {
1340   1          CLR_AUDIO_DAC_STATE_CHANGE();
1341   1      }
1342          
1343          //--------------------------------------------------
1344          // Description  : When Vcm already charge to AVDD/2, Vo(Output Voltage) should charge as Vcm
1345          // Input Value  : bReady
1346          // Output Value : None
1347          //--------------------------------------------------
1348          void ScalerAudioDACSetVcmReady(bit bReady)
1349          {
1350   1          ScalerSetBit(P6_C5_REG_ANA_CTRL, ~_BIT0, (BYTE) bReady);
1351   1      }
1352          
1353          //--------------------------------------------------
1354          // Description  : Transfer depop mode to Normal mode
1355          // Input Value  : None
1356          // Output Value : None
1357          //--------------------------------------------------
1358          void ScalerAudioDACNormalToDepop(void)
1359          {
1360   1          ScalerAudioDACSetVcmReady(_OFF);
1361   1      
1362   1          // Transfer normal to depop operation for AOUT
1363   1          ScalerSetBit(P6_C6_REG_AOUT_CTRL, ~_BIT3, 0x00);
1364   1      
1365   1          // Transfer normal to depop operation for HP output
1366   1          ScalerSetBit(P6_C7_REG_HPOUT_CTRL, ~_BIT3, 0x00);
1367   1      
1368   1          // Disable AOUT
1369   1          ScalerSetBit(P6_C6_REG_AOUT_CTRL, ~(_BIT7 | _BIT6), (_BIT7 | _BIT6));
1370   1      
1371   1          // Disable HP output
1372   1          ScalerSetBit(P6_C7_REG_HPOUT_CTRL, ~(_BIT7 | _BIT6), (_BIT7 | _BIT6));
1373   1      
1374   1          ScalerAudioDACSetVcmReady(_ON);
1375   1      
1376   1          ScalerAudioDACSetState(_AUDIO_DAC_DEPOP);
1377   1      }
1378          
1379          //--------------------------------------------------
1380          // Description  : Transfer depop mode to normal mode
1381          // Input Value  : None
1382          // Output Value : None
1383          //--------------------------------------------------
1384          void ScalerAudioDACDepopToNormal(void)
1385          {
1386   1          // Transfer depop to normal operation for AOUT
1387   1          ScalerSetBit(P6_C6_REG_AOUT_CTRL, ~_BIT3, _BIT3);
1388   1      
1389   1          // Transfer depop to normal operation and enable driving current for HP output
1390   1          ScalerSetBit(P6_C7_REG_HPOUT_CTRL, ~_BIT3, _BIT3);
1391   1      
1392   1          // Disable Vcm ready
1393   1          ScalerAudioDACSetVcmReady(_OFF);
1394   1      
1395   1          ScalerAudioDACSetState(_AUDIO_DAC_READY);
1396   1      }
C51 COMPILER V9.60.0.0   SCALERAUDIO                                                       09/20/2026 19:43:09 PAGE 24  

1397          
1398          //--------------------------------------------------
1399          // Description  : Switch AOUT/HPOUT to Normal Output
1400          // Input Value  : None
1401          // Output Value : None
1402          //--------------------------------------------------
1403          void ScalerAudioDACOutputEnable(void)
1404          {
1405   1          ScalerAudioDACSetVcmReady(_OFF);
1406   1      
1407   1      #if(_DAC_SPEAKER_OUTPUT_SUPPORT == _ON)
1408   1          if(ScalerGetBit(P6_C0_REG_DAC_POWER0, _BIT5) == _BIT5)
1409   1          {
1410   2              // Enable AOUT
1411   2              ScalerSetBit(P6_C6_REG_AOUT_CTRL, ~(_BIT7 | _BIT6), 0x00);
1412   2          }
1413   1      #endif
1414   1      
1415   1      #if(_DAC_HP_OUTPUT_SUPPORT == _ON)
1416   1          if(ScalerGetBit(P6_C0_REG_DAC_POWER0, _BIT4) == _BIT4)
1417   1          {
1418   2              // Enable HP Output
1419   2              ScalerSetBit(P6_C7_REG_HPOUT_CTRL, ~(_BIT7 | _BIT6), 0x00);
1420   2          }
1421   1      #endif
1422   1      
1423   1          ScalerAudioDACSetVcmReady(_ON);
1424   1      }
1425          
1426          //--------------------------------------------------
1427          // Description  : Get Current DAC Output Channel
1428          // Input Value  : None
1429          // Output Value : EnumAudioDACOutput
1430          //--------------------------------------------------
1431          EnumAudioDACOutput ScalerAudioDACGetOutput(void)
1432          {
1433   1          if(ScalerGetBit(P6_C0_REG_DAC_POWER0, (_BIT5 | _BIT4)) == (_BIT5 | _BIT4))
1434   1          {
1435   2              return _AUDIO_DAC_OUTPUT_BOTH;
1436   2          }
1437   1          else if(ScalerGetBit(P6_C0_REG_DAC_POWER0, (_BIT5 | _BIT4)) == _BIT5)
1438   1          {
1439   2              return _AUDIO_DAC_OUTPUT_SPEAKER;
1440   2          }
1441   1          else if(ScalerGetBit(P6_C0_REG_DAC_POWER0, (_BIT5 | _BIT4)) == _BIT4)
1442   1          {
1443   2              return _AUDIO_DAC_OUTPUT_HEADPHONE;
1444   2          }
1445   1      
1446   1          return _AUDIO_DAC_OUTPUT_NONE;
1447   1      }
1448          
1449          //--------------------------------------------------
1450          // Description  : Set DAC Output Gain
1451          // Input Value  : EnumAudioDACOutput, ucOutputGain
1452          // Output Value : None
1453          //--------------------------------------------------
1454          void ScalerAudioDACSetOutputGain(EnumAudioDACOutput enumOutputType, EnumAudioDacOutputGain enumOutputGain)
1455          {
1456   1          if(enumOutputType == _AUDIO_DAC_OUTPUT_SPEAKER)
1457   1          {
1458   2              // Set AOUT Gain After DAC Block
C51 COMPILER V9.60.0.0   SCALERAUDIO                                                       09/20/2026 19:43:09 PAGE 25  

1459   2              ScalerSetBit(P6_C8_REG_OUT_GAIN, ~(_BIT6 | _BIT5 | _BIT4), (enumOutputGain << 4));
1460   2          }
1461   1          else if(enumOutputType == _AUDIO_DAC_OUTPUT_HEADPHONE)
1462   1          {
1463   2              // Set HPOUT Gain After DAC Block
1464   2              ScalerSetBit(P6_C8_REG_OUT_GAIN, ~(_BIT2 | _BIT1 | _BIT0), enumOutputGain);
1465   2          }
1466   1          else if(enumOutputType == _AUDIO_DAC_OUTPUT_BOTH)
1467   1          {
1468   2              // Set AOUT and HPOUT Gain After DAC Block
1469   2              ScalerSetBit(P6_C8_REG_OUT_GAIN, ~(_BIT6 | _BIT5 | _BIT4 | _BIT2 | _BIT1 | _BIT0), ((enumOutputGai
             -n << 4) | enumOutputGain));
1470   2          }
1471   1      }
1472          #endif // End of #if(_EMBEDDED_DAC_SUPPORT == _ON)
1473          
1474          //--------------------------------------------------
1475          // Description  : Initial DVC Settings
1476          // Input Value  : None
1477          // Output Value : None
1478          //--------------------------------------------------
1479          void ScalerAudioDVCInitial(void)
1480          {
1481   1          // Enable DVC function and counter
1482   1          ScalerSetBit(P8_A0_DVC_EN, ~(_BIT7 | _BIT6), _BIT7);
1483   1      
1484   1          // Set DVC ZCD window size
1485   1          ScalerSetBit(P8_A3_DVC_ZC_WIN_CTRL_0, ~(_BIT3 | _BIT2 | _BIT1 | _BIT0), HIBYTE(_DVC_ZCD_TIMEOUT_DEFAUL
             -T));
1486   1          ScalerSetByte(P8_A4_DVC_ZC_WIN_CTRL_1, LOBYTE(_DVC_ZCD_TIMEOUT_DEFAULT));
1487   1      
1488   1          // Select DVC Volume Adjust Type
1489   1          ScalerAudioDVCVolumeAdjustType(_DVC_ADJUST_TYPE);
1490   1      
1491   1      #if((_DIGITAL_AUDIO_I2S_OUTPUT_L_R_CHANNEL_SWAP_SUPPORT == _ON) && (_DIGITAL_AUDIO_OUTPUT_ADJUST_VOLUME_SU
             -PPORT == _OFF) && (_EMBEDDED_DAC_SUPPORT == _OFF))
                  // Initial DVC gain = 0x3FFF
                  ScalerAudioDVCAdjustVolume(0x3FFF);
              #else
1495   1          // Initial DVC gain = 0
1496   1          ScalerAudioDVCAdjustVolume(0x00);
1497   1      #endif
1498   1      
1499   1          // Initial DVC Mute Control Status
1500   1          SET_AUDIO_DVC_MUTE_CTRL_STATUS(_ON);
1501   1      
1502   1      #if((_DIGITAL_AUDIO_OUTPUT_ADJUST_VOLUME_SUPPORT == _ON) || (_DIGITAL_AUDIO_I2S_OUTPUT_L_R_CHANNEL_SWAP_SU
             -PPORT == _ON))
              #if(_LINE_IN_SUPPORT == _OFF)
                  // Set Sampling Frequency "48kHz" For S/PDIF Output From ADC In
                  ScalerSetBit(P6_E2_AD_SPDIF_CS_0, ~(_BIT3 | _BIT2 | _BIT1 | _BIT0), _AUDIO_SPDIF_FS_48KHZ);
              
                  // Set Channel Count "2 ch" For S/PDIF Output From ADC In
                  ScalerSetBit(P6_E3_AD_SPDIF_CS_1, ~(_BIT7 | _BIT6 | _BIT5 | _BIT4), 0x00);
              
                  // Enable I2S Output for ADC In
                  ScalerSetBit(P6_E7_AD_I2S_CTRL, ~_BIT7, _BIT7);
              #endif
              
                  // Select SPDIF from DVC path
                  ScalerSetBit(P6_E1_AD_SPDIF_CTRL, ~_BIT4, _BIT4);
              
C51 COMPILER V9.60.0.0   SCALERAUDIO                                                       09/20/2026 19:43:09 PAGE 26  

                  // Select I2S from DVC path
                  ScalerSetBit(P6_E7_AD_I2S_CTRL, ~_BIT5, _BIT5);
              
                  // Set I2S and SPDIF From DVC path
                  ScalerSetBit(P6F_00_MUX_DIG_OUT, ~(_BIT6 | _BIT5 | _BIT4 | _BIT2 | _BIT1 | _BIT0), (_AUDIO_FROM_ADC_PO
             -RT << 4) | _AUDIO_FROM_ADC_PORT);
              #endif
1523   1      
1524   1      #if(_DIGITAL_AUDIO_I2S_OUTPUT_L_R_CHANNEL_SWAP_SUPPORT == _OFF)
1525   1          // Disable I2S Output Swap LR channel
1526   1          ScalerSetBit(P6_E7_AD_I2S_CTRL, ~_BIT6, _HW_AUDIO_I2S_LR_NO_SWAP);
1527   1      #else
                  // Enable I2S Output Swap LR channel
                  ScalerSetBit(P6_E7_AD_I2S_CTRL, ~_BIT6, _HW_AUDIO_I2S_LR_SWAP);
              #endif
1531   1      }
1532          
1533          //--------------------------------------------------
1534          // Description  : Select DVC Volume Adjust Type
1535          // Input Value  : _DB_GAIN, _VOLUME_STEP_SIZE
1536          // Output Value : None
1537          //--------------------------------------------------
1538          void ScalerAudioDVCVolumeAdjustType(bit bAdjustType)
1539          {
1540   1          if(bAdjustType == _DB_GAIN)
1541   1          {
1542   2              // Select value mode and set DB gain setp
1543   2              ScalerSetBit(P8_A0_DVC_EN, ~(_BIT4 | _BIT3 | _BIT2 | _BIT1 | _BIT0), ((_DB_GAIN_DOWN_VALUE << 2) |
             - _DB_GAIN_UP_VALUE));
1544   2      
1545   2              // Initial volume step size for DB gain mode
1546   2              ScalerSetBit(P8_A1_DVC_VA_MSB, ~(_BIT5 | _BIT4 | _BIT3 | _BIT2 | _BIT1 | _BIT0), 0x00);
1547   2              ScalerSetByte(P8_A2_DVC_VA_LSB, 0x01);
1548   2          }
1549   1          else // _VOLUME_STEP_SIZE
1550   1          {
1551   2              // Select value mode
1552   2              ScalerSetBit(P8_A0_DVC_EN, ~(_BIT4), _BIT4);
1553   2      
1554   2              // Set volume step size
1555   2              ScalerSetBit(P8_A1_DVC_VA_MSB, ~(_BIT5 | _BIT4 | _BIT3 | _BIT2 | _BIT1 | _BIT0), HIBYTE(_VOLUME_ST
             -EP_SIZE_VALUE));
1556   2              ScalerSetByte(P8_A2_DVC_VA_LSB, LOBYTE(_VOLUME_STEP_SIZE_VALUE));
1557   2          }
1558   1      }
1559          
1560          #if(_AUDIO_DVC_FAST_CONTROL_SUPPORT == _ON)
1561          //--------------------------------------------------
1562          // Description  : Select DVC Volume Fast Adjust Type
1563          // Input Value  : _DB_GAIN, _VOLUME_STEP_SIZE
1564          // Output Value : None
1565          //--------------------------------------------------
1566          void ScalerAudioDVCVolumeFastAdjustType(bit bAdjustType)
1567          {
1568   1          if(bAdjustType == _DB_GAIN)
1569   1          {
1570   2              // Select value mode and set DB gain setp
1571   2              ScalerSetBit(P8_A0_DVC_EN, ~(_BIT4 | _BIT3 | _BIT2 | _BIT1 | _BIT0), ((_DB_GAIN_FAST_DOWN_VALUE <<
             - 2) | _DB_GAIN_FAST_UP_VALUE));
1572   2      
1573   2              // Initial volume step size for DB gain mode
1574   2              ScalerSetBit(P8_A1_DVC_VA_MSB, ~(_BIT5 | _BIT4 | _BIT3 | _BIT2 | _BIT1 | _BIT0), 0x00);
C51 COMPILER V9.60.0.0   SCALERAUDIO                                                       09/20/2026 19:43:09 PAGE 27  

1575   2              ScalerSetByte(P8_A2_DVC_VA_LSB, 0x01);
1576   2          }
1577   1          else // _VOLUME_STEP_SIZE
1578   1          {
1579   2              // Select value mode
1580   2              ScalerSetBit(P8_A0_DVC_EN, ~(_BIT4), _BIT4);
1581   2      
1582   2              // Set volume step size
1583   2              ScalerSetBit(P8_A1_DVC_VA_MSB, ~(_BIT5 | _BIT4 | _BIT3 | _BIT2 | _BIT1 | _BIT0), HIBYTE(_VOLUME_ST
             -EP_SIZE_VALUE));
1584   2              ScalerSetByte(P8_A2_DVC_VA_LSB, LOBYTE(_VOLUME_STEP_SIZE_VALUE));
1585   2          }
1586   1      }
1587          #endif
1588          
1589          //--------------------------------------------------
1590          // Description  : Adjust digital volume for DVC function
1591          // Input Value  : ucVolume
1592          // Output Value : None
1593          //--------------------------------------------------
1594          void ScalerAudioDVCAdjustVolume(WORD usVolume)
1595          {
1596   1          // DVC gain MSB
1597   1          ScalerSetBit(P8_A5_DVC_GAIN_MSB, ~(_BIT5 | _BIT4 | _BIT3 | _BIT2 | _BIT1 | _BIT0), HIBYTE(usVolume));
1598   1      
1599   1          // DVC gain LSB  (double buffer)
1600   1          ScalerSetByte(P8_A6_DVC_GAIN_LSB, LOBYTE(usVolume));
1601   1      
1602   1          // Set Double Buffer
1603   1          ScalerSetBit(P8_A7_DVC_GAIN_READ_MSB, ~_BIT6, _BIT6);
1604   1      }
1605          
1606          //--------------------------------------------------
1607          // Description  : Mute/Unmute for DVC function
1608          // Input Value  : bMute
1609          // Output Value : None
1610          //--------------------------------------------------
1611          void ScalerAudioDVCVolumeMute(bit bMute, WORD usVolume)
1612          {
1613   1          ScalerAudioDVCVolumeAdjustType(_DVC_ADJUST_TYPE);
1614   1      
1615   1          ScalerAudioDVCSetMuteZCDTimeout(bMute, usVolume, _DVC_ADJUST_TYPE, _DVC_VOLUME_MUTE_TIMER);
1616   1      
1617   1          PDATA_WORD(0) = (((WORD) ScalerGetByte(P8_A7_DVC_GAIN_READ_MSB) << 8) | ScalerGetByte(P8_A8_DVC_GAIN_R
             -EAD_LSB));
1618   1      
1619   1          if(bMute == _ON)
1620   1          {
1621   2              if(PDATA_WORD(0) != 0)
1622   2              {
1623   3                  ScalerAudioDVCAdjustVolume(0);
1624   3      
1625   3                  PDATA_WORD(1) = 0;
1626   3      
1627   3                  do
1628   3                  {
1629   4                      ScalerTimerDelayXms(1);
1630   4                      PDATA_WORD(1)++;
1631   4                  }
1632   3                  while((ScalerGetBit(P8_A9_DVC_GAIN_DONE, _BIT7) != _BIT7) && (PDATA_WORD(1) < _DVC_VOLUME_MUTE
             -_TIMER));
1633   3              }
C51 COMPILER V9.60.0.0   SCALERAUDIO                                                       09/20/2026 19:43:09 PAGE 28  

1634   2          }
1635   1          else // Unmute
1636   1          {
1637   2              if(PDATA_WORD(0) != usVolume)
1638   2              {
1639   3                  ScalerAudioDVCAdjustVolume(usVolume);
1640   3              }
1641   2          }
1642   1      }
1643          
1644          #if(_AUDIO_DVC_FAST_CONTROL_SUPPORT == _ON)
1645          //--------------------------------------------------
1646          // Description  : Fast Mute/Unmute for DVC function
1647          // Input Value  : bMute / usVolume
1648          // Output Value : None
1649          //--------------------------------------------------
1650          void ScalerAudioDVCVolumeFastMute(bit bMute, WORD usVolume)
1651          {
1652   1          ScalerAudioDVCVolumeFastAdjustType(_DVC_ADJUST_TYPE);
1653   1      
1654   1          if(bMute == _ON)
1655   1          {
1656   2              ScalerAudioDVCSetMuteZCDTimeout(bMute, usVolume, _DVC_ADJUST_TYPE, _DVC_FAST_VOLUME_MUTE_TIMER);
1657   2          }
1658   1          else
1659   1          {
1660   2              ScalerAudioDVCSetMuteZCDTimeout(bMute, usVolume, _DVC_ADJUST_TYPE, _DVC_FAST_VOLUME_UNMUTE_TIMER);
1661   2          }
1662   1      
1663   1          PDATA_WORD(0) = (((WORD) ScalerGetByte(P8_A7_DVC_GAIN_READ_MSB) << 8) | ScalerGetByte(P8_A8_DVC_GAIN_R
             -EAD_LSB));
1664   1      
1665   1          if(bMute == _ON)
1666   1          {
1667   2              if(PDATA_WORD(0) != 0)
1668   2              {
1669   3                  ScalerAudioDVCAdjustVolume(0);
1670   3      
1671   3                  PDATA_WORD(1) = 0;
1672   3      
1673   3                  do
1674   3                  {
1675   4                      ScalerTimerDelayXms(1);
1676   4                      PDATA_WORD(1)++;
1677   4                  }
1678   3                  while((ScalerGetBit(P8_A9_DVC_GAIN_DONE, _BIT7) != _BIT7) && (PDATA_WORD(1) < _DVC_FAST_VOLUME
             -_MUTE_TIMER));
1679   3              }
1680   2          }
1681   1          else // Unmute
1682   1          {
1683   2              if(PDATA_WORD(0) != usVolume)
1684   2              {
1685   3                  ScalerAudioDVCAdjustVolume(usVolume);
1686   3              }
1687   2          }
1688   1      }
1689          #endif
1690          
1691          //--------------------------------------------------
1692          // Description  : Set ZCD Timeout
1693          // Input Value  : bMute, usVolume, bAdjustType
C51 COMPILER V9.60.0.0   SCALERAUDIO                                                       09/20/2026 19:43:09 PAGE 29  

1694          // Output Value : None
1695          //--------------------------------------------------
1696          void ScalerAudioDVCSetMuteZCDTimeout(bit bMute, WORD usVolume, bit bAdjustType, WORD usTimeout)
1697          {
1698   1          EnumAudioSamplingFreqPacket enumSamplingFreqPacket = _AUDIO_FREQ_PACKET_NO_AUDIO;
1699   1      
1700   1          // Get Sampling Rate
1701   1      #if(_LINE_IN_SUPPORT == _ON)
1702   1          if(ScalerAudioGetInputSource() == _LINE_IN_AUDIO)
1703   1          {
1704   2              enumSamplingFreqPacket = _AUDIO_FREQ_PACKET_48K;
1705   2          }
1706   1          else
1707   1      #endif
1708   1          {
1709   2              enumSamplingFreqPacket = ScalerAudioSamplingFreqDetect(ScalerAudioGetDigitalAudioPortMapping());
1710   2          }
1711   1      
1712   1          if(bAdjustType == _DB_GAIN)
1713   1          {
1714   2              // Get down or up step
1715   2              pData[0] = (bMute == _ON) ? (ScalerGetBit(P8_A0_DVC_EN, (_BIT3 | _BIT2)) >> 2) : ScalerGetBit(P8_A
             -0_DVC_EN, (_BIT1 | _BIT0));
1716   2      
1717   2              // Get numbers of the volume step for mute or unmute
1718   2              PDATA_WORD(0) = _DVC_DB_STEP_NUMBER << pData[0];
1719   2          }
1720   1          else
1721   1          {
1722   2              PDATA_WORD(0) = usVolume / _VOLUME_STEP_SIZE_VALUE + 1;
1723   2          }
1724   1      
1725   1          // Calculate samples of ZCD timeout
1726   1          PDATA_DWORD(1) = (DWORD)enumSamplingFreqPacket * usTimeout / PDATA_WORD(0);
1727   1      
1728   1          // Avoid Overflow
1729   1          if(PDATA_DWORD(1) > 0x0FFF)
1730   1          {
1731   2              PDATA_WORD(0) = 0x0FFF;
1732   2          }
1733   1          else
1734   1          {
1735   2              PDATA_WORD(0) = (WORD)PDATA_DWORD(1);
1736   2          }
1737   1      
1738   1          // Set DVC ZCD window size
1739   1          ScalerSetBit(P8_A3_DVC_ZC_WIN_CTRL_0, ~(_BIT3 | _BIT2 | _BIT1 | _BIT0), HIBYTE(PDATA_WORD(0)));
1740   1          ScalerSetByte(P8_A4_DVC_ZC_WIN_CTRL_1, LOBYTE(PDATA_WORD(0)));
1741   1      }
1742          
1743          //--------------------------------------------------
1744          // Description  : Set ZCD Timeout, only use the type "_VOLUME_STEP_SIZE"
1745          // Input Value  : usVolume
1746          // Output Value : None
1747          //--------------------------------------------------
1748          void ScalerAudioDVCSetVolumeZCDTimeout(WORD usVolume)
1749          {
1750   1          EnumAudioSamplingFreqPacket enumSamplingFreqPacket = _AUDIO_FREQ_PACKET_NO_AUDIO;
1751   1      
1752   1          ScalerAudioDVCVolumeAdjustType(_VOLUME_STEP_SIZE);
1753   1      
1754   1          // Get Sampling Rate
C51 COMPILER V9.60.0.0   SCALERAUDIO                                                       09/20/2026 19:43:09 PAGE 30  

1755   1      #if(_LINE_IN_SUPPORT == _ON)
1756   1          if(ScalerAudioGetInputSource() == _LINE_IN_AUDIO)
1757   1          {
1758   2              enumSamplingFreqPacket = _AUDIO_FREQ_PACKET_48K;
1759   2          }
1760   1          else
1761   1      #endif
1762   1          {
1763   2              enumSamplingFreqPacket = ScalerAudioSamplingFreqDetect(ScalerAudioGetDigitalAudioPortMapping());
1764   2          }
1765   1      
1766   1          // Get Current Volume
1767   1          PDATA_WORD(0) = ((WORD)(ScalerGetByte(P8_A5_DVC_GAIN_MSB) & 0x3F) << 8) | ((WORD)ScalerGetByte(P8_A6_D
             -VC_GAIN_LSB));
1768   1      
1769   1          PDATA_WORD(0) = (PDATA_WORD(0) > usVolume) ? (PDATA_WORD(0) - usVolume) : (usVolume - PDATA_WORD(0));
1770   1      
1771   1          PDATA_WORD(0) = PDATA_WORD(0) / _VOLUME_STEP_SIZE_VALUE + 1;
1772   1      
1773   1          // Calculate samples of ZCD timeout
1774   1          PDATA_DWORD(1) = (DWORD)enumSamplingFreqPacket * _DVC_VOLUME_ADJUST_TIMER / PDATA_WORD(0);
1775   1      
1776   1          // Avoid Overflow
1777   1          if(PDATA_DWORD(1) > 0x0FFF)
1778   1          {
1779   2              PDATA_WORD(0) = 0x0FFF;
1780   2          }
1781   1          else
1782   1          {
1783   2              PDATA_WORD(0) = (WORD)PDATA_DWORD(1);
1784   2          }
1785   1      
1786   1          // Set DVC ZCD window size
1787   1          ScalerSetBit(P8_A3_DVC_ZC_WIN_CTRL_0, ~(_BIT3 | _BIT2 | _BIT1 | _BIT0), HIBYTE(PDATA_WORD(0)));
1788   1          ScalerSetByte(P8_A4_DVC_ZC_WIN_CTRL_1, LOBYTE(PDATA_WORD(0)));
1789   1      }
1790          
1791          //--------------------------------------------------
1792          // Description  : Set DVC Mute Status
1793          // Input Value  : None
1794          // Output Value : _ON or _OFF
1795          //--------------------------------------------------
1796          void ScalerAudioDVCSetVolumeMuteStatus(bit bMute)
1797          {
1798   1          SET_AUDIO_DVC_MUTE_CTRL_STATUS(bMute);
1799   1      }
1800          
1801          //--------------------------------------------------
1802          // Description  : Get DVC Mute Status
1803          // Input Value  : None
1804          // Output Value : _ON or _OFF
1805          //--------------------------------------------------
1806          bit ScalerAudioDVCGetVolumeMuteStatus(void)
1807          {
1808   1          return GET_AUDIO_DVC_MUTE_CTRL_STATUS();
1809   1      }
1810          
1811          //--------------------------------------------------
1812          // Description  : DVC Reset Process
1813          // Input Value  : None
1814          // Output Value : None
1815          //--------------------------------------------------
C51 COMPILER V9.60.0.0   SCALERAUDIO                                                       09/20/2026 19:43:09 PAGE 31  

1816          void ScalerAudioDVCResetProc(void)
1817          {
1818   1      #if(_EMBEDDED_DAC_SUPPORT == _ON)
1819   1          if(ScalerAudioDACGetState() == _AUDIO_DAC_READY)
1820   1          {
1821   2              // Switch Audio DAC State to _AUDIO_DAC_DEPOP
1822   2              ScalerAudioDACNormalToDepop();
1823   2          }
1824   1      #endif
1825   1      
1826   1          // Reset DVC Counter
1827   1          ScalerSetBit(P8_A0_DVC_EN, ~_BIT6, _BIT6);
1828   1      
1829   1          // At Least Delay 2 Cycle of 1 / 256 * FS (= 32KHz)
1830   1          DELAY_5US();
1831   1      
1832   1          // Enable DVC Counter
1833   1          ScalerSetBit(P8_A0_DVC_EN, ~_BIT6, 0x00);
1834   1      
1835   1      #if(_DIGITAL_AUDIO_OUTPUT_FIX_I2S_PHASE_DELAY == _ON)
                  // Disable I2S Block
                  ScalerSetBit(P6_E7_AD_I2S_CTRL, ~_BIT7, 0x00);
              
                  // At Least Delay 2 Cycle of 1 / FS (= 32KHz)
                  DELAY_XUS(70);
              
                  // Enable I2S Block
                  ScalerSetBit(P6_E7_AD_I2S_CTRL, ~_BIT7, _BIT7);
              #endif
1845   1      }
1846          
1847          #if(_DIGITAL_AUDIO_OUTPUT_ADJUST_VOLUME_SUPPORT == _ON)
              //--------------------------------------------------
              // Description  : Handle Smapling Frequency Infomation in SPDIF format
              // Input Value  : enumAudioSource, ucInputPort
              // Output Value : None
              //--------------------------------------------------
              void ScalerAudioSpdifChannelStatusProc(EnumAudioInputSource enumAudioSource, BYTE ucInputPort)
              {
                  if(enumAudioSource == _DIGITAL_AUDIO)
                  {
                      ScalerAudioSpdifCheckIfSamplingFrequencyChange(ucInputPort);
                  }
                  else if(enumAudioSource == _LINE_IN_AUDIO)
                  {
                      ScalerSetBit(P6_E2_AD_SPDIF_CS_0, ~(_BIT3 | _BIT2 | _BIT1 | _BIT0), _AUDIO_SPDIF_FS_48KHZ);
                  }
              }
              
              //--------------------------------------------------
              // Description  : Detect and Change Smapling Frequency Infomation in SPDIF format
              // Input Value  : ucInputPort
              // Output Value : None
              //--------------------------------------------------
              void ScalerAudioSpdifCheckIfSamplingFrequencyChange(BYTE ucInputPort)
              {
                  switch(ScalerAudioSamplingFreqDetect(ucInputPort))
                  {
                      case _AUDIO_FREQ_PACKET_32K:
              
                          ScalerSetBit(P6_E2_AD_SPDIF_CS_0, ~(_BIT3 | _BIT2 | _BIT1 | _BIT0), _AUDIO_SPDIF_FS_32KHZ);
              
C51 COMPILER V9.60.0.0   SCALERAUDIO                                                       09/20/2026 19:43:09 PAGE 32  

                          break;
              
                      case _AUDIO_FREQ_PACKET_44_1K:
              
                          ScalerSetBit(P6_E2_AD_SPDIF_CS_0, ~(_BIT3 | _BIT2 | _BIT1 | _BIT0), _AUDIO_SPDIF_FS_44_1KHZ);
              
                          break;
              
                      case _AUDIO_FREQ_PACKET_48K:
              
                          ScalerSetBit(P6_E2_AD_SPDIF_CS_0, ~(_BIT3 | _BIT2 | _BIT1 | _BIT0), _AUDIO_SPDIF_FS_48KHZ);
              
                          break;
              
                      case _AUDIO_FREQ_PACKET_88_2K:
              
                          ScalerSetBit(P6_E2_AD_SPDIF_CS_0, ~(_BIT3 | _BIT2 | _BIT1 | _BIT0), _AUDIO_SPDIF_FS_88_2KHZ);
              
                          break;
              
                      case _AUDIO_FREQ_PACKET_96K:
              
                          ScalerSetBit(P6_E2_AD_SPDIF_CS_0, ~(_BIT3 | _BIT2 | _BIT1 | _BIT0), _AUDIO_SPDIF_FS_96KHZ);
              
                          break;
              
                      case _AUDIO_FREQ_PACKET_176_4K:
              
                          ScalerSetBit(P6_E2_AD_SPDIF_CS_0, ~(_BIT3 | _BIT2 | _BIT1 | _BIT0), _AUDIO_SPDIF_FS_176_4KHZ);
              
                          break;
              
                      case _AUDIO_FREQ_PACKET_192K:
              
                          ScalerSetBit(P6_E2_AD_SPDIF_CS_0, ~(_BIT3 | _BIT2 | _BIT1 | _BIT0), _AUDIO_SPDIF_FS_192KHZ);
              
                          break;
              
                      default:
              
                          ScalerSetBit(P6_E2_AD_SPDIF_CS_0, ~(_BIT3 | _BIT2 | _BIT1 | _BIT0), _AUDIO_SPDIF_FS_NOT_INDICA
             -TED);
              
                          break;
                  }
              }
              #endif
1924          #endif // End of #if(_AUDIO_SUPPORT == _ON)
1925          


MODULE INFORMATION:   STATIC OVERLAYABLE
   CODE SIZE        =   2852    ----
   CONSTANT SIZE    =   ----    ----
   XDATA SIZE       =      1      16
   PDATA SIZE       =   ----    ----
   DATA SIZE        =   ----    ----
   IDATA SIZE       =   ----    ----
   BIT SIZE         =      1      10
END OF MODULE INFORMATION.


C51 COMPILATION COMPLETE.  0 WARNING(S),  0 ERROR(S)
