C51 COMPILER V9.60.0.0   SCALERADC                                                         09/18/2026 20:37:46 PAGE 1   


C51 COMPILER V9.60.0.0, COMPILATION OF MODULE SCALERADC
OBJECT MODULE PLACED IN .\Output\RL6432_Project\ScalerADC.obj
COMPILER INVOKED BY: C:\Keil_v5\C51\BIN\C51.EXE Kernel\Scaler\ScalerFunction\Code\ScalerADC.c LARGE OPTIMIZE(9,SPEED) IN
                    -CDIR(.\Output\RL6432;.\Project\Header;.\Pcb;.\Panel;.\Kernel\Device\Header;.\Kernel\Common;.\Kernel\System\Header;.\Kern
                    -el\Scaler\ScalerFunction\Header;.\Kernel\Scaler\ScalerCommonFunction\Header;.\Kernel\Scaler\ScalerFunction\Lib\Header;.\
                    -Kernel\Scaler\ScalerCommonFunction\Lib\Header;.\Kernel\Scaler\RL6432_Series_Scaler\Header;.\Kernel\Scaler\RL6432_Series_
                    -Common\Header;.\Kernel\Scaler\RL6432_Series_Scaler\Lib\Header;.\Kernel\Scaler\RL6432_Series_Common\Lib\Header;.\Kernel\U
                    -ser Common Function\Header;.\User\RTD Series\RTD2014Function\Header;.\User\RTD Series\RTD2014Osd\Header;.\User\RTD Facto
                    -ry\Header;.\User\None Series\NoneFunction\Header;.\User\None Series\NoneOsd\Header;.\User\None Factory\Header) DEFINE(_P
                    -ROJECT=_RL6432_PROJECT,_SCALER_TYPE=_RL6432_SERIES) DEBUG OBJECTEXTEND PRINT(.\Output\RL6432_Project\ScalerADC.lst) TABS
                    -(2) OBJECT(.\Output\RL6432_Project\ScalerADC.obj)

line level    source

   1          /********************************************************************************/
   2          /*   Copyright (c) 2021 Realtek Semiconductor Corp. All rights reserved.        */
   3          /*                                                                              */
   4          /*   SPDX-License-Identifier: LicenseRef-Realtek-Proprietary                    */
   5          /*                                                                              */
   6          /*   This software component is confidential and proprietary to Realtek         */
   7          /*   Semiconductor Corp. Disclosure, reproduction, redistribution, in whole     */
   8          /*   or in part, of this work and its derivatives without express permission    */
   9          /*   is prohibited.                                                             */
  10          /********************************************************************************/
  11          
  12          //----------------------------------------------------------------------------------------------------
  13          // ID Code      : ScalerADC.c No.0000
  14          // Update Note  :
  15          //----------------------------------------------------------------------------------------------------
  16          
  17          #define __SCALER_ADC__
  18          
  19          #include "ScalerFunctionInclude.h"
  20          
  21          //****************************************************************************
  22          // DEFINITIONS / MACROS
  23          //****************************************************************************
  24          
  25          
  26          //****************************************************************************
  27          // STRUCT / TYPE / ENUM DEFINITTIONS
  28          //****************************************************************************
  29          
  30          
  31          //****************************************************************************
  32          // CODE TABLES
  33          //****************************************************************************
  34          
  35          //****************************************************************************
  36          // VARIABLE DECLARATIONS
  37          //****************************************************************************
  38          
  39          
  40          //****************************************************************************
  41          // FUNCTION DECLARATIONS
  42          //****************************************************************************
  43          #if(_ADC_SUPPORT == _ON)
  44          void ScalerADCBandgap(bit bSelect);
  45          #endif
  46          
  47          #if(_VGA_SUPPORT == _ON)
C51 COMPILER V9.60.0.0   SCALERADC                                                         09/18/2026 20:37:46 PAGE 2   

  48          void ScalerADCOutputClkSetting(void);
  49          void ScalerADCPowerSetting(void);
  50          void ScalerADCBiasCurrentSetting(void);
  51          void ScalerADCGainAdjust(BYTE *pucGainMSB, BYTE *pucGainLSB);
  52          void ScalerADCOffsetAdjust(BYTE *pucOffsetMSB, BYTE *pucOffsetLSB);
  53          void ScalerADCClampMode(EnumColorSpace enumColorFormat);
  54          
  55          #if(_VGA_CHROMA_PATTERN12_SUPPORT == _ON)
              bit ScalerADCGetClampToTopStatus(void);
              #endif
  58          
  59          void ScalerADCBandWidthSetting(DWORD ulAdcClock);
  60          void ScalerADCDCRestoreEn(bit bEn);
  61          void ScalerADCSOGClampEn(bit bEn);
  62          void ScalerADCSchmittTriggerSetting(void);
  63          void ScalerADCNRSetting(void);
  64          #if(_ADCNR_SUPPORT == _ON)
  65          void ScalerADCNREn(bit bEnable);
  66          #endif
  67          void ScalerADCThermalCompensationSetting(void);
  68          #endif
  69          
  70          //****************************************************************************
  71          // FUNCTION DEFINITIONS
  72          //****************************************************************************
  73          #if(_ADC_SUPPORT == _ON)
  74          //--------------------------------------------------
  75          // Description  : Power On/Off ADC Bandgap.
  76          // Input Value  : On or Off
  77          // Output Value : None
  78          //--------------------------------------------------
  79          void ScalerADCBandgap(bit bSelect)
  80          {
  81   1          if(bSelect == _ON)
  82   1          {
  83   2              // ADC ldo Output Not Short to Ground
  84   2              // ADC Bandgap/mbias On
  85   2              ScalerSetBit(P0_C6_ADC_POWER, ~(_BIT4 | _BIT3), _BIT3);
  86   2      
  87   2              // Bit3: SOG0 Bias Current from ADC
  88   2              // Bit1: Bias Current of SOG normal
  89   2              ScalerSetBit(P0_D4_ADC_SOG_CTRL, ~(_BIT3 | _BIT1), _BIT3);
  90   2          }
  91   1          else
  92   1          {
  93   2              // Bit3: SOG0 Bias Current from POR
  94   2              // Bit1: Bias Current of SOG standby
  95   2              ScalerSetBit(P0_D4_ADC_SOG_CTRL, ~(_BIT3 | _BIT1), _BIT1);
  96   2      
  97   2              // ADC ldo Output Not Short to Ground
  98   2              // ADC Bandgap/mbias Off
  99   2              ScalerSetBit(P0_C6_ADC_POWER, ~(_BIT4 | _BIT3), _BIT4);
 100   2          }
 101   1      }
 102          #endif
 103          
 104          #if(_VGA_SUPPORT == _ON)
 105          //--------------------------------------------------
 106          // Description  : Intial adc output clock setting
 107          // Input Value  : None
 108          // Output Value : None
 109          //--------------------------------------------------
C51 COMPILER V9.60.0.0   SCALERADC                                                         09/18/2026 20:37:46 PAGE 3   

 110          void ScalerADCOutputClkSetting(void)
 111          {
 112   1          // Output clock divider Polarity Normal, Output Pixel Dealy 0.56nS, divider = 1
 113   1          // ck_data polarity select normal; Clock polarity select positive
 114   1          ScalerSetBit(P0_BC_ADC_CK_OUT_CTRL, ~(_BIT7 | _BIT6 | _BIT5 | _BIT4 | _BIT3 | _BIT2 | _BIT1), _BIT6);
 115   1      
 116   1          // Disable Test Output
 117   1          ScalerSetBit(P0_BD_ADC_TEST, ~(_BIT7 | _BIT6 | _BIT5 | _BIT4 | _BIT3), 0x00);
 118   1      
 119   1          // diff clock from APLL, duty set 49.3%
 120   1          // ADC sample time duty set 400ps (default)
 121   1          ScalerSetBit(P0_BB_ADC_CK_IN_CTRL, ~(_BIT7 | _BIT6 | _BIT5 | _BIT4 | _BIT3 | _BIT2), (_BIT7 | _BIT5 | 
             -_BIT4));
 122   1      }
 123          
 124          //--------------------------------------------------
 125          // Description  : ADC Power Setting
 126          // Input Value  : None
 127          // Output Value : None
 128          //--------------------------------------------------
 129          void ScalerADCPowerSetting(void)
 130          {
 131   1          // ADC LDO Power On, ADC Clock Power On, SOG_ADC0 Power On, R/G/B ADC Power On
 132   1          // ADC ldo Output Not Short to Ground
 133   1          ScalerSetBit(P0_C6_ADC_POWER, ~(_BIT7 | _BIT6 | _BIT5 | _BIT4 | _BIT2 | _BIT1 | _BIT0), (_BIT7 | _BIT6
             - | _BIT5 | _BIT2 | _BIT1 | _BIT0));
 134   1      
 135   1          // Set internal 2.5V LDO voltage
 136   1          ScalerSetBit(P0_DA_ADC_REG2, ~(_BIT1 | _BIT0), _BIT0);
 137   1      
 138   1          // ADCNR Setting
 139   1          ScalerADCNRSetting();
 140   1      }
 141          
 142          //--------------------------------------------------
 143          // Description  : Intial adc Bias current setting
 144          // Input Value  : None
 145          // Output Value : None
 146          //--------------------------------------------------
 147          void ScalerADCBiasCurrentSetting(void)
 148          {
 149   1          // Set bandgap voltage 1.217V, ADC Regulator 1.145V
 150   1          ScalerSetBit(P0_C7_ADC_VOLT_SEL, ~(_BIT7 | _BIT6 | _BIT5 | _BIT4 | _BIT3), (_BIT6 | _BIT4));
 151   1      
 152   1          // Set SF Bias current relation control register
 153   1          // Disable SF LPF, Enable VREF LPF
 154   1          ScalerSetBit(P0_C8_ADC_SF_CTRL, ~(_BIT7 | _BIT6 | _BIT5 | _BIT2), (_BIT6 | _BIT2));
 155   1      
 156   1          // Enable meta-stable detect/correction, bias current of SAR Comparator pre-am = 75uA
 157   1          ScalerSetBit(P0_D5_ADC_SAR_CTRL, ~(_BIT6 | _BIT5 | _BIT4), (_BIT6 | _BIT4));
 158   1      
 159   1          // the bottom plate of sampling cap do not reset in advance
 160   1          ScalerSetBit(P0_D9_ADC_REG1, ~_BIT3, 0x00);
 161   1      }
 162          
 163          //--------------------------------------------------
 164          // Description  : Adjust ADC gain
 165          // Input Value  : pGainMSB ---> R/G/B Gain coefficient MSB
 166          //                pGainLSB ---> R/G/B Gain coefficient LSB
 167          // Output Value : None
 168          //--------------------------------------------------
 169          void ScalerADCGainAdjust(BYTE *pucGainMSB, BYTE *pucGainLSB)
C51 COMPILER V9.60.0.0   SCALERADC                                                         09/18/2026 20:37:46 PAGE 4   

 170          {
 171   1          // Set ADC Gain High Byte Factor
 172   1          ScalerSetByte(P0_C0_ADC_GAI_RED_MSB, pucGainMSB[0]);
 173   1          ScalerSetByte(P0_C1_ADC_GAI_GRN_MSB, pucGainMSB[1]);
 174   1          ScalerSetByte(P0_C2_ADC_GAI_BLU_MSB, pucGainMSB[2]);
 175   1      
 176   1          // Set ADC Gain Low Byte Factor
 177   1          ScalerSetByte(P0_BE_ADC_GAI_LSB, ((pucGainLSB[0] & 0x03) << 4) | ((pucGainLSB[1] & 0x03) << 2) | (pucG
             -ainLSB[2] & 0x03));
 178   1      }
 179          
 180          //--------------------------------------------------
 181          // Description  : Adjust ADC offset
 182          // Input Value  : pGainMSB ---> R/G/B Offset coefficient MSB
 183          //                pGainLSB ---> R/G/B Offset coefficient LSB
 184          // Output Value : None
 185          //--------------------------------------------------
 186          void ScalerADCOffsetAdjust(BYTE *pucOffsetMSB, BYTE *pucOffsetLSB)
 187          {
 188   1          // Set ADC Gain High Byte Factor
 189   1          ScalerSetByte(P0_C3_ADC_OFF_RED_MSB, pucOffsetMSB[0]);
 190   1          ScalerSetByte(P0_C4_ADC_OFF_GRN_MSB, pucOffsetMSB[1]);
 191   1          ScalerSetByte(P0_C5_ADC_OFF_BLU_MSB, pucOffsetMSB[2]);
 192   1      
 193   1          // Set ADC Offset Low Byte Factor
 194   1          ScalerSetByte(P0_BF_ADC_OFF_LSB, ((pucOffsetLSB[0] & 0x03) << 4) | ((pucOffsetLSB[1] & 0x03) << 2) | (
             -pucOffsetLSB[2] & 0x03));
 195   1      }
 196          
 197          //--------------------------------------------------
 198          // Description  : ADC color format setting
 199          // Input Value  : ucColorFormat ---> SOY or VGA sync type format
 200          // Output Value : None
 201          //--------------------------------------------------
 202          void ScalerADCClampMode(EnumColorSpace enumColorFormat)
 203          {
 204   1      #if(_VGA_CHROMA_PATTERN12_SUPPORT == _ON)
                  if(ScalerADCGetClampToTopStatus() == _TRUE)
                  {
                      return;
                  }
              #endif
 210   1      
 211   1          if(enumColorFormat == _COLOR_SPACE_YPBPR)
 212   1          {
 213   2              // Red Channel Set Ypbpr Clamp Mode
 214   2              ScalerSetBit(P0_CF_ADC_CTL_RED, ~_BIT7, _BIT7);
 215   2      
 216   2              // Green Channel Set RGB Clamp Mode
 217   2              ScalerSetBit(P0_D0_ADC_CTL_GRN, ~_BIT7, 0x00);
 218   2      
 219   2              // Blue Channel Set Ypbpr Clamp Mode
 220   2              ScalerSetBit(P0_D1_ADC_CTL_BLU, ~_BIT7, _BIT7);
 221   2          }
 222   1          else // RGB format
 223   1          {
 224   2              // Red Channel Set RGB Clamp Mode
 225   2              ScalerSetBit(P0_CF_ADC_CTL_RED, ~_BIT7, 0x00);
 226   2      
 227   2              // Green Channel Set RGB Clamp Mode
 228   2              ScalerSetBit(P0_D0_ADC_CTL_GRN, ~_BIT7, 0x00);
 229   2      
C51 COMPILER V9.60.0.0   SCALERADC                                                         09/18/2026 20:37:46 PAGE 5   

 230   2              // Blue Channel Set RGB Clamp Mode
 231   2              ScalerSetBit(P0_D1_ADC_CTL_BLU, ~_BIT7, 0x00);
 232   2          }
 233   1      }
 234          
 235          #if(_VGA_CHROMA_PATTERN12_SUPPORT == _ON)
              //--------------------------------------------------
              // Description  : Get clamp-to-top status
              // Input Value  : None
              // Output Value : _TRUE or _FALSE
              //--------------------------------------------------
              bit ScalerADCGetClampToTopStatus(void)
              {
                  return (ScalerGetBit(P0_D6_ADC_CLAMP_TOP, (_BIT2 | _BIT1 | _BIT0)) != 0x00);
              }
              #endif
 246          
 247          //--------------------------------------------------
 248          // Description  : ADC bandwidth and bias current setting
 249          // Input Value  : ulAdcClock ---> ADC Clock frequency
 250          // Output Value : None
 251          //--------------------------------------------------
 252          void ScalerADCBandWidthSetting(DWORD ulAdcClock)
 253          {
 254   1          ulAdcClock = ulAdcClock;
 255   1      
 256   1      #if(_VGA_ADC_SF_SHA_LPF_UNDER_25MHZ_SUPPORT == _ON)
                  if(ulAdcClock < 26)
                  {
                      // Enable SF bandwidth & Set Bandwidth to 150MHz
                      ScalerSetBit(P0_C8_ADC_SF_CTRL, ~(_BIT5 | _BIT4 | _BIT3), (_BIT5 | _BIT3));
                  }
                  else
                  {
                      // Disable SF bandwidth
                      ScalerSetBit(P0_C8_ADC_SF_CTRL, ~(_BIT5 | _BIT4 | _BIT3), 0x00);
                  }
              #endif
 268   1      }
 269          
 270          //--------------------------------------------------
 271          // Description  : DC restore
 272          // Input Value  : bEn---> Disable or enable dcrestore function
 273          // Output Value : None
 274          //--------------------------------------------------
 275          void ScalerADCDCRestoreEn(bit bEn)
 276          {
 277   1          if(bEn == _TRUE)
 278   1          {
 279   2              // Enable DC Restore circut
 280   2              ScalerSetBit(P0_D4_ADC_SOG_CTRL, ~_BIT4, _BIT4);
 281   2          }
 282   1          else
 283   1          {
 284   2              // Disable DC Restore circut
 285   2              ScalerSetBit(P0_D4_ADC_SOG_CTRL, ~_BIT4, 0x00);
 286   2          }
 287   1      }
 288          
 289          //--------------------------------------------------
 290          // Description  : SOG Clamp Control
 291          // Input Value  : bEn---> Disable or enable SOG clamp
C51 COMPILER V9.60.0.0   SCALERADC                                                         09/18/2026 20:37:46 PAGE 6   

 292          // Output Value : None
 293          //--------------------------------------------------
 294          void ScalerADCSOGClampEn(bit bEn)
 295          {
 296   1          if(bEn == _TRUE)
 297   1          {
 298   2              // Enable SOG Clamp, normal clamp
 299   2              ScalerSetBit(P0_D4_ADC_SOG_CTRL, ~(_BIT5 | _BIT2), _BIT5);
 300   2      
 301   2              // 0x19 * 10 = 250mV = [(100 + X) + (400 - X)] / 2;
 302   2              // 250mV is fit to Both DC Restore and Clamp Mode.
 303   2              if(ScalerGetBit(P0_D7_ADC_SOG_DAC, 0x1F) < 0x19)
 304   2              {
 305   3                  pData[0] = 0x19 - ScalerGetBit(P0_D7_ADC_SOG_DAC, 0x1F);
 306   3      
 307   3                  // Chanage SOG DAC Setting to 250mV smoothly
 308   3                  while(pData[0]--)
 309   3                  {
 310   4                      ScalerSetBit(P0_D7_ADC_SOG_DAC, ~(0x1F), (0x19 - pData[0]));
 311   4      
 312   4                      // Delay 1ms for clamp mode rising.
 313   4                      ScalerTimerDelayXms(1);
 314   4                  }
 315   3              }
 316   2          }
 317   1          else
 318   1          {
 319   2              // Disable SOG Clamp
 320   2              ScalerSetBit(P0_D4_ADC_SOG_CTRL, ~_BIT5, 0x00);
 321   2          }
 322   1      }
 323          
 324          //--------------------------------------------------
 325          // Description  : ADC Schmitt Trigger Setting
 326          // Input Value  : None
 327          // Output Value : None
 328          //--------------------------------------------------
 329          void ScalerADCSchmittTriggerSetting(void)
 330          {
 331   1          // Enable Schmitt Trigger and Select New Mode
 332   1          ScalerSetBit(P0_F4_HS_SCHMITT_TRIGGE_CTRL, ~(_BIT7 | _BIT5), (_BIT7 | _BIT5));
 333   1      
 334   1          // HS Schimmit Tigger Polarity Select
 335   1          ScalerSetBit(P0_F4_HS_SCHMITT_TRIGGE_CTRL, ~_BIT6, (_VGA_HS_SCHMITT_TRIGGER_POLARITY_SEL << 6));
 336   1      
 337   1          // HS Schimmit Tigger Vth Fine tune
 338   1          ScalerSetBit(P0_F4_HS_SCHMITT_TRIGGE_CTRL, ~_BIT4, (_VGA_HS_SCHMITT_TRIGGER_VTH_FINE_TUNE << 4));
 339   1      
 340   1          // HS Schimmit Trigger Positive Vth Setting
 341   1          ScalerSetBit(P0_F4_HS_SCHMITT_TRIGGE_CTRL, ~(_BIT3 | _BIT2), (_VGA_HS_SCHMITT_TRIGGER_POSITIVE_VTH << 
             -2));
 342   1      
 343   1          // HS Schimmit Trigger Negative Vth Setting
 344   1          ScalerSetBit(P0_F4_HS_SCHMITT_TRIGGE_CTRL, ~(_BIT1 | _BIT0), (_VGA_HS_SCHMITT_TRIGGER_NEGATIVE_VTH));
 345   1      }
 346          
 347          //--------------------------------------------------
 348          // Description  : ADCNR setting
 349          // Input Value  : None
 350          // Output Value : None
 351          //--------------------------------------------------
 352          void ScalerADCNRSetting(void)
C51 COMPILER V9.60.0.0   SCALERADC                                                         09/18/2026 20:37:46 PAGE 7   

 353          {
 354   1          // Tone Count Modify Type Select to High mode
 355   1          ScalerSetBit(P33_0E_ADCNR_MODIFY, ~_BIT7, _BIT7);
 356   1      
 357   1          // Total Frame Number set 1
 358   1          ScalerSetBit(P33_01_ADCNR_CTRL2, ~(_BIT5 | _BIT4), _BIT4);
 359   1      
 360   1          // Truncate LSB bit to avoid IDither Noise
 361   1          ScalerSetBit(P33_02_ADCNR_CTRL3, ~(_BIT7 | _BIT6), _BIT6);
 362   1      
 363   1      #if(_ADCNR_SUPPORT == _ON)
 364   1          // Enable ADCNR
 365   1          ScalerADCNREn(_ENABLE);
 366   1      #endif
 367   1      
 368   1          // ADC offset dither disable
 369   1          ScalerSetBit(P0_D9_ADC_REG1, ~(_BIT7 | _BIT6 | _BIT5), 0x00);
 370   1      }
 371          
 372          #if(_ADCNR_SUPPORT == _ON)
 373          //--------------------------------------------------
 374          // Description  : ADCNR Enable
 375          // Input Value  : _ENABLE or _DISABLE
 376          // Output Value : None
 377          //--------------------------------------------------
 378          void ScalerADCNREn(bit bEnable)
 379          {
 380   1          if(bEnable == _ENABLE)
 381   1          {
 382   2              // Enable ADCNR
 383   2              ScalerSetByte(P33_00_ADCNR_CTRL1, 0x9C);
 384   2          }
 385   1          else
 386   1          {
 387   2              // Disable ADCNR
 388   2              ScalerSetByte(P33_00_ADCNR_CTRL1, 0x00);
 389   2          }
 390   1      }
 391          #endif
 392          
 393          //--------------------------------------------------
 394          // Description  : ADC & Apll thermal compensation
 395          // Input Value  : None
 396          // Output Value : None
 397          //--------------------------------------------------
 398          void ScalerADCThermalCompensationSetting(void)
 399          {
 400   1          // APLL & ADC Path thermal Compensation Setting
 401   1          if(ScalerGetBit(P0_47_SYNC_SELECT, _BIT4) == _BIT4) // SOG mode
 402   1          {
 403   2              // APLL thermal compensation need set by w/i extro delay path
 404   2              SET_THERMO_LONG_PATH_STATUS();
 405   2          }
 406   1          else // Separate mode
 407   1          {
 408   2              // APLL thermal compensation need set by w/o extro delay path
 409   2              CLR_THERMO_LONG_PATH_STATUS();
 410   2          }
 411   1      }
 412          #endif // End of #if(_VGA_SUPPORT == _ON)


C51 COMPILER V9.60.0.0   SCALERADC                                                         09/18/2026 20:37:46 PAGE 8   

MODULE INFORMATION:   STATIC OVERLAYABLE
   CODE SIZE        =    470    ----
   CONSTANT SIZE    =   ----    ----
   XDATA SIZE       =   ----      12
   PDATA SIZE       =   ----    ----
   DATA SIZE        =   ----    ----
   IDATA SIZE       =   ----    ----
   BIT SIZE         =   ----       4
END OF MODULE INFORMATION.


C51 COMPILATION COMPLETE.  0 WARNING(S),  0 ERROR(S)
