C51 COMPILER V9.60.0.0   SCALERTMDSRX3HDCP2_SEPTPHY                                        09/24/2026 09:30:27 PAGE 1   


C51 COMPILER V9.60.0.0, COMPILATION OF MODULE SCALERTMDSRX3HDCP2_SEPTPHY
OBJECT MODULE PLACED IN .\Output\RL6432_Project\ScalerTMDSRx3HDCP2_SeptPhy.obj
COMPILER INVOKED BY: C:\Keil_v5\C51\BIN\C51.EXE Kernel\Scaler\ScalerFunction\Code\ScalerTMDSRx3HDCP2_SeptPhy.c LARGE OPT
                    -IMIZE(9,SPEED) INCDIR(.\Output\RL6432;.\Project\Header;.\Pcb;.\Panel;.\Kernel\Device\Header;.\Kernel\Common;.\Kernel\Sys
                    -tem\Header;.\Kernel\Scaler\ScalerFunction\Header;.\Kernel\Scaler\ScalerCommonFunction\Header;.\Kernel\Scaler\ScalerFunct
                    -ion\Lib\Header;.\Kernel\Scaler\ScalerCommonFunction\Lib\Header;.\Kernel\Scaler\RL6432_Series_Scaler\Header;.\Kernel\Scal
                    -er\RL6432_Series_Common\Header;.\Kernel\Scaler\RL6432_Series_Scaler\Lib\Header;.\Kernel\Scaler\RL6432_Series_Common\Lib\
                    -Header;.\Kernel\User Common Function\Header;.\User\RTD Series\RTD2014Function\Header;.\User\RTD Series\RTD2014Osd\Header
                    -;.\User\RTD Factory\Header;.\User\None Series\NoneFunction\Header;.\User\None Series\NoneOsd\Header;.\User\None Factory\
                    -Header) DEFINE(_PROJECT=_RL6432_PROJECT,_SCALER_TYPE=_RL6432_SERIES) DEBUG OBJECTEXTEND PRINT(.\Output\RL6432_Project\Sc
                    -alerTMDSRx3HDCP2_SeptPhy.lst) TABS(2) OBJECT(.\Output\RL6432_Project\ScalerTMDSRx3HDCP2_SeptPhy.obj)

line level    source

   1          /********************************************************************************/
   2          /*   Copyright (c) 2021 Realtek Semiconductor Corp. All rights reserved.        */
   3          /*                                                                              */
   4          /*   SPDX-License-Identifier: LicenseRef-Realtek-Proprietary                    */
   5          /*                                                                              */
   6          /*   This software component is confidential and proprietary to Realtek         */
   7          /*   Semiconductor Corp. Disclosure, reproduction, redistribution, in whole     */
   8          /*   or in part, of this work and its derivatives without express permission    */
   9          /*   is prohibited.                                                             */
  10          /********************************************************************************/
  11          
  12          //----------------------------------------------------------------------------------------------------
  13          // ID Code      : ScalerTMDSRx3HDCP2_SeptPhy.c No.0000
  14          // Update Note  :
  15          //----------------------------------------------------------------------------------------------------
  16          
  17          #define __SCALER_TMDS_RX3_HDCP2__
  18          
  19          #include "ScalerFunctionInclude.h"
  20          
  21          //****************************************************************************
  22          // DEFINITIONS / MACROS
  23          //****************************************************************************
  24          
  25          //****************************************************************************
  26          // STRUCT / TYPE / ENUM DEFINITTIONS
  27          //****************************************************************************
  28          
  29          //****************************************************************************
  30          // CODE TABLES
  31          //****************************************************************************
  32          
  33          //****************************************************************************
  34          // VARIABLE DECLARATIONS
  35          //****************************************************************************
  36          #if(_TMDS_HDCP_2_2_SUPPORT == _ON)
  37          #if((_D3_INPUT_PORT_TYPE == _D3_HDMI_PORT) || (_D3_INPUT_PORT_TYPE == _D3_MHL_PORT))
  38          StructHdcp2HDCPAuthInfo g_stTmdsRx3Hdcp2AuthInfo;
  39          BYTE g_ucTmdsRx3Hdcp2Ctrl;
  40          
  41          BYTE g_pucTmdsRx3Hdcp2dKey0[16];
  42          BYTE g_pucTmdsRx3Hdcp2dKey1[16];
  43          
  44          BYTE g_pucTmdsRx3Hdcp2Km[16];
  45          
  46          BYTE g_pucTmdsRx3Hdcp2Rtx[8];
  47          BYTE g_pucTmdsRx3Hdcp2TxCaps[3];
C51 COMPILER V9.60.0.0   SCALERTMDSRX3HDCP2_SEPTPHY                                        09/24/2026 09:30:27 PAGE 2   

  48          BYTE g_pucTmdsRx3Hdcp2Rn[8];
  49          BYTE g_pucTmdsRx3Hdcp2Rrx[8];
  50          #endif
  51          #endif
  52          
  53          //****************************************************************************
  54          // FUNCTION DECLARATIONS
  55          //****************************************************************************
  56          #if(_TMDS_HDCP_2_2_SUPPORT == _ON)
  57          #if((_D3_INPUT_PORT_TYPE == _D3_HDMI_PORT) || (_D3_INPUT_PORT_TYPE == _D3_MHL_PORT))
  58          void ScalerTMDSRx3Hdcp2AesOnlineCtrl_EXINT0(BYTE *pucInputArray, BYTE *pucCipherArray);
  59          void ScalerTMDSRx3Hdcp2DownLoadWriteSRAMValue_EXINT0(BYTE ucSubAddr, BYTE ucLength, BYTE *pucReadArray);
  60          void ScalerTMDSRx3Hdcp2Enable_EXINT0(void);
  61          void ScalerTMDSRx3Hdcp2Handler(void);
  62          void ScalerTMDSRx3Hdcp2Initial(void);
  63          void ScalerTMDSRx3Hdcp2RxRsaCalculate_EXINT0(void);
  64          void ScalerTMDSRx3Hdcp2IntHandler_EXINT0(void);
  65          void ScalerTMDSRx3Hdcp2ReAuthEvent(void);
  66          void ScalerTMDSRx3Hdcp2ResetProc(void);
  67          void ScalerTMDSRx3Hdcp2ResetProc_EXINT0(void);
  68          void ScalerTMDSRx3Hdcp2SetRdMsgIDCode_EXINT0(BYTE ucValue);
  69          void ScalerTMDSRx3Hdcp2SetRdMsgValue_EXINT0(WORD usAddress, BYTE *pucReadArray, WORD usLength);
  70          
  71          #if(_HDCP_2_2_ERRATA_TEST_SUPPORT == _ON)
              void ScalerTMDSRx3Hdcp2AesOnlineCtrl(BYTE *pucInputArray, BYTE *pucCipherArray);
              void ScalerTMDSRx3Hdcp2SetRdMsgIDCode(BYTE ucValue);
              void ScalerTMDSRx3Hdcp2SetRdMsgValue(WORD usAddress, BYTE *pucReadArray, WORD usLength);
              bit ScalerTMDSRx3Hdcp2CaptureKpubKm(void);
              void ScalerTMDSRx3Hdcp2CalculateKmKh(void);
              #endif
  78          
  79          #if(_WD_TIMER_INT_SUPPORT == _ON)
  80          void ScalerTMDSRx3Hdcp2RxRsaCalculate_WDINT(void);
  81          void ScalerTMDSRx3Hdcp2SetRdMsgIDCode_WDINT(BYTE ucValue);
  82          void ScalerTMDSRx3Hdcp2SetRdMsgValue_WDINT(WORD usAddress, BYTE *pucReadArray, WORD usLength);
  83          void ScalerTMDSRx3Hdcp2HPrime_WDINT(void);
  84          void ScalerTMDSRx3Hdcp2SetReAuth_WDINT(void);
  85          #endif
  86          
  87          #endif
  88          #endif
  89          
  90          //****************************************************************************
  91          // FUNCTION DEFINITIONS
  92          //****************************************************************************
  93          #if(_TMDS_HDCP_2_2_SUPPORT == _ON)
  94          #if((_D3_INPUT_PORT_TYPE == _D3_HDMI_PORT) || (_D3_INPUT_PORT_TYPE == _D3_MHL_PORT))
  95          //--------------------------------------------------
  96          // Description  : HDCP 2.2 On-Line AES Ctrl in INT
  97          // Input Value  : None
  98          // Output Value : None
  99          //--------------------------------------------------
 100          void ScalerTMDSRx3Hdcp2AesOnlineCtrl_EXINT0(BYTE *pucInputArray, BYTE *pucCipherArray) using 1
 101          {
 102   1          // Set AES Cipher Key
 103   1          SET_HDCP_2_2_RX3_ONLINE_AES(pucCipherArray, pucInputArray);
 104   1      
 105   1          // Riv from FW
 106   1          ScalerSetBit_EXINT(P2E_29_HDCP_I2C_CTRL_3, ~_BIT7, _BIT7);
 107   1      
 108   1          // Set HW to Authenticated State
 109   1          ScalerSetByte_EXINT(P2E_28_HDCP_I2C_CTRL_2, 0x10);
C51 COMPILER V9.60.0.0   SCALERTMDSRX3HDCP2_SEPTPHY                                        09/24/2026 09:30:27 PAGE 3   

 110   1          ScalerSetBit_EXINT(P2E_29_HDCP_I2C_CTRL_3, ~_BIT6, _BIT6);
 111   1      }
 112          //--------------------------------------------------
 113          // Description  : HDCP 2.2 Down Load Value in INT
 114          // Input Value  : usSubAddr == > start address, usLength == > key Length,
 115          //                pReadArray == > Key Array
 116          // Output Value : None
 117          //--------------------------------------------------
 118          void ScalerTMDSRx3Hdcp2DownLoadWriteSRAMValue_EXINT0(BYTE ucSubAddr, BYTE ucLength, BYTE *pucReadArray) us
             -ing 1
 119          {
 120   1          ScalerSetByte_EXINT(P2E_21_HDCP_MSGWAP, ucSubAddr);
 121   1      
 122   1          // Load Value To FW
 123   1          for(pData_EXINT[0] = ucSubAddr; pData_EXINT[0] < (ucSubAddr + ucLength); pData_EXINT[0]++)
 124   1          {
 125   2              pucReadArray[pData_EXINT[0] - ucSubAddr] = ScalerGetByte_EXINT(P2E_22_HDCP_MSGWDP);
 126   2          }
 127   1      }
 128          //--------------------------------------------------
 129          // Description  : HDCP 1.4 Switch to HDCP 2.2 (Can't change the enable/disable procedure)
 130          // Input Value  : None
 131          // Output Value : None
 132          //--------------------------------------------------
 133          void ScalerTMDSRx3Hdcp2Enable_EXINT0(void) using 1
 134          {
 135   1          MCU_FE72_DDC3_EDID_IRQ |= _BIT2;
 136   1      
 137   1          // set a check duration = 2ms for cover max time(=500us)of Tx read RxStatus (offset address = 0x70)
 138   1          // each loop time = 40us
 139   1          for(pData_EXINT[0] = 0; pData_EXINT[0] < 50; pData_EXINT[0]++)
 140   1          {
 141   2              DELAY_40US_EXINT();
 142   2      
 143   2              if((MCU_FE72_DDC3_EDID_IRQ & _BIT2) == _BIT2)
 144   2              {
 145   3                  MCU_FE72_DDC3_EDID_IRQ |= _BIT2;
 146   3              }
 147   2              else
 148   2              {
 149   3                  break;
 150   3              }
 151   2          }
 152   1      
 153   1          // Detectd DDC non-Toggle or Timeout to Enable HDCP 2.2 Function
 154   1          // Enable HDCP 2.2 Module
 155   1          ScalerSetBit_EXINT(P2E_26_HDCP_I2C_CTRL_0, ~_BIT7, _BIT7);
 156   1      
 157   1          // Disable HDCP 1.4 Module
 158   1          ScalerSetBit_EXINT(P72_C0_HDCP_CR, ~_BIT0, 0x00);
 159   1      }
 160          //--------------------------------------------------
 161          // Description  : HDCP 2.2 Handler Process for TMDS Rx3
 162          // Input Value  : None
 163          // Output Value : None
 164          //--------------------------------------------------
 165          void ScalerTMDSRx3Hdcp2Handler(void)
 166          {
 167   1      #if(_HDCP_2_2_ERRATA_TEST_SUPPORT == _ON)
                  SET_TMDS_RX3_HDCP2_AKE_INIT_RECEIVED();
              #endif
 170   1      
C51 COMPILER V9.60.0.0   SCALERTMDSRX3HDCP2_SEPTPHY                                        09/24/2026 09:30:27 PAGE 4   

 171   1          // Receiver Has Received AKE_INIT
 172   1          if(GET_TMDS_RX3_HDCP2_AKE_INIT_RECEIVED() == _TRUE)
 173   1          {
 174   2              CLR_TMDS_RX3_HDCP2_AKE_INIT_RECEIVED();
 175   2      
 176   2              DebugMessageHDCP2("[D3]AKE_INIT", 0);
 177   2      
 178   2      #if(_HDCP_2_2_ERRATA_TEST_SUPPORT == _ON)
              
                      g_pucTmdsRx3Hdcp2Rtx[0] = 0x18;
                      g_pucTmdsRx3Hdcp2Rtx[1] = 0xfa;
                      g_pucTmdsRx3Hdcp2Rtx[2] = 0xe4;
                      g_pucTmdsRx3Hdcp2Rtx[3] = 0x20;
                      g_pucTmdsRx3Hdcp2Rtx[4] = 0x6a;
                      g_pucTmdsRx3Hdcp2Rtx[5] = 0xfb;
                      g_pucTmdsRx3Hdcp2Rtx[6] = 0x51;
                      g_pucTmdsRx3Hdcp2Rtx[7] = 0x49;
              
                      g_pucTmdsRx3Hdcp2Rrx[0] = 0x3b;
                      g_pucTmdsRx3Hdcp2Rrx[1] = 0xa0;
                      g_pucTmdsRx3Hdcp2Rrx[2] = 0xbe;
                      g_pucTmdsRx3Hdcp2Rrx[3] = 0xde;
                      g_pucTmdsRx3Hdcp2Rrx[4] = 0x0c;
                      g_pucTmdsRx3Hdcp2Rrx[5] = 0x46;
                      g_pucTmdsRx3Hdcp2Rrx[6] = 0xa9;
                      g_pucTmdsRx3Hdcp2Rrx[7] = 0x91;
              
                      g_pucTmdsRx3Hdcp2TxCaps[0] = 0x02;
                      g_pucTmdsRx3Hdcp2TxCaps[1] = 0x00;
                      g_pucTmdsRx3Hdcp2TxCaps[2] = 0x00;
              
                      g_pucTmdsRx3Caps[0] = 0x02;
                      g_pucTmdsRx3Caps[1] = 0x00;
                      g_pucTmdsRx3Caps[2] = 0x01;
              
                      // Load Certrx to Read SRAM
                      ScalerTMDSRx3Hdcp2SetRdMsgValue(0x01, g_stRxHdcp2DownLoadKeyType.pucHdcp2Certrx, 522);
              
              #endif
 210   2          }
 211   1      
 212   1      #if(_HDCP_2_2_ERRATA_TEST_SUPPORT == _ON)
                  SET_TMDS_RX3_HDCP2_AKE_NO_STORED_KM_RECEIVED();
              #endif
 215   1      
 216   1          // Receiver Has received AKE_NO_STORED_KM
 217   1          if(GET_TMDS_RX3_HDCP2_AKE_NO_STORED_KM_RECEIVED() == _TRUE)
 218   1          {
 219   2      #if(_HDCP_2_2_ERRATA_TEST_SUPPORT == _ON)
                      if(ScalerTMDSRx3Hdcp2CaptureKpubKm() == _TRUE)
                      {
                          // Decrypt Km by FW to Get 128 bit Km
                          if(ScalerHdcp2RxRsaOaepCalculate(g_pucTmdsRx3Hdcp2Km) == _TRUE)
                          {
                              ScalerHdcp2DkeyCalculate(_HDCP_2_2_DKEY_0, g_pucTmdsRx3Hdcp2Rtx, g_pucTmdsRx3Hdcp2Rrx, g_p
             -ucTmdsRx3Hdcp2Km, g_pucTmdsRx3Hdcp2Rn);
              
                              memcpy(g_pucTmdsRx3Hdcp2dKey0, (volatile BYTE xdata *)P63_81_HDCP_AES_OUT_15, 16);
              
                              ScalerHdcp2DkeyCalculate(_HDCP_2_2_DKEY_1, g_pucTmdsRx3Hdcp2Rtx, g_pucTmdsRx3Hdcp2Rrx, g_p
             -ucTmdsRx3Hdcp2Km, g_pucTmdsRx3Hdcp2Rn);
              
C51 COMPILER V9.60.0.0   SCALERTMDSRX3HDCP2_SEPTPHY                                        09/24/2026 09:30:27 PAGE 5   

                              memcpy(g_pucTmdsRx3Hdcp2dKey1, (volatile BYTE xdata *)P63_81_HDCP_AES_OUT_15, 16);
              
                              for(pData[0] = 0; pData[0] < 16; pData[0]++)
                              {
                                  DebugMessageHDCP2("[D3]Dkey0", g_pucTmdsRx3Hdcp2dKey0[pData[0]]);
                              }
              
                              for(pData[0] = 0; pData[0] < 16; pData[0]++)
                              {
                                  DebugMessageHDCP2("[D3]Dkey1", g_pucTmdsRx3Hdcp2dKey1[pData[0]]);
                              }
              
                              if(ScalerHdcp2HPrimeCalculate(g_pucTmdsRx3Hdcp2dKey0, g_pucTmdsRx3Hdcp2dKey1, g_pucTmdsRx3
             -Hdcp2Rtx, g_pucTmdsRx3Hdcp2TxCaps, g_pucTmdsRx3Caps) == _TRUE)
                              {
                                  ScalerTMDSRx3Hdcp2CalculateKmKh();
                              }
                          }
                      }
              #endif
 250   2              CLR_TMDS_RX3_HDCP2_AKE_NO_STORED_KM_RECEIVED();
 251   2              CLR_TMDS_RX3_HDCP2_AUTHENTICATION_ACTIVE();
 252   2      
 253   2              DebugMessageHDCP2("[D3]AKE_NO_STORED_KM", 0);
 254   2          }
 255   1      
 256   1          if(GET_TMDS_RX3_HDCP2_AKE_STORED_KM_RECEIVED() == _TRUE)
 257   1          {
 258   2              CLR_TMDS_RX3_HDCP2_AKE_STORED_KM_RECEIVED();
 259   2      
 260   2              DebugMessageHDCP2("[D3]AKE_STORED_KM", 0);
 261   2          }
 262   1      
 263   1      #if(_HDCP_2_2_ERRATA_TEST_SUPPORT == _ON)
                  SET_TMDS_RX3_HDCP2_LC_INIT_RECEIVED();
              #endif
 266   1      
 267   1          if(GET_TMDS_RX3_HDCP2_LC_INIT_RECEIVED() == _TRUE)
 268   1          {
 269   2      #if(_HDCP_2_2_ERRATA_TEST_SUPPORT == _ON)
              
                      BYTE pucSHA256[32];
                      memset(pucSHA256, 0, sizeof(pucSHA256));
              
                      g_pucTmdsRx3Hdcp2Rn[0] = 0x32;
                      g_pucTmdsRx3Hdcp2Rn[1] = 0x75;
                      g_pucTmdsRx3Hdcp2Rn[2] = 0x3e;
                      g_pucTmdsRx3Hdcp2Rn[3] = 0xa8;
                      g_pucTmdsRx3Hdcp2Rn[4] = 0x78;
                      g_pucTmdsRx3Hdcp2Rn[5] = 0xa6;
                      g_pucTmdsRx3Hdcp2Rn[6] = 0x38;
                      g_pucTmdsRx3Hdcp2Rn[7] = 0x1c;
              
                      if(ScalerHdcp2LPrimeCalculate(g_pucTmdsRx3Hdcp2dKey0, g_pucTmdsRx3Hdcp2dKey1, g_pucTmdsRx3Hdcp2Rrx
             -, g_pucTmdsRx3Hdcp2Rn) == _TRUE)
                      {
                          // Load H prime to Read SRAM, AKE Send H PRIME Message ID = 10
                          ScalerTMDSRx3Hdcp2SetRdMsgIDCode(_HDCP_2_2_LC_SEND_L_PRIME);
              
                          memcpy(pucSHA256, (volatile BYTE xdata *)P63_35_HDCP_SHA_0, 32);
              
                          ScalerTMDSRx3Hdcp2SetRdMsgValue(0x01, pucSHA256, 32);
C51 COMPILER V9.60.0.0   SCALERTMDSRX3HDCP2_SEPTPHY                                        09/24/2026 09:30:27 PAGE 6   

              
                          for(pData[0] = 0; pData[0] < 32; pData[0]++)
                          {
                              DebugMessageHDCP2("[D3]L_Prime", pucSHA256[pData[0]]);
                          }
              
                          // Set Message Size = 0x21
                          ScalerSetBit(P2E_3B_I2C_DUMMY_0, ~_BIT0, _BIT0);
                          ScalerSetByte(P72_C3_HDCP_AP, 0x70);
                          ScalerSetByte(P72_C4_HDCP_DP, 0x21);
                          ScalerSetByte(P72_C3_HDCP_AP, 0x71);
                          ScalerSetByte(P72_C4_HDCP_DP, 0x00);
                          ScalerSetBit(P2E_3B_I2C_DUMMY_0, ~_BIT0, 0x00);
                      }
              #endif
 306   2      
 307   2              CLR_TMDS_RX3_HDCP2_LC_INIT_RECEIVED();
 308   2      
 309   2              DebugMessageHDCP2("[D3]LC_INIT", 0);
 310   2          }
 311   1      
 312   1      #if(_HDCP_2_2_ERRATA_TEST_SUPPORT == _ON)
                  SET_TMDS_RX3_HDCP2_SKE_SEND_EKS_RECEIVED();
              #endif
 315   1      
 316   1          if(GET_TMDS_RX3_HDCP2_SKE_SEND_EKS_RECEIVED() == _TRUE)
 317   1          {
 318   2      #if(_HDCP_2_2_ERRATA_TEST_SUPPORT == _ON)
                      BYTE pucEDkeyKs[16];
                      BYTE pucInputCipher[16];
                      BYTE pucRiv[8];
                      BYTE pucKs[16];
              
                      memset(pucInputCipher, 0, sizeof(pucInputCipher));
                      memset(pucKs, 0, sizeof(pucKs));
              
                      // Calculate Dkey 2
                      ScalerHdcp2DkeyCalculate(_HDCP_2_2_DKEY_2, g_pucTmdsRx3Hdcp2Rtx, g_pucTmdsRx3Hdcp2Rrx, g_pucTmdsRx
             -3Hdcp2Km, g_pucTmdsRx3Hdcp2Rn);
              
                      pucEDkeyKs[0] = 0x4c;
                      pucEDkeyKs[1] = 0x32;
                      pucEDkeyKs[2] = 0x47;
                      pucEDkeyKs[3] = 0x12;
                      pucEDkeyKs[4] = 0xc4;
                      pucEDkeyKs[5] = 0xbe;
                      pucEDkeyKs[6] = 0xc6;
                      pucEDkeyKs[7] = 0x69;
                      pucEDkeyKs[8] = 0x0a;
                      pucEDkeyKs[9] = 0xc2;
                      pucEDkeyKs[10] = 0x19;
                      pucEDkeyKs[11] = 0x64;
                      pucEDkeyKs[12] = 0xde;
                      pucEDkeyKs[13] = 0x91;
                      pucEDkeyKs[14] = 0xf1;
                      pucEDkeyKs[15] = 0x83;
              
                      pucRiv[0] = 0x40;
                      pucRiv[1] = 0x2b;
                      pucRiv[2] = 0x6b;
                      pucRiv[3] = 0x43;
                      pucRiv[4] = 0xc5;
C51 COMPILER V9.60.0.0   SCALERTMDSRX3HDCP2_SEPTPHY                                        09/24/2026 09:30:27 PAGE 7   

                      pucRiv[5] = 0xe8;
                      pucRiv[6] = 0x86;
                      pucRiv[7] = 0xd8;
              
                      // Decode Ks
                      for(pData[0] = 0; pData[0] < 8; ++pData[0])
                      {
                          pucKs[pData[0]] = pucEDkeyKs[pData[0]] ^ ScalerGetByte((P63_81_HDCP_AES_OUT_15 + pData[0]));
                      }
              
                      for(pData[0] = 8; pData[0] < 16; ++pData[0])
                      {
                          pucKs[pData[0]] = pucEDkeyKs[pData[0]] ^ (ScalerGetByte((P63_81_HDCP_AES_OUT_15 + pData[0])) ^
             - g_pucTmdsRx3Hdcp2Rrx[pData[0] - 8]);
                      }
              
              
                      for(pData[0] = 0; pData[0] < 16; pData[0]++)
                      {
                          DebugMessageHDCP2("[D3]Ks", pucKs[pData[0]]);
                      }
              
                      SET_TMDS_RX3_HDCP2_AUTHENTICATION_DONE();
              
                      // Enable HDMI Link Integrity Check
                      ScalerSetDataPortBit(P72_C9_HDMI_AP, _P72_CA_PT_63_PORT_PAGE72_HDMI_PEAC1, ~(_BIT7 | _BIT6), (_BIT
             -7 | _BIT6));
              
                      SET_TMDS_RX3_HDCP2_AUTH_STATE(_HDCP_2_2_STATE_AUTHENTICATED);
              
                      // Enable Decryption
                      for(pData[0] = 0; pData[0] < 16; ++pData[0])
                      {
                          pucInputCipher[pData[0]] = pucKs[pData[0]] ^ g_stRxHdcp2DownLoadKeyType.pucHdcp2Lc[pData[0]];
                      }
              
                      // Enable AES Decryption Cipher
                      ScalerTMDSRx3Hdcp2AesOnlineCtrl(pucRiv, pucInputCipher);
              #endif
 389   2      
 390   2              CLR_TMDS_RX3_HDCP2_SKE_SEND_EKS_RECEIVED();
 391   2      
 392   2              DebugMessageHDCP2("[D3]SKE_SEND_EKS", 0);
 393   2          }
 394   1      
 395   1          if(GET_TMDS_RX3_HDCP2_AUTHENTICATION_DONE() == _TRUE)
 396   1          {
 397   2              // Check BCH Error or Not
 398   2              if(ScalerGetDataPortBit(P72_C9_HDMI_AP, _P72_CA_PT_63_PORT_PAGE72_HDMI_PEAC1, (_BIT7 | _BIT6)) == 
             -(_BIT7 | _BIT6))
 399   2              {
 400   3                  // Clear BCH Error Flag
 401   3                  ScalerSetDataPortBit(P72_C9_HDMI_AP, _P72_CA_PT_63_PORT_PAGE72_HDMI_PEAC1, ~_BIT6, _BIT6);
 402   3      
 403   3                  // Clear Authentication Done Flag
 404   3                  CLR_TMDS_RX3_HDCP2_AUTHENTICATION_DONE();
 405   3      
 406   3                  DebugMessageHDCP2("[D3]REAUTH_REQ", 0);
 407   3      
 408   3                  // Set HDCP 2.2 Authentication State = UnAuthenticated
 409   3                  SET_TMDS_RX3_HDCP2_AUTH_STATE(_HDCP_2_2_STATE_UNAUTHENTICATED);
 410   3      
C51 COMPILER V9.60.0.0   SCALERTMDSRX3HDCP2_SEPTPHY                                        09/24/2026 09:30:27 PAGE 8   

 411   3                  // Set RxStatus REAUTH_REQ
 412   3                  ScalerSetBit(P2E_3B_I2C_DUMMY_0, ~_BIT0, _BIT0);
 413   3                  ScalerSetDataPortBit(P72_C3_HDCP_AP, _P72_C4_PT_71_PORT_PAGE72_HDCP2_STATUS2, ~_BIT3, _BIT3);
 414   3                  ScalerSetBit(P2E_3B_I2C_DUMMY_0, ~_BIT0, 0x00);
 415   3      
 416   3                  // Active HDCP 2.2 Re-Auth Timer Event for HPD Trigger Event Usage
 417   3                  ScalerTimerActiveTimerEvent(SEC(4), _SCALER_TIMER_EVENT_RX3_HDCP2_REAUTH);
 418   3              }
 419   2          }
 420   1      }
 421          //--------------------------------------------------
 422          // Description  : HDCP 2.2 Handler Process
 423          // Input Value  : None
 424          // Output Value : None
 425          //--------------------------------------------------
 426          void ScalerTMDSRx3Hdcp2Initial(void)
 427          {
 428   1          // Enable HDCP 2 Write SRAM Auto Increase Function
 429   1          ScalerSetBit(P2E_20_HDCP_MSG_CTRL, ~_BIT0, _BIT0);
 430   1      
 431   1          // Enable HDCP 2 Read SRAM Auto Increase Function
 432   1          ScalerSetBit(P2E_23_HDCP_MSGRAP_H, ~_BIT2, _BIT2);
 433   1      }
 434          
 435          //--------------------------------------------------
 436          // Description  : HDCP 2.2 RSA Calculate in INT
 437          // Input Value  : None
 438          // Output Value : _TRUE or _FALSE
 439          //--------------------------------------------------
 440          void ScalerTMDSRx3Hdcp2RxRsaCalculate_EXINT0(void) using 1
 441          {
 442   1          BYTE pucHdcp2KpubKm[128];
 443   1          BYTE ucIndex = 0;
 444   1      
 445   1          // Save Transmitter Ekpub[km] to FW
 446   1          ScalerSetByte_EXINT(P2E_21_HDCP_MSGWAP, 0x01);
 447   1      
 448   1          for(ucIndex = 0; ucIndex < 128; ++ucIndex)
 449   1          {
 450   2              pucHdcp2KpubKm[ucIndex] = ScalerGetByte_EXINT(P2E_22_HDCP_MSGWDP);
 451   2          }
 452   1      
 453   1          // RSA Calculate
 454   1          ScalerHdcp2RxRsaCal_EXINT0(pucHdcp2KpubKm);
 455   1      
 456   1          // delay to check RSA
 457   1          ScalerTimerWDActivateTimerEvent_EXINT0(10, _SCALER_WD_TIMER_EVENT_TMDS_RX3_HDCP2_CHECK_RSA_CAL_DONE);
 458   1      }
 459          
 460          //--------------------------------------------------
 461          // Description  : HDCP 2.2 Int Handler Process
 462          // Input Value  : None
 463          // Output Value : None
 464          //--------------------------------------------------
 465          void ScalerTMDSRx3Hdcp2IntHandler_EXINT0(void) using 1
 466          {
 467   1          BYTE pucBackUp[2];
 468   1      
 469   1          pucBackUp[0] = ScalerGetByte_EXINT(P72_C9_HDMI_AP);
 470   1          pucBackUp[1] = (ScalerGetByte_EXINT(P72_C8_HDMI_APC) & 0x01);
 471   1      
 472   1          // Set CA Port non-auto increase
C51 COMPILER V9.60.0.0   SCALERTMDSRX3HDCP2_SEPTPHY                                        09/24/2026 09:30:27 PAGE 9   

 473   1          ScalerSetBit_EXINT(P72_C8_HDMI_APC, ~_BIT0, 0x00);
 474   1      
 475   1          // Backup W/R Sram & HDCP Port Addr.
 476   1          g_pucHdcp2BackUp[0] = ScalerGetByte_EXINT(P2E_21_HDCP_MSGWAP);
 477   1          g_pucHdcp2BackUp[1] = ScalerGetByte_EXINT(P2E_23_HDCP_MSGRAP_H);
 478   1          g_pucHdcp2BackUp[2] = ScalerGetByte_EXINT(P2E_24_HDCP_MSGRAP_L);
 479   1          g_pucHdcp2BackUp[3] = ScalerGetByte_EXINT(P72_C3_HDCP_AP);
 480   1      
 481   1          // Detect HDCP 2.2 Write Message Done IRQ
 482   1          if((ScalerGetBit_EXINT(P2E_35_HDCP_I2C_CTRL_7, _BIT0) == _BIT0) && (ScalerGetBit_EXINT(P2E_36_HDCP_I2C
             -_CTRL_8, _BIT0) == _BIT0))
 483   1          {
 484   2              // Clear HDCP 2.2 Write Message Done Flag
 485   2              ScalerSetBit_EXINT(P2E_36_HDCP_I2C_CTRL_8, ~(_BIT4 | _BIT3 | _BIT2 | _BIT1 | _BIT0), _BIT0);
 486   2      
 487   2              // Judge HDCP Switch to 2.2 Mode or not
 488   2              if((ScalerGetBit_EXINT(P2E_26_HDCP_I2C_CTRL_0, _BIT7) == 0x00) && (ScalerGetBit_EXINT(P72_C0_HDCP_
             -CR, _BIT0) == _BIT0))
 489   2              {
 490   3                  ScalerTMDSRx3Hdcp2Enable_EXINT0();
 491   3              }
 492   2      
 493   2              ScalerSetByte_EXINT(P2E_21_HDCP_MSGWAP, 0x00);
 494   2      
 495   2              // Detect HDCP 2.2 Transmitter Write AKE_Init Message, Message ID = 2
 496   2              switch(ScalerGetByte_EXINT(P2E_22_HDCP_MSGWDP))
 497   2              {
 498   3                  case _HDCP_2_2_AKE_INIT:
 499   3      
 500   3                      // HDCP2 Reset Proc
 501   3                      ScalerTMDSRx3Hdcp2ResetProc_EXINT0();
 502   3      
 503   3                      // Save Transmitter Rtx to FW
 504   3                      ScalerTMDSRx3Hdcp2DownLoadWriteSRAMValue_EXINT0(0x01, 8, g_pucTmdsRx3Hdcp2Rtx);
 505   3      
 506   3                      // Save TxCaps to FW
 507   3                      ScalerTMDSRx3Hdcp2DownLoadWriteSRAMValue_EXINT0(0x09, 3, g_pucTmdsRx3Hdcp2TxCaps);
 508   3      
 509   3                      // Generate the psudo-random key of Rrx
 510   3                      ScalerHdcp2RxGenRrx_EXINT0(g_pucTmdsRx3Hdcp2Rrx);
 511   3      
 512   3                      // Load Certrx to Read SRAM
 513   3                      ScalerTMDSRx3Hdcp2SetRdMsgValue_EXINT0(0x01, g_stRxHdcp2DownLoadKeyType.pucHdcp2Certrx, 52
             -2);
 514   3      
 515   3                      // Load Rrx to Read SRAM
 516   3                      ScalerTMDSRx3Hdcp2SetRdMsgValue_EXINT0(0x020B, g_pucTmdsRx3Hdcp2Rrx, 8);
 517   3      
 518   3                      // Load RxCaps HDCP 2.2 Support to Read SRAM
 519   3                      ScalerTMDSRx3Hdcp2SetRdMsgValue_EXINT0(0x0213, g_pucTmdsRx3Caps, 3);
 520   3      
 521   3                      // Load Message ID = 3
 522   3                      ScalerTMDSRx3Hdcp2SetRdMsgIDCode_EXINT0(_HDCP_2_2_AKE_SEND_CERT);
 523   3      
 524   3                      // Set AKE_SEND_CERT Message Size = 534
 525   3                      ScalerSetBit_EXINT(P2E_3B_I2C_DUMMY_0, ~_BIT0, _BIT0);
 526   3                      ScalerSetByte_EXINT(P72_C3_HDCP_AP, 0x70);
 527   3                      ScalerSetByte_EXINT(P72_C4_HDCP_DP, 0x16);
 528   3                      ScalerSetByte_EXINT(P72_C3_HDCP_AP, 0x71);
 529   3                      ScalerSetByte_EXINT(P72_C4_HDCP_DP, 0x02);
 530   3                      ScalerSetBit_EXINT(P2E_3B_I2C_DUMMY_0, ~_BIT0, 0x00);
 531   3      
C51 COMPILER V9.60.0.0   SCALERTMDSRX3HDCP2_SEPTPHY                                        09/24/2026 09:30:27 PAGE 10  

 532   3                      SET_TMDS_RX3_HDCP2_AKE_INIT_RECEIVED();
 533   3      
 534   3      #if(_HDMI_HDCP14_BCH_ERROR_CHECK == _ON)
                              // Unlock Ri'
                              ScalerSetByte_EXINT(P72_C3_HDCP_AP, _P72_C4_PT_C1_PORT_PAGE72_HDCP_SIR);
                              ScalerSetBit_EXINT(P72_C4_HDCP_DP, ~_BIT4, 0x00);
              
                              // Reset HDCP1.4 BCH Error Check
                              ScalerTMDSRx3Hdcp14BchErrorCheckReset_EXINT0();
              #endif
 542   3      
 543   3                      break;
 544   3      
 545   3                  case _HDCP_2_2_AKE_NO_STORED_KM:
 546   3      
 547   3                      SET_TMDS_RX3_HDCP2_AKE_NO_STORED_KM_RECEIVED();
 548   3                      SET_TMDS_RX3_HDCP2_AUTHENTICATION_ACTIVE();
 549   3      
 550   3                      if(ScalerHdcp2RsaAvailable_EXINT0() == _TRUE)
 551   3                      {
 552   4                          if(ScalerGetBit_EXINT(P63_10_HDCP_RSA_CTRL0, _BIT7) == _BIT7) // RSA power on
 553   4                          {
 554   5                              // delay to start RSA Cal
 555   5                              ScalerTimerWDActivateTimerEvent_EXINT0(10, _SCALER_WD_TIMER_EVENT_TMDS_RX3_HDCP2_R
             -SA_CAL_START);
 556   5                          }
 557   4                          else
 558   4                          {
 559   5                              ScalerTMDSRx3Hdcp2RxRsaCalculate_EXINT0();
 560   5                          }
 561   4                      }
 562   3      
 563   3                      break;
 564   3      
 565   3                  case _HDCP_2_2_AKE_STORED_KM:
 566   3      
 567   3                      // Save Ekh[km] From Transmitter to FW
 568   3                      ScalerTMDSRx3Hdcp2DownLoadWriteSRAMValue_EXINT0(0x01, 16, g_pucTmdsRx3Hdcp2Km);
 569   3      
 570   3                      // Save m From Transmitter to FW
 571   3                      ScalerTMDSRx3Hdcp2DownLoadWriteSRAMValue_EXINT0(0x11, 16, g_pucHdcp2M);
 572   3      
 573   3                      // Calculate Km use AES Cipher, Input Value = m, Input Cipher = Kh
 574   3                      ScalerHdcp2RxAesOfflineCtrl_EXINT0(g_pucHdcp2M, g_pucHdcp2Kh);
 575   3      
 576   3                      for(pData_EXINT[0] = 0; pData_EXINT[0] < 0x10; ++pData_EXINT[0])
 577   3                      {
 578   4                          g_pucTmdsRx3Hdcp2Km[pData_EXINT[0]] = g_pucTmdsRx3Hdcp2Km[pData_EXINT[0]] ^ ScalerGetB
             -yte_EXINT(P63_81_HDCP_AES_OUT_15 + pData_EXINT[0]);
 579   4                      }
 580   3      
 581   3                      // Calculate DKey0
 582   3                      ScalerHdcp2DkeyCalculate_EXINT0(_HDCP_2_2_DKEY_0, g_pucTmdsRx3Hdcp2Rtx, g_pucTmdsRx3Hdcp2R
             -rx, g_pucTmdsRx3Hdcp2Km, g_pucTmdsRx3Hdcp2Rn);
 583   3      
 584   3                      for(pData_EXINT[0] = 0; pData_EXINT[0] < 16; pData_EXINT[0]++)
 585   3                      {
 586   4                          g_pucTmdsRx3Hdcp2dKey0[pData_EXINT[0]] = ScalerGetByte_EXINT(P63_81_HDCP_AES_OUT_15 + 
             -pData_EXINT[0]);
 587   4                      }
 588   3      
 589   3                      // Calculate Dkey1
C51 COMPILER V9.60.0.0   SCALERTMDSRX3HDCP2_SEPTPHY                                        09/24/2026 09:30:27 PAGE 11  

 590   3                      ScalerHdcp2DkeyCalculate_EXINT0(_HDCP_2_2_DKEY_1, g_pucTmdsRx3Hdcp2Rtx, g_pucTmdsRx3Hdcp2R
             -rx, g_pucTmdsRx3Hdcp2Km, g_pucTmdsRx3Hdcp2Rn);
 591   3      
 592   3                      for(pData_EXINT[0] = 0; pData_EXINT[0] < 16; pData_EXINT[0]++)
 593   3                      {
 594   4                          g_pucTmdsRx3Hdcp2dKey1[pData_EXINT[0]] = ScalerGetByte_EXINT(P63_81_HDCP_AES_OUT_15 + 
             -pData_EXINT[0]);
 595   4                      }
 596   3      
 597   3                      // Calculate H'
 598   3                      if(ScalerHdcp2HPrimeCalculate_EXINT0(g_pucTmdsRx3Hdcp2dKey0, g_pucTmdsRx3Hdcp2dKey1, g_puc
             -TmdsRx3Hdcp2Rtx, g_pucTmdsRx3Hdcp2TxCaps, g_pucTmdsRx3Caps) == _TRUE)
 599   3                      {
 600   4                          // Load H prime to Read SRAM, AKE Send H PRIME Message ID = 0x07
 601   4                          ScalerTMDSRx3Hdcp2SetRdMsgIDCode_EXINT0(_HDCP_2_2_AKE_SEND_H_PRIME);
 602   4      
 603   4                          for(pData_EXINT[2] = 0; pData_EXINT[2] < 32; pData_EXINT[2]++)
 604   4                          {
 605   5                              g_pucHdcp2Sha256[pData_EXINT[2]] = ScalerGetByte_EXINT(P63_35_HDCP_SHA_0 + pData_E
             -XINT[2]);
 606   5                          }
 607   4      
 608   4                          ScalerTMDSRx3Hdcp2SetRdMsgValue_EXINT0(0x01, g_pucHdcp2Sha256, 32);
 609   4      
 610   4                          // Set Message Size = 0x21
 611   4                          ScalerSetBit_EXINT(P2E_3B_I2C_DUMMY_0, ~_BIT0, _BIT0);
 612   4                          ScalerSetByte_EXINT(P72_C3_HDCP_AP, 0x70);
 613   4                          ScalerSetByte_EXINT(P72_C4_HDCP_DP, 0x21);
 614   4                          ScalerSetByte_EXINT(P72_C3_HDCP_AP, 0x71);
 615   4                          ScalerSetByte_EXINT(P72_C4_HDCP_DP, 0x00);
 616   4                          ScalerSetBit_EXINT(P2E_3B_I2C_DUMMY_0, ~_BIT0, 0x00);
 617   4                      }
 618   3      
 619   3                      SET_TMDS_RX3_HDCP2_AKE_STORED_KM_RECEIVED();
 620   3      
 621   3                      // Set HDCP 2.2 State to Compute Km
 622   3                      SET_TMDS_RX3_HDCP2_AUTH_STATE(_HDCP_2_2_STATE_COMPUTE_KM);
 623   3      
 624   3                      break;
 625   3      
 626   3                  case _HDCP_2_2_LC_INIT:
 627   3      
 628   3                      // Save Transmitter Rn to FW
 629   3                      ScalerTMDSRx3Hdcp2DownLoadWriteSRAMValue_EXINT0(0x01, 8, g_pucTmdsRx3Hdcp2Rn);
 630   3      
 631   3                      if(ScalerHdcp2LPrimeCalculate_EXINT0(g_pucTmdsRx3Hdcp2dKey0, g_pucTmdsRx3Hdcp2dKey1, g_puc
             -TmdsRx3Hdcp2Rrx, g_pucTmdsRx3Hdcp2Rn) == _TRUE)
 632   3                      {
 633   4                          // Load H prime to Read SRAM, AKE Send H PRIME Message ID = 10
 634   4                          ScalerTMDSRx3Hdcp2SetRdMsgIDCode_EXINT0(_HDCP_2_2_LC_SEND_L_PRIME);
 635   4      
 636   4                          for(pData_EXINT[0] = 0; pData_EXINT[0] < 32; pData_EXINT[0]++)
 637   4                          {
 638   5                              g_pucHdcp2Sha256[pData_EXINT[0]] = ScalerGetByte_EXINT(P63_35_HDCP_SHA_0 + pData_E
             -XINT[0]);
 639   5                          }
 640   4      
 641   4                          ScalerTMDSRx3Hdcp2SetRdMsgValue_EXINT0(0x01, g_pucHdcp2Sha256, 32);
 642   4      
 643   4                          // Set Message Size = 0x21
 644   4                          ScalerSetBit_EXINT(P2E_3B_I2C_DUMMY_0, ~_BIT0, _BIT0);
 645   4                          ScalerSetByte_EXINT(P72_C3_HDCP_AP, 0x70);
C51 COMPILER V9.60.0.0   SCALERTMDSRX3HDCP2_SEPTPHY                                        09/24/2026 09:30:27 PAGE 12  

 646   4                          ScalerSetByte_EXINT(P72_C4_HDCP_DP, 0x21);
 647   4                          ScalerSetByte_EXINT(P72_C3_HDCP_AP, 0x71);
 648   4                          ScalerSetByte_EXINT(P72_C4_HDCP_DP, 0x00);
 649   4                          ScalerSetBit_EXINT(P2E_3B_I2C_DUMMY_0, ~_BIT0, 0x00);
 650   4                      }
 651   3      
 652   3                      SET_TMDS_RX3_HDCP2_LC_INIT_RECEIVED();
 653   3      
 654   3                      // Set HDCP 2.2 State to Compute L'
 655   3                      SET_TMDS_RX3_HDCP2_AUTH_STATE(_HDCP_2_2_STATE_COMPUTE_L_PRIME);
 656   3      
 657   3                      break;
 658   3      
 659   3                  case _HDCP_2_2_SKE_SEND_EKS:
 660   3      
 661   3                      // Calculate Dkey 2
 662   3                      ScalerHdcp2DkeyCalculate_EXINT0(_HDCP_2_2_DKEY_2, g_pucTmdsRx3Hdcp2Rtx, g_pucTmdsRx3Hdcp2R
             -rx, g_pucTmdsRx3Hdcp2Km, g_pucTmdsRx3Hdcp2Rn);
 663   3      
 664   3                      // Save EDkeyKs from Write SRAM to FW
 665   3                      ScalerTMDSRx3Hdcp2DownLoadWriteSRAMValue_EXINT0(0x01, 16, g_pucHdcp2EDkeyKs);
 666   3      
 667   3                      // Save Riv from Write SRAM to FW
 668   3                      ScalerTMDSRx3Hdcp2DownLoadWriteSRAMValue_EXINT0(0x11, 8, g_pucHdcp2Riv);
 669   3      
 670   3                      // Decode Ks
 671   3                      for(pData_EXINT[0] = 0; pData_EXINT[0] < 8; ++pData_EXINT[0])
 672   3                      {
 673   4                          g_pucHdcp2Ks[pData_EXINT[0]] = g_pucHdcp2EDkeyKs[pData_EXINT[0]] ^ ScalerGetByte_EXINT
             -((P63_81_HDCP_AES_OUT_15 + pData_EXINT[0]));
 674   4                      }
 675   3      
 676   3                      for(pData_EXINT[0] = 8; pData_EXINT[0] < 16; ++pData_EXINT[0])
 677   3                      {
 678   4                          g_pucHdcp2Ks[pData_EXINT[0]] = g_pucHdcp2EDkeyKs[pData_EXINT[0]] ^ (ScalerGetByte_EXIN
             -T((P63_81_HDCP_AES_OUT_15 + pData_EXINT[0])) ^ g_pucTmdsRx3Hdcp2Rrx[pData_EXINT[0] - 8]);
 679   4                      }
 680   3      
 681   3                      SET_TMDS_RX3_HDCP2_AUTHENTICATION_DONE();
 682   3      
 683   3                      // Enable HDMI Link Integrity Check & Clear BCH Error Flag
 684   3                      ScalerSetByte_EXINT(P72_C9_HDMI_AP, _P72_CA_PT_63_PORT_PAGE72_HDMI_PEAC1);
 685   3                      pData_EXINT[0] = ((ScalerGetByte_EXINT(P72_CA_HDMI_DP) & (~_BIT7)) | _BIT7 | _BIT6);
 686   3                      ScalerSetByte_EXINT(P72_C9_HDMI_AP, _P72_CA_PT_63_PORT_PAGE72_HDMI_PEAC1);
 687   3                      ScalerSetByte_EXINT(P72_CA_HDMI_DP, pData_EXINT[0]);
 688   3      
 689   3                      SET_TMDS_RX3_HDCP2_AUTH_STATE(_HDCP_2_2_STATE_AUTHENTICATED);
 690   3      
 691   3                      // Enable Decryption
 692   3                      for(pData_EXINT[0] = 0; pData_EXINT[0] < 16; ++pData_EXINT[0])
 693   3                      {
 694   4                          g_pucHdcp2InputCipher[pData_EXINT[0]] = g_pucHdcp2Ks[pData_EXINT[0]] ^ g_stRxHdcp2Down
             -LoadKeyType.pucHdcp2Lc[pData_EXINT[0]];
 695   4                      }
 696   3      
 697   3                      // Enable AES Decryption Cipher
 698   3                      ScalerTMDSRx3Hdcp2AesOnlineCtrl_EXINT0(g_pucHdcp2Riv, g_pucHdcp2InputCipher);
 699   3      
 700   3                      SET_TMDS_RX3_HDCP2_SKE_SEND_EKS_RECEIVED();
 701   3      
 702   3                      break;
 703   3      
C51 COMPILER V9.60.0.0   SCALERTMDSRX3HDCP2_SEPTPHY                                        09/24/2026 09:30:27 PAGE 13  

 704   3                  default:
 705   3                      break;
 706   3              }
 707   2          }
 708   1      
 709   1          // Source Has Read Msg Done IRQ
 710   1          if((ScalerGetBit_EXINT(P2E_35_HDCP_I2C_CTRL_7, _BIT1) == _BIT1) && (ScalerGetBit_EXINT(P2E_36_HDCP_I2C
             -_CTRL_8, _BIT1) == _BIT1))
 711   1          {
 712   2              // Clear Read Msg Done Flag
 713   2              ScalerSetBit_EXINT(P2E_36_HDCP_I2C_CTRL_8, ~(_BIT4 | _BIT3 | _BIT2 | _BIT1 | _BIT0), _BIT1);
 714   2      
 715   2              // Disable Read Msg Done IRQ
 716   2              ScalerSetBit_EXINT(P2E_35_HDCP_I2C_CTRL_7, ~_BIT1, 0x00);
 717   2      
 718   2              // Start Pairing AES Calculate
 719   2              for(pData_EXINT[0] = 0; pData_EXINT[0] < 16; ++pData_EXINT[0])
 720   2              {
 721   3                  if(pData_EXINT[0] < 8)
 722   3                  {
 723   4                      g_pucHdcp2M[pData_EXINT[0]] = g_pucTmdsRx3Hdcp2Rtx[pData_EXINT[0]];
 724   4                  }
 725   3                  else
 726   3                  {
 727   4                      g_pucHdcp2M[pData_EXINT[0]] = g_pucTmdsRx3Hdcp2Rrx[pData_EXINT[0] - 8];
 728   4                  }
 729   3              }
 730   2      
 731   2              // AES Cipher Calculate Ekh[km]
 732   2              ScalerHdcp2RxAesOfflineCtrl_EXINT0(g_pucHdcp2M, g_pucHdcp2Kh);
 733   2      
 734   2              // Calculate Ekh[km] = kh AES m XOR Km
 735   2              for(pData_EXINT[0] = 0; pData_EXINT[0] < 16; ++pData_EXINT[0])
 736   2              {
 737   3                  g_pucHdcp2EkhKm[pData_EXINT[0]] = ScalerGetByte_EXINT(P63_81_HDCP_AES_OUT_15 + pData_EXINT[0])
             - ^ g_pucTmdsRx3Hdcp2Km[pData_EXINT[0]];
 738   3              }
 739   2      
 740   2              ScalerTMDSRx3Hdcp2SetRdMsgValue_EXINT0(0x01, g_pucHdcp2EkhKm, 16);
 741   2      
 742   2              // Load AKE Send Pairing Info
 743   2              ScalerTMDSRx3Hdcp2SetRdMsgIDCode_EXINT0(_HDCP_2_2_AKE_SEND_PAIRING_INFO);
 744   2      
 745   2              // Set Message Size = 0x11
 746   2              ScalerSetBit_EXINT(P2E_3B_I2C_DUMMY_0, ~_BIT0, _BIT0);
 747   2              ScalerSetByte_EXINT(P72_C3_HDCP_AP, 0x70);
 748   2              ScalerSetByte_EXINT(P72_C4_HDCP_DP, 0x11);
 749   2              ScalerSetByte_EXINT(P72_C3_HDCP_AP, 0x71);
 750   2              ScalerSetByte_EXINT(P72_C4_HDCP_DP, 0x00);
 751   2              ScalerSetBit_EXINT(P2E_3B_I2C_DUMMY_0, ~_BIT0, 0x00);
 752   2          }
 753   1      
 754   1          // Recover Backup for  W/R Sram & HDCP Port Addr.
 755   1          ScalerSetByte_EXINT(P2E_21_HDCP_MSGWAP, g_pucHdcp2BackUp[0]);
 756   1          ScalerSetByte_EXINT(P2E_23_HDCP_MSGRAP_H, g_pucHdcp2BackUp[1]);
 757   1          ScalerSetByte_EXINT(P2E_24_HDCP_MSGRAP_L, g_pucHdcp2BackUp[2]);
 758   1          ScalerSetByte_EXINT(P72_C3_HDCP_AP, g_pucHdcp2BackUp[3]);
 759   1      
 760   1          ScalerSetBit_EXINT(P72_C8_HDMI_APC, ~_BIT0, pucBackUp[1]);
 761   1          ScalerSetByte_EXINT(P72_C9_HDMI_AP, pucBackUp[0]);
 762   1      }
 763          //--------------------------------------------------
C51 COMPILER V9.60.0.0   SCALERTMDSRX3HDCP2_SEPTPHY                                        09/24/2026 09:30:27 PAGE 14  

 764          // Description  : HDCP 2.2 Re-Auth Timer Event
 765          // Input Value  : None
 766          // Output Value : None
 767          //--------------------------------------------------
 768          void ScalerTMDSRx3Hdcp2ReAuthEvent(void)
 769          {
 770   1          if(ScalerGetDataPortBit(P72_C9_HDMI_AP, _P72_CA_PT_63_PORT_PAGE72_HDMI_PEAC1, (_BIT7 | _BIT6)) == (_BI
             -T7 | _BIT6))
 771   1          {
 772   2              SET_TMDS_RX3_HPD_TRIGGER_EVENT(_TMDS_HPD_HDCP_2_2);
 773   2      
 774   2              DebugMessageHDCP2("[D3]BCH ERR FOR HPD EVENT", 0);
 775   2          }
 776   1      }
 777          //--------------------------------------------------
 778          // Description  : HDCP 2.2 Reset Proc
 779          // Input Value  : None
 780          // Output Value : None
 781          //--------------------------------------------------
 782          void ScalerTMDSRx3Hdcp2ResetProc(void)
 783          {
 784   1          // Disable Read Msg Done IRQ
 785   1          ScalerSetBit(P2E_35_HDCP_I2C_CTRL_7, ~_BIT1, 0x00);
 786   1      
 787   1          // Clear Reading Msg Size & Judge REAUTH_REQ Set or not
 788   1          ScalerSetBit(P2E_3B_I2C_DUMMY_0, ~_BIT0, _BIT0);
 789   1          ScalerSetDataPortByte(P72_C3_HDCP_AP, _P72_C4_PT_70_PORT_PAGE72_HDCP2_STATUS1, 0x00);
 790   1      
 791   1      #if(_HDMI_HDCP22_REAUTH_IN_RESET_PROC == _ON)
                  if((ScalerGetBit(P2E_26_HDCP_I2C_CTRL_0, _BIT7) == _BIT7) && (GET_TMDS_RX3_HDCP2_AUTHENTICATION_DONE()
             - == _TRUE))
                  {
                      ScalerSetDataPortBit(P72_C3_HDCP_AP, _P72_C4_PT_71_PORT_PAGE72_HDCP2_STATUS2, ~(_BIT3 | _BIT1 | _B
             -IT0), _BIT3);
                  }
                  else
              #endif
 798   1          {
 799   2              ScalerSetDataPortBit(P72_C3_HDCP_AP, _P72_C4_PT_71_PORT_PAGE72_HDCP2_STATUS2, ~(_BIT3 | _BIT1 | _B
             -IT0), 0x00);
 800   2          }
 801   1      
 802   1          ScalerSetBit(P2E_3B_I2C_DUMMY_0, ~_BIT0, 0x00);
 803   1      
 804   1          // Disable Link Interity Check
 805   1          ScalerSetDataPortBit(P72_C9_HDMI_AP, _P72_CA_PT_63_PORT_PAGE72_HDMI_PEAC1, ~(_BIT7 | _BIT6), 0x00);
 806   1      
 807   1          // Reset Authenticated FSM
 808   1          ScalerSetByte(P2E_28_HDCP_I2C_CTRL_2, 0x01);
 809   1          ScalerSetBit(P2E_29_HDCP_I2C_CTRL_3, ~_BIT6, _BIT6);
 810   1      
 811   1          // Cancel HDCP 2.2 Re-Auth Timer Event
 812   1          ScalerTimerCancelTimerEvent(_SCALER_TIMER_EVENT_RX3_HDCP2_REAUTH);
 813   1      
 814   1          // Cancel HDCP 2.2 RSA Cal Timer Event
 815   1          ScalerTimerWDCancelTimerEvent(_SCALER_WD_TIMER_EVENT_TMDS_RX3_HDCP2_RSA_CAL_START);
 816   1          ScalerTimerWDCancelTimerEvent(_SCALER_WD_TIMER_EVENT_RX3_HDCP2_SET_REAUTH);
 817   1      
 818   1          CLR_TMDS_RX3_HDCP2_AUTHENTICATION_DONE();
 819   1          CLR_TMDS_RX3_HDCP2_AKE_INIT_RECEIVED();
 820   1          CLR_TMDS_RX3_HDCP2_AKE_NO_STORED_KM_RECEIVED();
 821   1          CLR_TMDS_RX3_HDCP2_AKE_STORED_KM_RECEIVED();
C51 COMPILER V9.60.0.0   SCALERTMDSRX3HDCP2_SEPTPHY                                        09/24/2026 09:30:27 PAGE 15  

 822   1          CLR_TMDS_RX3_HDCP2_LC_INIT_RECEIVED();
 823   1          CLR_TMDS_RX3_HDCP2_SKE_SEND_EKS_RECEIVED();
 824   1          CLR_TMDS_RX3_HDCP2_AUTHENTICATION_ACTIVE();
 825   1      
 826   1          // HDCP disable cause AVMute issue enable 1.4 disable 2.2
 827   1          ScalerSetBit(P2E_26_HDCP_I2C_CTRL_0, ~_BIT7, 0x00);
 828   1          ScalerSetBit(P72_C0_HDCP_CR, ~_BIT0, _BIT0);
 829   1      
 830   1          // clear AKSV/ Bksv/ Ri flag
 831   1          ScalerSetBit(P72_A9_TMDS_ABC0, ~(_BIT7 | _BIT6 | _BIT5 | _BIT2), (_BIT7 | _BIT6 | _BIT5));
 832   1      }
 833          //--------------------------------------------------
 834          // Description  : HDCP 2.2 Reset Proc in INT
 835          // Input Value  : None
 836          // Output Value : None
 837          //--------------------------------------------------
 838          void ScalerTMDSRx3Hdcp2ResetProc_EXINT0(void) using 1
 839          {
 840   1          // Disable Read Msg Done IRQ
 841   1          ScalerSetBit_EXINT(P2E_35_HDCP_I2C_CTRL_7, ~_BIT1, 0x00);
 842   1      
 843   1          // Clear Reading Msg Size & RxStatus REAUTH_REQ
 844   1          ScalerSetBit_EXINT(P2E_3B_I2C_DUMMY_0, ~_BIT0, _BIT0);
 845   1          ScalerSetByte_EXINT(P72_C3_HDCP_AP, _P72_C4_PT_70_PORT_PAGE72_HDCP2_STATUS1);
 846   1          ScalerSetByte_EXINT(P72_C4_HDCP_DP, 0x00);
 847   1          ScalerSetByte_EXINT(P72_C3_HDCP_AP, _P72_C4_PT_71_PORT_PAGE72_HDCP2_STATUS2);
 848   1          ScalerSetBit_EXINT(P72_C4_HDCP_DP, ~(_BIT3 | _BIT1 | _BIT0), 0x00);
 849   1          ScalerSetBit_EXINT(P2E_3B_I2C_DUMMY_0, ~_BIT0, 0x00);
 850   1      
 851   1          // Disable Link Interity Check
 852   1          ScalerSetByte_EXINT(P72_C9_HDMI_AP, _P72_CA_PT_63_PORT_PAGE72_HDMI_PEAC1);
 853   1          ScalerSetBit_EXINT(P72_CA_HDMI_DP, ~(_BIT7 | _BIT6), 0x00);
 854   1      
 855   1          // Reset Authenticated FSM
 856   1          ScalerSetByte_EXINT(P2E_28_HDCP_I2C_CTRL_2, 0x01);
 857   1          ScalerSetBit_EXINT(P2E_29_HDCP_I2C_CTRL_3, ~_BIT6, _BIT6);
 858   1      
 859   1          // Cancel HDCP 2.2 Re-Auth Timer Event
 860   1          ScalerTimerCancelTimerEvent_EXINT0(_SCALER_TIMER_EVENT_RX3_HDCP2_REAUTH);
 861   1      
 862   1          // Cancel HDCP 2.2 RSA Cal Timer Event
 863   1          ScalerTimerWDCancelTimerEvent_EXINT0(_SCALER_WD_TIMER_EVENT_TMDS_RX3_HDCP2_RSA_CAL_START);
 864   1          ScalerTimerWDCancelTimerEvent_EXINT0(_SCALER_WD_TIMER_EVENT_RX3_HDCP2_SET_REAUTH);
 865   1      
 866   1          CLR_TMDS_RX3_HDCP2_AUTHENTICATION_DONE();
 867   1          CLR_TMDS_RX3_HDCP2_AKE_INIT_RECEIVED();
 868   1          CLR_TMDS_RX3_HDCP2_AKE_NO_STORED_KM_RECEIVED();
 869   1          CLR_TMDS_RX3_HDCP2_AKE_STORED_KM_RECEIVED();
 870   1          CLR_TMDS_RX3_HDCP2_LC_INIT_RECEIVED();
 871   1          CLR_TMDS_RX3_HDCP2_SKE_SEND_EKS_RECEIVED();
 872   1          CLR_TMDS_RX3_HDCP2_AUTHENTICATION_ACTIVE();
 873   1      }
 874          //--------------------------------------------------
 875          // Description  : HDCP 2.2 Set Read Message ID Code
 876          // Input Value  : None
 877          // Output Value : None
 878          //--------------------------------------------------
 879          void ScalerTMDSRx3Hdcp2SetRdMsgIDCode_EXINT0(BYTE ucValue) using 1
 880          {
 881   1          ScalerSetBit_EXINT(P2E_23_HDCP_MSGRAP_H, ~(_BIT1 | _BIT0), 0x00);
 882   1          ScalerSetByte_EXINT(P2E_24_HDCP_MSGRAP_L, 0x00);
 883   1          ScalerSetByte_EXINT(P2E_25_HDCP_MSGRDP, ucValue);
C51 COMPILER V9.60.0.0   SCALERTMDSRX3HDCP2_SEPTPHY                                        09/24/2026 09:30:27 PAGE 16  

 884   1      }
 885          //--------------------------------------------------
 886          // Description  : HDCP 2.2 Set Read Message Value in INT
 887          // Input Value  : None
 888          // Output Value : None
 889          //--------------------------------------------------
 890          void ScalerTMDSRx3Hdcp2SetRdMsgValue_EXINT0(WORD usAddress, BYTE *pucReadArray, WORD usLength) using 1
 891          {
 892   1          WORD usTemp = 0;
 893   1      
 894   1          ScalerSetBit_EXINT(P2E_23_HDCP_MSGRAP_H, ~(_BIT1 | _BIT0), usAddress >> 8);
 895   1          ScalerSetByte_EXINT(P2E_24_HDCP_MSGRAP_L, usAddress);
 896   1      
 897   1          // Set HDCP 2 Read SRAM Message Value, Disable HDCP 2 Read SRAM auto Increase
 898   1          for(usTemp = usAddress; usTemp < (usAddress + usLength); usTemp++)
 899   1          {
 900   2              ScalerSetByte_EXINT(P2E_25_HDCP_MSGRDP, pucReadArray[usTemp - usAddress]);
 901   2          }
 902   1      }
 903          
 904          #if(_HDCP_2_2_ERRATA_TEST_SUPPORT == _ON)
              //--------------------------------------------------
              // Description  : HDCP 2.2 On-Line AES Ctrl for Rx3
              // Input Value  : None
              // Output Value : None
              //--------------------------------------------------
              void ScalerTMDSRx3Hdcp2AesOnlineCtrl(BYTE *pucInputArray, BYTE *pucCipherArray)
              {
                  // Set AES Cipher Key
                  SET_HDCP_2_2_RX3_ONLINE_AES(pucCipherArray, pucInputArray);
              
                  // Riv from FW
                  ScalerSetBit(P2E_29_HDCP_I2C_CTRL_3, ~_BIT7, _BIT7);
              
                  // Set HW to Authenticated State
                  ScalerSetByte(P2E_28_HDCP_I2C_CTRL_2, 0x10);
                  ScalerSetBit(P2E_29_HDCP_I2C_CTRL_3, ~_BIT6, _BIT6);
              }
              //--------------------------------------------------
              // Description  : HDCP 2.2 Set Read Message ID Code
              // Input Value  : None
              // Output Value : None
              //--------------------------------------------------
              void ScalerTMDSRx3Hdcp2SetRdMsgIDCode(BYTE ucValue)
              {
                  ScalerSetBit(P2E_23_HDCP_MSGRAP_H, ~(_BIT1 | _BIT0), 0x00);
                  ScalerSetByte(P2E_24_HDCP_MSGRAP_L, 0x00);
                  ScalerSetByte(P2E_25_HDCP_MSGRDP, ucValue);
              }
              //--------------------------------------------------
              // Description  : HDCP 2.2 Set Read Message Value
              // Input Value  : None
              // Output Value : None
              //--------------------------------------------------
              void ScalerTMDSRx3Hdcp2SetRdMsgValue(WORD usAddress, BYTE *pucReadArray, WORD usLength)
              {
                  WORD usTemp = 0;
              
                  ScalerSetBit(P2E_23_HDCP_MSGRAP_H, ~(_BIT1 | _BIT0), usAddress >> 8);
                  ScalerSetByte(P2E_24_HDCP_MSGRAP_L, usAddress);
              
                  // Set HDCP 2 Read SRAM Message Value, Disable HDCP 2 Read SRAM auto Increase
C51 COMPILER V9.60.0.0   SCALERTMDSRX3HDCP2_SEPTPHY                                        09/24/2026 09:30:27 PAGE 17  

                  for(usTemp = usAddress; usTemp < (usAddress + usLength); usTemp++)
                  {
                      ScalerSetByte(P2E_25_HDCP_MSGRDP, pucReadArray[usTemp - usAddress]);
                  }
              }
              
              //--------------------------------------------------
              // Description  : Capture Kpub/Km
              // Input Value  : None
              // Output Value : _TRUE or _FALSE
              //--------------------------------------------------
              bit ScalerTMDSRx3Hdcp2CaptureKpubKm(void)
              {
              #if(_HDCP_2_2_TX_RSA3072_MODE == _ON)
                  WORD usCount = 0;
              #endif
                  BYTE pucKpubKm[128];
                  memset(pucKpubKm, 0, sizeof(pucKpubKm));
              
                  // Save Transmitter Ekpub[km] to FW
                  ScalerSetByte(P2E_21_HDCP_MSGWAP, 0x01);
              
              #if(_HDCP_2_2_TX_RSA3072_MODE == _ON)
                  for(usCount = 0; usCount < 384; ++usCount)
                  {
                      DebugMessageHDCP2("[D3]DCP LLC Signature", g_stRxHdcp2DownLoadKeyType.pucHdcp2KpubKm[usCount]);
                  }
              #else
                  for(pData[0] = 0; pData[0] < 128; ++pData[0])
                  {
                      pucKpubKm[pData[0]] = g_stRxHdcp2DownLoadKeyType.pucHdcp2KpubKm[pData[0]];
              
                      DebugMessageHDCP2("[D3]Ekpub(km)", pucKpubKm[pData[0]]);
                  }
              #endif
              
                  // Decrypt Ekpub[km]
                  return (ScalerHdcp2RxRsaCalculate(pucKpubKm) == _TRUE);
              }
              
              //--------------------------------------------------
              // Description  : Calculate Km/Kh
              // Input Value  : None
              // Output Value : None
              //--------------------------------------------------
              void ScalerTMDSRx3Hdcp2CalculateKmKh(void)
              {
                  BYTE pucSHA256[32];
              
                  BYTE pucM[16];
                  memset(pucM, 0, sizeof(pucM));
                  memset(pucSHA256, 0, sizeof(pucSHA256));
              
                  // Load H prime to Read SRAM, AKE Send H PRIME Message ID = 0x07
                  ScalerTMDSRx3Hdcp2SetRdMsgIDCode(_HDCP_2_2_AKE_SEND_H_PRIME);
              
                  memcpy(pucSHA256, (volatile BYTE xdata *)P63_35_HDCP_SHA_0, 32);
              
                  for(pData[0] = 0; pData[0] < 32; pData[0]++)
                  {
                      DebugMessageHDCP2("[D3]H_prime", pucSHA256[pData[0]]);
                  }
C51 COMPILER V9.60.0.0   SCALERTMDSRX3HDCP2_SEPTPHY                                        09/24/2026 09:30:27 PAGE 18  

              
                  // Load Km to Read SRAM
                  ScalerTMDSRx3Hdcp2SetRdMsgValue(0x01, pucSHA256, 32);
              
                  // Set Message Size = 0x21
                  ScalerSetBit(P2E_3B_I2C_DUMMY_0, ~_BIT0, _BIT0);
                  ScalerSetDataPortByte(P72_C3_HDCP_AP, _P72_C4_PT_70_PORT_PAGE72_HDCP2_STATUS1, 0x21);
                  ScalerSetDataPortByte(P72_C3_HDCP_AP, _P72_C4_PT_71_PORT_PAGE72_HDCP2_STATUS2, 0x00);
                  ScalerSetBit(P2E_3B_I2C_DUMMY_0, ~_BIT0, 0x00);
              
                  // Enable HDCP2 Source Read Done IRQ
                  ScalerSetBit(P2E_36_HDCP_I2C_CTRL_8, ~(_BIT4 | _BIT3 | _BIT2 | _BIT1 | _BIT0), _BIT1);
                  ScalerSetBit(P2E_35_HDCP_I2C_CTRL_7, ~_BIT1, _BIT1);
              
                  // Start Pairing AES Calculate
                  for(pData[0] = 0; pData[0] < 16; ++pData[0])
                  {
                      if(pData[0] < 8)
                      {
                          pucM[pData[0]] = g_pucTmdsRx3Hdcp2Rtx[pData[0]];
                      }
                      else
                      {
                          pucM[pData[0]] = g_pucTmdsRx3Hdcp2Rrx[pData[0] - 8];
                      }
                  }
              
                  // AES Cipher Calculate Ekh[km]
                  ScalerHdcp2RxAesOfflineCtrl(pucM, g_pucHdcp2Kh);
              
                  // Calculate Ekh[km] = kh AES m XOR Km
                  for(pData[0] = 0; pData[0] < 16; ++pData[0])
                  {
                      g_pucHdcp2Kh[pData[0]] = ScalerGetByte(P63_81_HDCP_AES_OUT_15 + pData[0]) ^ g_pucTmdsRx3Hdcp2Km[pD
             -ata[0]];
              
                      DebugMessageHDCP2("[D3]Ekh(km)", g_pucHdcp2Kh[pData[0]]);
                  }
              }
              #endif
1047          
1048          #if(_WD_TIMER_INT_SUPPORT == _ON)
1049          //--------------------------------------------------
1050          // Description  : HDCP 2.2 RSA Calculate in INT
1051          // Input Value  : None
1052          // Output Value : _TRUE or _FALSE
1053          //--------------------------------------------------
1054          void ScalerTMDSRx3Hdcp2RxRsaCalculate_WDINT(void) using 3
1055          {
1056   1          BYTE pucHdcp2KpubKm[128];
1057   1          BYTE ucIndex = 0;
1058   1      
1059   1          // Save Transmitter Ekpub[km] to FW
1060   1          ScalerSetByte_EXINT(P2E_21_HDCP_MSGWAP, 0x01);
1061   1      
1062   1          for(ucIndex = 0; ucIndex < 128; ++ucIndex)
1063   1          {
1064   2              pucHdcp2KpubKm[ucIndex] = ScalerGetByte_EXINT(P2E_22_HDCP_MSGWDP);
1065   2          }
1066   1      
1067   1          // RSA Calculate
1068   1          ScalerHdcp2RxRsaCal_WDINT(pucHdcp2KpubKm);
C51 COMPILER V9.60.0.0   SCALERTMDSRX3HDCP2_SEPTPHY                                        09/24/2026 09:30:27 PAGE 19  

1069   1      }
1070          
1071          //--------------------------------------------------
1072          // Description  : HDCP 2.2 Set Read Message ID Code
1073          // Input Value  : None
1074          // Output Value : None
1075          //--------------------------------------------------
1076          void ScalerTMDSRx3Hdcp2SetRdMsgIDCode_WDINT(BYTE ucValue) using 3
1077          {
1078   1          ScalerSetBit_EXINT(P2E_23_HDCP_MSGRAP_H, ~(_BIT1 | _BIT0), 0x00);
1079   1          ScalerSetByte_EXINT(P2E_24_HDCP_MSGRAP_L, 0x00);
1080   1          ScalerSetByte_EXINT(P2E_25_HDCP_MSGRDP, ucValue);
1081   1      }
1082          
1083          //--------------------------------------------------
1084          // Description  : HDCP 2.2 Set Read Message Value in INT
1085          // Input Value  : None
1086          // Output Value : None
1087          //--------------------------------------------------
1088          void ScalerTMDSRx3Hdcp2SetRdMsgValue_WDINT(WORD usAddress, BYTE *pucReadArray, WORD usLength) using 3
1089          {
1090   1          WORD usTemp = 0;
1091   1      
1092   1          ScalerSetBit_EXINT(P2E_23_HDCP_MSGRAP_H, ~(_BIT1 | _BIT0), usAddress >> 8);
1093   1          ScalerSetByte_EXINT(P2E_24_HDCP_MSGRAP_L, usAddress);
1094   1      
1095   1          // Set HDCP 2 Read SRAM Message Value, Disable HDCP 2 Read SRAM auto Increase
1096   1          for(usTemp = usAddress; usTemp < (usAddress + usLength); usTemp++)
1097   1          {
1098   2              ScalerSetByte_EXINT(P2E_25_HDCP_MSGRDP, pucReadArray[usTemp - usAddress]);
1099   2          }
1100   1      }
1101          
1102          //--------------------------------------------------
1103          // Description  : HDCP 2.2 Set Read Message Value in INT
1104          // Input Value  : None
1105          // Output Value : None
1106          //--------------------------------------------------
1107          void ScalerTMDSRx3Hdcp2HPrime_WDINT(void) using 3
1108          {
1109   1          ScalerHdcp2DkeyCalculate_WDINT(_HDCP_2_2_DKEY_0, g_pucTmdsRx3Hdcp2Rtx, g_pucTmdsRx3Hdcp2Rrx, g_pucTmds
             -Rx3Hdcp2Km, g_pucTmdsRx3Hdcp2Rn);
1110   1      
1111   1          memcpy(g_pucTmdsRx3Hdcp2dKey0, (volatile BYTE xdata *)P63_81_HDCP_AES_OUT_15, 16);
1112   1      
1113   1          ScalerHdcp2DkeyCalculate_WDINT(_HDCP_2_2_DKEY_1, g_pucTmdsRx3Hdcp2Rtx, g_pucTmdsRx3Hdcp2Rrx, g_pucTmds
             -Rx3Hdcp2Km, g_pucTmdsRx3Hdcp2Rn);
1114   1      
1115   1          memcpy(g_pucTmdsRx3Hdcp2dKey1, (volatile BYTE xdata *)P63_81_HDCP_AES_OUT_15, 16);
1116   1      
1117   1          if(ScalerHdcp2HPrimeCalculate_WDINT(g_pucTmdsRx3Hdcp2dKey0, g_pucTmdsRx3Hdcp2dKey1, g_pucTmdsRx3Hdcp2R
             -tx, g_pucTmdsRx3Hdcp2TxCaps, g_pucTmdsRx3Caps) == _TRUE)
1118   1          {
1119   2              memset(g_pucHdcp2Sha256, 0, sizeof(g_pucHdcp2Sha256));
1120   2      
1121   2              // Load H prime to Read SRAM, AKE Send H PRIME Message ID = 0x07
1122   2              ScalerTMDSRx3Hdcp2SetRdMsgIDCode_WDINT(_HDCP_2_2_AKE_SEND_H_PRIME);
1123   2      
1124   2              memcpy(g_pucHdcp2Sha256, (volatile BYTE xdata *)P63_35_HDCP_SHA_0, 32);
1125   2      
1126   2              // Load Km to Read SRAM
1127   2              ScalerTMDSRx3Hdcp2SetRdMsgValue_WDINT(0x01, g_pucHdcp2Sha256, 32);
C51 COMPILER V9.60.0.0   SCALERTMDSRX3HDCP2_SEPTPHY                                        09/24/2026 09:30:27 PAGE 20  

1128   2      
1129   2              // Set Message Size = 0x21
1130   2              ScalerSetBit_EXINT(P2E_3B_I2C_DUMMY_0, ~_BIT0, _BIT0);
1131   2              ScalerSetByte_EXINT(P72_C3_HDCP_AP, 0x70);
1132   2              ScalerSetByte_EXINT(P72_C4_HDCP_DP, 0x21);
1133   2              ScalerSetByte_EXINT(P72_C3_HDCP_AP, 0x71);
1134   2              ScalerSetByte_EXINT(P72_C4_HDCP_DP, 0x00);
1135   2              ScalerSetBit_EXINT(P2E_3B_I2C_DUMMY_0, ~_BIT0, 0x00);
1136   2      
1137   2              // Enable HDCP2 Source Read Done IRQ
1138   2              ScalerSetBit_EXINT(P2E_36_HDCP_I2C_CTRL_8, ~(_BIT4 | _BIT3 | _BIT2 | _BIT1 | _BIT0), _BIT1);
1139   2              ScalerSetBit_EXINT(P2E_35_HDCP_I2C_CTRL_7, ~_BIT1, _BIT1);
1140   2          }
1141   1      
1142   1          // Set HDCP 2.2 State to Compute Km
1143   1          SET_TMDS_RX3_HDCP2_AUTH_STATE(_HDCP_2_2_STATE_COMPUTE_KM);
1144   1      }
1145          
1146          //--------------------------------------------------
1147          // Description  : HDCP 2.2 Reauth
1148          // Input Value  : None
1149          // Output Value : None
1150          //--------------------------------------------------
1151          void ScalerTMDSRx3Hdcp2SetReAuth_WDINT(void) using 3
1152          {
1153   1          ScalerSetByte_EXINT(P72_C3_HDCP_AP, _P72_C4_PT_71_PORT_PAGE72_HDCP2_STATUS2);
1154   1          ScalerSetBit_EXINT(P72_C4_HDCP_DP, ~_BIT3, _BIT3);
1155   1      }
1156          #endif
1157          
1158          #endif // End of #if(_TMDS_HDCP_2_2_SUPPORT == _ON)
1159          #endif // End of #if((_D3_INPUT_PORT_TYPE == _D3_HDMI_PORT) || (_D3_INPUT_PORT_TYPE == _D3_MHL_PORT))


MODULE INFORMATION:   STATIC OVERLAYABLE
   CODE SIZE        =   2578    ----
   CONSTANT SIZE    =   ----    ----
   XDATA SIZE       =     77     287
   PDATA SIZE       =   ----    ----
   DATA SIZE        =   ----    ----
   IDATA SIZE       =   ----    ----
   BIT SIZE         =   ----    ----
END OF MODULE INFORMATION.


C51 COMPILATION COMPLETE.  0 WARNING(S),  0 ERROR(S)
