C51 COMPILER V8.12   SCALERMEMORY                                                          09/16/2026 20:27:23 PAGE 1   


C51 COMPILER V8.12, COMPILATION OF MODULE SCALERMEMORY
OBJECT MODULE PLACED IN .\Output\RL6432_Project\ScalerMemory.obj
COMPILER INVOKED BY: c:\Keil\C51\BIN\C51.EXE Kernel\Scaler\ScalerFunction\Code\ScalerMemory.c LARGE OPTIMIZE(9,SPEED) IN
                    -CDIR(.\Output\RL6432;.\Project\Header;.\Pcb;.\Panel;.\Kernel\Device\Header;.\Kernel\Common;.\Kernel\System\Header;.\Kern
                    -el\Scaler\ScalerFunction\Header;.\Kernel\Scaler\ScalerCommonFunction\Header;.\Kernel\Scaler\ScalerFunction\Lib\Header;.\
                    -Kernel\Scaler\ScalerCommonFunction\Lib\Header;.\Kernel\Scaler\RL6432_Series_Scaler\Header;.\Kernel\Scaler\RL6432_Series_
                    -Common\Header;.\Kernel\Scaler\RL6432_Series_Scaler\Lib\Header;.\Kernel\Scaler\RL6432_Series_Common\Lib\Header;.\Kernel\U
                    -ser Common Function\Header;.\User\RTD Series\RTD2014Function\Header;.\User\RTD Series\RTD2014Osd\Header;.\User\RTD Facto
                    -ry\Header;.\User\None Series\NoneFunction\Header;.\User\None Series\NoneOsd\Header;.\User\None Factory\Header) DEFINE(_P
                    -ROJECT=_RL6432_PROJECT,_SCALER_TYPE=_RL6432_SERIES) DEBUG OBJECTEXTEND PRINT(.\Output\RL6432_Project\ScalerMemory.lst) O
                    -BJECT(.\Output\RL6432_Project\ScalerMemory.obj)

line level    source

   1          /********************************************************************************/
   2          /*   Copyright (c) 2021 Realtek Semiconductor Corp. All rights reserved.        */
   3          /*                                                                              */
   4          /*   SPDX-License-Identifier: LicenseRef-Realtek-Proprietary                    */
   5          /*                                                                              */
   6          /*   This software component is confidential and proprietary to Realtek         */
   7          /*   Semiconductor Corp. Disclosure, reproduction, redistribution, in whole     */
   8          /*   or in part, of this work and its derivatives without express permission    */
   9          /*   is prohibited.                                                             */
  10          /********************************************************************************/
  11          
  12          //----------------------------------------------------------------------------------------------------
  13          // ID Code      : ScalerMemory.c No.0000
  14          // Update Note  :
  15          //----------------------------------------------------------------------------------------------------
  16          
  17          #define __SCALER_MEMORY__
  18          
  19          #include "ScalerFunctionInclude.h"
  20          
  21          //****************************************************************************
  22          // DEFINITIONS / MACROS
  23          //****************************************************************************
  24          #if(_SHARPNESS_SUPPORT == _ON)
  25          #define _SHARPNESS_TABLE_SIZE                       (128)
  26          #endif
  27          
  28          
  29          //****************************************************************************
  30          // STRUCT / TYPE / ENUM DEFINITTIONS
  31          //****************************************************************************
  32          
  33          
  34          //****************************************************************************
  35          // CODE TABLES
  36          //****************************************************************************
  37          
  38          
  39          //****************************************************************************
  40          // VARIABLE DECLARATIONS
  41          //****************************************************************************
  42          
  43          
  44          //****************************************************************************
  45          // FUNCTION DECLARATIONS
  46          //****************************************************************************
  47          #if(_SHARPNESS_SUPPORT == _ON)
C51 COMPILER V8.12   SCALERMEMORY                                                          09/16/2026 20:27:23 PAGE 2   

  48          void ScalerMemorySetScalingCoef(BYTE code *pucAddress1, BYTE code *pucAddress2, BYTE ucBankNum);
  49          #endif
  50          
  51          void ScalerMemoryInitial(void);
  52          
  53          #if(_LAST_LINE_FINETUNE_ENABLE == _ENABLE)
  54          void ScalerMemoryCompensateDtForLastLine(DWORD ulTargetLastLine, DWORD ulCurrentLastLine);
  55          #endif
  56          
  57          void ScalerMemoryUpdateIVS2DVSLineDelay(DWORD ulCompsIVS2DVSpixel);
  58          void ScalerMemorySetIVS2DVSLineDelay(WORD usIVS2DVSDelay);
  59          void ScalerMemoryFineTuneIVS2DVSDelay(WORD usOldIVS2DVSDelay, WORD usNewIVS2DVSDelay, WORD usIVS2DVSChgLim
             -it);
  60          DWORD ScalerMemoryGetDtMaxMin(void);
  61          WORD ScalerMemoryGetScaleUpDt(void);
  62          
  63          #if(_MEMORY_TYPE_CONFIG != _NO_MEMORY)
  64          void ScalerMemoryReset(void);
  65          void ScalerMemoryPowerControl(bit bOnOff);
  66          #endif
  67          
  68          #if(_HW_FRC_TYPE != _FRC_GEN_NONE)
  69          #if(_MN_FRAME_TRACKING_SUPPORT == _ON)
  70          void ScalerMemorySetFrameTrackingEnable(bit bEn);
  71          #endif
  72          #endif
  73          
  74          #if(_FRC_SUPPORT == _ON)
  75          
  76          #if(_MN_FRAME_TRACKING_SUPPORT == _ON)
  77          bit ScalerMemoryGetFrameTrackingEnable(void);
  78          void ScalerMemoryFrameTracking(void);
  79          WORD ScalerMemoryGetMNRatio(void);
  80          #endif
  81          
  82          DWORD ScalerMemoryCalculateFrameLineTotalPixel(bit bLineFrameMode, WORD usHorSize, WORD usVerSize);
  83          DWORD ScalerMemoryAddressConversion(DWORD ulTotalSize);
  84          #endif
  85          
  86          #if(_OD_SUPPORT == _ON)
  87          #if(_FRC_HW_AUTO_3BLOCK_TOGGLE_SUPPORT == _ON)
  88          void ScalerMemorySetODThreeBlockAddress(void);
  89          #endif
  90          #endif
  91          
  92          //****************************************************************************
  93          // FUNCTION DEFINITIONS
  94          //****************************************************************************
  95          #if(_SHARPNESS_SUPPORT == _ON)
  96          //--------------------------------------------------
  97          // Description  : Set Scale Up coef
  98          // Input Value  : H/V coef table, length
  99          // Output Value : none
 100          //--------------------------------------------------
 101          void ScalerMemorySetScalingCoef(BYTE code *pucAddress1, BYTE code *pucAddress2, BYTE ucBankNum)
 102          {
 103   1          ScalerTimerWaitForEvent(_EVENT_DEN_STOP);
 104   1      
 105   1          // Set Coefficient table 1
 106   1          ScalerSetBit(P0_35_FILTER_CONTROL_REG, ~(_BIT7 | _BIT6), _BIT7);
 107   1          ScalerBurstWrite(pucAddress1, _SHARPNESS_TABLE_SIZE, ucBankNum, P0_36_USER_DEF_FILTER_ACCESS_PORT, _BU
             -RSTWRITE_DATA_COMMON, _BURSTWRITE_FROM_FLASH);
C51 COMPILER V8.12   SCALERMEMORY                                                          09/16/2026 20:27:23 PAGE 3   

 108   1      
 109   1          // Set Coefficient table 2
 110   1          ScalerSetBit(P0_35_FILTER_CONTROL_REG, ~(_BIT7 | _BIT6), (_BIT7 | _BIT6));
 111   1          ScalerBurstWrite(pucAddress2, _SHARPNESS_TABLE_SIZE, ucBankNum, P0_36_USER_DEF_FILTER_ACCESS_PORT, _BU
             -RSTWRITE_DATA_COMMON, _BURSTWRITE_FROM_FLASH);
 112   1      
 113   1      
 114   1          // Disable Coefficient Access, Set HSU to use coefficient table 1 & set VSU to use coefficient table 2
 115   1          ScalerSetBit(P0_35_FILTER_CONTROL_REG, ~(_BIT7 | _BIT6 | _BIT5 | _BIT4), _BIT4);
 116   1      }
 117          #endif
 118          
 119          //--------------------------------------------------
 120          // Description  : M Domain Initial
 121          // Input Value  : None
 122          // Output Value : None
 123          //--------------------------------------------------
 124          void ScalerMemoryInitial(void)
 125          {
 126   1      #if(_MEMORY_TYPE_CONFIG == _MEMORY_SDRAM)
                  //------------------------------
                  // SDRAM Initial
                  //------------------------------
              #endif
 131   1      
 132   1      #if(_MEMORY_TYPE_CONFIG == _MEMORY_DDR1)
 133   1          //------------------------------
 134   1          // DDR1 Initial
 135   1          //------------------------------
 136   1      #endif
 137   1      
 138   1      #if(_MEMORY_TYPE_CONFIG == _MEMORY_DDR3)
                  //------------------------------
                  // DDR3 Initial
                  //------------------------------
              #endif
 143   1      
 144   1      #if(_HW_FRC_TYPE != _FRC_GEN_NONE)
 145   1          //------------------------------
 146   1          // FRC Initial
 147   1          //------------------------------
 148   1          ScalerFRCInitial();
 149   1      #endif
 150   1      
 151   1      #if(_OD_SUPPORT == _ON)
 152   1          //------------------------------
 153   1          // OD Initial
 154   1          //------------------------------
 155   1          ScalerODSetMemoryStartAddress();
 156   1      #endif
 157   1      
 158   1      #if(_FREESYNC_SUPPORT == _ON)
 159   1          //------------------------------
 160   1          // Free Sync Initial
 161   1          //------------------------------
 162   1          ScalerMemorySetShiftOneLine(GET_FREESYNC_ENABLED());
 163   1      #endif
 164   1      }
 165          
 166          #if(_LAST_LINE_FINETUNE_ENABLE == _ENABLE)
 167          //--------------------------------------------------
 168          // Description  : Compensate Last Line Fine Tune
C51 COMPILER V8.12   SCALERMEMORY                                                          09/16/2026 20:27:23 PAGE 4   

 169          // Input Value  : Target Last Line, Current Last Line
 170          // Output Value : None
 171          //--------------------------------------------------
 172          void ScalerMemoryCompensateDtForLastLine(DWORD ulTargetLastLine, DWORD ulCurrentLastLine)
 173          {
 174   1          DWORD ulCompsIVS2DVSpixel = 0;
 175   1      
 176   1          // Get Initial Dt Fine Tune Value
 177   1          PDATA_DWORD(0) = ScalerMemoryGetIVS2DVSDelayPixel();
 178   1      
 179   1          DebugMessageFS("Original Dt", PDATA_DWORD(0));
 180   1      
 181   1          // Compensate Dt = Original Dt + ((Target Last Line - Current Last Line) * DVHeight / DVTotal * IVHeig
             -ht / DVHeight * IHTotal / DHTotal) / 2
 182   1          {
 183   2              SDWORD lCompsIVS2DVSpixel = (SDWORD)PDATA_DWORD(0) + ((((SDWORD)ulTargetLastLine - (SDWORD)ulCurre
             -ntLastLine) * GET_MDOMAIN_INPUT_VHEIGHT() / GET_MDOMAIN_OUTPUT_VTOTAL() * GET_MDOMAIN_INPUT_HTOTAL() / GET_MDOMAIN_OUTPU
             -T_HTOTAL()) >> 1);
 184   2      
 185   2              if(lCompsIVS2DVSpixel >= 0)
 186   2              {
 187   3                  ulCompsIVS2DVSpixel = (DWORD)lCompsIVS2DVSpixel;
 188   3              }
 189   2              else
 190   2              {
 191   3                  DebugMessageFS("Compensated Dt can't be negative !!!!!", lCompsIVS2DVSpixel);
 192   3              }
 193   2          }
 194   1          DebugMessageFS("Last Line Difference", ((SDWORD)ulTargetLastLine - (SDWORD)ulCurrentLastLine));
 195   1          DebugMessageFS("Dt Compensate Value", (((SDWORD)ulTargetLastLine - (SDWORD)ulCurrentLastLine) * g_stMD
             -omainInputData.usVHeight / g_stMDomainOutputData.usVTotal * g_stMDomainInputData.usHTotal / g_stMDomainOutputData.usHTot
             -al) >> 1);
 196   1      
 197   1          DebugMessageFS("Compensated Dt", ulCompsIVS2DVSpixel);
 198   1          ScalerMemoryUpdateIVS2DVSLineDelay(ulCompsIVS2DVSpixel);
 199   1      }
 200          #endif
 201          
 202          //--------------------------------------------------
 203          // Description  : Set IVS2DVS Delay (line)
 204          // Input Value  : None
 205          // Output Value : None
 206          //--------------------------------------------------
 207          void ScalerMemoryUpdateIVS2DVSLineDelay(DWORD ulCompsIVS2DVSpixel)
 208          {
 209   1          BYTE ucEOshift = 0;
 210   1      #if(_FORMAT_CONVERSION_SUPPORT == _ON)
                  if(ScalerFmtCnvFtoPGetStatus() == _TRUE)
                  {
                      ucEOshift = 1;
                  }
              #endif
 216   1      
 217   1          ulCompsIVS2DVSpixel = ulCompsIVS2DVSpixel >> ucEOshift;
 218   1      
 219   1          if((ScalerGetBit(P0_43_FS_DELAY_FINE_TUNE, _BIT1) == _BIT1) &&
 220   1             (ulCompsIVS2DVSpixel >= (((g_stMDomainInputData.usHTotal >> 1) + 64) >> ucEOshift)))
 221   1          {
 222   2              // Preserve 0.5 lines + 64 pixel in Fine Tune Byte
 223   2              PDATA_WORD(2) = (ulCompsIVS2DVSpixel - (((g_stMDomainInputData.usHTotal >> 1) + 64) >> ucEOshift))
             - / g_stMDomainInputData.usHTotal;
 224   2              PDATA_WORD(3) = (ulCompsIVS2DVSpixel - ((DWORD)g_stMDomainInputData.usHTotal * PDATA_WORD(2))) >> 
C51 COMPILER V8.12   SCALERMEMORY                                                          09/16/2026 20:27:23 PAGE 5   

             -4;
 225   2      
 226   2              if(_VSU_INI_PHASE_LINES == _VSU_3_LINE)
 227   2              {
 228   3                  PDATA_WORD(4) = (ulCompsIVS2DVSpixel + (g_stMDomainInputData.usHTotal >> (1 + ucEOshift)) - ((
             -DWORD)g_stMDomainInputData.usHTotal * PDATA_WORD(2))) >> 4;
 229   3              }
 230   2              else
 231   2              {
 232   3                  PDATA_WORD(4) = (ulCompsIVS2DVSpixel - (g_stMDomainInputData.usHTotal >> (1 + ucEOshift)) - ((
             -DWORD)g_stMDomainInputData.usHTotal * PDATA_WORD(2))) >> 4;
 233   3              }
 234   2              pData[10] = (ulCompsIVS2DVSpixel - ((DWORD)g_stMDomainInputData.usHTotal * PDATA_WORD(2)) - (PDATA
             -_WORD(3) << 4));
 235   2              pData[11] = (ulCompsIVS2DVSpixel - ((DWORD)g_stMDomainInputData.usHTotal * PDATA_WORD(2)) - (PDATA
             -_WORD(4) << 4));
 236   2          }
 237   1          else
 238   1          {
 239   2              PDATA_WORD(2) = ulCompsIVS2DVSpixel / g_stMDomainInputData.usHTotal;
 240   2              PDATA_WORD(3) = ulCompsIVS2DVSpixel - ((DWORD)g_stMDomainInputData.usHTotal * PDATA_WORD(2)) >> 4;
 241   2              PDATA_WORD(4) = 0x0000;
 242   2              pData[10] = (ulCompsIVS2DVSpixel - ((DWORD)g_stMDomainInputData.usHTotal * PDATA_WORD(2)) - (PDATA
             -_WORD(3) << 4));
 243   2              pData[11] = 0x00;
 244   2          }
 245   1      
 246   1          //-------------------------------------------------
 247   1          // Apply updated Delay
 248   1          //-------------------------------------------------
 249   1          // IVS2DVS line delay, unit: line
 250   1          ScalerSetByte(P0_3E_IVS2DVS_DLY_LINE_H, (pData[4] & 0x1F));
 251   1          ScalerSetByte(P0_40_IVS2DVS_DLY_LINE_L, pData[5]);
 252   1      
 253   1          // IVS2DVS 16iclk1 delay, unit: 16 pixel
 254   1          PDATA_WORD(3) -= (PDATA_WORD(3) >= 1) ? 1 : 0;
 255   1          SET_IVS2DVS_DELAY_16ICLK1(PDATA_WORD(3));
 256   1      
 257   1          // IVS2DVS 16iclk2 delay, unit: 16 pixel
 258   1          PDATA_WORD(4) -= (PDATA_WORD(4) >= 1) ? 1 : 0;
 259   1          SET_IVS2DVS_DELAY_16ICLK2(PDATA_WORD(4));
 260   1      
 261   1          // IVS2DVS iclk1 delay, unit: 1 pixel
 262   1          ScalerSetBit(P0_3D_IV_DV_DELAY_CLK_FINE, ~0xF0, ((pData[10] & 0x0F) << 4));
 263   1      
 264   1          // IVS2DVS iclk2 delay, unit: 1 pixel
 265   1          ScalerSetBit(P0_3D_IV_DV_DELAY_CLK_FINE, ~0x0F, (pData[11] & 0x0F));
 266   1      }
 267          
 268          //--------------------------------------------------
 269          // Description  : Set IVS2DVS Delay (line)
 270          // Input Value  : None
 271          // Output Value : None
 272          //--------------------------------------------------
 273          void ScalerMemorySetIVS2DVSLineDelay(WORD usIVS2DVSDelay)
 274          {
 275   1      #if(_FORMAT_CONVERSION_SUPPORT == _ON)
                  if(ScalerFmtCnvFtoPGetStatus() == _TRUE)
                  {
                      usIVS2DVSDelay = (usIVS2DVSDelay >> 1);
                  }
              #endif
C51 COMPILER V8.12   SCALERMEMORY                                                          09/16/2026 20:27:23 PAGE 6   

 281   1      
 282   1          // IVS2DVS delay setting min=0x01
 283   1          if(usIVS2DVSDelay == 0)
 284   1          {
 285   2              usIVS2DVSDelay = 0x01;
 286   2          }
 287   1      
 288   1          ScalerSetByte(P0_3E_IVS2DVS_DLY_LINE_H, (HIBYTE(usIVS2DVSDelay) & 0x1F));
 289   1          ScalerSetByte(P0_40_IVS2DVS_DLY_LINE_L, LOBYTE(usIVS2DVSDelay));
 290   1      }
 291          
 292          //--------------------------------------------------
 293          // Description  : IVS2DVS Delay Finetune
 294          // Input Value  : Old IVS2DVS Delay/ New IVS2DVS Delay/ IVS2DVS Change limit
 295          // Output Value : None
 296          //--------------------------------------------------
 297          void ScalerMemoryFineTuneIVS2DVSDelay(WORD usOldIVS2DVSDelay, WORD usNewIVS2DVSDelay, WORD usIVS2DVSChgLim
             -it)
 298          {
 299   1          WORD usDVTotalFrameSync = 0;
 300   1          WORD usDVTotalFreeRun = 0;
 301   1          WORD usRemainIVS2DVSDelay = 0;
 302   1          BYTE ucTimeoutCounter = 255;
 303   1      
 304   1          // Set Frame Sync Mode Delay Fine Tune = 0
 305   1          SET_IVS2DVS_DELAY_16ICLK1(0x0000);
 306   1          SET_IVS2DVS_DELAY_16ICLK2(0x0000);
 307   1      
 308   1          if(ScalerGetBit(P0_10_M1_VGIP_CTRL, _BIT1) == _BIT1)
 309   1          {
 310   2              // Avoid (Current_IVStart + IVHeight) > IVToal + New_IVSDelay in digital capture
 311   2              PDATA_WORD(0) = (g_stInputTimingData.usVStart + ScalerVgipGetCaptureVStartPosition() + g_stMDomain
             -InputData.usVHeight);
 312   2          }
 313   1          else
 314   1          {
 315   2              // Avoid (Current_IVSDelay + IVStart + IVHeight) > IVToal + New_IVSDelay in analog capture
 316   2              PDATA_WORD(0) = (ScalerVgipGetCaptureVDelay() + ScalerVgipGetCaptureVStartPosition() + g_stMDomain
             -InputData.usVHeight);
 317   2          }
 318   1      
 319   1          if(PDATA_WORD(0) > g_stMDomainInputData.usVTotal)
 320   1          {
 321   2              ScalerMemorySetIVS2DVSLineDelay(usNewIVS2DVSDelay);
 322   2              return;
 323   2          }
 324   1      
 325   1          // IVS2DVS delay from small to large
 326   1          if((usOldIVS2DVSDelay + ScalerVgipGetCaptureVDelay()) < (usNewIVS2DVSDelay + GET_VGIP_INITIAL_VDELAY()
             -))
 327   1          {
 328   2              usRemainIVS2DVSDelay = (usNewIVS2DVSDelay + GET_VGIP_INITIAL_VDELAY()) - (usOldIVS2DVSDelay + Scal
             -erVgipGetCaptureVDelay());
 329   2      
 330   2              while(usRemainIVS2DVSDelay > usIVS2DVSChgLimit)
 331   2              {
 332   3                  usRemainIVS2DVSDelay -= usIVS2DVSChgLimit;
 333   3                  usOldIVS2DVSDelay += usIVS2DVSChgLimit;
 334   3      
 335   3                  ScalerMemorySetIVS2DVSLineDelay(usOldIVS2DVSDelay);
 336   3                  ScalerGlobalIDomainDBApply(_DB_APPLY_POLLING);
 337   3      
C51 COMPILER V8.12   SCALERMEMORY                                                          09/16/2026 20:27:23 PAGE 7   

 338   3                  if(ucTimeoutCounter == 0)
 339   3                  {
 340   4                      break;
 341   4                  }
 342   3      
 343   3                  ucTimeoutCounter--;
 344   3              }
 345   2      
 346   2              ScalerMemorySetIVS2DVSLineDelay(usNewIVS2DVSDelay);
 347   2          }
 348   1          else if((usOldIVS2DVSDelay + ScalerVgipGetCaptureVDelay()) > (usNewIVS2DVSDelay + GET_VGIP_INITIAL_VDE
             -LAY()))
 349   1          {
 350   2              // Get Frame Sync DVtotal
 351   2              ScalerSetBit(P0_43_FS_DELAY_FINE_TUNE, ~_BIT5, 0x00);
 352   2              ScalerSetBit(P0_44_LAST_LINE_H, ~_BIT7, _BIT7);
 353   2              GET_DVTOTAL_LASTLINE(usDVTotalFrameSync);
 354   2      
 355   2              // IVS2DVS  diff (D_line)
 356   2              usRemainIVS2DVSDelay = (usOldIVS2DVSDelay + ScalerVgipGetCaptureVDelay()) - (usNewIVS2DVSDelay + G
             -ET_VGIP_INITIAL_VDELAY());
 357   2              usRemainIVS2DVSDelay = (DWORD)usRemainIVS2DVSDelay * g_stMDomainOutputData.usVBackHeight / g_stMDo
             -mainInputData.usVHeight;
 358   2      
 359   2              // Select smaller between measure DVtotal & Calculate DVtotal
 360   2              PDATA_WORD(0) = (usDVTotalFrameSync < g_stMDomainOutputData.usVTotal) ? usDVTotalFrameSync : g_stM
             -DomainOutputData.usVTotal;
 361   2      
 362   2              // Display front porch
 363   2              PDATA_WORD(1) = (PDATA_WORD(0) > (g_stMDomainOutputData.usVBackHeight + g_stMDomainOutputData.usVS
             -tart)) ? (PDATA_WORD(0) - (g_stMDomainOutputData.usVBackHeight + g_stMDomainOutputData.usVStart)) : 0;
 364   2      
 365   2              // (IVS2DVS diff >= Display front porch) or (transient DVtotal < DVtotal min)
 366   2              if((usRemainIVS2DVSDelay >= PDATA_WORD(1)) || ((PDATA_WORD(0) - usRemainIVS2DVSDelay) <= _PANEL_DV
             -_TOTAL_MIN))
 367   2              {
 368   3                  // IVS2DVS delay from large to small --> small_IVS2DVS + IVtotal - large_IVS2DVS
 369   3                  usRemainIVS2DVSDelay = (usNewIVS2DVSDelay + GET_VGIP_INITIAL_VDELAY()) + g_stMDomainInputData.
             -usVTotal - (usOldIVS2DVSDelay + ScalerVgipGetCaptureVDelay());
 370   3      
 371   3                  while((usRemainIVS2DVSDelay > usIVS2DVSChgLimit) && ((usOldIVS2DVSDelay + usIVS2DVSChgLimit) <
             - g_stMDomainInputData.usVTotal))
 372   3                  {
 373   4                      usRemainIVS2DVSDelay -= usIVS2DVSChgLimit;
 374   4                      usOldIVS2DVSDelay += usIVS2DVSChgLimit;
 375   4      
 376   4                      ScalerMemorySetIVS2DVSLineDelay(usOldIVS2DVSDelay);
 377   4                      ScalerGlobalIDomainDBApply(_DB_APPLY_POLLING);
 378   4      
 379   4                      if(ucTimeoutCounter == 0)
 380   4                      {
 381   5                          break;
 382   5                      }
 383   4      
 384   4                      ucTimeoutCounter--;
 385   4                  }
 386   3      
 387   3                  // Back up Free run DVtotal
 388   3                  usDVTotalFreeRun = GET_FREE_RUN_DVTOTAL();
 389   3      
 390   3                  if((usRemainIVS2DVSDelay > usIVS2DVSChgLimit) && ((usOldIVS2DVSDelay + usIVS2DVSChgLimit) >= g
             -_stMDomainInputData.usVTotal))
C51 COMPILER V8.12   SCALERMEMORY                                                          09/16/2026 20:27:23 PAGE 8   

 391   3                  {
 392   4                      usRemainIVS2DVSDelay -= usIVS2DVSChgLimit;
 393   4                      usOldIVS2DVSDelay = usOldIVS2DVSDelay + usIVS2DVSChgLimit - g_stMDomainInputData.usVTotal;
 394   4      
 395   4                      PDATA_WORD(7) = ((DWORD)g_stMDomainInputData.usVTotal + usIVS2DVSChgLimit) * usDVTotalFram
             -eSync / g_stMDomainInputData.usVTotal + 1;
 396   4      
 397   4                      SET_FREE_RUN_DVTOTAL(PDATA_WORD(7));
 398   4      
 399   4                      ScalerGlobalDDomainDBApply(_DB_APPLY_POLLING);
 400   4      
 401   4                      ScalerTimerWaitForEvent(_EVENT_DVS);
 402   4      
 403   4                      // Set to free-run mode
 404   4                      ScalerSetBit(P0_28_VIDEO_DISPLAY_CONTROL_REG, ~_BIT3, 0x00);
 405   4      
 406   4                      if(usRemainIVS2DVSDelay > usIVS2DVSChgLimit)
 407   4                      {
 408   5                          usRemainIVS2DVSDelay -= usIVS2DVSChgLimit;
 409   5                          usOldIVS2DVSDelay += usIVS2DVSChgLimit;
 410   5      
 411   5                          ScalerTimerWaitForEvent(_EVENT_IEN_START);
 412   5                          ScalerMemorySetIVS2DVSLineDelay(usOldIVS2DVSDelay);
 413   5                          ScalerGlobalIDomainDBApply(_DB_APPLY_NO_POLLING);
 414   5      
 415   5                          ScalerTimerWaitForEvent(_EVENT_IEN_START);
 416   5                          ScalerTimerWaitForEvent(_EVENT_IVS);
 417   5      
 418   5                          // Set to frame-sync mode
 419   5                          ScalerSetBit(P0_28_VIDEO_DISPLAY_CONTROL_REG, ~_BIT3, _BIT3);
 420   5      
 421   5                          while(usRemainIVS2DVSDelay > usIVS2DVSChgLimit)
 422   5                          {
 423   6                              usRemainIVS2DVSDelay -= usIVS2DVSChgLimit;
 424   6                              usOldIVS2DVSDelay += usIVS2DVSChgLimit;
 425   6      
 426   6                              ScalerMemorySetIVS2DVSLineDelay(usOldIVS2DVSDelay);
 427   6                              ScalerGlobalIDomainDBApply(_DB_APPLY_POLLING);
 428   6      
 429   6                              if(ucTimeoutCounter == 0)
 430   6                              {
 431   7                                  break;
 432   7                              }
 433   6      
 434   6                              ucTimeoutCounter--;
 435   6                          }
 436   5      
 437   5                          ScalerMemorySetIVS2DVSLineDelay(usNewIVS2DVSDelay);
 438   5                      }
 439   4                      else
 440   4                      {
 441   5                          ScalerTimerWaitForEvent(_EVENT_IEN_START);
 442   5                          ScalerMemorySetIVS2DVSLineDelay(usNewIVS2DVSDelay);
 443   5                          ScalerGlobalIDomainDBApply(_DB_APPLY_NO_POLLING);
 444   5      
 445   5                          ScalerTimerWaitForEvent(_EVENT_IEN_START);
 446   5                          ScalerTimerWaitForEvent(_EVENT_IVS);
 447   5      
 448   5                          // Set to frame-sync mode
 449   5                          ScalerSetBit(P0_28_VIDEO_DISPLAY_CONTROL_REG, ~_BIT3, _BIT3);
 450   5                      }
 451   4                  }
C51 COMPILER V8.12   SCALERMEMORY                                                          09/16/2026 20:27:23 PAGE 9   

 452   3                  else if((usRemainIVS2DVSDelay <= usIVS2DVSChgLimit) && ((usOldIVS2DVSDelay + usIVS2DVSChgLimit
             -) >= g_stMDomainInputData.usVTotal))
 453   3                  {
 454   4                      PDATA_WORD(7) = ((DWORD)g_stMDomainInputData.usVTotal * 2 - usOldIVS2DVSDelay + usNewIVS2D
             -VSDelay) * usDVTotalFrameSync / g_stMDomainInputData.usVTotal + 1;
 455   4      
 456   4                      SET_FREE_RUN_DVTOTAL(PDATA_WORD(7));
 457   4      
 458   4                      ScalerGlobalDDomainDBApply(_DB_APPLY_POLLING);
 459   4      
 460   4                      ScalerTimerWaitForEvent(_EVENT_DVS);
 461   4      
 462   4                      // Set to free-run mode
 463   4                      ScalerSetBit(P0_28_VIDEO_DISPLAY_CONTROL_REG, ~_BIT3, 0x00);
 464   4      
 465   4                      ScalerTimerWaitForEvent(_EVENT_IEN_START);
 466   4      
 467   4                      ScalerMemorySetIVS2DVSLineDelay(usNewIVS2DVSDelay);
 468   4                      ScalerGlobalIDomainDBApply(_DB_APPLY_NO_POLLING);
 469   4      
 470   4                      ScalerTimerWaitForEvent(_EVENT_IEN_START);
 471   4                      ScalerTimerWaitForEvent(_EVENT_IVS);
 472   4      
 473   4                      // Set to frame-sync mode
 474   4                      ScalerSetBit(P0_28_VIDEO_DISPLAY_CONTROL_REG, ~_BIT3, _BIT3);
 475   4                  }
 476   3                  else
 477   3                  {
 478   4                      ScalerMemorySetIVS2DVSLineDelay(usNewIVS2DVSDelay);
 479   4                      DebugMessageFS("Error condition", 0);
 480   4                  }
 481   3      
 482   3                  SET_FREE_RUN_DVTOTAL(usDVTotalFreeRun);
 483   3              }
 484   2              else
 485   2              {
 486   3                  ScalerMemorySetIVS2DVSLineDelay(usNewIVS2DVSDelay);
 487   3              }
 488   2          }
 489   1      
 490   1          DebugMessageFS("Timeout counter", ucTimeoutCounter);
 491   1      }
 492          
 493          //--------------------------------------------------
 494          // Description  : Calculate Dt Max/Min Value for Scale Up
 495          // Input Value  : None
 496          // Output Value : Calculated Max/Min Dt in 0.01 Lines
 497          //--------------------------------------------------
 498          DWORD ScalerMemoryGetDtMaxMin(void)
 499          {
 500   1          BYTE ucMax = 0;
 501   1          BYTE ucMin = 100;
 502   1          BYTE ucCount = 0;
 503   1          BYTE ucPhase = 0;
 504   1          WORD usDtMin = 0;
 505   1          WORD usDtMax = 0;
 506   1          WORD usSUF = 0;
 507   1          WORD usFIFOHWidth = 0;
 508   1          WORD usDt = 0;
 509   1          DWORD ulVFCI = 0;
 510   1      
 511   1          // Get Ver filter coef initial value: VFCI * 128
C51 COMPILER V8.12   SCALERMEMORY                                                          09/16/2026 20:27:23 PAGE 10  

 512   1          GET_VER_FILTER_COEF_INI(ulVFCI);
 513   1      
 514   1          DebugMessageFS("7.ulVFCI", ulVFCI);
 515   1      
 516   1          // Since MSB would be Eliminated by Mod, Only WORD is Required
 517   1          usSUF = (WORD)(((DWORD)g_stMDomainInputData.usVHeight << 13) / g_stMDomainOutputData.usVHeight);
 518   1      
 519   1          // Get Min and Max Value
 520   1          do
 521   1          {
 522   2              // (VFCI + n * VSF) mod 1
 523   2              ucPhase = (BYTE)(((WORD)ulVFCI + (((WORD)ucCount * usSUF) >> 6)) & 0x7F);
 524   2      
 525   2              if(ucPhase > ucMax)
 526   2              {
 527   3                  ucMax = ucPhase;
 528   3              }
 529   2      
 530   2              if(ucPhase < ucMin)
 531   2              {
 532   3                  ucMin = ucPhase;
 533   3              }
 534   2      
 535   2              ucCount++;
 536   2          }
 537   1          while(ucCount < 255);
 538   1      
 539   1          DebugMessageFS("7.Calculated Max", ucMax);
 540   1          DebugMessageFS("7.Calculated Min", ucMin);
 541   1      
 542   1          //-------------------------------------------------
 543   1          // Get FIFO Input Width: 13 bit
 544   1          //-------------------------------------------------
 545   1          usFIFOHWidth = ScalerMemoryGetFifoWidth();
 546   1      
 547   1          // VFCI * 100
 548   1          ulVFCI = (ulVFCI * 100) >> 7;
 549   1      
 550   1      #if(_FORMAT_CONVERSION_SUPPORT == _ON)
                  if(ScalerFmtCnvFtoPGetStatus() == _TRUE)
                  {
                      // DtMin = 1  +(VFCI-min)/2+ VSF/2 - VSF*DHActiveEnd/DHTotal/2
                      usDtMin = 100 + (ulVFCI >> 1) - (((WORD)ucMin * 100) >> 8) + (DWORD)g_stMDomainInputData.usVHeight
             -  * 50 / g_stMDomainOutputData.usVHeight - (DWORD)g_stMDomainInputData.usVHeight * (g_stMDomainOutputData.usHStart + g_s
             -tMDomainOutputData.usHWidth) / g_stMDomainOutputData.usVHeight * 50 / g_stMDomainOutputData.usHWidth;
                      usDtMin = usDtMin << 1;
              
                      // DtMax = 1 + FIFODepth/FIFOHWidth each(max-VFCI)/2 each VSF*(DHActiveStart/DHTotal)
                      usDtMax = 100 + (DWORD)_M_DOMAMAIN_FIFO_BIT / GET_MEMORY_DATA_BIT() * 100 / usFIFOHWidth + (ulVFCI
             - >> 1) - (((WORD)ucMax * 100) >> 8) - (DWORD)g_stMDomainInputData.usVHeight * g_stMDomainOutputData.usHStart / g_stMDoma
             -inOutputData.usVHeight * 50 / g_stMDomainOutputData.usHTotal;
                      usDtMax = usDtMax << 1;
                  }
                  else
              #endif
 563   1          {
 564   2              // Dt min = 2 + (VFCI - min - VSF * DHActiveEnd / DHTotal)
 565   2              usDtMin = 200 + ulVFCI - (((WORD)ucMin * 100) >> 7) - (DWORD)g_stMDomainInputData.usVHeight * (g_s
             -tMDomainOutputData.usHStart + g_stMDomainOutputData.usHWidth) / g_stMDomainOutputData.usVHeight * 100 / g_stMDomainOutpu
             -tData.usHTotal;
 566   2      
 567   2              // Dt max = 2 + FIFODepth / FIFOWIDTH - max + VFCI - VSF * DHActiveSt / DHTotal
C51 COMPILER V8.12   SCALERMEMORY                                                          09/16/2026 20:27:23 PAGE 11  

 568   2              usDtMax = 200 + (DWORD)_M_DOMAMAIN_FIFO_BIT / GET_MEMORY_DATA_BIT() * 100 / usFIFOHWidth - (((WORD
             -)ucMax * 100) >> 7) + ulVFCI - (DWORD)g_stMDomainInputData.usVHeight * g_stMDomainOutputData.usHStart / g_stMDomainOutpu
             -tData.usVHeight * 100 / g_stMDomainOutputData.usHTotal;
 569   2          }
 570   1          DebugMessageFS("7. DtMax", usDtMax);
 571   1          DebugMessageFS("7. DtMin", usDtMin);
 572   1      
 573   1          if(GET_D_DOMAIN_REQUEST() == _7_LINES_BEFORE_DEN)
 574   1          {
 575   2              usDt = ((DWORD)_M_DOMAMAIN_FIFO_BIT / GET_MEMORY_DATA_BIT() * 90 / usFIFOHWidth + (DWORD)g_stMDoma
             -inInputData.usVHeight * 700 / g_stMDomainOutputData.usVHeight);
 576   2      
 577   2              if(usDtMax > usDt)
 578   2              {
 579   3                  usDtMax = usDt;
 580   3                  DebugMessageFS("7. dt max modifyed", usDtMax);
 581   3              }
 582   2          }
 583   1      
 584   1          return (((DWORD)usDtMax << 16) | usDtMin);
 585   1      }
 586          
 587          //--------------------------------------------------
 588          // Description  : Calculate Dt Value for Scale Up
 589          // Input Value  : None
 590          // Output Value : Calculated Dt in 0.01 Lines
 591          //--------------------------------------------------
 592          WORD ScalerMemoryGetScaleUpDt(void)
 593          {
 594   1          WORD usDtMin = 0;
 595   1          WORD usDtMax = 0;
 596   1          WORD usDt = 0;
 597   1          DWORD ulDtMaxMin = ScalerMemoryGetDtMaxMin();
 598   1      
 599   1          usDtMin = LOWORD(ulDtMaxMin);
 600   1          usDtMax = HIWORD(ulDtMaxMin);
 601   1      
 602   1          usDt = (usDtMax + usDtMin) / 2;
 603   1          DebugMessageFS("7. Target Dt Value", usDt);
 604   1      
 605   1      // VSD Dt compensation
 606   1      #if((_VSD_ULTRAVIVID_DT_COMPENSATION_SUPPORT == _ON) && (_ULTRA_VIVID_SUPPORT == _ON))
                  // VSD Dt = target Dt * Ivh / Dvh
                  if((GET_V_SCALE_DOWN() == _TRUE) && (ScalerGetBit(P0_23_SCALE_DOWN_CTRL_M1, _BIT7) == _BIT7))
                  {
                      usDt = GET_DWORD_MUL_DIV(usDt, GET_MDOMAIN_INPUT_VHEIGHT(), GET_MDOMAIN_OUTPUT_VHEIGHT());
                      DebugMessageFS("2. VSD Target Dt Value new", usDt);
                  }
              #endif
 614   1      
 615   1          // Calculat (I porch - 2)
 616   1          PDATA_WORD(0) = (g_stMDomainInputData.usVTotal > (g_stMDomainInputData.usVHeight + 2)) ? (g_stMDomainI
             -nputData.usVTotal - (g_stMDomainInputData.usVHeight + 2)) : 0;
 617   1      
 618   1          // Dt must small than (I portch - 2)
 619   1          if(usDt >= (PDATA_WORD(0) * 100))
 620   1          {
 621   2              usDt = ((PDATA_WORD(0) * 100) + usDtMin) / 2;
 622   2              DebugMessageFS("7. Target Dt Value new", usDt);
 623   2          }
 624   1      
 625   1          return usDt;
C51 COMPILER V8.12   SCALERMEMORY                                                          09/16/2026 20:27:23 PAGE 12  

 626   1      }
 627          
 628          #if(_MEMORY_TYPE_CONFIG != _NO_MEMORY)
 629          //--------------------------------------------------
 630          // Description  : Memory Reset
 631          // Input Value  : None
 632          // Output Value : None
 633          //--------------------------------------------------
 634          void ScalerMemoryReset(void)
 635          {
 636   1      #if(_MEMORY_TYPE_CONFIG == _MEMORY_SDRAM)
                  ScalerTimerWaitForEvent(_EVENT_IEN_STOP);
                  ScalerSdramControlReset();
              #elif(_MEMORY_TYPE_CONFIG == _MEMORY_DDR1)
 640   1          ScalerTimerWaitForEvent(_EVENT_IEN_STOP);
 641   1          ScalerDDR1ControlReset();
 642   1      #elif(_MEMORY_TYPE_CONFIG == _MEMORY_DDR2)
                  // DDR Reset
              #elif(_MEMORY_TYPE_CONFIG == _MEMORY_DDR3)
                  // DDR Reset
              #endif
 647   1      }
 648          
 649          //--------------------------------------------------
 650          // Description  : Memory Power Control
 651          // Input Value  :
 652          // Output Value :
 653          //--------------------------------------------------
 654          void ScalerMemoryPowerControl(bit bOnOff)
 655          {
 656   1      #if(_MEMORY_TYPE_CONFIG == _MEMORY_SDRAM)
              
                  // SDRAM Power Control
                  ScalerSdramPowerControl(bOnOff);
              
              #elif(_MEMORY_TYPE_CONFIG == _MEMORY_DDR1)
 662   1      
 663   1          // DDR1 Power Control
 664   1          ScalerDDR1PowerControl(bOnOff);
 665   1      
 666   1      #elif(_MEMORY_TYPE_CONFIG == _MEMORY_DDR2)
              
                  // DDR2 Power Control
                  ScalerDDR2PowerControl(bOnOff);
              
              #elif(_MEMORY_TYPE_CONFIG == _MEMORY_DDR3)
              
                  // DDR3 Power Control
                  ScalerDDR3PowerControl(bOnOff);
              
              #endif
 677   1      
 678   1          if(bOnOff == _ON)
 679   1          {
 680   2      #if(_HW_FRC_TYPE != _FRC_GEN_NONE)
 681   2              // FRC Disable capture and display
 682   2              ScalerFRCEn(_FRC_CAP_DISP_ALL, _DISABLE);
 683   2      #endif
 684   2      
 685   2      #if(_FRC_SUPPORT == _ON)
 686   2      #if(_DISPLAY_ROTATION_SUPPORT == _ON)
 687   2      #if(_DISPLAY_ROTATION_TYPE == _DISPLAY_ROTATION_GEN_I)
C51 COMPILER V8.12   SCALERMEMORY                                                          09/16/2026 20:27:23 PAGE 13  

                      // Disable FRC
                      ScalerRotationSetFRCEn(_FRC_ALL_ONOFF, _DISABLE);
              #endif
 691   2      #endif
 692   2      #endif
 693   2          }
 694   1      }
 695          #endif // End of #if(_MEMORY_TYPE_CONFIG != _NO_MEMORY)
 696          
 697          #if(_HW_FRC_TYPE != _FRC_GEN_NONE)
 698          #if(_MN_FRAME_TRACKING_SUPPORT == _ON)
 699          //--------------------------------------------------
 700          // Description  : M:N frame tracking
 701          // Input Value  : En: enable / disable
 702          // Output Value : None
 703          //--------------------------------------------------
 704          void ScalerMemorySetFrameTrackingEnable(bit bEn)
 705          {
 706   1          // Enable/Disable M:N frame tracking function
 707   1          ScalerSetDataPortBit(P0_2A_DISPLAY_FORMAT_ADDR_PORT, _P0_2B_PT_25_MN_FRAME_RATE_EN, ~_BIT7, (BYTE)bEn 
             -<< 7);
 708   1      }
 709          #endif
 710          #endif
 711          
 712          #if(_FRC_SUPPORT == _ON)
 713          #if(_MN_FRAME_TRACKING_SUPPORT == _ON)
 714          //--------------------------------------------------
 715          // Description  : Get M:N frame tracking status
 716          // Input Value  : None
 717          // Output Value : _TRUE if enabled
 718          //--------------------------------------------------
 719          bit ScalerMemoryGetFrameTrackingEnable(void)
 720          {
 721   1          if(ScalerGetDataPortBit(P0_2A_DISPLAY_FORMAT_ADDR_PORT, _P0_2B_PT_25_MN_FRAME_RATE_EN, _BIT7) != 0)
 722   1          {
 723   2              return _ENABLE;
 724   2          }
 725   1      
 726   1          return _DISABLE;
 727   1      }
 728          
 729          //--------------------------------------------------
 730          // Description  : Set M:N frame tracking
 731          // Input Value  : None
 732          // Output Value : None
 733          //--------------------------------------------------
 734          void ScalerMemoryFrameTracking(void)
 735          {
 736   1          BYTE ucM = 1;
 737   1          BYTE ucN = 1;
 738   1      
 739   1          if(ScalerGetDataPortBit(P0_2A_DISPLAY_FORMAT_ADDR_PORT, _P0_2B_PT_25_MN_FRAME_RATE_EN, _BIT7) == _BIT7
             -)
 740   1          {
 741   2              return;
 742   2          }
 743   1      
 744   1          // Measure DVtotal in frame sync mode
 745   1          ScalerSetBit(P0_43_FS_DELAY_FINE_TUNE, ~_BIT5, 0x00);
 746   1          ScalerSetBit(P0_44_LAST_LINE_H, ~_BIT7, _BIT7);
 747   1      
C51 COMPILER V8.12   SCALERMEMORY                                                          09/16/2026 20:27:23 PAGE 14  

 748   1          // Wait IVS for get correct data
 749   1          ScalerTimerWaitForEvent(_EVENT_IVS);
 750   1          ScalerTimerWaitForEvent(_EVENT_IVS);
 751   1          ScalerTimerWaitForEvent(_EVENT_IVS);
 752   1      
 753   1          PDATA_WORD(0) = ScalerMemoryGetMNRatio();
 754   1      
 755   1          ucM = (PDATA_WORD(0) >> 8) & 0xFF;
 756   1          ucN = PDATA_WORD(0) & 0xFF;
 757   1      
 758   1          // Read DVTotal result
 759   1          GET_DVTOTAL_LASTLINE(PDATA_WORD(1));
 760   1      
 761   1          // Set to read last line result
 762   1          ScalerSetBit(P0_44_LAST_LINE_H, ~_BIT7, 0x00);
 763   1      
 764   1          // Read Last line result
 765   1          GET_DVTOTAL_LASTLINE(PDATA_WORD(0));
 766   1          PDATA_WORD(0) = (PDATA_WORD(0) << _D_DOMAIN_PATH);
 767   1      
 768   1          // Calulate Display total pixel: DHtotal * DVtotal + last line
 769   1          PDATA_DWORD(1) = (DWORD)GET_MDOMAIN_OUTPUT_HTOTAL() * PDATA_WORD(1) + (PDATA_WORD(0));
 770   1      
 771   1          // Fine tune MN frame sync last line
 772   1      #if(_MN_FINE_TUNE_LASTLINE_SUPPORT == _OFF)
 773   1          if(((PDATA_DWORD(1) * ucM) % GET_MDOMAIN_OUTPUT_HTOTAL()) > ((DWORD)GET_MDOMAIN_OUTPUT_HTOTAL() * 90 /
             - 100))
 774   1          {
 775   2              // Free run DVtotal
 776   2              PDATA_WORD(1) = (PDATA_DWORD(1) * ucM) / GET_MDOMAIN_OUTPUT_HTOTAL() / ucN + 1;
 777   2      
 778   2              // Free run Last line
 779   2              PDATA_WORD(0) = ((PDATA_DWORD(1) * ucM) % GET_MDOMAIN_OUTPUT_HTOTAL()) / ucN;
 780   2          }
 781   1          else if(((PDATA_DWORD(1) * ucM) % GET_MDOMAIN_OUTPUT_HTOTAL()) < ((DWORD)GET_MDOMAIN_OUTPUT_HTOTAL() *
             - 10 / 100))
 782   1          {
 783   2              // Free run DVtotal
 784   2              PDATA_WORD(1) = ((PDATA_DWORD(1) * ucM) - GET_MDOMAIN_OUTPUT_HTOTAL()) / GET_MDOMAIN_OUTPUT_HTOTAL
             -() / ucN + 1;
 785   2      
 786   2              // Free run Last line
 787   2              PDATA_WORD(0) = (((PDATA_DWORD(1) * ucM) % GET_MDOMAIN_OUTPUT_HTOTAL()) + GET_MDOMAIN_OUTPUT_HTOTA
             -L()) / ucN;
 788   2          }
 789   1          else
 790   1      #endif // End of #if(_MN_FINE_TUNE_LASTLINE_SUPPORT == _OFF)
 791   1          {
 792   2              // Free run DVtotal
 793   2              PDATA_WORD(1) = PDATA_DWORD(1) * ucM / GET_MDOMAIN_OUTPUT_HTOTAL() / ucN;
 794   2      
 795   2              // Free run Last line
 796   2              PDATA_WORD(0) = GET_MDOMAIN_OUTPUT_HTOTAL();
 797   2          }
 798   1      
 799   1          if(PDATA_WORD(1) < (g_stMDomainOutputData.usVStart + g_stMDomainOutputData.usVHeight))
 800   1          {
 801   2              DebugMessageFRC("FrameTrack-DVT-Error", PDATA_WORD(1));
 802   2              PDATA_WORD(1) = _PANEL_DV_TOTAL;
 803   2          }
 804   1      
 805   1          // Set DVTotal
C51 COMPILER V8.12   SCALERMEMORY                                                          09/16/2026 20:27:23 PAGE 15  

 806   1          SET_FREE_RUN_DVTOTAL(PDATA_WORD(1));
 807   1      
 808   1          // Set Frame Sync Watch Dog
 809   1          SET_DIS_TIMING_GEN_WD_VTOTAL(PDATA_WORD(1) + 64);
 810   1      
 811   1          // Lase line to be multiple of output port
 812   1          PDATA_WORD(2) = PDATA_WORD(0) - (PDATA_WORD(0) % _DHTOTAL_MULTIPLE);
 813   1      
 814   1          // Set Last line
 815   1          SET_FREE_RUN_LAST_LINE(PDATA_WORD(2));
 816   1      
 817   1          // Set M:N frame tracking function
 818   1          // Set ivs skipped, M = register value +1
 819   1          ScalerSetByte(P0_2A_DISPLAY_FORMAT_ADDR_PORT, _P0_2B_PT_26_M_FOR_MN_FRAME_RATE);
 820   1          ScalerSetByte(P0_2B_DISPLAY_FORMAT_DATA_PORT, (ucM - 1));
 821   1          ScalerSetByte(P0_2A_DISPLAY_FORMAT_ADDR_PORT, _P0_2B_PT_27_N_FOR_MN_FRAME_RATE);
 822   1          ScalerSetByte(P0_2B_DISPLAY_FORMAT_DATA_PORT, (ucN - 1));
 823   1      }
 824          
 825          //--------------------------------------------------
 826          // Description  : Get M:N ratio
 827          // Input Value  : None
 828          // Output Value : M << 8 | N
 829          //--------------------------------------------------
 830          WORD ScalerMemoryGetMNRatio(void)
 831          {
 832   1          BYTE ucM = 1;
 833   1          BYTE ucN = 1;
 834   1      
 835   1          switch(GET_MEMORY_DVF_SELECT())
 836   1          {
 837   2              case _2_IVF:
 838   2      
 839   2                  ucM = 1;
 840   2                  ucN = 2;
 841   2      
 842   2                  break;
 843   2      
 844   2              case _3_IVF:
 845   2      
 846   2                  ucM = 1;
 847   2                  ucN = 3;
 848   2      
 849   2                  break;
 850   2      
 851   2              case _2_5_IVF:
 852   2      
 853   2                  ucM = 2;
 854   2                  ucN = 5;
 855   2      
 856   2                  break;
 857   2      #if(_DISPLAY_ROTATION_SUPPORT == _ON)
 858   2      #if((_DISPLAY_ROTATION_TYPE == _DISPLAY_ROTATION_GEN_II) && (_FRC_HW_AUTO_3BLOCK_TOGGLE_SUPPORT == _ON))
 859   2              case _5_4_IVF:
 860   2      
 861   2                  ucM = 5;
 862   2                  ucN = 4;
 863   2      
 864   2                  break;
 865   2      
 866   2              case _6_5_IVF:
 867   2      
C51 COMPILER V8.12   SCALERMEMORY                                                          09/16/2026 20:27:23 PAGE 16  

 868   2                  ucM = 6;
 869   2                  ucN = 5;
 870   2      
 871   2                  break;
 872   2      #endif
 873   2      #endif
 874   2              default:
 875   2      
 876   2                  break;
 877   2          }
 878   1      
 879   1          return ((ucM << 8) | (ucN));
 880   1      }
 881          #endif // End of #if(_MN_FRAME_TRACKING_SUPPORT == _ON)
 882          
 883          //--------------------------------------------------
 884          // Description  : Calculate the Line Step and Block Step
 885          // Input Value  : usHorSize --> Horizontal size (unit : 64 bits)
 886          //                usVerSize --> Vertical size
 887          // Output Value : Line Step and Block Step
 888          //--------------------------------------------------
 889          DWORD ScalerMemoryCalculateFrameLineTotalPixel(bit bLineFrameMode, WORD usHorSize, WORD usVerSize)
 890          {
 891   1          // FRC to DDR : /64
 892   1          DWORD ulHorSize = 0;
 893   1      
 894   1          if(bLineFrameMode == _FRAME_MODE) // frame mode
 895   1          {
 896   2              ulHorSize = ((DWORD)usHorSize * usVerSize * GET_MEMORY_DATA_BIT() % 64) ?
 897   2                          (((DWORD)usHorSize * usVerSize  * GET_MEMORY_DATA_BIT() / 64) + 1) :
 898   2                          ((DWORD)usHorSize * usVerSize  * GET_MEMORY_DATA_BIT() / 64);
 899   2          }
 900   1          else
 901   1          {
 902   2              // Line Mode
 903   2              ulHorSize = ((DWORD)usHorSize * GET_MEMORY_DATA_BIT() % 64) ?
 904   2                          (((DWORD)usHorSize * GET_MEMORY_DATA_BIT() / 64) + 1) :
 905   2                          ((DWORD)usHorSize * GET_MEMORY_DATA_BIT() / 64);
 906   2      
 907   2              if((ulHorSize & 0x03) != 0x00)
 908   2              {
 909   3                  ulHorSize += (4 - (ulHorSize & 0x03));
 910   3              }
 911   2          }
 912   1      
 913   1          ulHorSize = ulHorSize * 64 / _MEMORY_BIT_NUM;
 914   1          return ulHorSize;
 915   1      }
 916          
 917          //--------------------------------------------------
 918          // Description  : Transfer the Memory Size to Address
 919          // Input Value  : ulTotalSize --> Total Memory size
 920          // Output Value : Line Step Address or Block Step Address
 921          //--------------------------------------------------
 922          DWORD ScalerMemoryAddressConversion(DWORD ulTotalSize)
 923          {
 924   1      #if((_MEMORY_TYPE_CONFIG == _MEMORY_SDRAM) || (_MEMORY_TYPE_CONFIG == _MEMORY_DDR1))
 925   1      
 926   1      #if(_MEMORY_SIZE >= _MEMORY_64MB)
 927   1          return (((ulTotalSize & 0xFFFF00) << 1) | LOBYTE(ulTotalSize));
 928   1      #else
                  return (((ulTotalSize & 0x000100) << 1) | ((ulTotalSize & 0xFFFE00) << 2) | LOBYTE(ulTotalSize));
C51 COMPILER V8.12   SCALERMEMORY                                                          09/16/2026 20:27:23 PAGE 17  

              #endif
 931   1      
 932   1      #else
              
                  // _1G_16BIT_DDR3 or ... for 6410, 6193 frc unit : 64 bit (register setting)
                  return ulTotalSize * _MEMORY_BIT_NUM / 64;
              
              #endif
 938   1      }
 939          #endif // End of #if(_FRC_SUPPORT == _ON)
 940          
 941          #if(_OD_SUPPORT == _ON)
 942          #if(_FRC_HW_AUTO_3BLOCK_TOGGLE_SUPPORT == _ON)
 943          //--------------------------------------------------
 944          // Description  : Set OD address in 3-block-toggle case
 945          // Input Value  : None
 946          // Output Value : None
 947          //--------------------------------------------------
 948          void ScalerMemorySetODThreeBlockAddress(void)
 949          {
 950   1          // 24->60Hz / 24->72Hz uses HW auto 3 block toggle
 951   1          if(GET_FRC_3BLOCK_TOGGLE_STATUS() == _ENABLE)
 952   1          {
 953   2              DWORD ulBlockAddr = 0;
 954   2              DWORD ulTotalMemSpace = 0;
 955   2              DWORD ulODUseSpace = 0;
 956   2      
 957   2              ulTotalMemSpace = (DWORD)_MEMORY_ROW << ((_MEMORY_COL_PER_BANK > 256) ? 11 : 10);
 958   2              ulODUseSpace = ((((DWORD)CEILING(_PANEL_DH_WIDTH, _OD_PIXEL_PER_COMP)) * _PANEL_DV_HEIGHT * GET_OD
             -_USE_BIT() / _MEMORY_BIT_NUM) /
 959   2                              (_MEMORY_COL_PER_BANK * _MEMORY_BANK) / 10 + 1) << ((_MEMORY_COL_PER_BANK > 256) ?
             - 11 : 10);
 960   2      
 961   2              //=========================================
 962   2              // Set OD 1st Address
 963   2              //=========================================
 964   2              // Get 1st Write Address
 965   2              ScalerSetBit(P5_BA_IN1_MADDR_TOG_CTL, ~(_BIT3 | _BIT2), 0x00);
 966   2              pData[0] = ScalerGetByte(P5_AD_IN1_MEM_ADDR_H);
 967   2              pData[1] = ScalerGetByte(P5_AE_IN1_MEM_ADDR_M);
 968   2              pData[2] = ScalerGetByte(P5_AF_IN1_MEM_ADDR_L);
 969   2              ulBlockAddr = (((DWORD)pData[0] << 16) | ((DWORD)pData[1] << 8) | pData[2]) >> ((_MEMORY_COL_PER_B
             -ANK > 256) ? 0 : 1);
 970   2      
 971   2              g_ulMemoryThreeBlockAddr1 = (ulBlockAddr + ulTotalMemSpace - ulODUseSpace) % ulTotalMemSpace;
 972   2      
 973   2              //=========================================
 974   2              // Set OD 2nd Address
 975   2              //=========================================
 976   2              // Get 2nd Write Address
 977   2              ScalerSetBit(P5_BA_IN1_MADDR_TOG_CTL, ~(_BIT3 | _BIT2), _BIT2);
 978   2              pData[0] = ScalerGetByte(P5_AD_IN1_MEM_ADDR_H);
 979   2              pData[1] = ScalerGetByte(P5_AE_IN1_MEM_ADDR_M);
 980   2              pData[2] = ScalerGetByte(P5_AF_IN1_MEM_ADDR_L);
 981   2              ulBlockAddr = (((DWORD)pData[0] << 16) | ((DWORD)pData[1] << 8) | pData[2]) >> ((_MEMORY_COL_PER_B
             -ANK > 256) ? 0 : 1);
 982   2      
 983   2              g_ulMemoryThreeBlockAddr2 = (ulBlockAddr + ulTotalMemSpace - ulODUseSpace) % ulTotalMemSpace;
 984   2      
 985   2              //=========================================
 986   2              // Set OD 3rd Address
 987   2              //=========================================
C51 COMPILER V8.12   SCALERMEMORY                                                          09/16/2026 20:27:23 PAGE 18  

 988   2              // Get 3rd Write Address
 989   2              ScalerSetBit(P5_BA_IN1_MADDR_TOG_CTL, ~(_BIT3 | _BIT2), _BIT3);
 990   2              pData[0] = ScalerGetByte(P5_AD_IN1_MEM_ADDR_H);
 991   2              pData[1] = ScalerGetByte(P5_AE_IN1_MEM_ADDR_M);
 992   2              pData[2] = ScalerGetByte(P5_AF_IN1_MEM_ADDR_L);
 993   2              ulBlockAddr = (((DWORD)pData[0] << 16) | ((DWORD)pData[1] << 8) | pData[2]) >> ((_MEMORY_COL_PER_B
             -ANK > 256) ? 0 : 1);
 994   2      
 995   2              g_ulMemoryThreeBlockAddr3 = (ulBlockAddr + ulTotalMemSpace - ulODUseSpace) % ulTotalMemSpace;
 996   2      
 997   2              DebugMessageFRC("3Block-addr1", g_ulMemoryThreeBlockAddr1);
 998   2              DebugMessageFRC("3Block-addr2", g_ulMemoryThreeBlockAddr2);
 999   2              DebugMessageFRC("3Block-addr3", g_ulMemoryThreeBlockAddr3);
1000   2          }
1001   1      }
1002          #endif // End of #if(_FRC_HW_AUTO_3BLOCK_TOGGLE_SUPPORT == _ON)
1003          #endif // End of #if(_OD_SUPPORT == _ON)
1004          


MODULE INFORMATION:   STATIC OVERLAYABLE
   CODE SIZE        =   4486    ----
   CONSTANT SIZE    =   ----    ----
   XDATA SIZE       =   ----      94
   PDATA SIZE       =   ----    ----
   DATA SIZE        =   ----    ----
   IDATA SIZE       =   ----    ----
   BIT SIZE         =   ----       3
END OF MODULE INFORMATION.


C51 COMPILATION COMPLETE.  0 WARNING(S),  0 ERROR(S)
