C51 COMPILER V9.60.0.0   SCALERMCU                                                         09/18/2026 20:38:03 PAGE 1   


C51 COMPILER V9.60.0.0, COMPILATION OF MODULE SCALERMCU
OBJECT MODULE PLACED IN .\Output\RL6432_Project\ScalerMcu.obj
COMPILER INVOKED BY: C:\Keil_v5\C51\BIN\C51.EXE Kernel\Scaler\ScalerFunction\Code\ScalerMcu.c LARGE OPTIMIZE(9,SPEED) IN
                    -CDIR(.\Output\RL6432;.\Project\Header;.\Pcb;.\Panel;.\Kernel\Device\Header;.\Kernel\Common;.\Kernel\System\Header;.\Kern
                    -el\Scaler\ScalerFunction\Header;.\Kernel\Scaler\ScalerCommonFunction\Header;.\Kernel\Scaler\ScalerFunction\Lib\Header;.\
                    -Kernel\Scaler\ScalerCommonFunction\Lib\Header;.\Kernel\Scaler\RL6432_Series_Scaler\Header;.\Kernel\Scaler\RL6432_Series_
                    -Common\Header;.\Kernel\Scaler\RL6432_Series_Scaler\Lib\Header;.\Kernel\Scaler\RL6432_Series_Common\Lib\Header;.\Kernel\U
                    -ser Common Function\Header;.\User\RTD Series\RTD2014Function\Header;.\User\RTD Series\RTD2014Osd\Header;.\User\RTD Facto
                    -ry\Header;.\User\None Series\NoneFunction\Header;.\User\None Series\NoneOsd\Header;.\User\None Factory\Header) DEFINE(_P
                    -ROJECT=_RL6432_PROJECT,_SCALER_TYPE=_RL6432_SERIES) DEBUG OBJECTEXTEND PRINT(.\Output\RL6432_Project\ScalerMcu.lst) TABS
                    -(2) OBJECT(.\Output\RL6432_Project\ScalerMcu.obj)

line level    source

   1          /********************************************************************************/
   2          /*   Copyright (c) 2021 Realtek Semiconductor Corp. All rights reserved.        */
   3          /*                                                                              */
   4          /*   SPDX-License-Identifier: LicenseRef-Realtek-Proprietary                    */
   5          /*                                                                              */
   6          /*   This software component is confidential and proprietary to Realtek         */
   7          /*   Semiconductor Corp. Disclosure, reproduction, redistribution, in whole     */
   8          /*   or in part, of this work and its derivatives without express permission    */
   9          /*   is prohibited.                                                             */
  10          /********************************************************************************/
  11          
  12          //----------------------------------------------------------------------------------------------------
  13          // ID Code      : ScalerMcu.c No.0000
  14          // Update Note  :
  15          //----------------------------------------------------------------------------------------------------
  16          
  17          #define __SCALER_MCU__
  18          
  19          #include "ScalerFunctionInclude.h"
  20          
  21          //****************************************************************************
  22          // DEFINITIONS / MACROS
  23          //****************************************************************************
  24          
  25          //****************************************************************************
  26          // STRUCT / TYPE / ENUM DEFINITTIONS
  27          //****************************************************************************
  28          
  29          //****************************************************************************
  30          // CODE TABLES
  31          //****************************************************************************
  32          
  33          //****************************************************************************
  34          // VARIABLE DECLARATIONS
  35          //****************************************************************************
  36          
  37          //****************************************************************************
  38          // FUNCTION DECLARATIONS
  39          //****************************************************************************
  40          void ScalerMcuInitial(void);
  41          BYTE ScalerMcuDdcciGetInputPort(void);
  42          #if(_DELL_HDMI_HPD_DDC_STYLE_SUPPORT == _ON)
              BYTE ScalerMcuGetDdcChannelFromInputPort(BYTE ucInputPort);
              #endif
  45          bit ScalerMcuDdcRamClockCheckSafe(EnumClkSel enumClock, BYTE ucDiv);
  46          void ScalerMcuFlashClockGroupSetting(EnumClkSel enumClock);
  47          void ScalerMcuPwmControl(EnumPowerStatus enumPowStatus);
C51 COMPILER V9.60.0.0   SCALERMCU                                                         09/18/2026 20:38:03 PAGE 2   

  48          #if(_STARTUP_SPEED_UP_SUPPORT == _OFF)
  49          void ScalerMcuCacheInitial(void);
  50          #endif
  51          
  52          #if(_D6_INPUT_PORT_TYPE != _D6_NO_PORT)
              void ScalerMcuDdcRamEDIDAddrSelect(EnumD0D1DDCRAMSelect enumDdcRamSel, EnumDDCAddrType enumDdcAddr);
              #endif
  55          
  56          void ScalerMcuSetISPSlaveAddr(EnumIspSlaveAddrState enumISPStatus);
  57          //****************************************************************************
  58          // FUNCTION DEFINITIONS
  59          //****************************************************************************
  60          //--------------------------------------------------
  61          // Description  : MCU Initial Settings
  62          //
  63          // MCU initial function, must be called at first
  64          // Since code banking can not work correctly before this function is called,
  65          // this function should stay in bank0.
  66          //
  67          // Input Value  : None
  68          // Output Value : None
  69          //--------------------------------------------------
  70          void ScalerMcuInitial(void)
  71          {
  72   1          // Clear Watchdog & Set CNT1 to Max
  73   1          MCU_FFEA_WATCHDOG_TIMER |= _BIT6 | _BIT2 | _BIT1 | _BIT0;
  74   1      
  75   1          // First Mux(epll/m2pll) Select M2pll
  76   1          MCU_FFE9_MCU_CLK_CONTROL_1 &= ~_BIT4;
  77   1      
  78   1          // Initial Setting of Mcu and Flash Clock/Div to External Xtal
  79   1          ScalerMcuFlashClockGroupSetting(_EXT_XTAL_CLK);
  80   1      
  81   1          // Set EXT_INT1 edge trigger
  82   1      #if(_EXT_INT1_SUPPORT == _ON)
                  MCU_FFB9_EXT_INT1_CONTROL |= _BIT5;
              #endif
  85   1      
  86   1          ////////////////////////
  87   1          // Bankswitch Settings//
  88   1          ////////////////////////
  89   1      
  90   1          // Enable address remapping to XDATA, enable global XRAM and XFR
  91   1          // Use Pbank_switch, enable bankswitching function
  92   1          MCU_FFFC_BANK_SWICH_CONTROL |= _BIT4 | _BIT3 | _BIT2 | _BIT1 | _BIT0;
  93   1      
  94   1          // Select XDATA BANK Start
  95   1          MCU_FFFD_XDATA_BANK_START = 0x00;
  96   1      
  97   1          // Select first bank number for XDATA access
  98   1          MCU_FFFE_XDATA_BANK_SEL = 0x00; // Xdata_bank_sel: Bank0
  99   1      
 100   1      
 101   1          ///////////////////////////////
 102   1          ///   DDCCI Auto Switch     ///
 103   1          ///   ISP Channel Setting   ///
 104   1          /// and Switch ISP Address  ///
 105   1          ///////////////////////////////
 106   1      
 107   1      #if(_ISP_CHANNEL_PROTECT_SUPPORT != _OFF)
                  // Enable DDCCI Auto Switch Function
                  MCU_FF2A_IIC_IRQ_CONTROL2 |= _BIT4;
C51 COMPILER V9.60.0.0   SCALERMCU                                                         09/18/2026 20:38:03 PAGE 3   

              
                  // ISP channel initial select for Hub
                  ScalerMcuSetISPChannel(_ISP_CHANNEL_EN_FW_RUN);
              
                  // Set Error ISP Slave Address
                  ScalerMcuSetISPSlaveAddr(_ISP_SLAVE_DISABLE);
              #else
 117   1          // Enable ISP Channel and Set Defualt ISP Slave Address
 118   1          ScalerMcuSetISPChannel(_DDC_ISP_CHANNEL_ENABLE_ALL);
 119   1      
 120   1          // Set Error ISP Slave Address
 121   1          ScalerMcuSetISPSlaveAddr(_ISP_SLAVE_ENABLE);
 122   1      #endif
 123   1      
 124   1      
 125   1          //////////////////
 126   1          //Cache Initial///
 127   1          //////////////////
 128   1      #if(_STARTUP_SPEED_UP_SUPPORT == _OFF)
 129   1          ScalerMcuCacheInitial();
 130   1      #endif
 131   1      
 132   1          ///////////////////////
 133   1          //Delay 5us Caculate///
 134   1          ///////////////////////
 135   1      
 136   1      #if((_LC_TANK_SUPPORT == _ON) && (_XTALESS_SUPPORT == _ON))
                  // Calculate 5us refer internal OSC.
                  ScalerMcu5usDelayCalc(_IOSC_CLK);
              #else
 140   1          // Calculate 5us refer external Xtal.
 141   1          ScalerMcu5usDelayCalc(_EXT_XTAL_CLK);
 142   1      #endif
 143   1      
 144   1          //////////////////
 145   1          //TIMER SETTINGS//
 146   1          //////////////////
 147   1      
 148   1      #if(_UART_SUPPORT == _ON)
                  // Clock Control, Timer0 & 2 divide by 12 clock,Timer1 divide by 4 clock, MOVX duration = 2 instructio
             -n cycles
                  CKCON = ((CKCON & ~(_BIT5 | _BIT4 | _BIT3 | _BIT2 | _BIT1 | _BIT0)) | _CKCON_MOVX_DEFAULT_CYCLE | _BIT
             -4);
              #else
 152   1          // Clock Control, Timer divide by 12 clock, MOVX duration = 2 instruction cycles
 153   1          CKCON = ((CKCON & ~(_BIT5 | _BIT4 | _BIT3 | _BIT2 | _BIT1 | _BIT0)) | _CKCON_MOVX_DEFAULT_CYCLE);
 154   1      #endif
 155   1      
 156   1          // Disable all interrupts
 157   1          IE = 0x00;
 158   1      
 159   1          // Stop Timer0 and Clear Flag
 160   1          TR0 = _OFF;
 161   1          TF0 = _OFF;
 162   1      
 163   1          // Stop Timer1 and Clear Flag
 164   1          TR1 = _OFF;
 165   1          TF1 = _OFF;
 166   1      
 167   1          // Stop Timer2 and Clear Flag
 168   1          TR2 = _OFF;
 169   1          TF2 = _OFF;
C51 COMPILER V9.60.0.0   SCALERMCU                                                         09/18/2026 20:38:03 PAGE 4   

 170   1          TCLK = 0;
 171   1          RCLK = 0;
 172   1      
 173   1      #if(_UART_SUPPORT == _ON)
              #if(_UART_LOW_BAUD_RATE_SUPPORT == _ON)
                  // Set Timer0 to Mode1 (16bit Counter)
                  // Set Timer1 to Mode1 (16bit Counter to Generate Low Baud Rate)
                  TMOD = 0x11;
              #else
                  // Set Timer0 to Mode1 (16bit Counter)
                  // Set Timer1 to Mode2 (8bit Counter with Auto-Reload)
                  TMOD = 0x21;
              #endif
              #else
 184   1          // Set Timer0/1 to Mode1 (16bit counter)
 185   1          TMOD = 0x11;
 186   1      #endif
 187   1      
 188   1          // Enable Timer2 AutoReload Mode
 189   1          T2CON &= ~_BIT0;
 190   1      
 191   1          // Set Interrupt Priority for Timer2
 192   1          PT0 = 0;
 193   1          PT1 = 0;
 194   1          PT2 = 1;
 195   1      #if(_USB3_RETIMER_SUPPORT == _ON)
                  // Retimer add
                  PX3 = 1;
              #endif
 199   1      
 200   1          // Enable Global Interrupt
 201   1          EA = _ENABLE;
 202   1      
 203   1          // Load Timer2 Count Value
 204   1          ScalerTimerSetTimerCount(_TIMER_OPERATION_INITIAL_MODE);
 205   1      
 206   1          // Start Watchdog
 207   1          MCU_FFEA_WATCHDOG_TIMER |= _BIT7;
 208   1      
 209   1      #if(_UART_SUPPORT == _ON)
              
                  /////////////////
                  //UART Settings//
                  /////////////////
              
                  // Set Serial Port to Mode 1
                  SM0 = 0;
                  SM1 = 1;
              
                  // RI will be only activated if a valid stop is received
                  SM2 = 1;
              
                  // Set Serial Port Receive Enable
                  REN = _ENABLE;
              
                  // Clear Transmit and Receive Flags
                  TI = 0;
                  RI = 0;
              
                  // Enable Serial Port IRQ
                  ES = _ENABLE;
              #endif
C51 COMPILER V9.60.0.0   SCALERMCU                                                         09/18/2026 20:38:03 PAGE 5   

 232   1      
 233   1      
 234   1          /////////////////////////
 235   1          //GPIO Control Settings//
 236   1          /////////////////////////
 237   1      
 238   1          ScalerMcuGpioInitial();
 239   1      
 240   1      
 241   1          ////////////////
 242   1          //ISP Settings//
 243   1          ////////////////
 244   1      
 245   1          ScalerMcuIspInitial();
 246   1      
 247   1      
 248   1          ///////////////////
 249   1          // Flash Settings//
 250   1          ///////////////////
 251   1      
 252   1          // Set Flash fast read mode
 253   1          MCU_FF6C_READ_INSTRUCTION |= _BIT6;
 254   1      
 255   1      #if(_PCB_FLASH_LATCH_SO_DATA_IN_RISING_EDGE == _ON)
                  // Set latch Flash SO data in Rising edge
                  MCU_FF6C_READ_INSTRUCTION &= ~_BIT5;
              #else
 259   1          // Set latch Flash SO data in falling edge
 260   1          MCU_FF6C_READ_INSTRUCTION |= _BIT5;
 261   1      #endif
 262   1      
 263   1          ////////////////
 264   1          //PWM Settings//
 265   1          ////////////////
 266   1      
 267   1      #if(_PWM_DUT_RESOLUTION == _PWM_8BIT)
 268   1          // Select 8 bit duty width type
 269   1          MCU_FF53_PWM_DUT_TYPE |= (_BIT5 | _BIT4 | _BIT3 | _BIT2 | _BIT1 | _BIT0);
 270   1      #else
                  // Select 12 bit duty width type
                  MCU_FF53_PWM_DUT_TYPE &= ~(_BIT5 | _BIT4 | _BIT3 | _BIT2 | _BIT1 | _BIT0);
              
                  // Enable double buffer mode
                  MCU_FF48_PWM_EN |= _BIT7;
              #endif
 277   1      
 278   1          // Enable PWM reset by DVS
 279   1          MCU_FF47_PWM_VS_CTRL = (((BYTE)_PWM5_RST_EN << 5) | ((BYTE)_PWM4_RST_EN << 4) | ((BYTE)_PWM3_RST_EN <<
             - 3) |
 280   1                                  ((BYTE)_PWM2_RST_EN << 2) | ((BYTE)_PWM1_RST_EN << 1) | ((BYTE)_PWM0_RST_EN));
 281   1      
 282   1      
 283   1          ////////////////////
 284   1          //EMB_OSC Settings//
 285   1          ////////////////////
 286   1      
 287   1      #if(_LC_TANK_SUPPORT == _ON)
              #if(_XTALESS_SUPPORT == _ON)
                  // Xtal CLK Select to M2LL divider
                  ScalerLCTankIOSCFromM2PLL(_ON);
              
                  // System Clock Select From M2PLL divider
C51 COMPILER V9.60.0.0   SCALERMCU                                                         09/18/2026 20:38:03 PAGE 6   

                  ScalerLCTankSystemClkFromM2PLLMcuDiv(_ON);
              
                  // Internal oscillator trimming and on
                  ScalerIOSCTrimming();
              
                  // Resote MCU divider
                  ScalerLCTankSystemClkFromM2PLLMcuDiv(_OFF);
              
                  // Xtal CLK Select to LCTANK
                  ScalerLCTankIOSCFromM2PLL(_OFF);
              #else
              
                  // Xtal CLK Select to external crystal clock.
                  ScalerGlobalCrystalClkSel(_EXT_XTAL_CLK);
              #endif
              #endif
 309   1      
 310   1          ////////////////
 311   1          //DDC Settings//
 312   1          ////////////////
 313   1      
 314   1          ScalerMcuDdcInitial();
 315   1      
 316   1      
 317   1          ///////////////////
 318   1          //DDC-CI Settings//
 319   1          ///////////////////
 320   1      
 321   1          ScalerMcuDdcciInitial();
 322   1      
 323   1      
 324   1          ////////////////
 325   1          //IIC Settings//
 326   1          ////////////////
 327   1      
 328   1      #if(_HW_IIC_SUPPORT == _ON)
 329   1          ScalerMcuHwIICConfigSetting(_HW_IIC_SPEED);
 330   1      #endif
 331   1      
 332   1      
 333   1          ////////////////
 334   1          //SPI Settings//
 335   1          ////////////////
 336   1      
 337   1      #if(_SPI_SUPPORT == _ON)
                  ScalerSpiInitial();
              #endif
 340   1      
 341   1      
 342   1          ///////////////////
 343   1          //SARADC Settings//
 344   1          ///////////////////
 345   1      
 346   1      #if(_LOW_SPEED_ADC_SUPPORT == _ON)
 347   1          // Set Threshold for Auto Mode
 348   1          MCU_FF0F_ADC0_THRESHOLD_H = 0x00;
 349   1          MCU_FF10_ADC0_THRESHOLD_L = 0xFF;
 350   1          MCU_FF11_ADC1_THRESHOLD_H = 0x00;
 351   1          MCU_FF12_ADC1_THRESHOLD_L = 0xFF;
 352   1          MCU_FF13_ADC2_THRESHOLD_H = 0x00;
 353   1          MCU_FF14_ADC2_THRESHOLD_L = 0xFF;
 354   1          MCU_FF15_ADC3_THRESHOLD_H = 0x00;
C51 COMPILER V9.60.0.0   SCALERMCU                                                         09/18/2026 20:38:03 PAGE 7   

 355   1          MCU_FF16_ADC3_THRESHOLD_L = 0xFF;
 356   1      
 357   1          // Set Auto Mode
 358   1          MCU_FF08_ADC_ACONTROL |= _BIT5;
 359   1      
 360   1          // Set Wait Time between measure
 361   1          MCU_FF17_CTRL0_WAIT_TIME_VALUE = 0x00;
 362   1      
 363   1          // Set ADC bias current to 5uA
 364   1          MCU_FF08_ADC_ACONTROL &= ~(_BIT2 | _BIT1);
 365   1      
 366   1          // ADC Start Scan
 367   1          MCU_FF08_ADC_ACONTROL |= _BIT7;
 368   1      #endif
 369   1      
 370   1      #if(_WD_TIMER_INT_SUPPORT == _ON)
 371   1          ScalerTimerWDInitial();
 372   1      #endif
 373   1      }
 374          
 375          //--------------------------------------------------
 376          // Description  : Get InputPort by checking Active DDC Channel for Ddccci
 377          // Input Value  : None
 378          // Output Value : InputPort
 379          //--------------------------------------------------
 380          BYTE ScalerMcuDdcciGetInputPort(void)
 381          {
 382   1          BYTE ucInput = _NO_INPUT_PORT;
 383   1      
 384   1          switch(GET_DDC_CHANNEL())
 385   1          {
 386   2              case _DDCCI_ADC_DDC2:
 387   2              case _DDCCI_ADC_DDC:
 388   2                  ucInput = _A0_INPUT_PORT;
 389   2                  break;
 390   2      
 391   2              case _DDCCI_DDC0:
 392   2      #if((_D0_INPUT_PORT_TYPE != _D0_NO_PORT) && (_D0_DDC_CHANNEL_SEL == _DDC0))
 393   2                  ucInput = _D0_INPUT_PORT;
 394   2      #elif((_D1_INPUT_PORT_TYPE != _D1_NO_PORT) && (_D1_DDC_CHANNEL_SEL == _DDC0))
                          ucInput = _D1_INPUT_PORT;
              #elif(((_D2_INPUT_PORT_TYPE != _D2_NO_PORT) && (_D2_DDC_CHANNEL_SEL == _DDC0)) ||\
                    ((_D2_INPUT_PORT_TYPE == _D2_DUAL_DVI_PORT) && (_D3_DDC_CHANNEL_SEL == _DDC0)))
                          ucInput = _D2_INPUT_PORT;
              #elif(((_D3_INPUT_PORT_TYPE != _D3_NO_PORT) && (_D3_DDC_CHANNEL_SEL == _DDC0)) ||\
                    ((_D3_INPUT_PORT_TYPE == _D3_DUAL_DVI_PORT) && (_D4_DDC_CHANNEL_SEL == _DDC0)))
                          ucInput = _D3_INPUT_PORT;
              #elif(((_D4_INPUT_PORT_TYPE != _D4_NO_PORT) && (_D4_DDC_CHANNEL_SEL == _DDC0)) ||\
                    ((_D4_INPUT_PORT_TYPE == _D4_DUAL_DVI_PORT) && (_D5_DDC_CHANNEL_SEL == _DDC0)))
                          ucInput = _D4_INPUT_PORT;
              #elif((_D5_INPUT_PORT_TYPE != _D5_NO_PORT) && (_D5_DDC_CHANNEL_SEL == _DDC0))
                          ucInput = _D5_INPUT_PORT;
              #endif
 408   2                  break;
 409   2      
 410   2              case _DDCCI_DDC1:
 411   2      #if((_D0_INPUT_PORT_TYPE != _D0_NO_PORT) && (_D0_DDC_CHANNEL_SEL == _DDC1))
                          ucInput = _D0_INPUT_PORT;
              #elif((_D1_INPUT_PORT_TYPE != _D1_NO_PORT) && (_D1_DDC_CHANNEL_SEL == _DDC1))
                          ucInput = _D1_INPUT_PORT;
              #elif(((_D2_INPUT_PORT_TYPE != _D2_NO_PORT) && (_D2_DDC_CHANNEL_SEL == _DDC1)) ||\
                    ((_D2_INPUT_PORT_TYPE == _D2_DUAL_DVI_PORT) && (_D3_DDC_CHANNEL_SEL == _DDC1)))
C51 COMPILER V9.60.0.0   SCALERMCU                                                         09/18/2026 20:38:03 PAGE 8   

                          ucInput = _D2_INPUT_PORT;
              #elif(((_D3_INPUT_PORT_TYPE != _D3_NO_PORT) && (_D3_DDC_CHANNEL_SEL == _DDC1)) ||\
                    ((_D3_INPUT_PORT_TYPE == _D3_DUAL_DVI_PORT) && (_D4_DDC_CHANNEL_SEL == _DDC1)))
                          ucInput = _D3_INPUT_PORT;
              #elif(((_D4_INPUT_PORT_TYPE != _D4_NO_PORT) && (_D4_DDC_CHANNEL_SEL == _DDC1)) ||\
                    ((_D4_INPUT_PORT_TYPE == _D4_DUAL_DVI_PORT) && (_D5_DDC_CHANNEL_SEL == _DDC1)))
                          ucInput = _D4_INPUT_PORT;
              #elif((_D5_INPUT_PORT_TYPE != _D5_NO_PORT) && (_D5_DDC_CHANNEL_SEL == _DDC1))
                          ucInput = _D5_INPUT_PORT;
              #endif
 427   2                  break;
 428   2      
 429   2              case _DDCCI_DDC2:
 430   2      #if((_D0_INPUT_PORT_TYPE != _D0_NO_PORT) && (_D0_DDC_CHANNEL_SEL == _DDC2))
                          ucInput = _D0_INPUT_PORT;
              #elif((_D1_INPUT_PORT_TYPE != _D1_NO_PORT) && (_D1_DDC_CHANNEL_SEL == _DDC2))
                          ucInput = _D1_INPUT_PORT;
              #elif(((_D2_INPUT_PORT_TYPE != _D2_NO_PORT) && (_D2_DDC_CHANNEL_SEL == _DDC2)) ||\
                    ((_D2_INPUT_PORT_TYPE == _D2_DUAL_DVI_PORT) && (_D3_DDC_CHANNEL_SEL == _DDC2)))
                          ucInput = _D2_INPUT_PORT;
              #elif(((_D3_INPUT_PORT_TYPE != _D3_NO_PORT) && (_D3_DDC_CHANNEL_SEL == _DDC2)) ||\
                    ((_D3_INPUT_PORT_TYPE == _D3_DUAL_DVI_PORT) && (_D4_DDC_CHANNEL_SEL == _DDC2)))
                          ucInput = _D3_INPUT_PORT;
              #elif(((_D4_INPUT_PORT_TYPE != _D4_NO_PORT) && (_D4_DDC_CHANNEL_SEL == _DDC2)) ||\
                    ((_D4_INPUT_PORT_TYPE == _D4_DUAL_DVI_PORT) && (_D5_DDC_CHANNEL_SEL == _DDC2)))
                          ucInput = _D4_INPUT_PORT;
              #elif((_D5_INPUT_PORT_TYPE != _D5_NO_PORT) && (_D5_DDC_CHANNEL_SEL == _DDC2))
                          ucInput = _D5_INPUT_PORT;
              #endif
 446   2                  break;
 447   2      
 448   2              case _DDCCI_DDC3:
 449   2      #if((_D0_INPUT_PORT_TYPE != _D0_NO_PORT) && (_D0_DDC_CHANNEL_SEL == _DDC3))
                          ucInput = _D0_INPUT_PORT;
              #elif((_D1_INPUT_PORT_TYPE != _D1_NO_PORT) && (_D1_DDC_CHANNEL_SEL == _DDC3))
                          ucInput = _D1_INPUT_PORT;
              #elif(((_D2_INPUT_PORT_TYPE != _D2_NO_PORT) && (_D2_DDC_CHANNEL_SEL == _DDC3)) ||\
                    ((_D2_INPUT_PORT_TYPE == _D2_DUAL_DVI_PORT) && (_D3_DDC_CHANNEL_SEL == _DDC3)))
                          ucInput = _D2_INPUT_PORT;
              #elif(((_D3_INPUT_PORT_TYPE != _D3_NO_PORT) && (_D3_DDC_CHANNEL_SEL == _DDC3)) ||\
                    ((_D3_INPUT_PORT_TYPE == _D3_DUAL_DVI_PORT) && (_D4_DDC_CHANNEL_SEL == _DDC3)))
 458   2                  ucInput = _D3_INPUT_PORT;
 459   2      #elif(((_D4_INPUT_PORT_TYPE != _D4_NO_PORT) && (_D4_DDC_CHANNEL_SEL == _DDC3)) ||\
 460   2            ((_D4_INPUT_PORT_TYPE == _D4_DUAL_DVI_PORT) && (_D5_DDC_CHANNEL_SEL == _DDC3)))
                          ucInput = _D4_INPUT_PORT;
              #elif((_D5_INPUT_PORT_TYPE != _D5_NO_PORT) && (_D5_DDC_CHANNEL_SEL == _DDC3))
                          ucInput = _D5_INPUT_PORT;
              #endif
 465   2                  break;
 466   2      
 467   2              case _DDCCI_DDC4:
 468   2      #if((_D0_INPUT_PORT_TYPE != _D0_NO_PORT) && (_D0_DDC_CHANNEL_SEL == _DDC4))
                          ucInput = _D0_INPUT_PORT;
              #elif((_D1_INPUT_PORT_TYPE != _D1_NO_PORT) && (_D1_DDC_CHANNEL_SEL == _DDC4))
                          ucInput = _D1_INPUT_PORT;
              #elif(((_D2_INPUT_PORT_TYPE != _D2_NO_PORT) && (_D2_DDC_CHANNEL_SEL == _DDC4)) ||\
                    ((_D2_INPUT_PORT_TYPE == _D2_DUAL_DVI_PORT) && (_D3_DDC_CHANNEL_SEL == _DDC4)))
                          ucInput = _D2_INPUT_PORT;
              #elif(((_D3_INPUT_PORT_TYPE != _D3_NO_PORT) && (_D3_DDC_CHANNEL_SEL == _DDC4)) ||\
                    ((_D3_INPUT_PORT_TYPE == _D3_DUAL_DVI_PORT) && (_D4_DDC_CHANNEL_SEL == _DDC4)))
                          ucInput = _D3_INPUT_PORT;
              #elif(((_D4_INPUT_PORT_TYPE != _D4_NO_PORT) && (_D4_DDC_CHANNEL_SEL == _DDC4)) ||\
C51 COMPILER V9.60.0.0   SCALERMCU                                                         09/18/2026 20:38:03 PAGE 9   

                    ((_D4_INPUT_PORT_TYPE == _D4_DUAL_DVI_PORT) && (_D5_DDC_CHANNEL_SEL == _DDC4)))
                          ucInput = _D4_INPUT_PORT;
              #elif((_D5_INPUT_PORT_TYPE != _D5_NO_PORT) && (_D5_DDC_CHANNEL_SEL == _DDC4))
                          ucInput = _D5_INPUT_PORT;
              #endif
 484   2                  break;
 485   2      
 486   2              case _DDCCI_DDC5:
 487   2      #if((_D0_INPUT_PORT_TYPE != _D0_NO_PORT) && (_D0_DDC_CHANNEL_SEL == _DDC5))
                          ucInput = _D0_INPUT_PORT;
              #elif((_D1_INPUT_PORT_TYPE != _D1_NO_PORT) && (_D1_DDC_CHANNEL_SEL == _DDC5))
                          ucInput = _D1_INPUT_PORT;
              #elif(((_D2_INPUT_PORT_TYPE != _D2_NO_PORT) && (_D2_DDC_CHANNEL_SEL == _DDC5)) ||\
                    ((_D2_INPUT_PORT_TYPE == _D2_DUAL_DVI_PORT) && (_D3_DDC_CHANNEL_SEL == _DDC5)))
                          ucInput = _D2_INPUT_PORT;
              #elif(((_D3_INPUT_PORT_TYPE != _D3_NO_PORT) && (_D3_DDC_CHANNEL_SEL == _DDC5)) ||\
                    ((_D3_INPUT_PORT_TYPE == _D3_DUAL_DVI_PORT) && (_D4_DDC_CHANNEL_SEL == _DDC5)))
                          ucInput = _D3_INPUT_PORT;
              #elif(((_D4_INPUT_PORT_TYPE != _D4_NO_PORT) && (_D4_DDC_CHANNEL_SEL == _DDC5)) ||\
                    ((_D4_INPUT_PORT_TYPE == _D4_DUAL_DVI_PORT) && (_D5_DDC_CHANNEL_SEL == _DDC5)))
                          ucInput = _D4_INPUT_PORT;
              #elif((_D5_INPUT_PORT_TYPE != _D5_NO_PORT) && (_D5_DDC_CHANNEL_SEL == _DDC5))
                          ucInput = _D5_INPUT_PORT;
              #endif
 503   2                  break;
 504   2      
 505   2              default:
 506   2                  ucInput = _NO_INPUT_PORT;
 507   2                  break;
 508   2          }
 509   1      
 510   1          return ucInput;
 511   1      }
 512          
 513          #if(_DELL_HDMI_HPD_DDC_STYLE_SUPPORT == _ON)
              //--------------------------------------------------
              // Description  : Get DDC Channel From Input Port
              // Input Value  : InputPort
              // Output Value : None
              //--------------------------------------------------
              BYTE ScalerMcuGetDdcChannelFromInputPort(BYTE ucInputPort)
              {
                  BYTE ucDdcChannel = _NO_DDC;
              
                  switch(ucInputPort)
                  {
              #if(_A0_INPUT_PORT_TYPE != _A0_NO_PORT)
                      case _A0_INPUT_PORT:
                          ucDdcChannel = _VGA_DDC;
                          break;
              #endif
              
              #if(_D0_INPUT_PORT_TYPE != _D0_NO_PORT)
                      case _D0_INPUT_PORT:
                          ucDdcChannel = _D0_DDC_CHANNEL_SEL;
                          break;
              #endif
              
              #if(_D1_INPUT_PORT_TYPE != _D1_NO_PORT)
                      case _D1_INPUT_PORT:
                          ucDdcChannel = _D1_DDC_CHANNEL_SEL;
                          break;
C51 COMPILER V9.60.0.0   SCALERMCU                                                         09/18/2026 20:38:03 PAGE 10  

              #endif
              
              #if(_D2_INPUT_PORT_TYPE != _D2_NO_PORT)
                      case _D2_INPUT_PORT:
                          ucDdcChannel = _D2_DDC_CHANNEL_SEL;
                          break;
              #endif
              
              #if(_D3_INPUT_PORT_TYPE != _D3_NO_PORT)
                      case _D3_INPUT_PORT:
                          ucDdcChannel = _D3_DDC_CHANNEL_SEL;
                          break;
              #endif
              
              #if(_D4_INPUT_PORT_TYPE != _D4_NO_PORT)
                      case _D4_INPUT_PORT:
                          ucDdcChannel = _D4_DDC_CHANNEL_SEL;
                          break;
              #endif
              
              #if(_D5_INPUT_PORT_TYPE != _D5_NO_PORT)
                      case _D5_INPUT_PORT:
                          ucDdcChannel = _D5_DDC_CHANNEL_SEL;
                          break;
              #endif
              
                      default:
                      case _NO_INPUT_PORT:
                          ucDdcChannel = _NO_DDC;
              
                          break;
                  }
              
                  return ucDdcChannel;
              }
              #endif
 577          
 578          //--------------------------------------------------
 579          // Description  : Check If DDC Ram Clock Setting Is Safe
 580          // Input Value  : Clock --> _M2PLL_CLK/_EXT_XTAL_CLK/_IOSC_CLK
 581          // Output Value : _TRUE / _FALSE
 582          //--------------------------------------------------
 583          bit ScalerMcuDdcRamClockCheckSafe(EnumClkSel enumClock, BYTE ucDiv)
 584          {
 585   1          ucDiv = ucDiv;
 586   1      
 587   1          if(enumClock == _EXT_XTAL_CLK)
 588   1          {
 589   2      #if(_DP_SUPPORT == _ON)
 590   2              if((_EXT_XTAL / ucDiv) < (_DP_AUX_IIC_SCL_CLK_KHZ * (_DP_AUX_VALID_COUNT + 5)))
 591   2              {
 592   3                  return _FALSE;
 593   3              }
 594   2      #endif
 595   2          }
 596   1      
 597   1          return _TRUE;
 598   1      }
 599          
 600          //--------------------------------------------------
 601          // Description  : Both MCU/Flash clock switching and setting
 602          // Input Value  : Clock --> _M2PLL_CLK/_EXT_XTAL_CLK/_IOSC_CLK
C51 COMPILER V9.60.0.0   SCALERMCU                                                         09/18/2026 20:38:03 PAGE 11  

 603          // Output Value : None
 604          //--------------------------------------------------
 605          void ScalerMcuFlashClockGroupSetting(EnumClkSel enumClock)
 606          {
 607   1          bit bXtalClkSwitch = _FALSE;
 608   1      
 609   1          if(enumClock == _M2PLL_CLK)
 610   1          {
 611   2              if(ScalerMcuDdcRamClockCheckSafe(GET_REG_MCU_CLK_SEL(), _FLASH_CLK_DIV) == _FALSE)
 612   2              {
 613   3                  ScalerGlobalCrystalClkSel(_IOSC_CLK);
 614   3      
 615   3                  bXtalClkSwitch = _TRUE;
 616   3              }
 617   2      
 618   2              // Both Mcu/Flash first stage divider
 619   2              MCU_FFED_MCU_CONTROL = ((_FLASH_CLK_DIV & 0x0F) << 2) | (MCU_FFED_MCU_CONTROL & 0xC3);
 620   2      
 621   2              // Flash second stage divider
 622   2              MCU_FFE9_MCU_CLK_CONTROL_1 = (_FLASH_2_CLK_DIV & 0x0F) | (MCU_FFE9_MCU_CLK_CONTROL_1 & 0xF0);
 623   2      
 624   2              // Mcu second stage divider
 625   2              MCU_FFEE_MCU_CLOCK_CONTROL = ((_MCU_CLK_DIV & 0x0F) << 2) | (MCU_FFEE_MCU_CLOCK_CONTROL & 0xC3);
 626   2      
 627   2              // Bit1 : 1 --> CPU CLK Source Select to M2PLL
 628   2              MCU_FFED_MCU_CONTROL |= _BIT1;
 629   2      
 630   2              if(bXtalClkSwitch == _TRUE)
 631   2              {
 632   3                  ScalerGlobalCrystalClkSel(_EXT_XTAL_CLK);
 633   3              }
 634   2          }
 635   1          else if(enumClock == _IOSC_CLK)
 636   1          {
 637   2              // Bit1 : 0 --> CPU CLK Source Select to xtal
 638   2              MCU_FFED_MCU_CONTROL &= ~_BIT1;
 639   2      
 640   2              // Both Mcu/Flash first stage divider
 641   2              MCU_FFED_MCU_CONTROL = ((_FLASH_CLK_PS_DIV & 0x0F) << 2) | (MCU_FFED_MCU_CONTROL & 0xC3);
 642   2      
 643   2              // Flash second stage divider
 644   2              MCU_FFE9_MCU_CLK_CONTROL_1 = (_FLASH_2_CLK_PS_DIV & 0x0F) | (MCU_FFE9_MCU_CLK_CONTROL_1 & 0xF0);
 645   2      
 646   2              // Mcu second stage divider
 647   2              MCU_FFEE_MCU_CLOCK_CONTROL = ((_MCU_CLK_PS_DIV & 0x0F) << 2) | (MCU_FFEE_MCU_CLOCK_CONTROL & 0xC3)
             -;
 648   2          }
 649   1          else if(enumClock == _EXT_XTAL_CLK)
 650   1          {
 651   2              if(ScalerMcuDdcRamClockCheckSafe(GET_REG_XTAL_CLK_SEL(), GET_REG_MCU_CLK_DIV_STAGE_1ST()) == _FALS
             -E)
 652   2              {
 653   3                  ScalerGlobalCrystalClkSel(_IOSC_CLK);
 654   3      
 655   3                  bXtalClkSwitch = _TRUE;
 656   3              }
 657   2      
 658   2              // Bit1 : 0 --> CPU CLK Source Select to xtal
 659   2              MCU_FFED_MCU_CONTROL &= ~_BIT1;
 660   2      
 661   2              // Both Mcu/Flash first stage divider
 662   2              MCU_FFED_MCU_CONTROL = ((_FLASH_CLK_IN_DIV & 0x0F) << 2) | (MCU_FFED_MCU_CONTROL & 0xC3);
C51 COMPILER V9.60.0.0   SCALERMCU                                                         09/18/2026 20:38:03 PAGE 12  

 663   2      
 664   2              // Flash second stage divider
 665   2              MCU_FFE9_MCU_CLK_CONTROL_1 = (_FLASH_2_CLK_IN_DIV & 0x0F) | (MCU_FFE9_MCU_CLK_CONTROL_1 & 0xF0);
 666   2      
 667   2              // Mcu second stage divider
 668   2              MCU_FFEE_MCU_CLOCK_CONTROL = ((_MCU_CLK_IN_DIV & 0x0F) << 2) | (MCU_FFEE_MCU_CLOCK_CONTROL & 0xC3)
             -;
 669   2      
 670   2              if(bXtalClkSwitch == _TRUE)
 671   2              {
 672   3                  ScalerGlobalCrystalClkSel(_EXT_XTAL_CLK);
 673   3              }
 674   2          }
 675   1      }
 676          
 677          //--------------------------------------------------
 678          // Description  : Low Power Consumption Setting For Mcu Module.
 679          // Input Value  : enumPowAction
 680          // Output Value : None
 681          //--------------------------------------------------
 682          void ScalerMcuPwmControl(EnumPowerStatus enumPowStatus)
 683          {
 684   1          BYTE ucTempPwmOut = 0x00;
 685   1          BYTE ucTempPwmClock = 0x00;
 686   1      
 687   1          if(enumPowStatus == _POWER_STATUS_NORMAL)
 688   1          {
 689   2              // PWM output clock stop disable
 690   2              ucTempPwmClock = MCU_FFF2_PWM_I2C_CLOCK_STOP;
 691   2              ucTempPwmClock |= (_BIT5 | _BIT4 | _BIT3 | _BIT2 | _BIT1 | _BIT0);
 692   2              ucTempPwmClock &= ~(((BYTE)_PWM5_EN << 5) | ((BYTE)_PWM4_EN << 4) | ((BYTE)_PWM3_EN << 3) | ((BYTE
             -)_PWM2_EN << 2) | ((BYTE)_PWM1_EN << 1) | ((BYTE)_PWM0_EN));
 693   2              MCU_FFF2_PWM_I2C_CLOCK_STOP = ucTempPwmClock;
 694   2      
 695   2              // PWM Output Enable
 696   2              ucTempPwmOut = MCU_FF48_PWM_EN;
 697   2              ucTempPwmOut &= ~(_BIT5 | _BIT4 | _BIT3 | _BIT2 | _BIT1 | _BIT0);
 698   2              ucTempPwmOut |= (((BYTE)_PWM5_EN << 5) | ((BYTE)_PWM4_EN << 4) | ((BYTE)_PWM3_EN << 3) | ((BYTE)_P
             -WM2_EN << 2) | ((BYTE)_PWM1_EN << 1) | ((BYTE)_PWM0_EN));
 699   2              MCU_FF48_PWM_EN = ucTempPwmOut;
 700   2      
 701   2      #if(_PWM_RST_SIGNAL_SEL == _TCON)
                      // Enable TCON
                      ScalerTconEnable(_ON);
              
                      // Enable PWM reset by TCON
                      MCU_FF47_PWM_VS_CTRL |= _BIT6;
              #endif
 708   2          }
 709   1          else if(enumPowStatus == _POWER_STATUS_SAVING)
 710   1          {
 711   2              // PWM Output Enable
 712   2              ucTempPwmOut = MCU_FF48_PWM_EN;
 713   2              ucTempPwmOut &= ~(_BIT5 | _BIT4 | _BIT3 | _BIT2 | _BIT1 | _BIT0);
 714   2              ucTempPwmOut |= (((BYTE)_PWM5_PSAV_EN << 5) | ((BYTE)_PWM4_PSAV_EN << 4) | ((BYTE)_PWM3_PSAV_EN <<
             - 3) | ((BYTE)_PWM2_PSAV_EN << 2) | ((BYTE)_PWM1_PSAV_EN << 1) | ((BYTE)_PWM0_PSAV_EN));
 715   2              MCU_FF48_PWM_EN = ucTempPwmOut;
 716   2      
 717   2              // PWM output clock stop disable
 718   2              ucTempPwmClock = MCU_FFF2_PWM_I2C_CLOCK_STOP;
 719   2              ucTempPwmClock |= (_BIT5 | _BIT4 | _BIT3 | _BIT2 | _BIT1 | _BIT0);
 720   2              ucTempPwmClock &= ~(((BYTE)_PWM5_PSAV_EN << 5) | ((BYTE)_PWM4_PSAV_EN << 4) | ((BYTE)_PWM3_PSAV_EN
C51 COMPILER V9.60.0.0   SCALERMCU                                                         09/18/2026 20:38:03 PAGE 13  

             - << 3) |
 721   2                                  ((BYTE)_PWM2_PSAV_EN << 2) | ((BYTE)_PWM1_PSAV_EN << 1) | ((BYTE)_PWM0_PSAV_EN
             -));
 722   2              MCU_FFF2_PWM_I2C_CLOCK_STOP = ucTempPwmClock;
 723   2          }
 724   1          else if(enumPowStatus == _POWER_STATUS_OFF)
 725   1          {
 726   2              // PWM Output Disable when Power Down(or enable by define)
 727   2              ucTempPwmOut = MCU_FF48_PWM_EN;
 728   2              ucTempPwmOut &= ~(_BIT5 | _BIT4 | _BIT3 | _BIT2 | _BIT1 | _BIT0);
 729   2              ucTempPwmOut |= (((BYTE)_PWM5_PDOW_EN << 5) | ((BYTE)_PWM4_PDOW_EN << 4) | ((BYTE)_PWM3_PDOW_EN <<
             - 3) | ((BYTE)_PWM2_PDOW_EN << 2) | ((BYTE)_PWM1_PDOW_EN << 1) | ((BYTE)_PWM0_PDOW_EN));
 730   2              MCU_FF48_PWM_EN = ucTempPwmOut;
 731   2      
 732   2              // PWM Output Clock Stop Enable when Power Down(or enable by define)
 733   2              ucTempPwmClock = MCU_FFF2_PWM_I2C_CLOCK_STOP;
 734   2              ucTempPwmClock |= (_BIT5 | _BIT4 | _BIT3 | _BIT2 | _BIT1 | _BIT0);
 735   2              ucTempPwmClock &= ~(((BYTE)_PWM5_PDOW_EN << 5) | ((BYTE)_PWM4_PDOW_EN << 4) | ((BYTE)_PWM3_PDOW_EN
             - << 3) |
 736   2                                  ((BYTE)_PWM2_PDOW_EN << 2) | ((BYTE)_PWM1_PDOW_EN << 1) | ((BYTE)_PWM0_PDOW_EN
             -));
 737   2              MCU_FFF2_PWM_I2C_CLOCK_STOP = ucTempPwmClock;
 738   2          }
 739   1          else
 740   1          {
 741   2              // PWM Output Disable
 742   2              MCU_FF48_PWM_EN &= ~(_BIT5 | _BIT4 | _BIT3 | _BIT2 | _BIT1 | _BIT0);
 743   2      
 744   2              // PWM Output Clock Stop Enable
 745   2              MCU_FFF2_PWM_I2C_CLOCK_STOP |= (_BIT5 | _BIT4 | _BIT3 | _BIT2 | _BIT1 | _BIT0);
 746   2          }
 747   1      }
 748          
 749          #if(_STARTUP_SPEED_UP_SUPPORT == _OFF)
 750          //--------------------------------------------------
 751          // Description  : Cache Initial Settings
 752          // Input Value  : None
 753          // Output Value : None
 754          //--------------------------------------------------
 755          void ScalerMcuCacheInitial(void)
 756          {
 757   1          // Reset Cache
 758   1          MCU_FDA1_CACHE_OPTION |= _BIT0;
 759   1          MCU_FDA1_CACHE_OPTION &= ~_BIT0;
 760   1      
 761   1          // Disable Common Bank Function
 762   1          MCU_FDA1_CACHE_OPTION &= ~_BIT1;
 763   1      
 764   1          // Enable Cache
 765   1          MCU_FDA0_CACHE_FUNCTION |= _BIT0;
 766   1      }
 767          #endif
 768          
 769          #if(_D6_INPUT_PORT_TYPE != _D6_NO_PORT)
              //--------------------------------------------------
              // Description  : D0/D1 DDC RAM layout selected
              // Input Value  : enumDdcRamSel --> D0 or D1 DDCRAM; enumDdcAddr --> Point to Top or bottom address
              // Output Value : None
              //--------------------------------------------------
              void ScalerMcuDdcRamEDIDAddrSelect(EnumD0D1DDCRAMSelect enumDdcRamSel, EnumDDCAddrType enumDdcAddr)
              {
                  switch(enumDdcRamSel)
C51 COMPILER V9.60.0.0   SCALERMCU                                                         09/18/2026 20:38:03 PAGE 14  

                  {
                      case _D0_DDCRAM:
              
                          if(enumDdcAddr == _DDCRAM_TOP_ADDR)
                          {
                              MCU_FEB1_DDCRAM_ST_ADDRESS &= ~_BIT0;
                          }
                          else
                          {
                              MCU_FEB1_DDCRAM_ST_ADDRESS |= _BIT0;
                          }
              
                          break;
              
                      case _D1_DDCRAM:
              
                          if(enumDdcAddr == _DDCRAM_TOP_ADDR)
                          {
                              MCU_FEB1_DDCRAM_ST_ADDRESS &= ~_BIT1;
                          }
                          else
                          {
                              MCU_FEB1_DDCRAM_ST_ADDRESS |= _BIT1;
                          }
              
                          break;
              
                      default:
                          break;
                  }
              }
              #endif
 810          
 811          //--------------------------------------------------
 812          // Description  : Modify ISP addr
 813          // Input Value  : _ENABLE or _DISABLE
 814          // Output Value : NONE
 815          //--------------------------------------------------
 816          void ScalerMcuSetISPSlaveAddr(EnumIspSlaveAddrState enumISPStatus)
 817          {
 818   1          if(enumISPStatus == _ISP_SLAVE_ENABLE)
 819   1          {
 820   2              // Set ISP Slave Address to Right Value
 821   2              MCU_FFEC_ISP_SLAVE_ADDRESS = 0x94;
 822   2          }
 823   1          else
 824   1          {
 825   2              // Set ISP Slave Address to any Wrong Value,
 826   2              MCU_FFEC_ISP_SLAVE_ADDRESS = 0xFC;
 827   2          }
 828   1      }


MODULE INFORMATION:   STATIC OVERLAYABLE
   CODE SIZE        =    564    ----
   CONSTANT SIZE    =   ----    ----
   XDATA SIZE       =   ----       1
   PDATA SIZE       =   ----    ----
   DATA SIZE        =   ----    ----
   IDATA SIZE       =   ----    ----
   BIT SIZE         =   ----       1
END OF MODULE INFORMATION.

C51 COMPILER V9.60.0.0   SCALERMCU                                                         09/18/2026 20:38:03 PAGE 15  


C51 COMPILATION COMPLETE.  0 WARNING(S),  0 ERROR(S)
