C51 COMPILER V8.12   SCALERAUTOFUNC                                                        09/16/2026 20:27:06 PAGE 1   


C51 COMPILER V8.12, COMPILATION OF MODULE SCALERAUTOFUNC
OBJECT MODULE PLACED IN .\Output\RL6432_Project\ScalerAutoFunc.obj
COMPILER INVOKED BY: c:\Keil\C51\BIN\C51.EXE Kernel\Scaler\ScalerFunction\Code\ScalerAutoFunc.c LARGE OPTIMIZE(9,SPEED) 
                    -INCDIR(.\Output\RL6432;.\Project\Header;.\Pcb;.\Panel;.\Kernel\Device\Header;.\Kernel\Common;.\Kernel\System\Header;.\Ke
                    -rnel\Scaler\ScalerFunction\Header;.\Kernel\Scaler\ScalerCommonFunction\Header;.\Kernel\Scaler\ScalerFunction\Lib\Header;
                    -.\Kernel\Scaler\ScalerCommonFunction\Lib\Header;.\Kernel\Scaler\RL6432_Series_Scaler\Header;.\Kernel\Scaler\RL6432_Serie
                    -s_Common\Header;.\Kernel\Scaler\RL6432_Series_Scaler\Lib\Header;.\Kernel\Scaler\RL6432_Series_Common\Lib\Header;.\Kernel
                    -\User Common Function\Header;.\User\RTD Series\RTD2014Function\Header;.\User\RTD Series\RTD2014Osd\Header;.\User\RTD Fac
                    -tory\Header;.\User\None Series\NoneFunction\Header;.\User\None Series\NoneOsd\Header;.\User\None Factory\Header) DEFINE(
                    -_PROJECT=_RL6432_PROJECT,_SCALER_TYPE=_RL6432_SERIES) DEBUG OBJECTEXTEND PRINT(.\Output\RL6432_Project\ScalerAutoFunc.ls
                    -t) OBJECT(.\Output\RL6432_Project\ScalerAutoFunc.obj)

line level    source

   1          /********************************************************************************/
   2          /*   Copyright (c) 2021 Realtek Semiconductor Corp. All rights reserved.        */
   3          /*                                                                              */
   4          /*   SPDX-License-Identifier: LicenseRef-Realtek-Proprietary                    */
   5          /*                                                                              */
   6          /*   This software component is confidential and proprietary to Realtek         */
   7          /*   Semiconductor Corp. Disclosure, reproduction, redistribution, in whole     */
   8          /*   or in part, of this work and its derivatives without express permission    */
   9          /*   is prohibited.                                                             */
  10          /********************************************************************************/
  11          
  12          //----------------------------------------------------------------------------------------------------
  13          // ID Code      : ScalerAutoFunc.c No.0000
  14          // Update Note  :
  15          //----------------------------------------------------------------------------------------------------
  16          
  17          #define __SCALER_AUTOFUNC__
  18          
  19          #include "ScalerFunctionInclude.h"
  20          
  21          #if(_VGA_SUPPORT == _ON)
  22          //****************************************************************************
  23          // DEFINITIONS / MACROS
  24          //****************************************************************************
  25          #if(_YPBPR_SUPPORT == _ON)
              #define _AUTO_Y_MAX_LEVEL                        (235)
              #define _AUTO_PBPR_MAX_LEVEL                     (240)
              #define GET_TUNE_YPBPR_STATUS()                  (ScalerGetBit(P0_CF_ADC_CTL_RED, _BIT7) == _BIT7)
              #endif
  30          
  31          #define _DEFAULT_GAIN                            (0xFF)
  32          #define _DEFAULT_OFFSET                          (0x40)
  33          #define _AUTO_RGB_MAX_LEVEL                      (255)
  34          
  35          #define _ADC_MAXIMUM_TOLERANCE                   (60)
  36          #define _BLACK_LEVEL_THRESHOLD                   (32)
  37          #define _USER_ADJUST_OFFSET_RANGE                (5)
  38          
  39          #if(_PANEL_ADC_OFFSET_BIAS < 0)
              #undef _PANEL_ADC_OFFSET_BIAS
              #define _PANEL_ADC_OFFSET_BIAS                   (0)
              #elif(_PANEL_ADC_OFFSET_BIAS > _USER_ADJUST_OFFSET_RANGE)
              #undef _PANEL_ADC_OFFSET_BIAS
              #define _PANEL_ADC_OFFSET_BIAS                   (_USER_ADJUST_OFFSET_RANGE)
              #endif
  46          
  47          #define GET_AUTO_RESULT_WORD2()                  (ScalerGetWord(&g_stRegVgaAuto.uc_14_AUTO_PHASE_3))
C51 COMPILER V8.12   SCALERAUTOFUNC                                                        09/16/2026 20:27:06 PAGE 2   

  48          #define GET_AUTO_RESULT_WORD1()                  (ScalerGetWord(&g_stRegVgaAuto.uc_15_AUTO_PHASE_2))
  49          #define GET_AUTO_RESULT_WORD0()                  (ScalerGetWord(&g_stRegVgaAuto.uc_16_AUTO_PHASE_1))
  50          #define GET_AUTO_RESULT_MAX()                    (ScalerGetByte(P30_D7_VGATOP_AUTO_PHASE_0))
  51          #define GET_AUTO_RESULT_MIN()                    (GET_AUTO_RESULT_MAX() ^ 0xFF)
  52          #define GET_AUTO_ADC_GAIN()                      (ScalerGetByte((P0_C2_ADC_GAI_BLU_MSB - g_stRegVgaAuto.b2
             -_0A_0_COLOR_SEL)))
  53          #define GET_AUTO_ADC_OFFSET()                    (ScalerGetByte((P0_C5_ADC_OFF_BLU_MSB - g_stRegVgaAuto.b2
             -_0A_0_COLOR_SEL)))
  54          #define SET_AUTO_ADC_GAIN(ucValue)               (ScalerSetByte((P0_C2_ADC_GAI_BLU_MSB - g_stRegVgaAuto.b2
             -_0A_0_COLOR_SEL), (ucValue)))
  55          #define SET_AUTO_ADC_OFFSET(ucValue)             (ScalerSetByte((P0_C5_ADC_OFF_BLU_MSB - g_stRegVgaAuto.b2
             -_0A_0_COLOR_SEL), (ucValue)))
  56          #define SET_AUTO_ADC_CHANNEL(ucColor)            (g_stRegVgaAuto.b2_0A_0_COLOR_SEL = (((ucColor) == _AUTO_
             -BLUE_CHANNEL) ? 0 : (((ucColor) == _AUTO_GREEN_CHANNEL) ? 1 : 2)))
  57          #define SET_AUTO_ADC_NEXT_CHANNEL()              (g_stRegVgaAuto.b2_0A_0_COLOR_SEL = ((g_stRegVgaAuto.b2_0
             -A_0_COLOR_SEL + 1) % 3))
  58          
  59          //--------------------------------------------------
  60          // Definitions of Internal Auto Color
  61          //--------------------------------------------------
  62          #if(_ADC_SELF_CALIBRATION == _ON)
              
              #define GET_CALIBRATION_STATUS()                 (ScalerGetBit(P0_D2_ADC_GAIN_CALI, _BIT4) == _BIT4)
              
              #if((_SELF_CALIBRATION_CLK > 220) || (_SELF_CALIBRATION_CLK < 15))
              #undef _SELF_CALIBRATION_CLK
              #define _SELF_CALIBRATION_CLK                    (148) // MHz
              #endif
              
              #define _SELF_CALIBRATION_HTOTAL                 (((DWORD)_PANEL_DH_TOTAL * _SELF_CALIBRATION_CLK) / (_PAN
             -EL_PIXEL_CLOCK_KHZ / 1000)) // pixels
              #define _SELF_CALIBRATION_HFREQ                  ((WORD)((DWORD)_PANEL_PIXEL_CLOCK_KHZ * 10 / _PANEL_DH_TO
             -TAL)) // 0.1 KHz
              #endif
  74          
  75          //--------------------------------------------------
  76          // Definitions of known white area
  77          //--------------------------------------------------
  78          #ifndef _AUTO_CUSTOM_WHITE_HSTART
  79          #define _AUTO_CUSTOM_WHITE_HSTART                (ScalerVgaTopGetCaptureHDelay() + ScalerVgaTopGetCaptureH
             -StartPosition() + GET_INPUT_TIMING_HWIDTH() / 2)
  80          #endif
  81          
  82          #ifndef _AUTO_CUSTOM_WHITE_VSTART
  83          #define _AUTO_CUSTOM_WHITE_VSTART                (ScalerVgaTopGetCaptureVDelay() + ScalerVgaTopGetCaptureV
             -StartPosition() + GET_INPUT_TIMING_VHEIGHT() / 2)
  84          #endif
  85          
  86          #ifndef _AUTO_CUSTOM_WHITE_HEND
  87          #define _AUTO_CUSTOM_WHITE_HEND                  (_AUTO_CUSTOM_WHITE_HSTART + 0x0F)
  88          #endif
  89          
  90          #ifndef _AUTO_CUSTOM_WHITE_VEND
  91          #define _AUTO_CUSTOM_WHITE_VEND                  (_AUTO_CUSTOM_WHITE_VSTART + 0x0F)
  92          #endif
  93          
  94          
  95          //****************************************************************************
  96          // STRUCT / TYPE / ENUM DEFINITTIONS
  97          //****************************************************************************
  98          
  99          //--------------------------------------------------
C51 COMPILER V8.12   SCALERAUTOFUNC                                                        09/16/2026 20:27:06 PAGE 3   

 100          // Definitions of stages in auto-color process
 101          //--------------------------------------------------
 102          typedef enum
 103          {
 104              _AUTO_COLOR_TUNING = 0x00,
 105              _AUTO_COLOR_STAGE1,
 106              _AUTO_COLOR_STAGE2,
 107              _AUTO_COLOR_COMPENSTE,
 108              _AUTO_COLOR_END,
 109          } EnumAutoColorTuningStage;
 110          
 111          //--------------------------------------------------
 112          // Definitions image auto-function boundary setting
 113          //--------------------------------------------------
 114          typedef enum
 115          {
 116              _MEASURE_ACTIVE_REGION = 0x00,
 117              _MEASURE_PORCH_REGION,
 118              _MEASURE_MANUAL_REGION,
 119          } EnumMeasureBoundary;
 120          
 121          
 122          //****************************************************************************
 123          // CODE TABLES
 124          //****************************************************************************
 125          
 126          //****************************************************************************
 127          // VARIABLE DECLARATIONS
 128          //****************************************************************************
 129          
 130          //****************************************************************************
 131          // FUNCTION DECLARATIONS
 132          //****************************************************************************
 133          EnumAutoResult ScalerAutoDoWhiteBalance(EnumAutoColorType enumAutoType);
 134          EnumAutoResult ScalerAutoBalanceHandler(EnumAutoColorType enumAutoType);
 135          void ScalerAutoInitializeAutoColor(EnumAutoColorType enumAutoType);
 136          EnumAutoResult ScalerAutoUpdateAdcGain(BYTE ucGainBias, BYTE ucStepRatio);
 137          EnumAutoResult ScalerAutoUpdateAdcGainOnly(BYTE ucGainBias, BYTE ucStepRatio);
 138          EnumAutoResult ScalerAutoCompensateRGB(EnumAutoColorType enumAutoType);
 139          EnumAutoResult ScalerAutoHardwareAbl(BYTE ucTarget, BYTE ucFrameCount);
 140          BYTE ScalerAutoConvertAdcGainStep(BYTE ucGain, BYTE ucTarget, BYTE ucCurrent);
 141          EnumAutoResult ScalerAutoCompensateChannel(BYTE ucColor, EnumAutoColorType enumAutoType);
 142          EnumAutoResult ScalerAutoCompensateOffset(BYTE ucColor);
 143          void ScalerAutoSetBoundary(EnumMeasureBoundary enumBoundary);
 144          EnumAutoResult ScalerAutoCompareMeasure(EnumMeasureType enumType);
 145          EnumAutoResult ScalerAutoAccumulationMeasure(EnumMeasureType enumType, BYTE ucThreshold);
 146          EnumAutoResult ScalerAutoMainToneMeasure(BYTE ucStartLevel, BYTE *pucMainTone);
 147          void ScalerAutoGetAutoColorResult(StructAdcDataType *pstAdcData);
 148          
 149          #if(_YPBPR_SUPPORT == _ON)
              
              #if(_YPBPR_AUTO_METHOD == _YPBPR_AUTO_BY_SOURCE)
              EnumAutoResult ScalerAutoCompensateYPbPr(EnumAutoColorType enumAutoType);
              #endif
              
              #if(_YPBPR_AUTO_METHOD == _YPBPR_AUTO_BY_FORMULA)
              StructAdcDataType ScalerAutoBalanceYPbPrFromFormula(StructAdcDataType *pstAdcData);
              #endif
              
              #endif // End of #if(_YPBPR_SUPPORT == _ON)
 160          
 161          #if(_ADC_SELF_CALIBRATION == _ON)
C51 COMPILER V8.12   SCALERAUTOFUNC                                                        09/16/2026 20:27:06 PAGE 4   

              EnumAutoResult ScalerAutoUpdateAdcGainCalibrationRGB(BYTE ucGainBias, BYTE ucStepRatio);
              EnumAutoResult ScalerAutoCompensateCalibrationRGB(EnumAutoColorType enumAutoType);
              void ScalerAutoInitializeCalibration(void);
              void ScalerAutoResetCalibration(void);
              EnumAutoResult ScalerAutoAblMeasure(void);
              #endif
 168          
 169          EnumAutoResult ScalerAutoCustomUpdateAdcGain(BYTE ucGainBias, BYTE ucStepRatio);
 170          EnumAutoResult ScalerAutoCustomUpdateAdcGainChannel(BYTE ucColor, BYTE ucGainBias, BYTE ucStepRatio);
 171          
 172          //****************************************************************************
 173          // FUNCTION DEFINITIONS
 174          //****************************************************************************
 175          
 176          //--------------------------------------------------
 177          // Description  : ADC AutoWhiteBalance
 178          // Input Value  : enumAutoType -> auto color for RGB / YPbPr / Self-calibration
 179          // Output Value : _AUTO_SUCCESS or _AUTO_FAIL
 180          //--------------------------------------------------
 181          EnumAutoResult ScalerAutoDoWhiteBalance(EnumAutoColorType enumAutoType)
 182          {
 183   1          EnumAutoResult enumResult = 0;
 184   1          BYTE ucClampEnd = 0;
 185   1      
 186   1          struct StructAdcSwapStatus
 187   1          {
 188   1              BYTE b1_ADC_R_G_SWAP : 1;
 189   1              BYTE b1_ADC_R_B_SWAP : 1;
 190   1              BYTE b1_ADC_G_B_SWAP : 1;
 191   1          } stAdcSwapStatus = {0};
 192   1      
 193   1      #if(_VGA_CHROMA_PATTERN12_SUPPORT == _ON)
                  // For clamp-to-top case, do nothing.
                  if(ScalerADCGetClampToTopStatus() == _TRUE)
                  {
                      return _AUTO_SUCCESS;
                  }
              #endif
 200   1      
 201   1      #if(_VGA_ADC_SF_SHA_LPF_UNDER_25MHZ_SUPPORT == _ON)
                  // Disable SF bandwidth
                  ScalerSetBit(P0_C8_ADC_SF_CTRL, ~_BIT5, 0x00);
              #endif
 205   1      
 206   1          // Store ADC channel swapping, and clamp end
 207   1          stAdcSwapStatus.b1_ADC_R_G_SWAP = g_stRegVgaCapture.b1_06_4_ADC_R_G_SWAP;
 208   1          stAdcSwapStatus.b1_ADC_R_B_SWAP = g_stRegVgaCapture.b1_06_5_ADC_R_B_SWAP;
 209   1          stAdcSwapStatus.b1_ADC_G_B_SWAP = g_stRegVgaCapture.b1_06_6_ADC_G_B_SWAP;
 210   1          ScalerGetDataPortByte(P0_5C_SYNC_PROC_PORT_ADDR, _P0_5D_PT_01_G_CLAMP_END, 1, &ucClampEnd, _AUTOINC);
 211   1      
 212   1          // Initialization for auto-color
 213   1          ScalerAutoInitializeAutoColor(enumAutoType);
 214   1      
 215   1          // Perform auto-color process
 216   1          enumResult = ScalerAutoBalanceHandler(enumAutoType);
 217   1      
 218   1      #if(_ADC_SELF_CALIBRATION == _ON)
                  ScalerAutoResetCalibration();
              #endif
 221   1      
 222   1          // Restore ADC channel swapping
 223   1          g_stRegVgaCapture.b1_06_4_ADC_R_G_SWAP = stAdcSwapStatus.b1_ADC_R_G_SWAP;
C51 COMPILER V8.12   SCALERAUTOFUNC                                                        09/16/2026 20:27:06 PAGE 5   

 224   1          g_stRegVgaCapture.b1_06_5_ADC_R_B_SWAP = stAdcSwapStatus.b1_ADC_R_B_SWAP;
 225   1          g_stRegVgaCapture.b1_06_6_ADC_G_B_SWAP = stAdcSwapStatus.b1_ADC_G_B_SWAP;
 226   1      
 227   1          // Restore ADC clamp end; Disable clamp before adjustment
 228   1          ScalerSetBit(P0_48_SYNC_INVERT, ~_BIT2, 0x00);
 229   1          ScalerSetDataPortByte(P0_5C_SYNC_PROC_PORT_ADDR, _P0_5D_PT_01_G_CLAMP_END, ucClampEnd);
 230   1          ScalerSetBit(P0_48_SYNC_INVERT, ~_BIT2, _BIT2);
 231   1      
 232   1          return enumResult;
 233   1      }
 234          
 235          //--------------------------------------------------
 236          // Description  : ADC Auto Balance for RGB / YPbPr color spaces
 237          // Input Value  : enumAutoType: RGB / YPBPR / self-calibration
 238          // Output Value : _AUTO_SUCCESS or _AUTO_FAIL
 239          //--------------------------------------------------
 240          EnumAutoResult ScalerAutoBalanceHandler(EnumAutoColorType enumAutoType)
 241          {
 242   1          BYTE ucIndex = 0;
 243   1          BYTE ucTarget = 16;
 244   1          BYTE ucABLFrame = 2;
 245   1          BYTE ucGainBias = 5;
 246   1          BYTE ucStepRatio = 1;
 247   1          EnumAutoResult (*pucFunctionUpdateGain)(BYTE, BYTE);
 248   1          EnumAutoResult (*pucFunctionCompensate)(EnumAutoColorType);
 249   1      
 250   1          // Select functions to update gain & compensate
 251   1          switch(enumAutoType)
 252   1          {
 253   2      #if((_YPBPR_SUPPORT == _ON) && (_YPBPR_AUTO_METHOD == _YPBPR_AUTO_BY_SOURCE))
                      case _AUTO_TUNE_YPBPR:
                          pucFunctionUpdateGain = &ScalerAutoUpdateAdcGain;
                          pucFunctionCompensate = &ScalerAutoCompensateYPbPr;
                          break;
              
                      case _AUTO_TUNE_YPBPR_GAIN_ONLY:
                          pucFunctionUpdateGain = &ScalerAutoUpdateAdcGainOnly;
                          pucFunctionCompensate = &ScalerAutoCompensateYPbPr;
                          break;
              #endif
 264   2      #if(_ADC_SELF_CALIBRATION == _ON)
                      case _AUTO_CALIBRATE_RGB:
                          pucFunctionUpdateGain = &ScalerAutoUpdateAdcGainCalibrationRGB;
                          pucFunctionCompensate = &ScalerAutoCompensateCalibrationRGB;
                          break;
              #endif
 270   2      
 271   2              case _AUTO_TUNE_RGB_KNOWNWHITE:
 272   2                  pucFunctionUpdateGain = &ScalerAutoCustomUpdateAdcGain;
 273   2                  pucFunctionCompensate = &ScalerAutoCompensateRGB;
 274   2                  break;
 275   2      
 276   2              case _AUTO_TUNE_RGB:
 277   2                  pucFunctionUpdateGain = &ScalerAutoUpdateAdcGain;
 278   2                  pucFunctionCompensate = &ScalerAutoCompensateRGB;
 279   2                  break;
 280   2      
 281   2              case _AUTO_TUNE_RGB_GAIN_ONLY:
 282   2                  pucFunctionUpdateGain = &ScalerAutoUpdateAdcGainOnly;
 283   2                  pucFunctionCompensate = &ScalerAutoCompensateRGB;
 284   2                  break;
 285   2      
C51 COMPILER V8.12   SCALERAUTOFUNC                                                        09/16/2026 20:27:06 PAGE 6   

 286   2              default:
 287   2                  return _AUTO_FAIL;
 288   2          }
 289   1      
 290   1          for(ucIndex = 0; ucIndex < _AUTO_COLOR_END; ++ucIndex)
 291   1          {
 292   2              if((enumAutoType != _AUTO_TUNE_RGB_GAIN_ONLY) &&
 293   2                 (enumAutoType != _AUTO_TUNE_YPBPR_GAIN_ONLY))
 294   2              {
 295   3                  // Adjust offset by ABL
 296   3                  if(ScalerAutoHardwareAbl(ucTarget, ucABLFrame) == _AUTO_FAIL)
 297   3                  {
 298   4                      return _AUTO_FAIL;
 299   4                  }
 300   3              }
 301   2      
 302   2              // Adjust gain by auto-function
 303   2              if(pucFunctionUpdateGain(ucGainBias, ucStepRatio) == _AUTO_FAIL)
 304   2              {
 305   3                  return _AUTO_FAIL;
 306   3              }
 307   2      
 308   2              // Auto-tuning process control
 309   2              switch(ucIndex)
 310   2              {
 311   3                  case _AUTO_COLOR_TUNING:
 312   3                      if(enumAutoType != _AUTO_TUNE_YPBPR)
 313   3                      {
 314   4                          ucTarget = 4;
 315   4                      }
 316   3                      ucGainBias = 3;
 317   3                      ucABLFrame = ((enumAutoType == _AUTO_CALIBRATE_RGB) ? 2 : 1);
 318   3                      break;
 319   3      
 320   3                  case _AUTO_COLOR_STAGE1:
 321   3                  case _AUTO_COLOR_STAGE2:
 322   3                      // Do nothing
 323   3                      break;
 324   3      
 325   3                  case _AUTO_COLOR_COMPENSTE:
 326   3                  default:
 327   3                      if(pucFunctionCompensate(enumAutoType) == _AUTO_FAIL)
 328   3                      {
 329   4                          return _AUTO_FAIL;
 330   4                      }
 331   3                      break;
 332   3              }
 333   2          }
 334   1      
 335   1          return _AUTO_SUCCESS;
 336   1      }
 337          
 338          //--------------------------------------------------
 339          // Description  : Initialization for auto-color process
 340          // Input Value  : enumAutoType: initialize type for auto-color
 341          // Output Value : none
 342          //--------------------------------------------------
 343          void ScalerAutoInitializeAutoColor(EnumAutoColorType enumAutoType)
 344          {
 345   1          BYTE ucClampEnd = 0;
 346   1      
 347   1      #if(_ADC_SELF_CALIBRATION == _ON)
C51 COMPILER V8.12   SCALERAUTOFUNC                                                        09/16/2026 20:27:06 PAGE 7   

                  if(enumAutoType == _AUTO_CALIBRATE_RGB)
                  {
                      // Enable calibration related setting
                      ScalerAutoInitializeCalibration();
                  }
                  else
                  {
                      // Disable calibration voltage
                      ScalerAutoResetCalibration();
                  }
              #endif
 359   1      
 360   1          // Enlarge clamp end
 361   1          PDATA_WORD(0) = (WORD)((DWORD)GET_INPUT_TIMING_HTOTAL() * GET_INPUT_TIMING_HSYNCWIDTH() / GET_SYNC_H_P
             -ERIOD());
 362   1          PDATA_WORD(1) = PDATA_WORD(0); // Record H-Sync Pulse Width
 363   1          PDATA_WORD(0) = ((GET_VGA_MODE_HSTART() - PDATA_WORD(0)) >> 1);
 364   1          ucClampEnd = ((PDATA_WORD(0) > 128) ? 128 : pData[1]);
 365   1          ScalerSetDataPortByte(P0_5C_SYNC_PROC_PORT_ADDR, _P0_5D_PT_01_G_CLAMP_END, ucClampEnd);
 366   1      
 367   1          // Load default ADC gain
 368   1          ScalerSetByte(P0_C0_ADC_GAI_RED_MSB, _DEFAULT_GAIN);
 369   1          ScalerSetByte(P0_C1_ADC_GAI_GRN_MSB, _DEFAULT_GAIN);
 370   1          ScalerSetByte(P0_C2_ADC_GAI_BLU_MSB, _DEFAULT_GAIN);
 371   1          ScalerSetBit(P0_BE_ADC_GAI_LSB, ~(_BIT5 | _BIT4 | _BIT3 | _BIT2 | _BIT1 | _BIT0), 0x00);
 372   1      
 373   1          // Load default ADC offset
 374   1          if((enumAutoType != _AUTO_TUNE_RGB_GAIN_ONLY) && (enumAutoType != _AUTO_TUNE_YPBPR_GAIN_ONLY))
 375   1          {
 376   2              ScalerSetByte(P0_C3_ADC_OFF_RED_MSB, _DEFAULT_OFFSET);
 377   2              ScalerSetByte(P0_C4_ADC_OFF_GRN_MSB, _DEFAULT_OFFSET);
 378   2              ScalerSetByte(P0_C5_ADC_OFF_BLU_MSB, _DEFAULT_OFFSET);
 379   2              ScalerSetBit(P0_BF_ADC_OFF_LSB, ~(_BIT5 | _BIT4 | _BIT3 | _BIT2 | _BIT1 | _BIT0), 0x00);
 380   2              ScalerSetBit(P0_D3_ADC_OFF_LSB2, ~(_BIT2 | _BIT1 | _BIT0), 0x00);
 381   2          }
 382   1      
 383   1          ScalerVgaTopWaitForEvent(_EVENT_VGA_IVS);
 384   1          ScalerVgaTopWaitForEvent(_EVENT_VGA_IVS);
 385   1      
 386   1          // Disable ADC channel swapping
 387   1          g_stRegVgaCapture.b1_06_4_ADC_R_G_SWAP = _FALSE;
 388   1          g_stRegVgaCapture.b1_06_5_ADC_R_B_SWAP = _FALSE;
 389   1          g_stRegVgaCapture.b1_06_6_ADC_G_B_SWAP = _FALSE;
 390   1      
 391   1          // Set ABL vertical start; Average 4 lines
 392   1          pData[0] = ((GET_VGA_MODE_VSTART() / 2) > 8) ? 8 : ((GET_VGA_MODE_VSTART() / 2) + 1);
 393   1          ScalerSetBit(P0_E3_AUTO_BLACK_LEVEL_CTRL2, ~(_BIT7 | _BIT6 | _BIT5 | _BIT4 | _BIT3 | _BIT2 | _BIT1 | _
             -BIT0), (_BIT5 | (pData[0] & 0x1F)));
 394   1      
 395   1          // Select RGB or YPbPr mode; Off-line ABL; 64-pixels in each line; Clear status;
 396   1          ScalerSetBit(P0_E2_AUTO_BLACK_LEVEL_CTRL1, ~(_BIT7 | _BIT6 | _BIT5 | _BIT4 | _BIT3 | _BIT2 | _BIT1), (
             -(enumAutoType == _AUTO_TUNE_YPBPR) ? (_BIT7 | _BIT5) : (_BIT5)));
 397   1      
 398   1          // ABL starts at 4 pixels after the reference signal in each line
 399   1          ScalerSetByte(P0_E6_AUTO_BLACK_LEVEL_CTRL5, (PDATA_WORD(1) + ucClampEnd + 4));
 400   1          ScalerSetBit(P0_EF_AUTO_BLACK_LEVEL_CTRL8, ~(_BIT7 | _BIT3 | _BIT2 | _BIT1 | _BIT0), 0x00); // EQ cond
             -ition old mode
 401   1      
 402   1          // ABL old mode
 403   1          ScalerSetBit(P0_EC_AUTO_BLACK_LEVEL_R_NOISE_VALUE, ~(_BIT7 | _BIT6 | _BIT5 | _BIT4), 0x00);
 404   1      
 405   1          // Trigger status after max frame reached; Average value; HS trailing edge; EQ_MGN(0~3) = 0
C51 COMPILER V8.12   SCALERAUTOFUNC                                                        09/16/2026 20:27:06 PAGE 8   

 406   1          ScalerSetBit(P0_E8_AUTO_BLACK_LEVEL_CTRL7, ~(_BIT6 | _BIT5 | _BIT2 | _BIT1 | _BIT0), _BIT2);
 407   1      
 408   1          // Max frame/field count = 7; H width x1;
 409   1          ScalerSetBit(P0_E7_AUTO_BLACK_LEVEL_CTRL6, ~(_BIT5 | _BIT4 | _BIT3), (_BIT5 | _BIT4));
 410   1      }
 411          
 412          //--------------------------------------------------
 413          // Description  : Update ADC gain for RGB / YPbPr color space
 414          // Input Value  : ucGainBias: bias for RGB max level
 415          // Output Value : _AUTO_SUCCESS or _AUTO_FAIL
 416          //--------------------------------------------------
 417          EnumAutoResult ScalerAutoUpdateAdcGain(BYTE ucGainBias, BYTE ucStepRatio)
 418          {
 419   1          BYTE ucGain = 0;
 420   1          BYTE ucMax = 0;
 421   1          BYTE ucIndex = 0;
 422   1      
 423   1          // Set to R channel for auto-balance new mode
 424   1          SET_AUTO_ADC_CHANNEL(_AUTO_RED_CHANNEL);
 425   1      
 426   1          // Enable image auto-balance new mode
 427   1          g_stRegVgaAuto.b1_06_0_NEW_RESULT_MODE = _TRUE;
 428   1      
 429   1          // Enable 121-LPF
 430   1          g_stRegVgaAuto.b1_0A_5_FILTER_SEL = _TRUE;
 431   1      
 432   1          if(ScalerAutoCompareMeasure(_MEASURE_MAX) == _AUTO_FAIL)
 433   1          {
 434   2              g_stRegVgaAuto.b1_06_0_NEW_RESULT_MODE = _FALSE;
 435   2              return _AUTO_FAIL;
 436   2          }
 437   1      
 438   1          for(ucIndex = 0; ucIndex < 3; ++ucIndex)
 439   1          {
 440   2              ucGain = ScalerGetByte(P0_C0_ADC_GAI_RED_MSB + ucIndex);
 441   2              ucMax = ScalerGetByte((&g_stRegVgaAuto.uc_14_AUTO_PHASE_3) + ucIndex);
 442   2      
 443   2      #if((_YPBPR_SUPPORT == _ON) && (_YPBPR_AUTO_METHOD == _YPBPR_AUTO_BY_SOURCE))
                      if(GET_TUNE_YPBPR_STATUS() == _TRUE)
                      {
                          if(ucIndex == 1)
                          {
                              pData[0] = _AUTO_Y_MAX_LEVEL - ucGainBias; // Y max level
                          }
                          else
                          {
                              pData[0] = _AUTO_PBPR_MAX_LEVEL - ucGainBias; // Pb/Pr max level
                          }
                      }
                      else
              #endif
 457   2              {
 458   3                  pData[0] = _AUTO_RGB_MAX_LEVEL - ucGainBias; // RGB max level
 459   3              }
 460   2      
 461   2              // Check source validity; More consider needed
 462   2              if(ucMax < _ADC_MAXIMUM_TOLERANCE)
 463   2              {
 464   3                  return _AUTO_FAIL;
 465   3              }
 466   2      
 467   2              // Update ADC gain according to max level & measured maximum
C51 COMPILER V8.12   SCALERAUTOFUNC                                                        09/16/2026 20:27:06 PAGE 9   

 468   2              if(ucMax < pData[0])
 469   2              {
 470   3                  // Calculate gain step
 471   3                  pData[1] = ScalerAutoConvertAdcGainStep(ucGain, pData[0], ucMax) / ucStepRatio;
 472   3      
 473   3      #if((_YPBPR_SUPPORT == _ON) && (_YPBPR_AUTO_METHOD == _YPBPR_AUTO_BY_SOURCE))
                          if((GET_TUNE_YPBPR_STATUS() == _TRUE) && (ucIndex != 1))
                          {
                              // Gain step = STEP(1.75) for Pb/Pr channels
                              pData[1] = (BYTE)(((WORD)pData[1] << 1) - (pData[1] >> 2));
                          }
              #endif
 480   3                  // Minimum gain step = 1
 481   3                  if(pData[1] == 0)
 482   3                  {
 483   4                      pData[1] = 1;
 484   4                  }
 485   3      
 486   3                  // Decrease gain with underflow check
 487   3                  if(ucGain >= pData[1])
 488   3                  {
 489   4                      ucGain -= pData[1];
 490   4                  }
 491   3                  else
 492   3                  {
 493   4                      ucGain = 0;
 494   4                  }
 495   3              }
 496   2              else
 497   2              {
 498   3                  // Target value exceeded. Rewind gain.
 499   3                  pData[1] = (ucMax - pData[0]);
 500   3      
 501   3                  // Increase gain with overflow check
 502   3                  if(((WORD)ucGain + pData[1]) > 0xFF)
 503   3                  {
 504   4                      ucGain = 0xFF;
 505   4                  }
 506   3                  else
 507   3                  {
 508   4                      ucGain += pData[1];
 509   4                  }
 510   3              }
 511   2      
 512   2              ScalerSetByte(P0_C0_ADC_GAI_RED_MSB + ucIndex, ucGain);
 513   2          }
 514   1      
 515   1          // Disaable image auto-balance new mode
 516   1          g_stRegVgaAuto.b1_06_0_NEW_RESULT_MODE = _FALSE;
 517   1      
 518   1          return _AUTO_SUCCESS;
 519   1      }
 520          
 521          //--------------------------------------------------
 522          // Description  : Update ADC gain only for RGB / YPbPr color space
 523          // Input Value  : ucGainBias: bias for RGB max level
 524          // Output Value : _AUTO_SUCCESS or _AUTO_FAIL
 525          //--------------------------------------------------
 526          EnumAutoResult ScalerAutoUpdateAdcGainOnly(BYTE ucGainBias, BYTE ucStepRatio)
 527          {
 528   1          ucStepRatio *= 2;
 529   1      
C51 COMPILER V8.12   SCALERAUTOFUNC                                                        09/16/2026 20:27:06 PAGE 10  

 530   1          if((ScalerAutoUpdateAdcGain(ucGainBias, ucStepRatio) == _AUTO_FAIL) ||
 531   1             (ScalerAutoUpdateAdcGain(ucGainBias, ucStepRatio) == _AUTO_FAIL))
 532   1          {
 533   2              return _AUTO_FAIL;
 534   2          }
 535   1      
 536   1          return _AUTO_SUCCESS;
 537   1      }
 538          
 539          //--------------------------------------------------
 540          // Description  : Color compensating for RGB channels
 541          // Input Value  : enumAutoType -> auto-color type
 542          // Output Value : _AUTO_SUCCESS or _AUTO_FAIL
 543          //--------------------------------------------------
 544          EnumAutoResult ScalerAutoCompensateRGB(EnumAutoColorType enumAutoType)
 545          {
 546   1          if(ScalerAutoCompensateChannel(_AUTO_RED_CHANNEL, enumAutoType) == _AUTO_SUCCESS)
 547   1          {
 548   2              if(ScalerAutoCompensateChannel(_AUTO_GREEN_CHANNEL, enumAutoType) == _AUTO_SUCCESS)
 549   2              {
 550   3                  if(ScalerAutoCompensateChannel(_AUTO_BLUE_CHANNEL, enumAutoType) == _AUTO_SUCCESS)
 551   3                  {
 552   4                      return _AUTO_SUCCESS;
 553   4                  }
 554   3              }
 555   2          }
 556   1      
 557   1          return _AUTO_FAIL;
 558   1      }
 559          
 560          //--------------------------------------------------
 561          // Description  : Use ABL function to measure 256 pixels in the porch region and adjust offset accordingly
 562          // Input Value  : ucTarget -> target value for ABL (1~16)
 563          //                ucFrameCount -> total frame for ABL excution (1~7)
 564          // Output Value : _AUTO_SUCCESS or _AUTO_FAIL
 565          //--------------------------------------------------
 566          EnumAutoResult ScalerAutoHardwareAbl(BYTE ucTarget, BYTE ucFrameCount)
 567          {
 568   1          // Disable ABL
 569   1          ScalerSetBit(P0_E2_AUTO_BLACK_LEVEL_CTRL1, ~_BIT0, 0x00);
 570   1      
 571   1          // Set target value
 572   1          ScalerSetBit(P0_E4_AUTO_BLACK_LEVEL_CTRL3, ~(_BIT7 | _BIT6 | _BIT5 | _BIT4), ((ucTarget - 1) << 4));
 573   1      
 574   1          // Reset ABL flag
 575   1          ScalerSetBit(P0_E2_AUTO_BLACK_LEVEL_CTRL1, ~(_BIT3 | _BIT2 | _BIT1), (_BIT3 | _BIT2 | _BIT1));
 576   1      
 577   1          // Start ABL
 578   1          ScalerSetBit(P0_E2_AUTO_BLACK_LEVEL_CTRL1, ~_BIT0, _BIT0);
 579   1      
 580   1          // For frame count = 0, wait 1 IVS
 581   1          if(ucFrameCount == 0x00)
 582   1          {
 583   2              ScalerVgaTopWaitForEvent(_EVENT_VGA_IVS);
 584   2          }
 585   1      
 586   1          // Wait until target frame count reached
 587   1          pData[0] = 0; // Valid frame counter
 588   1          pData[1] = 0; // Total frame counter
 589   1          while(pData[0] < ucFrameCount)
 590   1          {
 591   2              if((ScalerVgaTopWaitForEvent(_EVENT_VGA_IVS) == _FALSE) || ((++pData[1]) > 8))
C51 COMPILER V8.12   SCALERAUTOFUNC                                                        09/16/2026 20:27:06 PAGE 11  

 592   2              {
 593   3                  return _AUTO_FAIL;
 594   3              }
 595   2      
 596   2              // Check target value status
 597   2              if((ScalerGetBit(P0_E2_AUTO_BLACK_LEVEL_CTRL1, (_BIT3 | _BIT2 | _BIT1)) == (_BIT3 | _BIT2 | _BIT1)
             -) ||
 598   2                 (ScalerGetBit(P0_E2_AUTO_BLACK_LEVEL_CTRL1, _BIT0) == 0x00))
 599   2              {
 600   3                  break;
 601   3              }
 602   2      
 603   2              // Check black level saturation
 604   2              if((ScalerGetByte(P0_E9_AUTO_BLACK_LEVEL_RED_VALUE) == 0x00) || (ScalerGetByte(P0_EA_AUTO_BLACK_LE
             -VEL_GREEN_VALUE) == 0x00) || (ScalerGetByte(P0_EB_AUTO_BLACK_LEVEL_BLUE_VALUE) == 0x00))
 605   2              {
 606   3                  continue;
 607   3              }
 608   2              else
 609   2              {
 610   3                  ++pData[0];
 611   3              }
 612   2          }
 613   1      
 614   1          // Wait additional 0.5 frame (for 60Hz)
 615   1          ScalerTimerDelayXms(9);
 616   1      
 617   1          // Stop ABL
 618   1          ScalerSetBit(P0_E2_AUTO_BLACK_LEVEL_CTRL1, ~_BIT0, 0x00);
 619   1      
 620   1          // Wait until ABL stop
 621   1          ScalerVgaTopWaitForEvent(_EVENT_VGA_IVS);
 622   1      
 623   1          // Reset ADC offset LSB
 624   1          ScalerSetBit(P0_BF_ADC_OFF_LSB, ~(_BIT5 | _BIT4 | _BIT3 | _BIT2 | _BIT1 | _BIT0), 0x00);
 625   1      
 626   1          // Further offset adjustment is needed only for RGB
 627   1      #if((_YPBPR_SUPPORT == _ON) && (_YPBPR_AUTO_METHOD == _YPBPR_AUTO_BY_SOURCE))
                  if(GET_TUNE_YPBPR_STATUS() == _FALSE)
              #endif
 630   1          {
 631   2              --ucTarget;
 632   2              ScalerSetByte(P0_C3_ADC_OFF_RED_MSB, (ScalerGetByte(P0_C3_ADC_OFF_RED_MSB) + ucTarget));
 633   2              ScalerSetByte(P0_C5_ADC_OFF_BLU_MSB, (ScalerGetByte(P0_C5_ADC_OFF_BLU_MSB) + ucTarget));
 634   2              ScalerSetByte(P0_C4_ADC_OFF_GRN_MSB, (ScalerGetByte(P0_C4_ADC_OFF_GRN_MSB) + ucTarget));
 635   2          }
 636   1      
 637   1          return _AUTO_SUCCESS;
 638   1      }
 639          
 640          //--------------------------------------------------
 641          // Description  : Calculate ADC gain/offset according to SHA gain
 642          // Input Value  : ucGain    -> ADC gain value
 643          //                ucTarget  -> target level
 644          //                ucCurrent -> measured current status
 645          // Output Value : converted gain step
 646          //--------------------------------------------------
 647          BYTE ScalerAutoConvertAdcGainStep(BYTE ucGain, BYTE ucTarget, BYTE ucCurrent)
 648          {
 649   1          BYTE ucResult = 0;
 650   1      
 651   1          if(ucTarget > ucCurrent)
C51 COMPILER V8.12   SCALERAUTOFUNC                                                        09/16/2026 20:27:06 PAGE 12  

 652   1          {
 653   2              ucResult = (BYTE)(((DWORD)(ucTarget - ucCurrent) * ((WORD)ucGain + 252)) / ucTarget);
 654   2          }
 655   1      
 656   1          return ucResult;
 657   1      }
 658          
 659          //--------------------------------------------------
 660          // Description  : Color compensation for a particular ADC channel
 661          // Input Value  : ucColor -> select a color channel
 662          //                enumAutoType -> auto-color type
 663          // Output Value : _AUTO_SUCCESS or _AUTO_FAIL
 664          //--------------------------------------------------
 665          EnumAutoResult ScalerAutoCompensateChannel(BYTE ucColor, EnumAutoColorType enumAutoType)
 666          {
 667   1          BYTE ucMainTone = 0;
 668   1          BYTE ucGain = 0;
 669   1      
 670   1          // Set channel for image auto-function
 671   1          SET_AUTO_ADC_CHANNEL(ucColor);
 672   1          ucGain = GET_AUTO_ADC_GAIN();
 673   1      
 674   1          // Measure main-tone for max
 675   1          if(ScalerAutoMainToneMeasure(255, &ucMainTone) == _AUTO_FAIL)
 676   1          {
 677   2              return _AUTO_FAIL;
 678   2          }
 679   1      
 680   1          if(enumAutoType == _AUTO_TUNE_RGB_GAIN_ONLY)
 681   1          {
 682   2              // Measure the average min value
 683   2              if(ScalerAutoAccumulationMeasure(_MEASURE_RGB_MIN, 0) == _AUTO_FAIL)
 684   2              {
 685   3                  return _AUTO_FAIL;
 686   3              }
 687   2          }
 688   1          else
 689   1          {
 690   2              // Compensate offset
 691   2              if(ScalerAutoCompensateOffset(ucColor) == _AUTO_FAIL)
 692   2              {
 693   3                  return _AUTO_FAIL;
 694   3              }
 695   2          }
 696   1      
 697   1          // Update gain from swing = main-tone for max - average min
 698   1          pData[0] = ScalerAutoConvertAdcGainStep(ucGain, 255, HIBYTE(((WORD)ucMainTone << 8) - GET_AUTO_RESULT_
             -WORD0()));
 699   1      
 700   1          // Decrease gain with underflow check
 701   1          if(ucGain >= pData[0])
 702   1          {
 703   2              ucGain -= pData[0];
 704   2          }
 705   1          else
 706   1          {
 707   2              ucGain = 0;
 708   2          }
 709   1          SET_AUTO_ADC_GAIN(ucGain);
 710   1      
 711   1          if(enumAutoType != _AUTO_TUNE_RGB_GAIN_ONLY)
 712   1          {
C51 COMPILER V8.12   SCALERAUTOFUNC                                                        09/16/2026 20:27:06 PAGE 13  

 713   2              // Double-check for offset
 714   2              if(ScalerAutoCompensateOffset(ucColor) == _AUTO_FAIL)
 715   2              {
 716   3                  return _AUTO_FAIL;
 717   3              }
 718   2      
 719   2              // Set gain bias level from current black level
 720   2              pData[9] = (GET_AUTO_RESULT_WORD0() > (WORD)_BLACK_LEVEL_THRESHOLD) + _PANEL_ADC_OFFSET_BIAS;
 721   2      
 722   2              // Adjust ADC offset by panel defined bias
 723   2              // Increase offset with overflow check
 724   2      #if(_PANEL_ADC_OFFSET_BIAS != 0)
                      if((WORD)GET_AUTO_ADC_OFFSET() + _PANEL_ADC_OFFSET_BIAS > 0xFF)
                      {
                          SET_AUTO_ADC_OFFSET(0xFF);
                      }
                      else
                      {
                          SET_AUTO_ADC_OFFSET(GET_AUTO_ADC_OFFSET() + _PANEL_ADC_OFFSET_BIAS);
                      }
              #endif
 734   2      
 735   2              // Adjust ADC gain by calculated bias
 736   2              pData[9] = ScalerAutoConvertAdcGainStep(ucGain, 255, (255 - pData[9]));
 737   2      
 738   2              // Decrease gain with underflow check
 739   2              if(ucGain >= pData[9])
 740   2              {
 741   3                  SET_AUTO_ADC_GAIN(ucGain - pData[9]);
 742   3              }
 743   2              else
 744   2              {
 745   3                  SET_AUTO_ADC_GAIN(0);
 746   3              }
 747   2          }
 748   1      
 749   1          return _AUTO_SUCCESS;
 750   1      }
 751          
 752          //--------------------------------------------------
 753          // Description  : Compensation for 0-level
 754          // Input Value  : ucColor: select a color channel
 755          // Output Value : _AUTO_SUCCESS or _AUTO_FAIL
 756          //--------------------------------------------------
 757          EnumAutoResult ScalerAutoCompensateOffset(BYTE ucColor)
 758          {
 759   1          BYTE ucOffset = 0;
 760   1          WORD usResult = 0;
 761   1      
 762   1          SET_AUTO_ADC_CHANNEL(ucColor);
 763   1          ucOffset = GET_AUTO_ADC_OFFSET();
 764   1      
 765   1          // Measure the average min value
 766   1          if(ScalerAutoAccumulationMeasure(_MEASURE_RGB_MIN, 0) == _AUTO_FAIL)
 767   1          {
 768   2              return _AUTO_FAIL;
 769   2          }
 770   1          usResult = GET_AUTO_RESULT_WORD0();
 771   1      
 772   1          if(HIBYTE(usResult) > 0)
 773   1          {
 774   2              // Increase offset by (minimum - 1)
C51 COMPILER V8.12   SCALERAUTOFUNC                                                        09/16/2026 20:27:06 PAGE 14  

 775   2              pData[0] = ((HIBYTE(usResult) == 1) ? 1 : (HIBYTE(usResult) - 1));
 776   2          }
 777   1          else if(usResult > (WORD)_BLACK_LEVEL_THRESHOLD)
 778   1          {
 779   2              pData[0] = 1;
 780   2          }
 781   1          else
 782   1          {
 783   2              pData[0] = 0;
 784   2          }
 785   1      
 786   1          // Increase offset with overflow check
 787   1          if((WORD)ucOffset + pData[0] > 0xFF)
 788   1          {
 789   2              ucOffset = 0xFF;
 790   2          }
 791   1          else
 792   1          {
 793   2              ucOffset += pData[0];
 794   2          }
 795   1      
 796   1          SET_AUTO_ADC_OFFSET(ucOffset);
 797   1          return _AUTO_SUCCESS;
 798   1      }
 799          
 800          //--------------------------------------------------
 801          // Description  : Set boundary for image auto-function measure
 802          // Input Value  : enumBoundary -> boundary type selection
 803          // Output Value : None
 804          //--------------------------------------------------
 805          void ScalerAutoSetBoundary(EnumMeasureBoundary enumBoundary)
 806          {
 807   1          switch(enumBoundary)
 808   1          {
 809   2              case _MEASURE_PORCH_REGION:
 810   2                  ScalerVgaTopAutoFuncHBoundInitial(GET_VGA_MODE_HSTART(), (GET_VGA_MODE_HSTART() + 127));
 811   2      
 812   2                  PDATA_WORD(0) = ((GET_VGA_MODE_VSTART() / 2) > 8) ? 8 : ((GET_VGA_MODE_VSTART() / 2) + 1); // 
             -V start
 813   2                  ScalerVgaTopAutoFuncVBoundInitial(PDATA_WORD(0), (PDATA_WORD(0) + 1));
 814   2                  break;
 815   2      
 816   2              case _MEASURE_ACTIVE_REGION:
 817   2                  ScalerVgaTopAutoFuncHBoundInitial(GET_VGA_MODE_HSTART(), (GET_VGA_MODE_HSTART() + GET_INPUT_TI
             -MING_HWIDTH()));
 818   2                  ScalerVgaTopAutoFuncVBoundInitial(GET_VGA_MODE_VSTART(), (GET_VGA_MODE_VSTART() + GET_INPUT_TI
             -MING_VHEIGHT()));
 819   2                  break;
 820   2      
 821   2              default:
 822   2                  break;
 823   2          }
 824   1      }
 825          
 826          //--------------------------------------------------
 827          // Description  : Measure the maximum / minimum value using compare measure
 828          // Input Value  : enumType -> measure for maximum / minimum value
 829          // Output Value : _AUTO_SUCCESS or _AUTO_FAIL
 830          //--------------------------------------------------
 831          EnumAutoResult ScalerAutoCompareMeasure(EnumMeasureType enumType)
 832          {
 833   1          // Stop image auto-function measure
C51 COMPILER V8.12   SCALERAUTOFUNC                                                        09/16/2026 20:27:06 PAGE 15  

 834   1          g_stRegVgaAuto.b1_0D_0_NOW_AF = _FALSE;
 835   1      
 836   1          // Disable field select; Disable hardware acceleration;
 837   1          g_stRegVgaAuto.b1_0A_7_ODD_SEL_EN = _FALSE;
 838   1          g_stRegVgaAuto.b1_0A_4_RGB_IN_ONE_EN = _FALSE;
 839   1      
 840   1          switch(enumType)
 841   1          {
 842   2              case _MEASURE_RGB_MIN:
 843   2                  pData[0] = _MEASURE_PORCH_REGION;
 844   2                  g_stRegVgaAuto.b1_0D_5_FORCE_FLIP = _FALSE;
 845   2                  break;
 846   2      
 847   2              case _MEASURE_YPBPR_MIN:
 848   2                  pData[0] = _MEASURE_ACTIVE_REGION;
 849   2                  g_stRegVgaAuto.b1_0D_5_FORCE_FLIP = _FALSE;
 850   2                  break;
 851   2      
 852   2              case _MEASURE_MAX:
 853   2              default:
 854   2                  pData[0] = _MEASURE_ACTIVE_REGION;
 855   2                  g_stRegVgaAuto.b1_0D_5_FORCE_FLIP = _TRUE;
 856   2                  break;
 857   2          }
 858   1      
 859   1          // Set measure boundary
 860   1          ScalerAutoSetBoundary(pData[0]);
 861   1      
 862   1          // Normal boundary; Software mode; Measure maximum / minimum; Compare mode; Auto-balance; Start measur
             -e;
 863   1          g_stRegVgaAuto.b1_0D_7_M_VGEN_EN = _FALSE;
 864   1          g_stRegVgaAuto.b1_0D_6_AUTOPHASE_EN = _FALSE;
 865   1          g_stRegVgaAuto.b1_0D_4_SUM_MAX = _FALSE;
 866   1          g_stRegVgaAuto.b1_0D_3_PULSE_DET_EN = _FALSE;
 867   1          g_stRegVgaAuto.b1_0D_1_DIFF_EN = _FALSE;
 868   1          g_stRegVgaAuto.b1_0D_0_NOW_AF = _TRUE;
 869   1      
 870   1          if(ScalerVgaTopAutoFuncWaitFinish() == _FALSE)
 871   1          {
 872   2              return _AUTO_FAIL;
 873   2          }
 874   1      
 875   1          return _AUTO_SUCCESS;
 876   1      }
 877          
 878          //--------------------------------------------------
 879          // Description  : Measure the maximum / minimum value using compare measure
 880          // Input Value  : enumType -> maximum / minimum measure,
 881          //                ucThreshold  -> threshold for accumulation samples
 882          // Output Value : _AUTO_SUCCESS or _AUTO_FAIL
 883          //--------------------------------------------------
 884          EnumAutoResult ScalerAutoAccumulationMeasure(EnumMeasureType enumType, BYTE ucThreshold)
 885          {
 886   1          // Stop image auto-function measure
 887   1          g_stRegVgaAuto.b1_0D_0_NOW_AF = _FALSE;
 888   1      
 889   1          // Disable field select; Disable LPF filter; Disable hardware acceleration;
 890   1          g_stRegVgaAuto.b1_0A_7_ODD_SEL_EN = _FALSE;
 891   1          g_stRegVgaAuto.b1_0A_5_FILTER_SEL = _FALSE;
 892   1          g_stRegVgaAuto.b1_0A_4_RGB_IN_ONE_EN = _FALSE;
 893   1      
 894   1          switch(enumType)
C51 COMPILER V8.12   SCALERAUTOFUNC                                                        09/16/2026 20:27:06 PAGE 16  

 895   1          {
 896   2              case _MEASURE_YPBPR_MIN:
 897   2                  // Measure the pixel number BELOW the threshold
 898   2                  g_stRegVgaAuto.b1_0D_5_FORCE_FLIP = _FALSE;
 899   2                  ucThreshold ^= 0xFF;
 900   2                  pData[0] = _MEASURE_ACTIVE_REGION;
 901   2                  break;
 902   2      
 903   2              case _MEASURE_RGB_MIN:
 904   2                  pData[0] = _MEASURE_PORCH_REGION;
 905   2                  break;
 906   2      
 907   2              case _MEASURE_MAX:
 908   2              default:
 909   2                  pData[0] = _MEASURE_ACTIVE_REGION;
 910   2                  break;
 911   2          }
 912   1      
 913   1          // Set measure boundary
 914   1          ScalerAutoSetBoundary(pData[0]);
 915   1      
 916   1          // Set threshold
 917   1          g_stRegVgaAuto.uc_09_DIFF_TH = ucThreshold;
 918   1      
 919   1          // Normal boundary; Software mode; Measure maximum; Accumulation mode; Auto-balance; Start auto-functi
             -on
 920   1          g_stRegVgaAuto.b1_0D_7_M_VGEN_EN = _FALSE;
 921   1          g_stRegVgaAuto.b1_0D_6_AUTOPHASE_EN = _FALSE;
 922   1          g_stRegVgaAuto.b1_0D_5_FORCE_FLIP = _TRUE;
 923   1          g_stRegVgaAuto.b1_0D_4_SUM_MAX = _TRUE;
 924   1          g_stRegVgaAuto.b1_0D_3_PULSE_DET_EN = _FALSE;
 925   1          g_stRegVgaAuto.b1_0D_1_DIFF_EN = _FALSE;
 926   1          g_stRegVgaAuto.b1_0D_0_NOW_AF = _TRUE;
 927   1      
 928   1          if(ScalerVgaTopAutoFuncWaitFinish() == _FALSE)
 929   1          {
 930   2              return _AUTO_FAIL;
 931   2          }
 932   1      
 933   1          return _AUTO_SUCCESS;
 934   1      }
 935          
 936          //--------------------------------------------------
 937          // Description  : Search for ADC main tone between (start_level - 4) & start_level
 938          // Input Value  : ucStartLevel -> search start level (must >= 4)
 939          //                ucMainTone   -> address for main tone within search levels
 940          // Output Value : _AUTO_SUCCESS or _AUTO_FAIL
 941          //--------------------------------------------------
 942          EnumAutoResult ScalerAutoMainToneMeasure(BYTE ucStartLevel, BYTE *pucMainTone)
 943          {
 944   1          BYTE ucIndex = 0;
 945   1      
 946   1          // Stop auto-function
 947   1          g_stRegVgaAuto.b1_0D_0_NOW_AF = _FALSE;
 948   1      
 949   1          ScalerAutoSetBoundary(_MEASURE_ACTIVE_REGION);
 950   1      
 951   1          // Set default values
 952   1          *pucMainTone = 3;
 953   1          PDATA_DWORD(1) = 0; // Previous sum
 954   1          PDATA_DWORD(2) = 0; // Previous level
 955   1          PDATA_DWORD(3) = 0; // Max difference
C51 COMPILER V8.12   SCALERAUTOFUNC                                                        09/16/2026 20:27:06 PAGE 17  

 956   1          if(ucStartLevel != 255)
 957   1          {
 958   2              ++ucStartLevel;
 959   2          }
 960   1      
 961   1          // Default threshold at start_level
 962   1          g_stRegVgaAuto.uc_09_DIFF_TH = ucStartLevel;
 963   1      
 964   1          // Disable field select; Disable LPF filter; Disable hardware acceleration;
 965   1          g_stRegVgaAuto.b1_0A_7_ODD_SEL_EN = _FALSE;
 966   1          g_stRegVgaAuto.b1_0A_5_FILTER_SEL = _FALSE;
 967   1          g_stRegVgaAuto.b1_0A_4_RGB_IN_ONE_EN = _FALSE;
 968   1      
 969   1          // HW auto for 5 steps; Step size = 1;
 970   1          g_stRegVgaAuto.b3_0B_0_AUTOPHASE_STEP = (1 - 1);
 971   1          g_stRegVgaAuto.b5_0B_3_AUTOSOD_STEP_NUM = (5 - 1);
 972   1      
 973   1          // Initial phase = current phase
 974   1          g_stRegVgaAuto.b7_0C_0_INIT_PHASE = ScalerGetByte(P1_B4_PLLPHASE_CTRL1);
 975   1          g_stRegVgaAuto.b1_0C_7_AUTOPHASE_SEL_TRI = _FALSE;
 976   1      
 977   1          // HW auto-phase; Max value; Accumulation; Auto-balance; Start auto-function;
 978   1          g_stRegVgaAuto.b1_0D_6_AUTOPHASE_EN = _TRUE;
 979   1          g_stRegVgaAuto.b1_0D_5_FORCE_FLIP = _TRUE;
 980   1          g_stRegVgaAuto.b1_0D_4_SUM_MAX = _TRUE;
 981   1          g_stRegVgaAuto.b1_0D_1_DIFF_EN = _FALSE;
 982   1          g_stRegVgaAuto.b1_0D_0_NOW_AF = _TRUE;
 983   1      
 984   1          if(ScalerVgaTopWaitForEvent(_EVENT_VGA_IVS) == _FAIL)
 985   1          {
 986   2              return _AUTO_FAIL;
 987   2          }
 988   1      
 989   1          for(ucIndex = 0; ucIndex < 5; ++ucIndex)
 990   1          {
 991   2              if(ScalerVgaTopWaitForEvent(_EVENT_VGA_IVS) == _FAIL)
 992   2              {
 993   3                  return _AUTO_FAIL;
 994   3              }
 995   2      
 996   2              // Decrease threshold
 997   2              g_stRegVgaAuto.uc_09_DIFF_TH -= 1;
 998   2      
 999   2              // Get pixel count for current level
1000   2              PDATA_DWORD(0) = (GET_AUTO_RESULT_DWORD() - PDATA_DWORD(1)) / (ucStartLevel - ucIndex);
1001   2      
1002   2              // Store current accumulation result
1003   2              PDATA_DWORD(1) = GET_AUTO_RESULT_DWORD();
1004   2      
1005   2              // If start-level != 255, skip the first iteration.
1006   2              if((ucIndex == 0) && (ucStartLevel != 255))
1007   2              {
1008   3                  continue;
1009   3              }
1010   2      
1011   2              // If the measured pixels is less than 2 vertical line, ignore it.
1012   2              if(PDATA_DWORD(0) < (GET_INPUT_TIMING_VHEIGHT() << 1))
1013   2              {
1014   3                  PDATA_DWORD(0) = 0;
1015   3              }
1016   2      
1017   2              if(PDATA_DWORD(0) < PDATA_DWORD(2))
C51 COMPILER V8.12   SCALERAUTOFUNC                                                        09/16/2026 20:27:06 PAGE 18  

1018   2              {
1019   3                  // Pixel decreases. Stop main-tone search.
1020   3                  break;
1021   3              }
1022   2      
1023   2              PDATA_DWORD(2) = PDATA_DWORD(0) - PDATA_DWORD(2);
1024   2      
1025   2              // Compare the difference between successive levels & the maximum difference
1026   2              if(PDATA_DWORD(2) > PDATA_DWORD(3))
1027   2              {
1028   3                  PDATA_DWORD(3) = PDATA_DWORD(2);
1029   3                  *pucMainTone = ucIndex;
1030   3              }
1031   2      
1032   2              // Store current level
1033   2              PDATA_DWORD(2) = PDATA_DWORD(0);
1034   2          }
1035   1      
1036   1          // Stop auto-function
1037   1          g_stRegVgaAuto.b1_0D_0_NOW_AF = _FALSE;
1038   1      
1039   1          *pucMainTone = (ucStartLevel - *pucMainTone);
1040   1      
1041   1          return _AUTO_SUCCESS;
1042   1      }
1043          
1044          //--------------------------------------------------
1045          // Description  : Return the auto-color result
1046          // Input Value  : stAdcData -> ADC data structure pointer
1047          // Output Value : None
1048          //--------------------------------------------------
1049          void ScalerAutoGetAutoColorResult(StructAdcDataType *pstAdcData)
1050          {
1051   1          ScalerRead(P0_C0_ADC_GAI_RED_MSB, 3, pstAdcData->pucAdcGainMSB, _AUTOINC);
1052   1          ScalerRead(P0_C3_ADC_OFF_RED_MSB, 3, pstAdcData->pucAdcOffsetMSB, _AUTOINC);
1053   1          pstAdcData->ucAdcPGA = 0;
1054   1          pstAdcData->pucAdcGainLSB[0] = 0;
1055   1          pstAdcData->pucAdcGainLSB[1] = 0;
1056   1          pstAdcData->pucAdcGainLSB[2] = 0;
1057   1          pstAdcData->pucAdcOffsetLSB[0] = 0;
1058   1          pstAdcData->pucAdcOffsetLSB[1] = 0;
1059   1          pstAdcData->pucAdcOffsetLSB[2] = 0;
1060   1      }
1061          
1062          #if(_YPBPR_SUPPORT == _ON)
              
              #if(_YPBPR_AUTO_METHOD == _YPBPR_AUTO_BY_SOURCE)
              //--------------------------------------------------
              // Description  : Compensate ADC gain / offset for YPbPr color space
              // Input Value  : enumAutoType -> auto-color type
              // Output Value : _AUTO_SUCCESS or _AUTO_FAIL
              //--------------------------------------------------
              EnumAutoResult ScalerAutoCompensateYPbPr(EnumAutoColorType enumAutoType)
              {
                  BYTE ucGain = 0;
                  BYTE ucMainTone = 0;
                  BYTE ucMaxLevel = 0;
                  BYTE ucIndex = 0;
              
                  if(enumAutoType != _AUTO_TUNE_YPBPR_GAIN_ONLY)
                  {
                      // Double check for offset
C51 COMPILER V8.12   SCALERAUTOFUNC                                                        09/16/2026 20:27:06 PAGE 19  

                      if(ScalerAutoHardwareAbl(16, 2) == _AUTO_FAIL)
                      {
                          return _AUTO_FAIL;
                      }
                  }
              
                  // Compensate starts from Y channel
                  SET_AUTO_ADC_CHANNEL(_AUTO_GREEN_CHANNEL);
                  ucMaxLevel = _AUTO_Y_MAX_LEVEL;
              
                  for(ucIndex = 0; ucIndex < 3; ++ucIndex)
                  {
                      ucGain = GET_AUTO_ADC_GAIN();
              
                      // Measure main tone for each channel
                      if(ScalerAutoMainToneMeasure(ucMaxLevel, &ucMainTone) == _AUTO_FAIL)
                      {
                          return _AUTO_FAIL;
                      }
                      ucMaxLevel = ScalerAutoConvertAdcGainStep(ucGain, ucMaxLevel, ucMainTone);
              
                      SET_AUTO_ADC_GAIN(ucGain - ucMaxLevel);
                      SET_AUTO_ADC_NEXT_CHANNEL();
                      ucMaxLevel = _AUTO_PBPR_MAX_LEVEL;
                  }
              
                  return _AUTO_SUCCESS;
              }
              #endif // End of #if(_YPBPR_AUTO_METHOD == _YPBPR_AUTO_BY_SOURCE)
              
              #if(_YPBPR_AUTO_METHOD == _YPBPR_AUTO_BY_FORMULA)
              //--------------------------------------------------
              // Description  : Calculate ADC gain/offset for YPbPr from RGB auto-color result
              // Input Value  : stAdcData: balanced gain/offset for RGB
              // Output Value : balanced gain/offset for YPbPr from calculation
              //--------------------------------------------------
              StructAdcDataType ScalerAutoBalanceYPbPrFromFormula(StructAdcDataType *pstAdcData)
              {
                  StructAdcDataType stYPbPrData = {0};
              
                  stYPbPrData = *pstAdcData;
              
                  // Check for B/R swap. Assume default: Pr, Y, Pb
                  stYPbPrData.pucAdcOffsetMSB[0] = pstAdcData->pucAdcOffsetMSB[0] + _AUTO_PR_OFFSET_BIAS; // Pr
                  stYPbPrData.pucAdcOffsetMSB[2] = pstAdcData->pucAdcOffsetMSB[2] + _AUTO_PB_OFFSET_BIAS; // Pb
                  stYPbPrData.pucAdcGainMSB[0] += (BYTE)(((DWORD)stYPbPrData.pucAdcGainMSB[0] + 64) * 31 / 224) + _AUTO_
             -PR_GAIN_BIAS; // Pr
                  stYPbPrData.pucAdcGainMSB[2] += (BYTE)(((DWORD)stYPbPrData.pucAdcGainMSB[2] + 64) * 31 / 224) + _AUTO_
             -PB_GAIN_BIAS; // Pb
              
                  stYPbPrData.pucAdcOffsetMSB[1] = stYPbPrData.pucAdcOffsetMSB[1] + _AUTO_Y_OFFSET_BIAS;// Y
                  stYPbPrData.pucAdcGainMSB[1] += (BYTE)(((DWORD)stYPbPrData.pucAdcGainMSB[1] + 64) * 36 / 219) + _AUTO_
             -Y_GAIN_BIAS; // Y
              
                  return stYPbPrData;
              }
              #endif
              #endif // End of #if(_YPBPR_SUPPORT == _ON)
1135          
1136          #if(_ADC_SELF_CALIBRATION == _ON)
              //--------------------------------------------------
              // Description  : Update ADC gain for RGB self-calibration
C51 COMPILER V8.12   SCALERAUTOFUNC                                                        09/16/2026 20:27:06 PAGE 20  

              // Input Value  : ucBias: bias level from max level
              // Output Value : _AUTO_SUCCESS or _AUTO_FAIL
              //--------------------------------------------------
              EnumAutoResult ScalerAutoUpdateAdcGainCalibrationRGB(BYTE ucGainBias, BYTE ucStepRatio)
              {
                  BYTE ucIndex = 0;
                  BYTE ucGain = 0;
              
                  // Measure maximum value for RGB
                  if(ScalerAutoAblMeasure() == _AUTO_FAIL)
                  {
                      return _AUTO_FAIL;
                  }
              
                  // Update gain for each channel
                  for(ucIndex = 0; ucIndex < 3; ++ucIndex)
                  {
                      ucGain = ScalerGetByte(P0_C0_ADC_GAI_RED_MSB + ucIndex);
                      pData[0] = ScalerGetByte(P0_E9_AUTO_BLACK_LEVEL_RED_VALUE + ucIndex); // RGB max value
                      pData[1] = _AUTO_RGB_MAX_LEVEL - ucGainBias; // RGB target value
              
                      // Update ADC gain according to max level & measured maximum
                      if(pData[0] < pData[1])
                      {
                          // Calculate gain step
                          pData[2] = ScalerAutoConvertAdcGainStep(ucGain, pData[1], pData[0]) / ucStepRatio;
              
                          if(pData[2] == 0x00)
                          {
                              --ucGain;
                          }
                          else
                          {
                              ucGain -= pData[2];
                          }
                      }
                      else
                      {
                          // Target value exceeded. Rewind gain.
                          ucGain += (pData[0] - pData[1]);
                      }
              
                      // Apply gain step
                      ScalerSetByte((P0_C0_ADC_GAI_RED_MSB + ucIndex), ucGain);
                  }
              
                  return _AUTO_SUCCESS;
              }
              
              //--------------------------------------------------
              // Description  : Compensate ADC gain / offset for RGB self-calibration
              // Input Value  : enumAutoType -> auto-color type
              // Output Value : _AUTO_SUCCESS or _AUTO_FAIL
              //--------------------------------------------------
              EnumAutoResult ScalerAutoCompensateCalibrationRGB(EnumAutoColorType enumAutoType)
              {
                  enumAutoType = enumAutoType;
              
                  // Apply gain bias
                  ScalerSetByte(P0_C0_ADC_GAI_RED_MSB, (ScalerGetByte(P0_C0_ADC_GAI_RED_MSB) + _CALIBRATION_R_GAIN_BIAS)
             -);
                  ScalerSetByte(P0_C1_ADC_GAI_GRN_MSB, (ScalerGetByte(P0_C1_ADC_GAI_GRN_MSB) + _CALIBRATION_G_GAIN_BIAS)
C51 COMPILER V8.12   SCALERAUTOFUNC                                                        09/16/2026 20:27:06 PAGE 21  

             -);
                  ScalerSetByte(P0_C2_ADC_GAI_BLU_MSB, (ScalerGetByte(P0_C2_ADC_GAI_BLU_MSB) + _CALIBRATION_B_GAIN_BIAS)
             -);
              
                  // Check offset original signal level
                  ScalerSetBit(P0_D2_ADC_GAIN_CALI, ~(_BIT7 | _BIT6 | _BIT2 | _BIT1 | _BIT0), 0x00);
                  if(ScalerAutoHardwareAbl(4, 4) == _AUTO_FAIL)
                  {
                      return _AUTO_FAIL;
                  }
              
                  // Apply R & B offset bias
                  ScalerSetByte(P0_C3_ADC_OFF_RED_MSB, (ScalerGetByte(P0_C3_ADC_OFF_RED_MSB) - _CALIBRATION_R_OFFSET_BIA
             -S));
                  ScalerSetByte(P0_C4_ADC_OFF_GRN_MSB, (ScalerGetByte(P0_C4_ADC_OFF_GRN_MSB) - _CALIBRATION_G_OFFSET_BIA
             -S));
                  ScalerSetByte(P0_C5_ADC_OFF_BLU_MSB, (ScalerGetByte(P0_C5_ADC_OFF_BLU_MSB) - _CALIBRATION_B_OFFSET_BIA
             -S));
              
                  return _AUTO_SUCCESS;
              }
              
              //--------------------------------------------------
              // Description  : Initialization for ADC self-calibration
              // Input Value  : none
              // Output Value : _AUTO_FAIL or _AUTO_SUCCESS
              //--------------------------------------------------
              void ScalerAutoInitializeCalibration(void)
              {
                  // Initial VGA data path
                  ScalerSyncProcScanInitial();
                  ScalerADCClampMode(_COLOR_SPACE_RGB);
              
                  // Enable calibration mode; Enable calibration voltage; Set new-mode; Voltage from 3.3V
                  ScalerSetBit(P0_D2_ADC_GAIN_CALI, ~(_BIT7 | _BIT6 | _BIT5 | _BIT4), (_BIT7 | _BIT6 | _BIT5 | _BIT4));
                  ScalerSetBit(P0_D9_ADC_REG1, ~(_BIT1 | _BIT0), 0x00);
              
                  // Set DPLL free-run
                  ScalerMDomainSetDisplayFormat(_FREE_RUN_NO_INPUT);
              
                  // Disable DPLL spread spectrum
                  ScalerPLLSetDPLLSSC(_DCLK_SPREAD_SPEED, _OFF);
              
                  // Switch sync-processor HS/VS source from D-domain
                  ScalerSetBit(P0_0B_POWER_CTRL, ~_BIT1, _BIT1);
                  ScalerSetBit(P0_47_SYNC_SELECT, ~(_BIT7 | _BIT6 | _BIT5 | _BIT4 | _BIT2), (_BIT2));
                  ScalerSetBit(P0_48_SYNC_INVERT, ~(_BIT6 | _BIT5 | _BIT4 | _BIT3 | _BIT2 | _BIT1 | _BIT0), (_BIT4 | _BI
             -T2));
                  ScalerSetBit(P0_49_SYNC_CTRL, ~(_BIT7 | _BIT6 | _BIT5 | _BIT3 | _BIT2 | _BIT1 | _BIT0), (_BIT2 | _BIT1
             -));
              
                  DebugMessageAnalog("Self-Calibration clock(MHz)", _SELF_CALIBRATION_CLK);
              
                  // Set APLL H total = Display H total
                  ScalerAPLLAdjust(_SELF_CALIBRATION_HTOTAL, _SELF_CALIBRATION_HFREQ);
              
                  // Set ADC bandwidth according to DPLL rate
                  ScalerADCBandWidthSetting(_SELF_CALIBRATION_CLK);
              
                  // Disable double buffer; Input ADC pixel format; Enable input sampling;
                  g_stRegVgaCapture.b1_00_5_DOUBLE_READY = _FALSE;
                  g_stRegVgaCapture.b1_00_4_DOUBLE_ENABLE = _FALSE;
C51 COMPILER V8.12   SCALERAUTOFUNC                                                        09/16/2026 20:27:06 PAGE 22  

                  g_stRegVgaCapture.b2_00_2_IN_SEL = 0;
                  g_stRegVgaCapture.b1_00_0_IVRUN_EN = _TRUE;
              }
              
              //--------------------------------------------------
              // Description  : Reset for ADC self-calibration
              // Input Value  : none
              // Output Value : _AUTO_FAIL or _AUTO_SUCCESS
              //--------------------------------------------------
              void ScalerAutoResetCalibration(void)
              {
                  // Turn off calibration signal
                  ScalerSetByte(P0_D2_ADC_GAIN_CALI, 0x00);
              
                  // Set sync processsor HS/VS source from ADC
                  ScalerSetBit(P0_47_SYNC_SELECT, ~_BIT2, 0x00);
              }
              
              //--------------------------------------------------
              // Description  : Measure the average value using ABL
              // Input Value  : none
              // Output Value : _AUTO_SUCCESS or _AUTO_FAIL
              //--------------------------------------------------
              EnumAutoResult ScalerAutoAblMeasure(void)
              {
                  // Set calibration voltage to high
                  ScalerSetBit(P0_D2_ADC_GAIN_CALI, ~(_BIT2 | _BIT1 | _BIT0), (_BIT2 | _BIT1 | _BIT0));
              
                  // Enable ABL offset adjust new mode
                  ScalerSetBit(P0_EC_AUTO_BLACK_LEVEL_R_NOISE_VALUE, ~_BIT3, _BIT3);
              
                  // Measure RGB max using ABL
                  if(ScalerAutoHardwareAbl(16, 0) == _AUTO_FAIL)
                  {
                      return _AUTO_FAIL;
                  }
              
                  // Disable ABL offset adjust new mode
                  ScalerSetBit(P0_EC_AUTO_BLACK_LEVEL_R_NOISE_VALUE, ~_BIT3, 0x00);
              
                  // Set calibration voltage to low
                  ScalerSetBit(P0_D2_ADC_GAIN_CALI, ~(_BIT2 | _BIT1 | _BIT0), 0x00);
              
                  return _AUTO_SUCCESS;
              }
              #endif // End of #if(_ADC_SELF_CALIBRATION == _ON)
1301          
1302          //--------------------------------------------------
1303          // Description  : Update ADC gain for RGB color space in custom mode
1304          // Input Value  : ucGainBias: bias for RGB max level
1305          // Output Value : _AUTO_SUCCESS or _AUTO_FAIL
1306          //--------------------------------------------------
1307          EnumAutoResult ScalerAutoCustomUpdateAdcGain(BYTE ucGainBias, BYTE ucStepRatio)
1308          {
1309   1          if(ScalerAutoCustomUpdateAdcGainChannel(_AUTO_RED_CHANNEL, ucGainBias, ucStepRatio) == _AUTO_SUCCESS)
1310   1          {
1311   2              if(ScalerAutoCustomUpdateAdcGainChannel(_AUTO_BLUE_CHANNEL, ucGainBias, ucStepRatio) == _AUTO_SUCC
             -ESS)
1312   2              {
1313   3                  if(ScalerAutoCustomUpdateAdcGainChannel(_AUTO_GREEN_CHANNEL, ucGainBias, ucStepRatio) == _AUTO
             -_SUCCESS)
1314   3                  {
C51 COMPILER V8.12   SCALERAUTOFUNC                                                        09/16/2026 20:27:06 PAGE 23  

1315   4                      return _AUTO_SUCCESS;
1316   4                  }
1317   3              }
1318   2          }
1319   1      
1320   1          return _AUTO_FAIL;
1321   1      }
1322          
1323          //--------------------------------------------------
1324          // Description  : Update ADC gain for R/G/B color space in custom mode
1325          // Input Value  : enumAutoType -->
1326          //                ucGainBias: bias for RGB max level
1327          // Output Value : _AUTO_FAIL or _AUTO_SUCCESS
1328          //--------------------------------------------------
1329          EnumAutoResult ScalerAutoCustomUpdateAdcGainChannel(BYTE ucColor, BYTE ucGainBias, BYTE ucStepRatio)
1330          {
1331   1          BYTE ucGain = 0;
1332   1          BYTE ucTarget = (255 - ucGainBias);
1333   1          BYTE ucMax = 0;
1334   1      
1335   1          SET_AUTO_ADC_CHANNEL(ucColor);
1336   1          ucGain = GET_AUTO_ADC_GAIN();
1337   1      
1338   1          // Stop image auto-function measure
1339   1          g_stRegVgaAuto.b1_0D_0_NOW_AF = _FALSE;
1340   1      
1341   1          // Disable field select; Disable hardware acceleration;
1342   1          g_stRegVgaAuto.uc_09_DIFF_TH = 0x00;
1343   1          g_stRegVgaAuto.b1_0A_7_ODD_SEL_EN = _FALSE;
1344   1          g_stRegVgaAuto.b1_0A_4_RGB_IN_ONE_EN = _FALSE;
1345   1      
1346   1          // Set measure boundary
1347   1          ScalerVgaTopAutoFuncHBoundInitial(_AUTO_CUSTOM_WHITE_HSTART, _AUTO_CUSTOM_WHITE_HEND);
1348   1          ScalerVgaTopAutoFuncVBoundInitial(_AUTO_CUSTOM_WHITE_VSTART, _AUTO_CUSTOM_WHITE_VEND);
1349   1      
1350   1          // Normal boundary; Software mode; Measure maximum / minimum; Compare mode; Auto-balance; Start measur
             -e;
1351   1          g_stRegVgaAuto.b1_0D_7_M_VGEN_EN = _FALSE;
1352   1          g_stRegVgaAuto.b1_0D_6_AUTOPHASE_EN = _FALSE;
1353   1          g_stRegVgaAuto.b1_0D_5_FORCE_FLIP = _TRUE;
1354   1          g_stRegVgaAuto.b1_0D_4_SUM_MAX = _TRUE;
1355   1          g_stRegVgaAuto.b1_0D_3_PULSE_DET_EN = _FALSE;
1356   1          g_stRegVgaAuto.b1_0D_1_DIFF_EN = _FALSE;
1357   1          g_stRegVgaAuto.b1_0D_0_NOW_AF = _TRUE;
1358   1      
1359   1          if(ScalerVgaTopAutoFuncWaitFinish() == _FALSE)
1360   1          {
1361   2              return _AUTO_FAIL;
1362   2          }
1363   1      
1364   1          ucMax = (GET_AUTO_RESULT_DWORD()) /
1365   1                  (_AUTO_CUSTOM_WHITE_VEND - _AUTO_CUSTOM_WHITE_VSTART + 1) /
1366   1                  (_AUTO_CUSTOM_WHITE_HEND - _AUTO_CUSTOM_WHITE_HSTART + 1);
1367   1      
1368   1          // Update ADC gain according to max level & measured maximum
1369   1          if(ucMax < ucTarget)
1370   1          {
1371   2              // Calculate gain step
1372   2              pData[1] = ScalerAutoConvertAdcGainStep(ucGain, ucTarget, ucMax) / ucStepRatio;
1373   2      
1374   2              // Minimum gain step = 1
1375   2              if(pData[1] == 0)
C51 COMPILER V8.12   SCALERAUTOFUNC                                                        09/16/2026 20:27:06 PAGE 24  

1376   2              {
1377   3                  pData[1] = 1;
1378   3              }
1379   2      
1380   2              // Decrease gain with underflow check
1381   2              if(ucGain >= pData[1])
1382   2              {
1383   3                  ucGain -= pData[1];
1384   3              }
1385   2              else
1386   2              {
1387   3                  ucGain = 0;
1388   3              }
1389   2          }
1390   1          else
1391   1          {
1392   2              // Target value exceeded. Rewind gain.
1393   2              pData[1] = (ucMax - ucTarget);
1394   2      
1395   2              // Increase gain with overflow check
1396   2              if(((WORD)ucGain + pData[1]) > 0xFF)
1397   2              {
1398   3                  ucGain = 0xFF;
1399   3              }
1400   2              else
1401   2              {
1402   3                  ucGain += pData[1];
1403   3              }
1404   2          }
1405   1      
1406   1          SET_AUTO_ADC_GAIN(ucGain);
1407   1      
1408   1          return _AUTO_SUCCESS;
1409   1      }
1410          
1411          #endif // End of #if(_VGA_SUPPORT == _ON)


MODULE INFORMATION:   STATIC OVERLAYABLE
   CODE SIZE        =   3229    ----
   CONSTANT SIZE    =      1    ----
   XDATA SIZE       =   ----      52
   PDATA SIZE       =   ----    ----
   DATA SIZE        =   ----    ----
   IDATA SIZE       =   ----    ----
   BIT SIZE         =   ----    ----
END OF MODULE INFORMATION.


C51 COMPILATION COMPLETE.  0 WARNING(S),  0 ERROR(S)
