C51 COMPILER V9.60.0.0   SCALERFORMATCONVERSION                                            09/24/2026 09:30:03 PAGE 1   


C51 COMPILER V9.60.0.0, COMPILATION OF MODULE SCALERFORMATCONVERSION
OBJECT MODULE PLACED IN .\Output\RL6432_Project\ScalerFormatConversion.obj
COMPILER INVOKED BY: C:\Keil_v5\C51\BIN\C51.EXE Kernel\Scaler\ScalerFunction\Code\ScalerFormatConversion.c LARGE OPTIMIZ
                    -E(9,SPEED) INCDIR(.\Output\RL6432;.\Project\Header;.\Pcb;.\Panel;.\Kernel\Device\Header;.\Kernel\Common;.\Kernel\System\
                    -Header;.\Kernel\Scaler\ScalerFunction\Header;.\Kernel\Scaler\ScalerCommonFunction\Header;.\Kernel\Scaler\ScalerFunction\
                    -Lib\Header;.\Kernel\Scaler\ScalerCommonFunction\Lib\Header;.\Kernel\Scaler\RL6432_Series_Scaler\Header;.\Kernel\Scaler\R
                    -L6432_Series_Common\Header;.\Kernel\Scaler\RL6432_Series_Scaler\Lib\Header;.\Kernel\Scaler\RL6432_Series_Common\Lib\Head
                    -er;.\Kernel\User Common Function\Header;.\User\RTD Series\RTD2014Function\Header;.\User\RTD Series\RTD2014Osd\Header;.\U
                    -ser\RTD Factory\Header;.\User\None Series\NoneFunction\Header;.\User\None Series\NoneOsd\Header;.\User\None Factory\Head
                    -er) DEFINE(_PROJECT=_RL6432_PROJECT,_SCALER_TYPE=_RL6432_SERIES) DEBUG OBJECTEXTEND PRINT(.\Output\RL6432_Project\Scaler
                    -FormatConversion.lst) TABS(2) OBJECT(.\Output\RL6432_Project\ScalerFormatConversion.obj)

line level    source

   1          /********************************************************************************/
   2          /*   Copyright (c) 2021 Realtek Semiconductor Corp. All rights reserved.        */
   3          /*                                                                              */
   4          /*   SPDX-License-Identifier: LicenseRef-Realtek-Proprietary                    */
   5          /*                                                                              */
   6          /*   This software component is confidential and proprietary to Realtek         */
   7          /*   Semiconductor Corp. Disclosure, reproduction, redistribution, in whole     */
   8          /*   or in part, of this work and its derivatives without express permission    */
   9          /*   is prohibited.                                                             */
  10          /********************************************************************************/
  11          
  12          //----------------------------------------------------------------------------------------------------
  13          // ID Code      : ScalerFormatConversion.c No.0000
  14          // Update Note  :
  15          //----------------------------------------------------------------------------------------------------
  16          
  17          #include "ScalerFunctionInclude.h"
  18          
  19          #if(_FORMAT_CONVERSION_SUPPORT == _ON)
              //****************************************************************************
              // DEFINITIONS / MACROS
              //****************************************************************************
              
              //****************************************************************************
              // STRUCT / TYPE / ENUM DEFINITTIONS
              //****************************************************************************
              
              //****************************************************************************
              // CODE TABLES
              //****************************************************************************
              
              //****************************************************************************
              // VARIABLE DECLARATIONS
              //****************************************************************************
              
              //****************************************************************************
              // FUNCTION DECLARATIONS
              //****************************************************************************
              bit ScalerFmtCnvFtoPGetStatus(void);
              void ScalerFmtCnvFtoPInterlaceSetting(void);
              void ScalerFmtCnvHalfSDControl(bit bEnable);
              bit ScalerFmtCnvHalfSDGetStatus(void);
              void ScalerFmtCnvHalfSDSetFirstPixel(WORD usHstart);
              
              //****************************************************************************
              // FUNCTION DEFINITIONS
              //****************************************************************************
C51 COMPILER V9.60.0.0   SCALERFORMATCONVERSION                                            09/24/2026 09:30:03 PAGE 2   

              //--------------------------------------------------
              // Description  : EVEN/Odd status
              // Input Value  : None
              // Output Value : _TRUE or _FALSE
              //--------------------------------------------------
              bit ScalerFmtCnvFtoPGetStatus(void)
              {
                  return (ScalerGetBit(P31_06_FC_EO_LINE_CTRL, _BIT7) == _BIT7);
              }
              
              //--------------------------------------------------
              // Description  : Set V start line toggle for E/O mode
              // Input Value  : None
              // Output Value : None
              //--------------------------------------------------
              void ScalerFmtCnvFtoPInterlaceSetting(void)
              {
                  // Check V start changes by field
                  if(ScalerGetBit(P0_13_M1_VGIP_ODD_CTRL, _BIT6) == 0x00)
                  {
                      // Disable Vst toggle
                      ScalerSetBit(P31_0B_FC_FPRMAT_PRO_OUTPUT, ~_BIT7, 0x00);
                  }
                  else
                  {
                      // Enable Vst toggle
                      ScalerSetBit(P31_0B_FC_FPRMAT_PRO_OUTPUT, ~_BIT7, _BIT7);
              
                      // Check V start is even or odd
                      if((GET_ACTIVE_V_START() & 0x0001) == 0x0001)
                      {
                          // Check the field with larger V start
                          if(ScalerGetBit(P0_13_M1_VGIP_ODD_CTRL, _BIT7) == 0x00)
                          {
                              ScalerSetBit(P31_0B_FC_FPRMAT_PRO_OUTPUT, ~_BIT6, 0x00);
                          }
                          else
                          {
                              ScalerSetBit(P31_0B_FC_FPRMAT_PRO_OUTPUT, ~_BIT6, _BIT6);
                          }
              
                          // Disable VGIP odd delay 1 line
                          ScalerSetBit(P0_13_M1_VGIP_ODD_CTRL, ~_BIT6, 0x00);
                          ScalerSetBit(P40_13_M2_VGIP_ODD_CTRL, ~_BIT6, 0x00);
                      }
                      else
                      {
                          // Check the field with larger V start
                          if(ScalerGetBit(P0_13_M1_VGIP_ODD_CTRL, _BIT7) == 0x00)
                          {
                              ScalerSetBit(P31_0B_FC_FPRMAT_PRO_OUTPUT, ~_BIT6, _BIT6);
                          }
                          else
                          {
                              ScalerSetBit(P31_0B_FC_FPRMAT_PRO_OUTPUT, ~_BIT6, 0x00);
                          }
                      }
                  }
              }
              
              //--------------------------------------------------
              // Description  : Control half scaling down on/off
C51 COMPILER V9.60.0.0   SCALERFORMATCONVERSION                                            09/24/2026 09:30:03 PAGE 3   

              // Input Value  : _ENABLE or _DISABLE
              // Output Value : None
              //--------------------------------------------------
              void ScalerFmtCnvHalfSDControl(bit bEnable)
              {
                  if(bEnable == _ENABLE)
                  {
                      // Enable 1/2 SD
                      ScalerSetBit(P31_05_FC_SD_CTRL, ~_BIT7, 0x00);
                      ScalerSetBit(P31_06_FC_EO_LINE_CTRL, ~_BIT7, 0x00);
                  }
                  else
                  {
                      // Disable 1/2 SD
                      ScalerSetBit(P31_05_FC_SD_CTRL, ~_BIT7, _BIT7);
                  }
              }
              
              //--------------------------------------------------
              // Description  : Half Scaling down status
              // Input Value  : None
              // Output Value : _TRUE or _FALSE
              //--------------------------------------------------
              bit ScalerFmtCnvHalfSDGetStatus(void)
              {
                  return ((ScalerGetBit(P31_05_FC_SD_CTRL, _BIT7) == 0x00) && (ScalerGetBit(P31_06_FC_EO_LINE_CTRL, _BIT
             -7) == 0x00));
              }
              
              //--------------------------------------------------
              // Description  : Set the first pixel for half scaling down
              // Input Value  : usHstart --> H start
              // Output Value : None
              //--------------------------------------------------
              void ScalerFmtCnvHalfSDSetFirstPixel(WORD usHstart)
              {
                  if((LOBYTE(usHstart) & _BIT0) == 0x00)
                  {
                      // Set first pixel = even
                      ScalerSetBit(P31_05_FC_SD_CTRL, ~_BIT3, _BIT3);
                  }
                  else
                  {
                      // Set first pixel = odd
                      ScalerSetBit(P31_05_FC_SD_CTRL, ~_BIT3, 0x00);
                  }
              }
              #endif // End of #if(_FORMAT_CONVERSION_SUPPORT == _ON)
 157          


MODULE INFORMATION:   STATIC OVERLAYABLE
   CODE SIZE        =   ----    ----
   CONSTANT SIZE    =   ----    ----
   XDATA SIZE       =   ----    ----
   PDATA SIZE       =   ----    ----
   DATA SIZE        =   ----    ----
   IDATA SIZE       =   ----    ----
   BIT SIZE         =   ----    ----
END OF MODULE INFORMATION.


C51 COMPILATION COMPLETE.  0 WARNING(S),  0 ERROR(S)
