C51 COMPILER V9.60.0.0   SCALEROD                                                          09/21/2026 15:32:10 PAGE 1   


C51 COMPILER V9.60.0.0, COMPILATION OF MODULE SCALEROD
OBJECT MODULE PLACED IN .\Output\RL6432_Project\ScalerOD.obj
COMPILER INVOKED BY: C:\Keil_v5\C51\BIN\C51.EXE Kernel\Scaler\ScalerFunction\Code\ScalerOD.c LARGE OPTIMIZE(9,SPEED) INC
                    -DIR(.\Output\RL6432;.\Project\Header;.\Pcb;.\Panel;.\Kernel\Device\Header;.\Kernel\Common;.\Kernel\System\Header;.\Kerne
                    -l\Scaler\ScalerFunction\Header;.\Kernel\Scaler\ScalerCommonFunction\Header;.\Kernel\Scaler\ScalerFunction\Lib\Header;.\K
                    -ernel\Scaler\ScalerCommonFunction\Lib\Header;.\Kernel\Scaler\RL6432_Series_Scaler\Header;.\Kernel\Scaler\RL6432_Series_C
                    -ommon\Header;.\Kernel\Scaler\RL6432_Series_Scaler\Lib\Header;.\Kernel\Scaler\RL6432_Series_Common\Lib\Header;.\Kernel\Us
                    -er Common Function\Header;.\User\RTD Series\RTD2014Function\Header;.\User\RTD Series\RTD2014Osd\Header;.\User\RTD Factor
                    -y\Header;.\User\None Series\NoneFunction\Header;.\User\None Series\NoneOsd\Header;.\User\None Factory\Header) DEFINE(_PR
                    -OJECT=_RL6432_PROJECT,_SCALER_TYPE=_RL6432_SERIES) DEBUG OBJECTEXTEND PRINT(.\Output\RL6432_Project\ScalerOD.lst) TABS(2
                    -) OBJECT(.\Output\RL6432_Project\ScalerOD.obj)

line level    source

   1          /********************************************************************************/
   2          /*   Copyright (c) 2021 Realtek Semiconductor Corp. All rights reserved.        */
   3          /*                                                                              */
   4          /*   SPDX-License-Identifier: LicenseRef-Realtek-Proprietary                    */
   5          /*                                                                              */
   6          /*   This software component is confidential and proprietary to Realtek         */
   7          /*   Semiconductor Corp. Disclosure, reproduction, redistribution, in whole     */
   8          /*   or in part, of this work and its derivatives without express permission    */
   9          /*   is prohibited.                                                             */
  10          /********************************************************************************/
  11          
  12          //----------------------------------------------------------------------------------------------------
  13          // ID Code      : ScalerOD.c No.0000
  14          // Update Note  :
  15          //----------------------------------------------------------------------------------------------------
  16          
  17          #include "ScalerFunctionInclude.h"
  18          
  19          //****************************************************************************
  20          // DEFINITIONS / MACROS
  21          //****************************************************************************
  22          
  23          
  24          //****************************************************************************
  25          // STRUCT / TYPE / ENUM DEFINITTIONS
  26          //****************************************************************************
  27          
  28          
  29          //****************************************************************************
  30          // CODE TABLES
  31          //****************************************************************************
  32          
  33          
  34          //****************************************************************************
  35          // VARIABLE DECLARATIONS
  36          //****************************************************************************
  37          #if(_OD_SUPPORT == _ON)
              #if(_FRC_SUPPORT == _ON)
              BYTE g_ucODCurrDynamicStatus;
              #endif
              #endif
  42          
  43          //****************************************************************************
  44          // FUNCTION DECLARATIONS
  45          //****************************************************************************
  46          #if(_OD_SUPPORT == _ON)
              BYTE ScalerODGetCompressionBitNum(DWORD ulMemoryRemainSpace, WORD usMemoryRemainBW);
C51 COMPILER V9.60.0.0   SCALEROD                                                          09/21/2026 15:32:10 PAGE 2   

              bit ScalerODGetSupportStatus(void);
              EnumFunctionOnOFF ScalerODGetStatus(void);
              EnumOdCmpParamMode ScalerODGetCmpParamMode(void);
              #endif
  52          
  53          //****************************************************************************
  54          // FUNCTION DEFINITIONS
  55          //****************************************************************************
  56          #if(_OD_SUPPORT == _ON)
              //--------------------------------------------------
              // Description  : Get OD compression bit number
              //                according to available memory space & BW.
              // Input Value  : Remaining space & BW
              // Output Value : OD compression bit number(10x)
              //--------------------------------------------------
              BYTE ScalerODGetCompressionBitNum(DWORD ulMemoryRemainSpace, WORD usMemoryRemainBW)
              {
                  WORD usODUseSpace = 0;
                  WORD usODUseBW = 0;
              
                  DebugMessageMemory("4. Remaining BW for OD", usMemoryRemainBW);
                  DebugMessageMemory("4. Remaining Space for OD", ulMemoryRemainSpace);
              
                  // Disable OD for emissive panel
                  if((_PANEL_PIXEL_TYPE == _PANEL_PIXEL_OLED) || (_PANEL_PIXEL_TYPE == _PANEL_PIXEL_MICRO_LED))
                  {
                      return _OFF;
                  }
              
                  //=============================================
                  // OD compression bit num: 7.5bits / pixel
                  //=============================================
                  if(CHECK_OD_MODE_AVAILABLE(_OD_SUPERPIXEL1X2_75BIT_BIT_NUM) == _TRUE)
                  {
                      usODUseSpace = ScalerMDomainODCalculateMemoryUseSpace(_OD_SUPERPIXEL1X2_75BIT_BIT_NUM);
                      usODUseBW = ScalerMDomainODCalculateMemoryUseBW(_OD_SUPERPIXEL1X2_75BIT_BIT_NUM);
              
                      DebugMessageMemory("4. 7_5_bit OD BW", usODUseBW);
                      DebugMessageMemory("4. 7_5_bit OD Size", usODUseSpace);
                      if((usODUseSpace < ulMemoryRemainSpace) && (usODUseBW < usMemoryRemainBW))
                      {
                          return _OD_SUPERPIXEL1X2_75BIT_BIT_NUM;
                      }
                  }
                  //=============================================
                  // OD compression bit num: 6 bits / pixel
                  //=============================================
                  if(CHECK_OD_MODE_AVAILABLE(_OD_SUPERPIXEL1X4_60BIT_BIT_NUM) == _TRUE)
                  {
                      usODUseSpace = ScalerMDomainODCalculateMemoryUseSpace(_OD_SUPERPIXEL1X4_60BIT_BIT_NUM);
                      usODUseBW = ScalerMDomainODCalculateMemoryUseBW(_OD_SUPERPIXEL1X4_60BIT_BIT_NUM);
              
                      DebugMessageMemory("4. 6_0_bit OD BW", usODUseBW);
                      DebugMessageMemory("4. 6_0_bit OD Size", usODUseSpace);
                      if((usODUseSpace < ulMemoryRemainSpace) && (usODUseBW < usMemoryRemainBW))
                      {
                          return _OD_SUPERPIXEL1X4_60BIT_BIT_NUM;
                      }
                  }
                  //=============================================
                  // Otherwise, OD off
                  //=============================================
C51 COMPILER V9.60.0.0   SCALEROD                                                          09/21/2026 15:32:10 PAGE 3   

                  return _OFF;
              }
              
              //--------------------------------------------------
              // Description  : Get OD kernel Useability
              // Input Value  : None
              // Output Value : _OFF/_ON
              //--------------------------------------------------
              bit ScalerODGetSupportStatus(void)
              {
                  return ((GET_OD_USE_BIT() == _OFF) ? (_OFF) : (_ON));
              }
              
              //--------------------------------------------------
              // Description  : Get OD real-time enable status
              // Input Value  : None
              // Output Value : _FUNCTION_OFF/_FUNCTION_ON
              //--------------------------------------------------
              EnumFunctionOnOFF ScalerODGetStatus(void)
              {
              #if(_FRC_SUPPORT == _ON)
                  if(GET_OD_CURR_DYNAMIC_STATUS() == _ENABLE)
                  {
                      return _FUNCTION_ON;
                  }
              
              #endif
                  return (ScalerGetBit(P3_A1_LS_CTRL0, (_BIT7 | _BIT6)) == (_BIT7 | _BIT6)) ? _FUNCTION_ON : _FUNCTION_O
             -FF;
              }
              
              //--------------------------------------------------
              // Description  : Get OD compression parameter mode
              // Input Value  : None
              // Output Value : OD compression parameter mode
              //--------------------------------------------------
              EnumOdCmpParamMode ScalerODGetCmpParamMode(void)
              {
              #if(_OD_6_0_BIT_MODE_IMPROVE_OPTION == _ON)
                  return _OD_CMP_PARAM_MODE_6_0_BIT_IMPROVE;
              #else
                  return _OD_CMP_PARAM_MODE_DEFAULT;
              #endif
              }
              #endif


MODULE INFORMATION:   STATIC OVERLAYABLE
   CODE SIZE        =   ----    ----
   CONSTANT SIZE    =   ----    ----
   XDATA SIZE       =   ----    ----
   PDATA SIZE       =   ----    ----
   DATA SIZE        =   ----    ----
   IDATA SIZE       =   ----    ----
   BIT SIZE         =   ----    ----
END OF MODULE INFORMATION.


C51 COMPILATION COMPLETE.  0 WARNING(S),  0 ERROR(S)
