C51 COMPILER V9.60.0.0   SYSAUDIO                                                          09/21/2026 15:31:47 PAGE 1   


C51 COMPILER V9.60.0.0, COMPILATION OF MODULE SYSAUDIO
OBJECT MODULE PLACED IN .\Output\RL6432_Project\SysAudio.obj
COMPILER INVOKED BY: C:\Keil_v5\C51\BIN\C51.EXE Kernel\System\Code\SysAudio.c LARGE OPTIMIZE(9,SPEED) INCDIR(.\Output\RL
                    -6432;.\Project\Header;.\Pcb;.\Panel;.\Kernel\Device\Header;.\Kernel\Common;.\Kernel\System\Header;.\Kernel\Scaler\Scaler
                    -Function\Header;.\Kernel\Scaler\ScalerCommonFunction\Header;.\Kernel\Scaler\ScalerFunction\Lib\Header;.\Kernel\Scaler\Sc
                    -alerCommonFunction\Lib\Header;.\Kernel\Scaler\RL6432_Series_Scaler\Header;.\Kernel\Scaler\RL6432_Series_Common\Header;.\
                    -Kernel\Scaler\RL6432_Series_Scaler\Lib\Header;.\Kernel\Scaler\RL6432_Series_Common\Lib\Header;.\Kernel\User Common Funct
                    -ion\Header;.\User\RTD Series\RTD2014Function\Header;.\User\RTD Series\RTD2014Osd\Header;.\User\RTD Factory\Header;.\User
                    -\None Series\NoneFunction\Header;.\User\None Series\NoneOsd\Header;.\User\None Factory\Header) DEFINE(_PROJECT=_RL6432_P
                    -ROJECT,_SCALER_TYPE=_RL6432_SERIES) DEBUG OBJECTEXTEND PRINT(.\Output\RL6432_Project\SysAudio.lst) TABS(2) OBJECT(.\Outp
                    -ut\RL6432_Project\SysAudio.obj)

line level    source

   1          /********************************************************************************/
   2          /*   Copyright (c) 2021 Realtek Semiconductor Corp. All rights reserved.        */
   3          /*                                                                              */
   4          /*   SPDX-License-Identifier: LicenseRef-Realtek-Proprietary                    */
   5          /*                                                                              */
   6          /*   This software component is confidential and proprietary to Realtek         */
   7          /*   Semiconductor Corp. Disclosure, reproduction, redistribution, in whole     */
   8          /*   or in part, of this work and its derivatives without express permission    */
   9          /*   is prohibited.                                                             */
  10          /********************************************************************************/
  11          
  12          //----------------------------------------------------------------------------------------------------
  13          // ID Code      : SysAudio.c No.0000
  14          // Update Note  :
  15          //----------------------------------------------------------------------------------------------------
  16          
  17          #define __SYSTEM_AUDIO__
  18          
  19          #include "SysInclude.h"
  20          
  21          #if(_AUDIO_SUPPORT == _ON)
  22          
  23          //****************************************************************************
  24          // DEFINITIONS / MACROS
  25          //****************************************************************************
  26          #if(_EMBEDDED_DAC_SUPPORT == _ON)
  27          #define _DAC_VCM_INITIAL_TIME                       SEC(0.1)
  28          #define _DAC_VCM_CHARGE_TIME                        SEC(0.5)
  29          #endif
  30          
  31          //****************************************************************************
  32          // STRUCT / TYPE / ENUM DEFINITTIONS
  33          //****************************************************************************
  34          
  35          
  36          //****************************************************************************
  37          // CODE TABLES
  38          //****************************************************************************
  39          
  40          
  41          //****************************************************************************
  42          // VARIABLE DECLARATIONS
  43          //****************************************************************************
  44          StructAudioInfoType g_stAudioInfo;
  45          EnumAudioSamplingFreqPacket g_enumAudioFSBackup = _AUDIO_FREQ_PACKET_NO_AUDIO;
  46          
  47          //****************************************************************************
C51 COMPILER V9.60.0.0   SYSAUDIO                                                          09/21/2026 15:31:47 PAGE 2   

  48          // FUNCTION DECLARATIONS
  49          //****************************************************************************
  50          void SysAudioHandler(void);
  51          EnumAudioState SysAudioGetAudioState(void);
  52          EnumAudioSamplingFreqPacket SysAudioGetAudioBackupFreq(void);
  53          void SysAudioPowerProc(EnumPowerAction enumSwitch);
  54          void SysAudioMuteProc(bit bMute);
  55          
  56          #if(_AUDIO_DVC_FAST_CONTROL_SUPPORT == _ON)
  57          void SysAudioFastMuteProc(bit bMute);
  58          #endif
  59          
  60          void SysAudioOutputProc(bit bEnable);
  61          
  62          #if(_AUDIO_DVC_FAST_CONTROL_SUPPORT == _ON)
  63          void SysAudioFastOutputProc(bit bEnable);
  64          #endif
  65          
  66          void SysAudioAnalogAudioHandler(void);
  67          void SysAudioDigitalAudioHandler(void);
  68          void SysAudioChangeAudioState(EnumAudioState enumAudioState);
  69          void SysAudioInitial(void);
  70          void SysAudioSetUserDefineAudioFrequency(void);
  71          
  72          #if(_DP_SUPPORT == _ON)
  73          void SysAudioDpAudioSecDataResetProc(BYTE ucInputPort);
  74          #endif
  75          
  76          #if(_AUDIO_FW_TRACKING_MODE_SUPPORT == _ON)
              void SysAudioFwTrackingHandler(void);
              #endif
  79          
  80          #if(_SLEEP_AUDIO_SUPPORT == _ON)
              void SysAudioSleepAudioHandler(void);
              
              #if((_LINE_IN_SUPPORT == _ON) && ((_PS_AUDIO_INPUT == _PS_AUDIO_BOTH) || (_PS_AUDIO_INPUT == _PS_AUDIO_LIN
             -E_IN)))
              bit SysAudioGetSleepAudioStatusForLineIn(void);
              #endif
              #endif
  87          
  88          #if(_INTERNAL_AUDIO_TEST_SUPPORT == _ON)
              void SysAudioInternalGenTestProc(bit bOn);
              #endif
  91          
  92          #if(_AUDIO_TTS_SUPPORT_TYPE == _AUDIO_TTS_EMBEDDED_TYPE)
              void SysAudioTtsCheckPlaybackAcitveEvent(void);
              #endif // End of #if(_AUDIO_TTS_SUPPORT_TYPE == _AUDIO_TTS_EMBEDDED_TYPE)
  95          
  96          //****************************************************************************
  97          // FUNCTION DEFINITIONS
  98          //****************************************************************************
  99          
 100          //--------------------------------------------------
 101          // Description  : Audio handler. Main audio control flow
 102          // Input Value  : None
 103          // Output Value : None
 104          //--------------------------------------------------
 105          void SysAudioHandler(void)
 106          {
 107   1          SysAudioAnalogAudioHandler();
 108   1      
C51 COMPILER V9.60.0.0   SYSAUDIO                                                          09/21/2026 15:31:47 PAGE 3   

 109   1      #if(_INTERNAL_AUDIO_TEST_SUPPORT == _ON)
                  if(ScalerAudioGetInternalAudioGenEnable(SysSourceGetInputPort()) == _ENABLE)
                  {
                      return;
                  }
              #endif
 115   1      
 116   1      #if(_AUDIO_FW_TRACKING_MODE_SUPPORT == _ON)
                  SysAudioFwTrackingHandler();
              #endif
 119   1      
 120   1          SysAudioDigitalAudioHandler();
 121   1      
 122   1      #if(_AUDIO_TTS_SUPPORT_TYPE == _AUDIO_TTS_EMBEDDED_TYPE)
                  // Check TTS Event Trigger or Not
                  SysAudioTtsCheckPlaybackAcitveEvent();
              #endif // End of #if(_AUDIO_TTS_SUPPORT_TYPE == _AUDIO_TTS_EMBEDDED_TYPE)
 126   1      
 127   1          switch(GET_AUDIO_STATE())
 128   1          {
 129   2              case _AUDIO_STATUS_PREPARING:
 130   2      
 131   2                  if(GET_AUDIO_STATE_CHANGE() == _TRUE)
 132   2                  {
 133   3                      CLR_AUDIO_STATE_CHANGE();
 134   3                      SET_AUDIO_PLAYBACK_SEARCH_INDEX(0x0F);
 135   3                  }
 136   2      
 137   2                  if(UserCommonInterfaceGetAudioReadyToPlayStatus() == _TRUE)
 138   2                  {
 139   3      #if(_HDMI_SUPPORT == _ON)
 140   3                      if(ScalerAudioDigitalAudioSourceType() == _SOURCE_HDMI)
 141   3                      {
 142   4                          ScalerAudioHdmiI2sSpdifChannelOutputSelect(_AUDIO_SELECT_BY_CA_MODE, ScalerAudioGetDig
             -italAudioPortMapping());
 143   4                      }
 144   3      #endif
 145   3      
 146   3                      ScalerAudioDigitalEnable(ScalerAudioGetDigitalAudioPortMapping());
 147   3      
 148   3                      SysAudioChangeAudioState(_AUDIO_STATUS_PLAYBACK);
 149   3      
 150   3                      DebugMessageAudio("Switch to Audio Playback", _AUDIO_STATUS_PLAYBACK);
 151   3      
 152   3      #if(_DIGITAL_AUDIO_OUTPUT_MUTE_CONTROL_SUPPORT == _ON)
                              // RX Digital Audio Output Control
                              ScalerAudioDigitalOutputMute(_OFF);
                              ScalerTimerDelayXms(3);
              #endif
 157   3                      // Normal Control DVC & Ext.Amp & Ext. DSP
 158   3                      SysAudioOutputProc(_ENABLE);
 159   3      
 160   3                      g_enumAudioFSBackup = ScalerAudioSamplingFreqDetect(SysSourceGetInputPort());
 161   3      
 162   3                      // Update User Define Frequency When No Audio
 163   3                      SysAudioSetUserDefineAudioFrequency();
 164   3      
 165   3                      // Set User Define Frequency When No Audio except input port
 166   3                      ScalerAudioSyncUserDefineFrequency();
 167   3                  }
 168   2      
 169   2                  break;
C51 COMPILER V9.60.0.0   SYSAUDIO                                                          09/21/2026 15:31:47 PAGE 4   

 170   2      
 171   2      #if(_AUDIO_DVC_FAST_CONTROL_SUPPORT == _ON)
 172   2      
 173   2              case _AUDIO_STATUS_PLAYBACK_CHECK:
 174   2      
 175   2                  if(GET_AUDIO_STATE_CHANGE() == _TRUE)
 176   2                  {
 177   3                      CLR_AUDIO_STATE_CHANGE();
 178   3                      SET_AUDIO_PLAYBACK_SEARCH_INDEX(g_ucSearchIndex);
 179   3                  }
 180   2      
 181   2                  if(UserCommonInterfaceGetAudioReadyToPlayStatus() == _FALSE)
 182   2                  {
 183   3                      if(GET_MODE_STATE() != _MODE_STATUS_ACTIVE)
 184   3                      {
 185   4                          SysAudioChangeAudioState(_AUDIO_STATUS_PREPARING);
 186   4      
 187   4                          DebugMessageAudio("Switch to Audio Preparing", _AUDIO_STATUS_PREPARING);
 188   4      
 189   4                          // Normal Control DVC & Ext.Amp & Ext. DSP
 190   4                          SysAudioOutputProc(_DISABLE);
 191   4      
 192   4                          ScalerAudioDigitalReset(ScalerAudioGetDigitalAudioPortMapping());
 193   4      
 194   4      #if(_DIGITAL_AUDIO_OUTPUT_MUTE_CONTROL_SUPPORT == _ON)
                                  // RX Digital Audio Output Control
                                  ScalerTimerDelayXms(3);
                                  ScalerAudioDigitalOutputMute(_ON);
              #endif
 199   4      
 200   4      #if(_HDMI_SUPPORT == _ON)
 201   4                          if(ScalerAudioDigitalAudioSourceType() == _SOURCE_HDMI)
 202   4                          {
 203   5                              ScalerAudioHdmiI2sSpdifChannelOutputSelect(_AUDIO_DEFAULT_MODE, ScalerAudioGetDigi
             -talAudioPortMapping());
 204   5                          }
 205   4      #endif
 206   4                      }
 207   3                  }
 208   2                  else
 209   2                  {
 210   3                      if(SysAudioGetAudioBackupFreq() == ScalerAudioSamplingFreqDetect(SysSourceGetInputPort()))
 211   3                      {
 212   4      #if(_HDMI_SUPPORT == _ON)
 213   4                          if(ScalerAudioDigitalAudioSourceType() == _SOURCE_HDMI)
 214   4                          {
 215   5                              ScalerAudioHdmiI2sSpdifChannelOutputSelect(_AUDIO_SELECT_BY_CA_MODE, ScalerAudioGe
             -tDigitalAudioPortMapping());
 216   5                          }
 217   4      #endif
 218   4                          ScalerAudioDigitalEnable(ScalerAudioGetDigitalAudioPortMapping());
 219   4      
 220   4                          SysAudioChangeAudioState(_AUDIO_STATUS_PLAYBACK);
 221   4      
 222   4                          DebugMessageAudio("Switch to Audio Playback", _AUDIO_STATUS_PLAYBACK);
 223   4      
 224   4      #if(_DIGITAL_AUDIO_OUTPUT_MUTE_CONTROL_SUPPORT == _ON)
                                  // RX Digital Audio Output Control
                                  ScalerAudioDigitalOutputMute(_OFF);
                                  ScalerTimerDelayXms(3);
              #endif
 229   4      
C51 COMPILER V9.60.0.0   SYSAUDIO                                                          09/21/2026 15:31:47 PAGE 5   

 230   4                          // Fast Control DVC & Ext.Amp & Ext. DSP
 231   4                          SysAudioFastOutputProc(_ENABLE);
 232   4      
 233   4                          // Update User Define Frequency When No Audio
 234   4                          SysAudioSetUserDefineAudioFrequency();
 235   4      
 236   4                          // Set User Define Frequency When No Audio except input port
 237   4                          ScalerAudioSyncUserDefineFrequency();
 238   4                      }
 239   3                      else
 240   3                      {
 241   4                          SysAudioChangeAudioState(_AUDIO_STATUS_PREPARING);
 242   4      
 243   4                          DebugMessageAudio("Switch to Audio Preparing", _AUDIO_STATUS_PREPARING);
 244   4      
 245   4                          // Normal Control DVC & Ext.Amp & Ext. DSP
 246   4                          SysAudioOutputProc(_DISABLE);
 247   4                          ScalerAudioDigitalReset(ScalerAudioGetDigitalAudioPortMapping());
 248   4      
 249   4      #if(_DIGITAL_AUDIO_OUTPUT_MUTE_CONTROL_SUPPORT == _ON)
                                  ScalerTimerDelayXms(3);
                                  // RX Digital Audio Output Control
                                  ScalerAudioDigitalOutputMute(_ON);
              #endif
 254   4      
 255   4      #if(_HDMI_SUPPORT == _ON)
 256   4                          if(ScalerAudioDigitalAudioSourceType() == _SOURCE_HDMI)
 257   4                          {
 258   5                              ScalerAudioHdmiI2sSpdifChannelOutputSelect(_AUDIO_DEFAULT_MODE, ScalerAudioGetDigi
             -talAudioPortMapping());
 259   5                          }
 260   4      #endif
 261   4                      }
 262   3                  }
 263   2      
 264   2                  break;
 265   2      
 266   2      #endif // End of #if(_AUDIO_DVC_FAST_CONTROL_SUPPORT == _ON)
 267   2      
 268   2              case _AUDIO_STATUS_PLAYBACK:
 269   2      
 270   2                  if(GET_AUDIO_STATE_CHANGE() == _TRUE)
 271   2                  {
 272   3                      CLR_AUDIO_STATE_CHANGE();
 273   3                      SET_AUDIO_PLAYBACK_SEARCH_INDEX(g_ucSearchIndex);
 274   3                  }
 275   2      
 276   2                  if(UserCommonInterfaceGetAudioReadyToPlayStatus() == _FALSE)
 277   2                  {
 278   3      #if(_AUDIO_DVC_FAST_CONTROL_SUPPORT == _ON)
 279   3                      if(GET_MODE_STATE() == _MODE_STATUS_ACTIVE)
 280   3                      {
 281   4                          SysAudioChangeAudioState(_AUDIO_STATUS_PLAYBACK_CHECK);
 282   4                          DebugMessageAudio("Switch to Audio PlaybackCheck", _AUDIO_STATUS_PLAYBACK_CHECK);
 283   4      
 284   4                          // Fast Control DVC & Ext.Amp & Ext. DSP
 285   4                          SysAudioFastOutputProc(_DISABLE);
 286   4      
 287   4      #if(_DIGITAL_AUDIO_OUTPUT_MUTE_CONTROL_SUPPORT == _ON)
                                  ScalerAudioDigitalReset(ScalerAudioGetDigitalAudioPortMapping());
              
                                  ScalerTimerDelayXms(3);
C51 COMPILER V9.60.0.0   SYSAUDIO                                                          09/21/2026 15:31:47 PAGE 6   

                                  // RX Digital Audio Output Control
                                  ScalerAudioDigitalOutputMute(_ON);
              #endif
 294   4                      }
 295   3                      else
 296   3      #endif
 297   3                      {
 298   4                          SysAudioChangeAudioState(_AUDIO_STATUS_PREPARING);
 299   4                          DebugMessageAudio("Switch to Audio Preparing", _AUDIO_STATUS_PREPARING);
 300   4      
 301   4                          // Normal Control DVC & Ext.Amp & Ext. DSP
 302   4                          SysAudioOutputProc(_DISABLE);
 303   4      
 304   4      #if(_DIGITAL_AUDIO_OUTPUT_MUTE_CONTROL_SUPPORT == _ON)
                                  ScalerTimerDelayXms(3);
                                  // RX Digital Audio Output Control
                                  ScalerAudioDigitalOutputMute(_ON);
              #endif
 309   4                      }
 310   3      
 311   3                      ScalerAudioDigitalReset(ScalerAudioGetDigitalAudioPortMapping());
 312   3      
 313   3      #if(_HDMI_SUPPORT == _ON)
 314   3                      if(ScalerAudioDigitalAudioSourceType() == _SOURCE_HDMI)
 315   3                      {
 316   4                          ScalerAudioHdmiI2sSpdifChannelOutputSelect(_AUDIO_DEFAULT_MODE, ScalerAudioGetDigitalA
             -udioPortMapping());
 317   4                      }
 318   3      #endif
 319   3                  }
 320   2      
 321   2                  break;
 322   2      
 323   2      #if(_AUDIO_TTS_SUPPORT_TYPE == _AUDIO_TTS_EMBEDDED_TYPE)
                      case _AUDIO_STATUS_TTS_PLAYBACK:
              
                          // Check if TTS fail when in playback
                          if(ScalerAudioTtsPlaybackStableCheck() == _TRUE)
                          {
                              // Recover TTS
                              ScalerAudioTtsRecoverProc();
              
                              // Reset TTS
                              ScalerAudioTtsResetProc();
              
                              // Digital Audio Output DVC & Ext.Amp & Ext. DSP Control
                              SysAudioChangeAudioState(_AUDIO_STATUS_PREPARING);
              
                              DebugMessageAudio("TTS Fail and Back to Audio Preparing", _AUDIO_STATUS_PREPARING);
              
                              // Normal Control DVC & Ext.Amp & Ext. DSP
                              SysAudioOutputProc(_DISABLE);
              
                              ScalerAudioDigitalReset(ScalerAudioGetDigitalAudioPortMapping());
              
              #if(_DIGITAL_AUDIO_OUTPUT_MUTE_CONTROL_SUPPORT == _ON)
                              ScalerTimerDelayXms(3);
                              // RX Digital Audio Output Control
                              ScalerAudioDigitalOutputMute(_ON);
              #endif
                              // Update User Define Frequency When No Audio
                              SysAudioSetUserDefineAudioFrequency();
C51 COMPILER V9.60.0.0   SYSAUDIO                                                          09/21/2026 15:31:47 PAGE 7   

              
                              // Set User Define Frequency When No Audio except input port
                              ScalerAudioSyncUserDefineFrequency();
                          }
              
                          // Check if TTS play done
                          if(ScalerAudioTtsGetPlayDoneStatus() == _TRUE)
                          {
                              // Recover TTS
                              ScalerAudioTtsRecoverProc();
              
                              // Reset TTS
                              ScalerAudioTtsResetProc();
              
                              // Check Previous Audio State
                              if(UserCommonInterfaceGetAudioReadyToPlayStatus() == _TRUE)
                              {
                                  DebugMessageAudio("TTS End and Back to Audio Playback", _AUDIO_STATUS_PLAYBACK);
                                  SysAudioChangeAudioState(_AUDIO_STATUS_PLAYBACK);
                              }
                              else
                              {
                                  // Digital Audio Output DVC & Ext.Amp & Ext. DSP Control
                                  SysAudioChangeAudioState(_AUDIO_STATUS_PREPARING);
              
                                  DebugMessageAudio("TTS End and Back to Audio Preparing", _AUDIO_STATUS_PREPARING);
              
                                  // Normal Control DVC & Ext.Amp & Ext. DSP
                                  SysAudioOutputProc(_DISABLE);
              
                                  ScalerAudioDigitalReset(ScalerAudioGetDigitalAudioPortMapping());
              
              #if(_DIGITAL_AUDIO_OUTPUT_MUTE_CONTROL_SUPPORT == _ON)
                                  ScalerTimerDelayXms(3);
                                  // RX Digital Audio Output Control
                                  ScalerAudioDigitalOutputMute(_ON);
              #endif
                                  // Update User Define Frequency When No Audio
                                  SysAudioSetUserDefineAudioFrequency();
              
                                  // Set User Define Frequency When No Audio except input port
                                  ScalerAudioSyncUserDefineFrequency();
                              }
                          }
              
                          break;
              
              #endif // End of #if(_AUDIO_TTS_SUPPORT_TYPE == _AUDIO_TTS_EMBEDDED_TYPE)
 400   2      
 401   2              case _AUDIO_STATUS_POWER_OFF:
 402   2              default:
 403   2                  break;
 404   2          }
 405   1      
 406   1      #if(_SLEEP_AUDIO_SUPPORT == _ON)
                  SysAudioSleepAudioHandler();
              #endif
 409   1      }
 410          
 411          //--------------------------------------------------
 412          // Description  : Get Current Audio
 413          // Input Value  : None
C51 COMPILER V9.60.0.0   SYSAUDIO                                                          09/21/2026 15:31:47 PAGE 8   

 414          // Output Value : Node
 415          //--------------------------------------------------
 416          EnumAudioState SysAudioGetAudioState(void)
 417          {
 418   1          return GET_AUDIO_STATE();
 419   1      }
 420          
 421          //--------------------------------------------------
 422          // Description  : Get Current Audio Backup Freq
 423          // Input Value  : None
 424          // Output Value : Node
 425          //--------------------------------------------------
 426          EnumAudioSamplingFreqPacket SysAudioGetAudioBackupFreq(void)
 427          {
 428   1          return g_enumAudioFSBackup;
 429   1      }
 430          
 431          //--------------------------------------------------
 432          // Description  : Audio Power Process
 433          // Input Value  : None
 434          // Output Value : Node
 435          //--------------------------------------------------
 436          void SysAudioPowerProc(EnumPowerAction enumSwitch)
 437          {
 438   1          switch(enumSwitch)
 439   1          {
 440   2              case _POWER_ACTION_AC_ON_TO_NORMAL:
 441   2              case _POWER_ACTION_OFF_TO_NORMAL:
 442   2              case _POWER_ACTION_PS_TO_NORMAL:
 443   2      
 444   2                  // Update User Define Frequency When No Audio
 445   2                  SysAudioSetUserDefineAudioFrequency();
 446   2      
 447   2                  SysAudioInitial();
 448   2      
 449   2                  // Add User interface function
 450   2                  UserInterfaceAdjustAudioPowerProc(_POWER_STATUS_NORMAL);
 451   2      
 452   2      #if((_LINE_IN_SUPPORT == _ON) && (_HW_AUDIO_LINE_IN_TO_DIGITAL_LR_SWAP == _ON))
                          UserInterfaceSwapExternalAudioCodecInput(ScalerAudioGetI2sOutputNeedToSwap(UserInterfaceGetAud
             -ioSource()));
              #endif
 455   2                  SysAudioChangeAudioState(_AUDIO_STATUS_PREPARING);
 456   2      
 457   2                  break;
 458   2      
 459   2              case _POWER_ACTION_AC_ON_TO_OFF:
 460   2              case _POWER_ACTION_PS_TO_OFF:
 461   2              case _POWER_ACTION_NORMAL_TO_OFF:
 462   2              case _POWER_ACTION_NORMAL_TO_FAKE_OFF:
 463   2      
 464   2                  // Normal Control DVC & Ext.Amp & Ext. DSP
 465   2                  SysAudioOutputProc(_DISABLE);
 466   2      
 467   2                  // Reset Digital Audio
 468   2                  ScalerAudioDigitalReset(ScalerAudioGetDigitalAudioPortMapping());
 469   2      
 470   2                  // Add User interface function
 471   2                  UserInterfaceAdjustAudioPowerProc(_POWER_STATUS_OFF);
 472   2      
 473   2                  // Disable Audio
 474   2                  ScalerAudioDisable();
C51 COMPILER V9.60.0.0   SYSAUDIO                                                          09/21/2026 15:31:47 PAGE 9   

 475   2      
 476   2                  SysAudioChangeAudioState(_AUDIO_STATUS_POWER_OFF);
 477   2      
 478   2                  break;
 479   2      
 480   2              case _POWER_ACTION_NORMAL_TO_PS:
 481   2      
 482   2                  // Normal Control DVC & Ext.Amp & Ext. DSP
 483   2                  SysAudioOutputProc(_DISABLE);
 484   2      
 485   2                  // Reset Digital Audio
 486   2                  ScalerAudioDigitalReset(ScalerAudioGetDigitalAudioPortMapping());
 487   2      
 488   2                  // Add User interface function
 489   2                  UserInterfaceAdjustAudioPowerProc(_POWER_STATUS_SAVING);
 490   2      
 491   2                  // Disable Audio
 492   2                  ScalerAudioDisable();
 493   2      
 494   2                  SysAudioChangeAudioState(_AUDIO_STATUS_POWER_OFF);
 495   2      
 496   2                  break;
 497   2      
 498   2              default:
 499   2      
 500   2                  break;
 501   2          }
 502   1      }
 503          
 504          //--------------------------------------------------
 505          // Description  : Audio Mute Process
 506          // Input Value  : _ON => Mute On
 507          // Output Value : None
 508          //--------------------------------------------------
 509          void SysAudioMuteProc(bit bMute)
 510          {
 511   1          if(bMute == _ON)
 512   1          {
 513   2              if(ScalerAudioDVCGetVolumeMuteStatus() == _OFF)
 514   2              {
 515   3                  // Ext. Audio Amplifier Mute
 516   3                  UserInterfaceAdjustAudioAmpMuteProc(_ON);
 517   3      
 518   3      #if((_DIGITAL_AUDIO_OUTPUT_MUTE_CONTROL_SUPPORT == _ON) || (_DIGITAL_AUDIO_I2S_OUTPUT_L_R_CHANNEL_SWAP_SUP
             -PORT == _ON))
                          if(UserCommonAudioGetAdjustVolumeThroughDVC() == _FALSE)
                          {
              #if((_DIGITAL_AUDIO_I2S_OUTPUT_L_R_CHANNEL_SWAP_SUPPORT == _ON) && (_DIGITAL_AUDIO_OUTPUT_ADJUST_VOLUME_SU
             -PPORT == _OFF) && (_EMBEDDED_DAC_SUPPORT == _OFF))
                              // Audio DVC Hold by Un-Mute
                              ScalerAudioDVCAdjustVolume(0x3FFF);
              #else
                              // Audio DVC Hold by Mute
                              ScalerAudioDVCAdjustVolume(0);
              #endif
                          }
                          else
              #endif
 531   3                  {
 532   4                      // Digital Audio Output DVC Mute
 533   4                      ScalerAudioMuteProc(_ON, UserInterfaceGetAudioVolume());
 534   4                  }
C51 COMPILER V9.60.0.0   SYSAUDIO                                                          09/21/2026 15:31:47 PAGE 10  

 535   3      
 536   3                  // Set DVC State: Mute State
 537   3                  ScalerAudioDVCSetVolumeMuteStatus(_ON);
 538   3              }
 539   2          }
 540   1          else
 541   1          {
 542   2              bit bResult = _FALSE;
 543   2      
 544   2      #if(_AUDIO_OSD_MUTE_SEPARATE_CONTROL_SUPPORT == _ON)
                      bResult |= ((ScalerAudioDVCGetVolumeMuteStatus() == _ON) && (UserInterfaceGetAudioMuteStatus() == 
             -_OFF));
              #else
 547   2              bResult |= (ScalerAudioDVCGetVolumeMuteStatus() == _ON);
 548   2      #endif // End of #if(_AUDIO_OSD_MUTE_SEPARATE_CONTROL_SUPPORT == _ON)
 549   2      
 550   2      #if(_INTERNAL_AUDIO_TEST_SUPPORT == _ON)
                      bResult |= (ScalerAudioGetInternalAudioGenEnable(SysSourceGetInputPort()) == _ENABLE);
              #endif // End of #if(_INTERNAL_AUDIO_TEST_SUPPORT == _ON)
 553   2      
 554   2              if(bResult == _TRUE)
 555   2              {
 556   3      #if((_DIGITAL_AUDIO_OUTPUT_MUTE_CONTROL_SUPPORT == _ON) || (_DIGITAL_AUDIO_I2S_OUTPUT_L_R_CHANNEL_SWAP_SUP
             -PORT == _ON))
                          if(UserCommonAudioGetAdjustVolumeThroughDVC() == _TRUE)
              #endif
 559   3                  {
 560   4                      // Digital Audio Output DVC Mute
 561   4                      ScalerAudioMuteProc(_OFF, UserInterfaceGetAudioVolume());
 562   4                  }
 563   3      
 564   3                  // Ext. Audio Amplifier Un-Mute
 565   3                  UserInterfaceAdjustAudioAmpMuteProc(_OFF);
 566   3      
 567   3                  // Set DVC State: Un-Mute State
 568   3                  ScalerAudioDVCSetVolumeMuteStatus(_OFF);
 569   3              }
 570   2          }
 571   1      }
 572          
 573          #if(_AUDIO_DVC_FAST_CONTROL_SUPPORT == _ON)
 574          //--------------------------------------------------
 575          // Description  : Audio Fast Mute Process
 576          // Input Value  : _ON => Mute On / EnumAudioState
 577          // Output Value : None
 578          //--------------------------------------------------
 579          void SysAudioFastMuteProc(bit bMute)
 580          {
 581   1          if(ScalerAudioDVCGetVolumeMuteStatus() == _ON)
 582   1          {
 583   2              return;
 584   2          }
 585   1      
 586   1          if(bMute == _ON)
 587   1          {
 588   2      #if(_AUDIO_DVC_FAST_CONTROL_SUPPORT == _ON)
 589   2              UserInterfaceAdjustAudioAmpFastMuteProc(_ON);
 590   2      #endif
 591   2              ScalerAudioDVCVolumeFastMute(_ON, UserInterfaceGetAudioVolume());
 592   2          }
 593   1          else
 594   1          {
C51 COMPILER V9.60.0.0   SYSAUDIO                                                          09/21/2026 15:31:47 PAGE 11  

 595   2              ScalerAudioDVCVolumeFastMute(_OFF, UserInterfaceGetAudioVolume());
 596   2      #if(_AUDIO_DVC_FAST_CONTROL_SUPPORT == _ON)
 597   2              UserInterfaceAdjustAudioAmpFastMuteProc(_OFF);
 598   2      #endif
 599   2          }
 600   1      }
 601          #endif
 602          
 603          //--------------------------------------------------
 604          // Description  : Audio Mute Process (Control DVC & Ext.Amp & Ext. DSP)
 605          // Input Value  : _ON => Mute On
 606          // Output Value : None
 607          //--------------------------------------------------
 608          void SysAudioOutputProc(bit bEnable)
 609          {
 610   1          if(bEnable == _DISABLE)
 611   1          {
 612   2              SysAudioMuteProc(_ON);
 613   2      
 614   2      #if(_AUDIO_OSD_MUTE_SEPARATE_CONTROL_SUPPORT == _ON)
                      UserInterfaceAudioExternalCodecProc(_DISABLE);
              #endif
 617   2          }
 618   1          else
 619   1          {
 620   2      #if(_AUDIO_OSD_MUTE_SEPARATE_CONTROL_SUPPORT == _ON)
                      UserInterfaceAudioExternalCodecProc(_ENABLE);
              #endif
 623   2      
 624   2              SysAudioMuteProc(_OFF);
 625   2          }
 626   1      }
 627          
 628          #if(_AUDIO_DVC_FAST_CONTROL_SUPPORT == _ON)
 629          //--------------------------------------------------
 630          // Description  : Audio Mute Process (Control DVC & Ext.Amp & Ext. DSP)
 631          // Input Value  : _ON => Mute On
 632          // Output Value : None
 633          //--------------------------------------------------
 634          void SysAudioFastOutputProc(bit bEnable)
 635          {
 636   1          if(bEnable == _DISABLE)
 637   1          {
 638   2              SysAudioFastMuteProc(_ON);
 639   2      
 640   2      #if(_AUDIO_OSD_MUTE_SEPARATE_CONTROL_SUPPORT == _ON)
                      UserInterfaceAudioExternalCodecFastProc(_DISABLE);
              #endif
 643   2          }
 644   1          else
 645   1          {
 646   2      #if(_AUDIO_OSD_MUTE_SEPARATE_CONTROL_SUPPORT == _ON)
                      UserInterfaceAudioExternalCodecFastProc(_ENABLE);
              #endif
 649   2      
 650   2              SysAudioFastMuteProc(_OFF);
 651   2          }
 652   1      }
 653          #endif
 654          
 655          //--------------------------------------------------
 656          // Description  : Audio Analog Handler
C51 COMPILER V9.60.0.0   SYSAUDIO                                                          09/21/2026 15:31:47 PAGE 12  

 657          // Input Value  : None
 658          // Output Value : None
 659          //--------------------------------------------------
 660          void SysAudioAnalogAudioHandler(void)
 661          {
 662   1      #if(_EMBEDDED_DAC_SUPPORT == _ON)
 663   1      
 664   1          if((ScalerAudioDACGetState() != _AUDIO_DAC_OFF) && (ScalerAudioDACGetState() != _AUDIO_DAC_INITIAL) &&
             - (ScalerAudioDACGetState() != _AUDIO_DAC_CHARGE))
 665   1          {
 666   2              // User want to change DAC Input / Output
 667   2              if((ScalerAudioGetAudioInputPortChanged(UserInterfaceGetAudioSource(), SysSourceGetInputPort()) ==
             - _TRUE) ||
 668   2                 (ScalerAudioDACGetOutput() != UserInterfaceGetAudioDACOutput()))
 669   2              {
 670   3      #if((_SLEEP_AUDIO_SUPPORT == _ON) && (_LINE_IN_SUPPORT == _ON) && ((_PS_AUDIO_INPUT == _PS_AUDIO_BOTH) || 
             -(_PS_AUDIO_INPUT == _PS_AUDIO_LINE_IN)))
                          if(SysAudioGetSleepAudioStatusForLineIn() == _FALSE)
              #endif
 673   3                  {
 674   4                      // Normal Control DVC & Ext.Amp & Ext. DSP
 675   4                      SysAudioOutputProc(_DISABLE);
 676   4      
 677   4                      ScalerAudioDigitalReset(ScalerAudioGetDigitalAudioPortMapping());
 678   4      
 679   4      #if(_DIGITAL_AUDIO_OUTPUT_MUTE_CONTROL_SUPPORT == _ON)
                              ScalerTimerDelayXms(3);
                              // RX Digital Audio Output Control
                              ScalerAudioDigitalOutputMute(_ON);
              #endif
 684   4                      SysAudioChangeAudioState(_AUDIO_STATUS_PREPARING);
 685   4                  }
 686   3      
 687   3                  if(ScalerAudioDACGetOutput() != UserInterfaceGetAudioDACOutput())
 688   3                  {
 689   4                      DebugMessageAudio("Audio Dac Switch Output", ScalerAudioDACGetOutput());
 690   4      
 691   4                      ScalerTimerCancelTimerEvent(_SYSTEM_TIMER_EVENT_AUDIO_DAC_WAIT_DEPOP_TO_NORMAL);
 692   4                      ScalerAudioDACNormalToDepop();
 693   4      
 694   4                      ScalerAudioDACSetVcmReady(_OFF);
 695   4                      ScalerAudioDACSetState(_AUDIO_DAC_CHARGE);
 696   4                  }
 697   3                  else
 698   3                  {
 699   4      #if(_LINE_IN_SUPPORT == _ON)
 700   4                      DebugMessageAudio("Audio Switch Input", ScalerAudioGetInputSource());
 701   4      #endif
 702   4      
 703   4      #if((_SLEEP_AUDIO_SUPPORT == _ON) && (_LINE_IN_SUPPORT == _ON) && ((_PS_AUDIO_INPUT == _PS_AUDIO_BOTH) || 
             -(_PS_AUDIO_INPUT == _PS_AUDIO_LINE_IN)))
                              if(SysAudioGetSleepAudioStatusForLineIn() == _TRUE)
                              {
                                  ScalerAudioSourceInputSwitch(UserInterfaceGetAudioSource(), SysSourceGetInputPort());
                              }
                              else
              #endif
 710   4                      {
 711   5      #if((_SLEEP_AUDIO_SUPPORT == _ON) && (_DP_SUPPORT == _ON) && ((_PS_AUDIO_INPUT == _PS_AUDIO_BOTH) || (_PS_
             -AUDIO_INPUT == _PS_AUDIO_DP)))
                                  if((GET_SOURCE_JUDGE(g_ucSearchIndex) == _TRUE) || (GET_SOURCE_SCAN_TYPE() == _SOURCE_
             -SWITCH_FIXED_PORT) ||
C51 COMPILER V9.60.0.0   SYSAUDIO                                                          09/21/2026 15:31:47 PAGE 13  

                                     ((UserInterfaceGetAudioStandAloneStatus() == _TRUE) &&
                                      (UserInterfaceGetAudioSource() == _DIGITAL_AUDIO) &&
                                      (ScalerAudioGetDpStandaloneAudioStatus(SysSourceGetInputPort()) == _TRUE)))
              #elif((_SLEEP_AUDIO_SUPPORT == _ON) && (_LINE_IN_SUPPORT == _ON) && (_PS_AUDIO_INPUT == _PS_AUDIO_LINE_IN)
             - && (_SWITCH_TO_LINE_IN_AUDIO_IN_POWER_SAVING_MODE == _ON))
                                  if((GET_SOURCE_JUDGE(g_ucSearchIndex) == _TRUE) || (GET_SOURCE_SCAN_TYPE() == _SOURCE_
             -SWITCH_FIXED_PORT) ||
                                     ((UserInterfaceGetAudioStandAloneStatus() == _TRUE) &&
                                      (UserInterfaceGetAudioSource() == _LINE_IN_AUDIO) &&
                                      (GET_MODE_STATE() == _MODE_STATUS_POWER_SAVING)))
              #else
 722   5                          if((GET_SOURCE_JUDGE(g_ucSearchIndex) == _TRUE) || (GET_SOURCE_SCAN_TYPE() == _SOURCE_
             -SWITCH_FIXED_PORT))
 723   5      #endif
 724   5                          {
 725   6                              ScalerTimerCancelTimerEvent(_SYSTEM_TIMER_EVENT_AUDIO_DAC_WAIT_DEPOP_TO_NORMAL);
 726   6                              ScalerAudioDACNormalToDepop();
 727   6      
 728   6                              ScalerAudioSourceInputSwitch(UserInterfaceGetAudioSource(), SysSourceGetInputPort(
             -));
 729   6      
 730   6      #if((_LINE_IN_SUPPORT == _ON) && (_HW_AUDIO_LINE_IN_TO_DIGITAL_LR_SWAP == _ON))
                                      UserInterfaceSwapExternalAudioCodecInput(ScalerAudioGetI2sOutputNeedToSwap(UserInt
             -erfaceGetAudioSource()));
              #endif
 733   6                          }
 734   5                      }
 735   4                  }
 736   3              }
 737   2          }
 738   1      
 739   1          switch(ScalerAudioDACGetState())
 740   1          {
 741   2              case _AUDIO_DAC_OFF:
 742   2      
 743   2                  if(ScalerAudioDACGetStateChange() == _TRUE)
 744   2                  {
 745   3                      ScalerAudioDACClrStateChange();
 746   3                  }
 747   2      
 748   2                  break;
 749   2      
 750   2              case _AUDIO_DAC_INITIAL:
 751   2      
 752   2                  if(ScalerAudioDACGetStateChange() == _TRUE)
 753   2                  {
 754   3                      ScalerAudioDACClrStateChange();
 755   3      
 756   3                      DebugMessageAudio("Audio Dac Initial", _AUDIO_DAC_INITIAL);
 757   3      
 758   3                      ScalerTimerActiveTimerEvent(_DAC_VCM_INITIAL_TIME, _SYSTEM_TIMER_EVENT_AUDIO_DAC_WAIT_VCM_
             -INITIAL);
 759   3                  }
 760   2      
 761   2                  break;
 762   2      
 763   2              case _AUDIO_DAC_CHARGE:
 764   2      
 765   2                  if(ScalerAudioDACGetStateChange() == _TRUE)
 766   2                  {
 767   3                      ScalerAudioDACClrStateChange();
 768   3      
C51 COMPILER V9.60.0.0   SYSAUDIO                                                          09/21/2026 15:31:47 PAGE 14  

 769   3                      DebugMessageAudio("Audio Dac Charge", _AUDIO_DAC_CHARGE);
 770   3      
 771   3                      ScalerTimerCancelTimerEvent(_SYSTEM_TIMER_EVENT_AUDIO_DAC_WAIT_DEPOP_TO_NORMAL);
 772   3                      ScalerTimerCancelTimerEvent(_SYSTEM_TIMER_EVENT_AUDIO_DAC_WAIT_VCM_CHARGE);
 773   3      
 774   3                      ScalerAudioDACOutputSwitch(UserInterfaceGetAudioDACOutput());
 775   3                      ScalerAudioDACSetVcmReady(_ON);
 776   3      
 777   3                      ScalerTimerActiveTimerEvent(_DAC_VCM_CHARGE_TIME, _SYSTEM_TIMER_EVENT_AUDIO_DAC_WAIT_VCM_C
             -HARGE);
 778   3                  }
 779   2      
 780   2                  break;
 781   2      
 782   2              case _AUDIO_DAC_DEPOP:
 783   2      
 784   2                  if(ScalerAudioDACGetStateChange() == _TRUE)
 785   2                  {
 786   3                      DebugMessageAudio("Audio Dac Depop", _AUDIO_DAC_DEPOP);
 787   3      
 788   3                      if(UserInterfaceGetAudioDACKeepDepopState() == _FALSE)
 789   3                      {
 790   4                          ScalerAudioDACClrStateChange();
 791   4      
 792   4                          ScalerAudioDACOutputEnable();
 793   4      
 794   4                          ScalerTimerActiveTimerEvent(_DAC_DEPOP_TO_NORMAL_WAIT_TIME, _SYSTEM_TIMER_EVENT_AUDIO_
             -DAC_WAIT_DEPOP_TO_NORMAL);
 795   4                      }
 796   3                  }
 797   2      
 798   2                  break;
 799   2      
 800   2              case _AUDIO_DAC_READY:
 801   2      
 802   2                  if(ScalerAudioDACGetStateChange() == _TRUE)
 803   2                  {
 804   3                      ScalerAudioDACClrStateChange();
 805   3      
 806   3                      DebugMessageAudio("Audio Dac Ready", _AUDIO_DAC_READY);
 807   3                  }
 808   2                  break;
 809   2      
 810   2              default:
 811   2                  break;
 812   2          }
 813   1      
 814   1      #else
              
                  // Change Audio Input Port
                  if(ScalerAudioGetAudioInputPortChanged(UserInterfaceGetAudioSource(), SysSourceGetInputPort()) == _TRU
             -E)
                  {
                      // Normal Control DVC & Ext.Amp & Ext. DSP
                      SysAudioOutputProc(_DISABLE);
              
                      ScalerAudioDigitalReset(ScalerAudioGetDigitalAudioPortMapping());
              
              #if(_DIGITAL_AUDIO_OUTPUT_MUTE_CONTROL_SUPPORT == _ON)
                      ScalerTimerDelayXms(3);
                      // RX Digital Audio Output Mute
                      ScalerAudioDigitalOutputMute(_ON);
C51 COMPILER V9.60.0.0   SYSAUDIO                                                          09/21/2026 15:31:47 PAGE 15  

              #endif
                      if(GET_SOURCE_JUDGE(g_ucSearchIndex) == _TRUE)
                      {
                          ScalerAudioSourceInputSwitch(UserInterfaceGetAudioSource(), SysSourceGetInputPort());
              
              #if((_LINE_IN_SUPPORT == _ON) && (_HW_AUDIO_LINE_IN_TO_DIGITAL_LR_SWAP == _ON))
                          UserInterfaceSwapExternalAudioCodecInput(ScalerAudioGetI2sOutputNeedToSwap(UserInterfaceGetAud
             -ioSource()));
              #endif
                      }
              
                      SysAudioChangeAudioState(_AUDIO_STATUS_PREPARING);
                  }
              
              #endif // End of #if(_EMBEDDED_DAC_SUPPORT == _ON)
 842   1      }
 843          
 844          //--------------------------------------------------
 845          // Description  : Digital Audio Handler
 846          // Input Value  : None
 847          // Output Value : None
 848          //--------------------------------------------------
 849          void SysAudioDigitalAudioHandler(void)
 850          {
 851   1      #if(_DIGITAL_AUDIO_OUTPUT_MUTE_CONTROL_SUPPORT == _OFF)
 852   1          if(UserInterfaceAudioGetOutputMuteStatus() == _AUDIO_MUTE_ON)
 853   1          {
 854   2              ScalerAudioDigitalOutputMute(_ON);
 855   2          }
 856   1          else
 857   1          {
 858   2              ScalerAudioDigitalOutputMute(_OFF);
 859   2          }
 860   1      #endif
 861   1      
 862   1          ScalerAudioDigitalDetect();
 863   1      
 864   1      #if(_DIGITAL_AUDIO_OUTPUT_ADJUST_VOLUME_SUPPORT == _ON)
                  ScalerAudioSpdifChannelStatusProc(UserInterfaceGetAudioSource(), SysSourceGetInputPort());
              #endif
 867   1      }
 868          
 869          //--------------------------------------------------
 870          // Description  : Change Audio State
 871          // Input Value  : Target Audio State
 872          // Output Value : None
 873          //--------------------------------------------------
 874          void SysAudioChangeAudioState(EnumAudioState enumAudioState)
 875          {
 876   1          SET_AUDIO_STATE(enumAudioState);
 877   1          SET_AUDIO_STATE_CHANGE();
 878   1      }
 879          
 880          //--------------------------------------------------
 881          // Description  : Audio Initial
 882          // Input Value  : None
 883          // Output Value : None
 884          //--------------------------------------------------
 885          void SysAudioInitial(void)
 886          {
 887   1          ScalerAudioInitial();
 888   1      
C51 COMPILER V9.60.0.0   SYSAUDIO                                                          09/21/2026 15:31:47 PAGE 16  

 889   1          ScalerAudioSourceInputSwitch(UserInterfaceGetAudioSource(), SysSourceGetInputPort());
 890   1      
 891   1      #if(_EMBEDDED_DAC_SUPPORT == _ON)
 892   1      
 893   1          ScalerAudioDACSetVcmReady(_ON);
 894   1      
 895   1          ScalerAudioDACSetState(_AUDIO_DAC_INITIAL);
 896   1      #endif
 897   1      }
 898          
 899          //--------------------------------------------------
 900          // Description  : Audio Frequency Set By User Define
 901          // Input Value  : None
 902          // Output Value : None
 903          //--------------------------------------------------
 904          void SysAudioSetUserDefineAudioFrequency(void)
 905          {
 906   1          // get freq from userinterface
 907   1          EnumAudioSamplingFreqType enumAudioFreq = UserCommonInterfaceAudioUpdateUserSamplingFreq();
 908   1      
 909   1          ScalerAudioSetUserDefineAudioFrequency(enumAudioFreq);
 910   1      }
 911          
 912          #if(_DP_SUPPORT == _ON)
 913          //--------------------------------------------------
 914          // Description  : DP Audio Secondary Data Reset Process
 915          // Input Value  : ucInputPort
 916          // Output Value : None
 917          //--------------------------------------------------
 918          void SysAudioDpAudioSecDataResetProc(BYTE ucInputPort)
 919          {
 920   1          if(ScalerAudioDPGetMuteProc(ucInputPort) == _TRUE)
 921   1          {
 922   2              // Normal Control DVC & Ext.Amp & Ext. DSP
 923   2              SysAudioOutputProc(_DISABLE);
 924   2      
 925   2              ScalerAudioDigitalReset(ScalerAudioGetDigitalAudioPortMapping());
 926   2      
 927   2      #if(_DIGITAL_AUDIO_OUTPUT_MUTE_CONTROL_SUPPORT == _ON)
                      ScalerTimerDelayXms(3);
                      // RX Digital Audio Output Mute
                      ScalerAudioDigitalOutputMute(_ON);
              #endif
 932   2      
 933   2      #if(_EMBEDDED_DAC_SUPPORT == _ON)
 934   2              ScalerAudioDACNormalToDepop();
 935   2      #endif
 936   2      
 937   2              SysAudioChangeAudioState(_AUDIO_STATUS_PREPARING);
 938   2          }
 939   1      
 940   1          ScalerDpSecDataReset(ucInputPort);
 941   1      }
 942          #endif
 943          
 944          #if(_AUDIO_FW_TRACKING_MODE_SUPPORT == _ON)
              //--------------------------------------------------
              // Description  : Audio Fw Tracking Handler
              // Input Value  : None
              // Output Value : None
              //--------------------------------------------------
              void SysAudioFwTrackingHandler(void)
C51 COMPILER V9.60.0.0   SYSAUDIO                                                          09/21/2026 15:31:47 PAGE 17  

              {
                  ScalerAudioFwTrackingHandler();
              }
              #endif
 955          
 956          
 957          #if(_SLEEP_AUDIO_SUPPORT == _ON)
              //--------------------------------------------------
              // Description  : Sleep Audio Handler
              // Input Value  : None
              // Output Value : None
              //--------------------------------------------------
              void SysAudioSleepAudioHandler(void)
              {
                  if(UserInterfaceGetAudioStandAloneStatus() == _TRUE)
                  {
                      if(GET_AUDIO_STATE() == _AUDIO_STATUS_PREPARING)
                      {
              #if((_DP_SUPPORT == _ON) && ((_PS_AUDIO_INPUT == _PS_AUDIO_BOTH) || (_PS_AUDIO_INPUT == _PS_AUDIO_DP)))
                          if((UserInterfaceGetAudioSource() == _DIGITAL_AUDIO) &&
                             (ScalerAudioGetDigitalAudioSource(SysSourceGetInputPort()) == _DIGITAL_AUDIO_SOURCE_DP))
                          {
                              SET_AUDIO_PLAYBACK_SEARCH_INDEX(g_ucSearchIndex);
              
                              ScalerAudioDpAudioEnable(_ENABLE, SysSourceGetInputPort());
              
                              DebugMessageAudio("Sleep Audio Playback Index", GET_AUDIO_PLAYBACK_SEARCH_INDEX());
                          }
              #endif
              
              #if((_LINE_IN_SUPPORT == _ON) && (_PS_AUDIO_INPUT == _PS_AUDIO_LINE_IN) && (_SWITCH_TO_LINE_IN_AUDIO_IN_PO
             -WER_SAVING_MODE == _ON))
                          SET_AUDIO_PLAYING_ALONE();
              
                          return;
              #endif
                      }
                      else if(GET_AUDIO_STATE() == _AUDIO_STATUS_PLAYBACK)
                      {
              #if((_LINE_IN_SUPPORT == _ON) && ((_PS_AUDIO_INPUT == _PS_AUDIO_BOTH) || (_PS_AUDIO_INPUT == _PS_AUDIO_LIN
             -E_IN)))
                          if(UserInterfaceGetAudioSource() == _LINE_IN_AUDIO)
                          {
                              SET_AUDIO_PLAYING_ALONE();
              
                              return;
                          }
              #endif
              
              #if((_DP_SUPPORT == _ON) && ((_PS_AUDIO_INPUT == _PS_AUDIO_BOTH) || (_PS_AUDIO_INPUT == _PS_AUDIO_DP)))
                          if((UserInterfaceGetAudioSource() == _DIGITAL_AUDIO) && (ScalerAudioGetDigitalAudioSource(SysS
             -ourceGetInputPort()) == _DIGITAL_AUDIO_SOURCE_DP))
                          {
                              SET_AUDIO_PLAYING_ALONE();
              
                              return;
                          }
              #endif
                      }
                  }
              
                  CLR_AUDIO_PLAYING_ALONE();
C51 COMPILER V9.60.0.0   SYSAUDIO                                                          09/21/2026 15:31:47 PAGE 18  

              }
              
              #if((_LINE_IN_SUPPORT == _ON) && ((_PS_AUDIO_INPUT == _PS_AUDIO_BOTH) || (_PS_AUDIO_INPUT == _PS_AUDIO_LIN
             -E_IN)))
              //--------------------------------------------------
              // Description  : Get Sleep Audio Changed for Line in
              // Input Value  : None
              // Output Value : _TRUE or _FALSE
              //--------------------------------------------------
              bit SysAudioGetSleepAudioStatusForLineIn(void)
              {
                  return ((UserInterfaceGetAudioSource() == _LINE_IN_AUDIO) && (ScalerAudioGetInputSource() == _LINE_IN_
             -AUDIO) && (GET_AUDIO_PLAYING_ALONE() == _TRUE));
              }
              #endif
              #endif
1024          
1025          #if(_INTERNAL_AUDIO_TEST_SUPPORT == _ON)
              //--------------------------------------------------
              // Description  : Internal Audio Gen Test Process
              // Input Value  : _ON/ _OFF
              // Output Value : None
              //--------------------------------------------------
              void SysAudioInternalGenTestProc(bit bOn)
              {
                  EnumSourceSearchPort enumInputPort = SysSourceGetInputPort();
              
                  // Normal Control DVC & Ext.Amp & Ext. DSP
                  SysAudioOutputProc(_DISABLE);
              
                  if(bOn == _ON)
                  {
                      ScalerAudioSetInternalGenInputPort(enumInputPort);
              
                      ScalerAudioSetUserDefineAudioGenFrequency(UserCommonAudioUpdateUserDefineAudioGenFreq());
              
                      ScalerAudioDigitalReset(ScalerAudioGetDigitalAudioPortMapping());
              
                      ScalerAudioInternalAudioGenSwitch(_ON, enumInputPort, UserCommonAudioGetUserLeftRightChanelSelect(
             -));
              
                      ScalerAudioSourceInputSwitch(_DIGITAL_AUDIO, enumInputPort);
              
                      ScalerAudioDigitalVolumeMute(_OFF, UserInterfaceGetAudioVolume());
                  }
                  else
                  {
                      EnumSourceSearchPort enumGenPort = ScalerAudioGetInternalGenInputPort();
              
                      ScalerAudioInternalAudioGenSwitch(_OFF, enumGenPort, _AUDIO_LEFT_RIGHT_CHANNEL);
              
                      ScalerAudioSourceInputSwitch(_DIGITAL_AUDIO, enumInputPort);
              
                      ScalerAudioInternalAudioGenReset(enumGenPort);
              
                      SysAudioChangeAudioState(_AUDIO_STATUS_PREPARING);
                  }
              }
              #endif // End of #if(_INTERNAL_AUDIO_TEST_SUPPORT == _ON)
1066          
1067          #if(_AUDIO_TTS_SUPPORT_TYPE == _AUDIO_TTS_EMBEDDED_TYPE)
              //--------------------------------------------------
C51 COMPILER V9.60.0.0   SYSAUDIO                                                          09/21/2026 15:31:47 PAGE 19  

              // Description  : Check TTS Playback Event
              // Input Value  : None
              // Output Value : None
              //--------------------------------------------------
              void SysAudioTtsCheckPlaybackAcitveEvent(void)
              {
                  // Check whether TTS Playback event happens
                  if(ScalerAudioTtsGetPlaybackEvent() == _TRUE)
                  {
                      DebugMessageAudio("[TTS] Playback Event Active", 0x00);
              
                      // TTS Config
                      ScalerAudioTtsPlayConfig();
              
                      // Clear Flag
                      ScalerAudioTtsSetPlaybackEvent(_DISABLE);
              
                      // Change Audio State
                      SysAudioChangeAudioState(_AUDIO_STATUS_TTS_PLAYBACK);
              
                      DebugMessageAudio("     -> Audio State swtich to TTS_Playback", 0x00);
                  }
              }
              #endif // End of #if(_AUDIO_TTS_SUPPORT_TYPE == _AUDIO_TTS_EMBEDDED_TYPE)
1093          
1094          #endif // End of #if(_AUDIO_SUPPORT == _ON)


MODULE INFORMATION:   STATIC OVERLAYABLE
   CODE SIZE        =    957    ----
   CONSTANT SIZE    =   ----    ----
   XDATA SIZE       =      4       1
   PDATA SIZE       =   ----    ----
   DATA SIZE        =   ----    ----
   IDATA SIZE       =   ----    ----
   BIT SIZE         =   ----       5
END OF MODULE INFORMATION.


C51 COMPILATION COMPLETE.  0 WARNING(S),  0 ERROR(S)
