C51 COMPILER V8.12   SYSCEC                                                                09/16/2026 20:27:04 PAGE 1   


C51 COMPILER V8.12, COMPILATION OF MODULE SYSCEC
OBJECT MODULE PLACED IN .\Output\RL6432_Project\SysCec.obj
COMPILER INVOKED BY: c:\Keil\C51\BIN\C51.EXE Kernel\System\Code\SysCec.c LARGE OPTIMIZE(9,SPEED) INCDIR(.\Output\RL6432;
                    -.\Project\Header;.\Pcb;.\Panel;.\Kernel\Device\Header;.\Kernel\Common;.\Kernel\System\Header;.\Kernel\Scaler\ScalerFunct
                    -ion\Header;.\Kernel\Scaler\ScalerCommonFunction\Header;.\Kernel\Scaler\ScalerFunction\Lib\Header;.\Kernel\Scaler\ScalerC
                    -ommonFunction\Lib\Header;.\Kernel\Scaler\RL6432_Series_Scaler\Header;.\Kernel\Scaler\RL6432_Series_Common\Header;.\Kerne
                    -l\Scaler\RL6432_Series_Scaler\Lib\Header;.\Kernel\Scaler\RL6432_Series_Common\Lib\Header;.\Kernel\User Common Function\H
                    -eader;.\User\RTD Series\RTD2014Function\Header;.\User\RTD Series\RTD2014Osd\Header;.\User\RTD Factory\Header;.\User\None
                    - Series\NoneFunction\Header;.\User\None Series\NoneOsd\Header;.\User\None Factory\Header) DEFINE(_PROJECT=_RL6432_PROJEC
                    -T,_SCALER_TYPE=_RL6432_SERIES) DEBUG OBJECTEXTEND PRINT(.\Output\RL6432_Project\SysCec.lst) OBJECT(.\Output\RL6432_Proje
                    -ct\SysCec.obj)

line level    source

   1          /********************************************************************************/
   2          /*   Copyright (c) 2021 Realtek Semiconductor Corp. All rights reserved.        */
   3          /*                                                                              */
   4          /*   SPDX-License-Identifier: LicenseRef-Realtek-Proprietary                    */
   5          /*                                                                              */
   6          /*   This software component is confidential and proprietary to Realtek         */
   7          /*   Semiconductor Corp. Disclosure, reproduction, redistribution, in whole     */
   8          /*   or in part, of this work and its derivatives without express permission    */
   9          /*   is prohibited.                                                             */
  10          /********************************************************************************/
  11          
  12          //----------------------------------------------------------------------------------------------------
  13          // ID Code      : SysCec.c No.0000
  14          // Update Note  :
  15          //----------------------------------------------------------------------------------------------------
  16          
  17          #define __SYSTEM_CEC__
  18          
  19          #include "SysInclude.h"
  20          
  21          #if(_HDMI_CEC_SUPPORT == _ON)
              //****************************************************************************
              // DEFINITIONS / MACROS
              //****************************************************************************
              
              //****************************************************************************
              // STRUCT / TYPE / ENUM DEFINITTIONS
              //****************************************************************************
              
              //****************************************************************************
              // CODE TABLES
              //****************************************************************************
              
              //****************************************************************************
              // VARIABLE DECLARATIONS
              //****************************************************************************
              
              //****************************************************************************
              // FUNCTION DECLARATIONS
              //****************************************************************************
              void SysCecHandler(void);
              
              //****************************************************************************
              // FUNCTION DEFINITIONS
              //****************************************************************************
              //--------------------------------------------------
              // Description  : System Cec Handler
C51 COMPILER V8.12   SYSCEC                                                                09/16/2026 20:27:04 PAGE 2   

              // Input Value  : None
              // Output Value : None
              //--------------------------------------------------
              void SysCecHandler(void)
              {
                  // Receive part
                  ScalerCecRxProcess();
                  UserCommonCecReceiveNotify();
              
                  // Transmit part
                  UserCommonCecTransmitInfoPrepare();
                  ScalerCecTxProcess();
              }
              
              #endif


MODULE INFORMATION:   STATIC OVERLAYABLE
   CODE SIZE        =   ----    ----
   CONSTANT SIZE    =   ----    ----
   XDATA SIZE       =   ----    ----
   PDATA SIZE       =   ----    ----
   DATA SIZE        =   ----    ----
   IDATA SIZE       =   ----    ----
   BIT SIZE         =   ----    ----
END OF MODULE INFORMATION.


C51 COMPILATION COMPLETE.  0 WARNING(S),  0 ERROR(S)
