C51 COMPILER V9.60.0.0   SYSMODE                                                           09/21/2026 15:31:50 PAGE 1   


C51 COMPILER V9.60.0.0, COMPILATION OF MODULE SYSMODE
OBJECT MODULE PLACED IN .\Output\RL6432_Project\SysMode.obj
COMPILER INVOKED BY: C:\Keil_v5\C51\BIN\C51.EXE Kernel\System\Code\SysMode.c LARGE OPTIMIZE(9,SPEED) INCDIR(.\Output\RL6
                    -432;.\Project\Header;.\Pcb;.\Panel;.\Kernel\Device\Header;.\Kernel\Common;.\Kernel\System\Header;.\Kernel\Scaler\ScalerF
                    -unction\Header;.\Kernel\Scaler\ScalerCommonFunction\Header;.\Kernel\Scaler\ScalerFunction\Lib\Header;.\Kernel\Scaler\Sca
                    -lerCommonFunction\Lib\Header;.\Kernel\Scaler\RL6432_Series_Scaler\Header;.\Kernel\Scaler\RL6432_Series_Common\Header;.\K
                    -ernel\Scaler\RL6432_Series_Scaler\Lib\Header;.\Kernel\Scaler\RL6432_Series_Common\Lib\Header;.\Kernel\User Common Functi
                    -on\Header;.\User\RTD Series\RTD2014Function\Header;.\User\RTD Series\RTD2014Osd\Header;.\User\RTD Factory\Header;.\User\
                    -None Series\NoneFunction\Header;.\User\None Series\NoneOsd\Header;.\User\None Factory\Header) DEFINE(_PROJECT=_RL6432_PR
                    -OJECT,_SCALER_TYPE=_RL6432_SERIES) DEBUG OBJECTEXTEND PRINT(.\Output\RL6432_Project\SysMode.lst) TABS(2) OBJECT(.\Output
                    -\RL6432_Project\SysMode.obj)

line level    source

   1          /********************************************************************************/
   2          /*   Copyright (c) 2021 Realtek Semiconductor Corp. All rights reserved.        */
   3          /*                                                                              */
   4          /*   SPDX-License-Identifier: LicenseRef-Realtek-Proprietary                    */
   5          /*                                                                              */
   6          /*   This software component is confidential and proprietary to Realtek         */
   7          /*   Semiconductor Corp. Disclosure, reproduction, redistribution, in whole     */
   8          /*   or in part, of this work and its derivatives without express permission    */
   9          /*   is prohibited.                                                             */
  10          /********************************************************************************/
  11          
  12          //----------------------------------------------------------------------------------------------------
  13          // ID Code      : SysMode.c No.0000
  14          // Update Note  :
  15          //----------------------------------------------------------------------------------------------------
  16          
  17          #define __SYSTEM_MODE__
  18          
  19          #include "SysInclude.h"
  20          
  21          //****************************************************************************
  22          // DEFINITIONS / MACROS
  23          //****************************************************************************
  24          
  25          
  26          //****************************************************************************
  27          // STRUCT / TYPE / ENUM DEFINITTIONS
  28          //****************************************************************************
  29          
  30          
  31          //****************************************************************************
  32          // CODE TABLES
  33          //****************************************************************************
  34          
  35          
  36          //****************************************************************************
  37          // VARIABLE DECLARATIONS
  38          //****************************************************************************
  39          StructModeInfoType g_stModeInfo;
  40          // ModeInfo bit[0:4] -- Mode State
  41          // ModeInfo bit[5] -- Display Ready
  42          // ModeInfo bit[6] -- Timing Confirm
  43          // ModeInfo bit[7] -- ModeStateChanged
  44          
  45          //****************************************************************************
  46          // FUNCTION DECLARATIONS
  47          //****************************************************************************
C51 COMPILER V9.60.0.0   SYSMODE                                                           09/21/2026 15:31:50 PAGE 2   

  48          void SysModeHandler(void);
  49          BYTE SysModeGetModeState(void);
  50          bit SysModeGetDisplaySettingReady(void);
  51          bit SysModeGetTimingConfirm(void);
  52          bit SysModeGetActiveReady(void);
  53          bit SysModeDisplaySetting(void);
  54          void SysModeSetUpDisplayInitialization(void);
  55          void SysModeSetUpInputCapture(void);
  56          void SysModeSetUpDisplayCapture(void);
  57          bit SysModeSetUpMDomain(void);
  58          void SysModeResetState(BYTE ucResetTarget);
  59          void SysModeSetFreeRun(void);
  60          bit SysModeGetModeStateChange(void);
  61          void SysModeClrModeStateChange(void);
  62          void SysModeSetResetTarget(EnumModeAction enumResetTarget);
  63          void SysModeColorSpaceConvert(EnumColorSpace enumColorFormat, EnumDBApply enumDBApply);
  64          void SysModeDisplayTimingInitial(void);
  65          bit SysModeCheckToDisableGlobalDoubleBuffer(void);
  66          void SysModeSetupIDomainIniValue(void);
  67          
  68          #if(_DRR_SUPPORT == _ON)
  69          void SysModeDrrSetMdomainInfo(void);
  70          WORD SysModeDrrGetIVFreq(EnumSourceSearchPort enumSearchPort);
  71          #endif
  72          
  73          
  74          //****************************************************************************
  75          // FUNCTION DEFINITIONS
  76          //****************************************************************************
  77          //--------------------------------------------------
  78          // Description  :
  79          // Input Value  : None
  80          // Output Value : None
  81          //--------------------------------------------------
  82          void SysModeHandler(void)
  83          {
  84   1      #if(_URGENT_EVENT_CHECK_MODE == _ON)
  85   1          if(ScalerSyncCheckUrgentEvent() == _TRUE)
  86   1          {
  87   2              return;
  88   2          }
  89   1      #endif
  90   1      
  91   1          switch(GET_MODE_STATE())
  92   1          {
  93   2              case _MODE_STATUS_POWER_OFF:
  94   2      
  95   2      #if(_USB3_RETIMER_SUPPORT == _ON)
                          if(UserCommonPortControllerGetUsbPDStatus() == _USB3_PD_ENABLE)
                          {
                              if(SysSourceGetTypeCCableStatusChange() == _TYPE_C_CABLE_UNPLUG)
                              {
                                  if(GET_POWER_STATUS() != _POWER_STATUS_OFF)
                                  {
                                      SET_TARGET_POWER_STATUS(_POWER_STATUS_OFF);
                                  }
                              }
                              else if((SysSourceGetTypeCCableStatusChange() == _TYPE_C_CABLE_PLUG) && (UserCommonPortCon
             -trollerGetUsbPDStatus() == _USB3_PD_ENABLE))
                              {
                                  if(GET_POWER_STATUS() == _POWER_STATUS_OFF)
                                  {
C51 COMPILER V9.60.0.0   SYSMODE                                                           09/21/2026 15:31:50 PAGE 3   

                                      SET_TARGET_POWER_STATUS(_POWER_STATUS_NORMAL);
              
                                      SET_POWER_SWITCH_TO_FAKE_OFF();
                                  }
                              }
                          }
              #endif
 116   2                  break;
 117   2      
 118   2              case _MODE_STATUS_INITIAL:
 119   2      
 120   2      #if(_HP_SOURCE_SCAN_SUPPORT == _ON)
                          if(GET_MODE_STATE_CHANGE_MODE() == _TRUE)
                          {
                              g_ucSearchIndex = 0;
              
              #if((_D12_INPUT_PORT_TYPE == _D12_HDMI_PORT) && (_D12_INPUT_PORT_SWITCH_FROM == _SWITCH_FROM_D3))
                              if(SysSourceGetInputPort() == _D12_INPUT_PORT)
                              {
                                  PCB_HDMI_SW_SELECT(_SW_SEL_HDMI3_1);
                                  g_ucSearchIndex = SysSourceConvertSearchPort(_D3_INPUT_PORT);
                              }
                              else if(SysSourceGetInputPort() == _D3_INPUT_PORT)
                              {
                                  PCB_HDMI_SW_SELECT(_SW_SEL_HDMI3);
                              }
              #endif
                          }
              #endif
 138   2      
 139   2                  break;
 140   2      
 141   2              case _MODE_STATUS_SEARCH:
 142   2              case _MODE_STATUS_NOSIGNAL:
 143   2              case _MODE_STATUS_POWER_SAVING:
 144   2      
 145   2      #if(_DIGITAL_PORT_SUPPORT == _ON)
 146   2                  if((GET_SOURCE_JUDGE(g_ucSearchIndex) == _TRUE) && (GET_MODE_TIMING_CONFIRM() == _FALSE))
 147   2                  {
 148   3                      CLR_INPUT_TIMING_DOUBLE_CHECK();
 149   3      
 150   3                      // Measure Current Input Timing to gather all required timing Info
 151   3                      if(ScalerMeasureInputInfo(GET_SOURCE_TYPE(g_ucSearchIndex), SysSourceGetInputPort()) == _T
             -RUE)
 152   3                      {
 153   4                          if(GET_INPUT_TIMING_H_POLARITY() == _HIGH)
 154   4                          {
 155   5                              DebugMessageSystem("Input Timing H Polarity is Positive", 0);
 156   5                          }
 157   4                          else
 158   4                          {
 159   5                              DebugMessageSystem("Input Timing H Polarity is Negative", 0);
 160   5                          }
 161   4      
 162   4                          if(GET_INPUT_TIMING_V_POLARITY() == _HIGH)
 163   4                          {
 164   5                              DebugMessageSystem("Input Timing V Polarity is Positive", 0);
 165   5                          }
 166   4                          else
 167   4                          {
 168   5                              DebugMessageSystem("Input Timing V Polarity is Negative", 0);
 169   5                          }
C51 COMPILER V9.60.0.0   SYSMODE                                                           09/21/2026 15:31:50 PAGE 4   

 170   4      
 171   4                          DebugMessageSystem("Input Timing InterLace", GET_INPUT_TIMING_INTERLACE_FLG());
 172   4                          DebugMessageSystem("Input Timing HFreq", GET_INPUT_TIMING_HFREQ());
 173   4                          DebugMessageSystem("Input Timing HTotal", GET_INPUT_TIMING_HTOTAL());
 174   4                          DebugMessageSystem("Input Timing HStart", GET_INPUT_TIMING_HSTART());
 175   4                          DebugMessageSystem("Input Timing HWidth", GET_INPUT_TIMING_HWIDTH());
 176   4                          DebugMessageSystem("Input Timing HSyncWidth", GET_INPUT_TIMING_HSYNCWIDTH());
 177   4                          DebugMessageSystem("Input Timing VFreq", GET_INPUT_TIMING_VFREQ());
 178   4                          DebugMessageSystem("Input Timing VTotal", GET_INPUT_TIMING_VTOTAL());
 179   4                          DebugMessageSystem("Input Timing VStart", GET_INPUT_TIMING_VSTART());
 180   4                          DebugMessageSystem("Input Timing VHeight", GET_INPUT_TIMING_VHEIGHT());
 181   4                          DebugMessageSystem("Input Timing VSyncSWidth", GET_INPUT_TIMING_VSYNCWIDTH());
 182   4      
 183   4                          SET_MODE_TIMING_CONFIRM();
 184   4                          SET_INPUT_TIMING_DOUBLE_CHECK();
 185   4                      }
 186   3                  }
 187   2      #endif
 188   2      
 189   2      #if(_DDR1_PHASE_CALIBRATION == _ON)
 190   2                  if((GET_MODE_TIMING_CONFIRM() == _TRUE) && (GET_FIRST_AUTOK_STATUS() == _FALSE))
 191   2                  {
 192   3                      ScalerDDR1SearchPhase();
 193   3                      SET_FIRST_AUTOK_STATUS();
 194   3                  }
 195   2      
 196   2      #elif(_SDRAM_PHASE_CALIBRATION == _ON)
                          if((GET_MODE_TIMING_CONFIRM() == _TRUE) && (GET_FIRST_AUTOK_STATUS() == _FALSE))
                          {
                              ScalerSdramSearchPhase();
                              SET_FIRST_AUTOK_STATUS();
                          }
              #endif
 203   2      
 204   2                  if(GET_MODE_STATE() == _MODE_STATUS_POWER_SAVING)
 205   2                  {
 206   3      #if((_USB3_RETIMER_SUPPORT == _ON))
                              if(UserCommonPortControllerGetUsbPSStatus() == _USB3_PS_ENABLE)
                              {
                                  if(SysSourceGetTypeCCableStatusChange() == _TYPE_C_CABLE_UNPLUG)
                                  {
                                      if(GET_POWER_STATUS() != _POWER_STATUS_SAVING)
                                      {
                                          SET_TARGET_POWER_STATUS(_POWER_STATUS_SAVING);
                                      }
                                  }
                                  else if(SysSourceGetTypeCCableStatusChange() == _TYPE_C_CABLE_PLUG)
                                  {
                                      if(GET_POWER_STATUS() != _POWER_STATUS_NORMAL)
                                      {
                                          SET_TARGET_POWER_STATUS(_POWER_STATUS_NORMAL);
                                      }
                                  }
                                  else
                                  {
                                      if((GET_SOURCE_SWITCH_FINISH() == _TRUE) && (UserInterfaceGetIntoPSStatus() == _TR
             -UE))
                                      {
                                          if(SysPowerGetPowerStatus() != _POWER_STATUS_SAVING)
                                          {
                                              SET_TARGET_POWER_STATUS(_POWER_STATUS_SAVING);
              
C51 COMPILER V9.60.0.0   SYSMODE                                                           09/21/2026 15:31:50 PAGE 5   

                                              CLR_SOURCE_SWITCH_FINISH();
                                          }
                                      }
                                  }
                              }
                              else
              #endif
 238   3                      {
 239   4                          if((GET_SOURCE_SWITCH_FINISH() == _TRUE) && (UserInterfaceGetIntoPSStatus() == _TRUE))
 240   4                          {
 241   5                              if(SysPowerGetPowerStatus() != _POWER_STATUS_SAVING)
 242   5                              {
 243   6                                  SET_TARGET_POWER_STATUS(_POWER_STATUS_SAVING);
 244   6      
 245   6                                  CLR_SOURCE_SWITCH_FINISH();
 246   6                              }
 247   5                          }
 248   4                      }
 249   3                  }
 250   2      
 251   2      #if(_HP_SOURCE_SCAN_SUPPORT == _ON)
                          if((GET_MODE_STATE() == _MODE_STATUS_NOSIGNAL) || (GET_MODE_STATE() == _MODE_STATUS_POWER_SAVI
             -NG))
              #endif
 254   2                  {
 255   3                      if(UserInterfaceGetCableResetStatus() == _TRUE)
 256   3                      {
 257   4                          if(SysPowerGetPowerStatus() != _POWER_STATUS_NORMAL)
 258   4                          {
 259   5                              SET_TARGET_POWER_STATUS(_POWER_STATUS_NORMAL);
 260   5                          }
 261   4      
 262   4                          SET_MODE_RESET_TARGET(_MODE_ACTION_RESET_TO_SEARCH);
 263   4      
 264   4                          SysSourceCableResetProc();
 265   4                      }
 266   3                  }
 267   2      
 268   2                  break;
 269   2      
 270   2              case _MODE_STATUS_DISPLAY_SETTING:
 271   2      
 272   2                  if(GET_MODE_DISPLAY_SETTING_READY() == _FALSE)
 273   2                  {
 274   3      #if(_PANEL_STYLE == _PANEL_VBO)
                              DWORD ulDclk = GET_D_CLK_FREQ();
              #endif
 277   3      
 278   3                      if(SysModeDisplaySetting() == _TRUE)
 279   3                      {
 280   4      #if(_DEBUG_MESSAGE_CHECK_MDOMAIN == _ON)
                                  ScalerMDomainCheckDisplaySetting();
              #endif
 283   4      
 284   4      #if(_PANEL_STYLE == _PANEL_VBO)
                                  if(ulDclk != GET_D_CLK_FREQ())
                                  {
              #if(_PANEL_VBO_CHANGE_CLK_RESET_TYPE == _VBO_CHANGE_CLK_RESET_BY_RE_LINK_TRAIN)
                                      // Turn off Backlight Power to prevent garbage
                                      UserCommonInterfacePanelPowerAction(_BACKLIGHT_OFF);
              #else
                                      // Turn off Panel Power to prevent garbage
C51 COMPILER V9.60.0.0   SYSMODE                                                           09/21/2026 15:31:50 PAGE 6   

                                      UserCommonInterfacePanelPowerAction(_PANEL_OFF);
              #endif
                                  }
              #endif
 296   4      
 297   4      #if((_PANEL_POW_SEQ_FAST_MODE == _ON) || (_PANEL_POWER_ON_BEFORE_COLOR_SETTING == _ON))
 298   4                          UserCommonInterfacePanelPowerAction(_PANEL_ON);
 299   4      #endif
 300   4                          UserCommonInterfaceAdjustColorProc();
 301   4      
 302   4                          SET_MODE_DISPLAY_SETTING_READY();
 303   4      
 304   4                          SET_MODE_RESET_TARGET(_MODE_ACTION_NO_RESET_MODE);
 305   4      
 306   4                          ScalerTimerCancelTimerEvent(_SYSTEM_TIMER_EVENT_JUDGE_NOSUPPORT_STATE);
 307   4                      }
 308   3                  }
 309   2      
 310   2                  break;
 311   2      
 312   2              case _MODE_STATUS_ACTIVE:
 313   2      
 314   2                  if(GET_MODE_STATE_CHANGE_MODE() == _TRUE)
 315   2                  {
 316   3                      ScalerGlobalFirstActiveProc(GET_SOURCE_TYPE(g_ucSearchIndex), SysSourceGetInputPort());
 317   3      #if((_DVI_SUPPORT == _ON) || (_HDMI_SUPPORT == _ON))
 318   3      #if(_HDMI_HDCP14_BCH_ERROR_CHECK == _ON)
                              if(ScalerTMDSGetFirstActiveHdcp14BchErrorCheck(SysSourceGetInputPort()) == _TRUE)
              #endif
 321   3      #endif
 322   3                      {
 323   4                          UserCommonInterfaceOsdActiveProc();
 324   4                          UserCommonInterfacePanelPowerAction(_BACKLIGHT_ON);
 325   4                      }
 326   3                      SysSourceFirstActiveProc();
 327   3                  }
 328   2      
 329   2                  ScalerSyncActiveProc(GET_SOURCE_TYPE(g_ucSearchIndex));
 330   2      
 331   2      
 332   2      #if(((_DDR3_PHASE_CALIBRATION == _ON) && (_MEMORY_PHASE_CALIBRATION_MODE == _MEMORY_PHASE_CALIBRATION_FRC_
             -MODE)) && (_DDR3_PHASE_CHECK == _OFF))
                          ScalerDDR3PhaseCalibrationFRCMode();
              
              #elif(_DDR1_PHASE_CALIBRATION == _ON)
 336   2                  ScalerTimerActiveTimerEvent(SEC(60), _SCALER_TIMER_EVENT_DDR_PHASE_CNT_CHECK);
 337   2      
 338   2      #elif(_SDRAM_PHASE_CALIBRATION == _ON)
                          ScalerTimerActiveTimerEvent(SEC(60), _SCALER_TIMER_EVENT_SDRAM_PHASE_CNT_CHECK);
              
              #endif
 342   2                  break;
 343   2      
 344   2              case _MODE_STATUS_NOSUPPORT:
 345   2      
 346   2                  break;
 347   2      
 348   2              case _MODE_STATUS_FACTORY:
 349   2      
 350   2                  break;
 351   2      
 352   2              default:
C51 COMPILER V9.60.0.0   SYSMODE                                                           09/21/2026 15:31:50 PAGE 7   

 353   2      
 354   2                  break;
 355   2          }
 356   1      
 357   1          CLR_MODE_STATE_CHANGE_MODE();
 358   1      }
 359          
 360          //--------------------------------------------------
 361          // Description  : Return Mode State for other Group
 362          // Input Value  : None
 363          // Output Value : Mode State
 364          //--------------------------------------------------
 365          BYTE SysModeGetModeState(void)
 366          {
 367   1          return GET_MODE_STATE();
 368   1      }
 369          
 370          //--------------------------------------------------
 371          // Description  : Return Mode Display Setting Ready
 372          // Input Value  : None
 373          // Output Value : Mode State
 374          //--------------------------------------------------
 375          bit SysModeGetDisplaySettingReady(void)
 376          {
 377   1          return GET_MODE_DISPLAY_SETTING_READY();
 378   1      }
 379          
 380          //--------------------------------------------------
 381          // Description  : Return Mode Timing Confirm
 382          // Input Value  : None
 383          // Output Value : Mode State
 384          //--------------------------------------------------
 385          bit SysModeGetTimingConfirm(void)
 386          {
 387   1          return GET_MODE_TIMING_CONFIRM();
 388   1      }
 389          
 390          //--------------------------------------------------
 391          // Description  : Return Mode Active Ready
 392          // Input Value  : None
 393          // Output Value : Mode State
 394          //--------------------------------------------------
 395          bit SysModeGetActiveReady(void)
 396          {
 397   1          return GET_MODE_ACTIVE_READY();
 398   1      }
 399          
 400          //--------------------------------------------------
 401          // Description  : Include all required settings for Display
 402          // Input Value  : Input Source Type
 403          // Output Value : None
 404          //--------------------------------------------------
 405          bit SysModeDisplaySetting(void)
 406          {
 407   1          bit bMdomainsetup = _FALSE;
 408   1      
 409   1          // Set up testing flow
 410   1          DISPLAY_SETTING_TEST_INIT();
 411   1      
 412   1          // Set up variables for dispaly setting
 413   1          SysModeSetUpDisplayInitialization();
 414   1      
C51 COMPILER V9.60.0.0   SYSMODE                                                           09/21/2026 15:31:50 PAGE 8   

 415   1          // Set Up Input Timing to I Domain
 416   1          SysModeSetUpInputCapture();
 417   1      
 418   1          // Set D Domain Functions
 419   1          SysModeSetUpDisplayCapture();
 420   1      
 421   1      #if(_URGENT_EVENT_CHECK_MODE == _ON)
 422   1          if((ScalerSyncCheckUrgentEvent() == _TRUE))
 423   1          {
 424   2              return _FALSE;
 425   2          }
 426   1      #endif
 427   1      
 428   1          // Set M Domain Functions
 429   1          bMdomainsetup = SysModeSetUpMDomain();
 430   1      
 431   1          // Start testing
 432   1          DISPLAY_SETTING_TEST_UPDATE();
 433   1      
 434   1          return bMdomainsetup;
 435   1      }
 436          
 437          //--------------------------------------------------
 438          // Description  : Set Up variables for display setting
 439          // Input Value  : None
 440          // Output Value : None
 441          //--------------------------------------------------
 442          void SysModeSetUpDisplayInitialization(void)
 443          {
 444   1          UserInterfaceDisplayInitialization();
 445   1      
 446   1      #if(_ULTRA_HDR_SUPPORT == _ON)
 447   1          ScalerSyncGetColorInfoFrame(SysSourceGetInputPort(), _DP_GET_RSV0_INFO_INITIAL);
 448   1      #endif
 449   1      
 450   1          // Check Panel Backlight Action
 451   1          if(UserCommonInterfaceGetDisplaySettingBacklightAction() == _DISABLE)
 452   1          {
 453   2      #if(_PANEL_POW_SEQ_FAST_MODE == _ON)
 454   2              // Turn off backlight to prevent garbage
 455   2              UserCommonInterfacePanelPowerAction(_BACKLIGHT_OFF);
 456   2      #else
                      // Turn off backlight to prevent garbage
                      UserCommonInterfacePanelPowerAction(_PANEL_OFF);
              #endif
 460   2          }
 461   1      
 462   1          SysModeSetupIDomainIniValue();
 463   1      
 464   1      #if(_M_DOMAIN_IMG_CMP_SUPPORT == _ON)
                  ScalerImgCmpDecmpPowerControl(_ON);
              #endif
 467   1      
 468   1          // Set custom DVF freq.
 469   1          UserCommonDisplayGetMDomainCustomInfo(&g_stDisplayCustomizedData);
 470   1      
 471   1      #if(_RTK_ADVANCED_MOTION_BLUR_REDUCTION_SUPPORT == _ON)
                  UserCommonInterfaceAdjustRtkAdvMbr();
              #endif
 474   1      
 475   1          // Check Case to Disable Global Double Buffer
 476   1          if(SysModeCheckToDisableGlobalDoubleBuffer() == _TRUE)
C51 COMPILER V9.60.0.0   SYSMODE                                                           09/21/2026 15:31:50 PAGE 9   

 477   1          {
 478   2              ScalerGlobalDoubleBufferEnable(_DISABLE);
 479   2          }
 480   1      
 481   1      #if(_DISPLAY_ROTATION_SUPPORT == _ON)
 482   1          // Set rotation
 483   1          SET_ROT_TYPE(UserInterfaceGetRotationDegree());
 484   1          SET_ROT_DISP_SIZE(UserInterfaceGetRotationDisplayType());
 485   1      #endif
 486   1      
 487   1      #if(_DISP_LATENCY_ADJUST_SUPPORT == _ON)
                  // Set display latency ratio; 0 if rotation is enabled
              #if(_DISPLAY_ROTATION_SUPPORT == _ON)
                  if(GET_ROT_TYPE() != _ROT_DISABLE)
                  {
                      SET_DISP_LATENCY_RATIO(0);
                  }
                  else
              #endif
                  {
                      SET_DISP_LATENCY_RATIO(UserInterfaceGetDisplayLatencyRatio());
                  }
              #endif
 500   1      
 501   1      #if(_M_DOMAIN_IMG_CMP_SUPPORT == _ON)
              #if(_HW_M_DOMAIN_IMG_CMP_TYPE == _M_DOMAIN_IMG_CMP_GEN_1)
                  ScalerGlobalEnableUnderflowMonitor(_DISABLE);
              #endif
              #endif
 506   1      
 507   1      #if(_FRC_SUPPORT == _ON)
 508   1          // Disable FRC in change timing / m-domain check fail
 509   1          if(ScalerGlobalGetDBStatus() == _FALSE)
 510   1          {
 511   2              // FRC Disable M1/M2 Capture/Display
 512   2              ScalerFRCEn(_FRC_CAP_DISP_ALL, _DISABLE);
 513   2      
 514   2              // Set Frame sync with line buffer mode
 515   2              ScalerFRCSetDDomainSourceSelect(_DDOMAIN_SRC_FRAM_FRAME_SYNC_MODE);
 516   2          }
 517   1      
 518   1      
 519   1      #if(_DISPLAY_ROTATION_SUPPORT == _ON)
 520   1      
 521   1      #if((_MEMORY_TYPE_CONFIG == _MEMORY_DDR2) && (_MEMORY_SIZE_CONFIG == _16M_16BIT_DDR2_2PCS))
                  // switch DDR2 mux
                  ScalerDDR2RotationSetClientMux();
              #endif
 525   1      
 526   1      #if(_DISPLAY_ROTATION_TYPE == _DISPLAY_ROTATION_GEN_I)
                  // Disable FRC
                  ScalerRotationSetFRCEn(_FRC_ALL_ONOFF, _DISABLE);
              
                  // Use information form Frame-Sync Mode
                  ScalerRotationSetDDomainSourceSelect(_DDOMAIN_SRC_FRAM_FRAME_SYNC_MODE);
              #endif
 533   1      #endif
 534   1      #endif  // End of #if(_FRC_SUPPORT == _ON)
 535   1      }
 536          
 537          //--------------------------------------------------
 538          // Description  : Set Up stuffs into I-Domain
C51 COMPILER V9.60.0.0   SYSMODE                                                           09/21/2026 15:31:50 PAGE 10  

 539          // Input Value  : Timing Info Into VGIP
 540          // Output Value : None
 541          //--------------------------------------------------
 542          void SysModeSetUpInputCapture(void)
 543          {
 544   1          UserCommonInterfaceAdjustInputTiming();
 545   1      
 546   1          ScalerIDomainVgipSetInputCapture();
 547   1      }
 548          
 549          //--------------------------------------------------
 550          // Description  : Set Up I-Domain
 551          // Input Value  : Timing Info Into D Domain
 552          // Output Value : None
 553          //--------------------------------------------------
 554          void SysModeSetUpDisplayCapture(void)
 555          {
 556   1          // Initialize Display Timing
 557   1          SysModeDisplayTimingInitial();
 558   1      
 559   1          UserCommonInterfaceAdjustDisplayTiming();
 560   1      
 561   1          // Check Display Timing
 562   1          ScalerMDomainCheckDisplayFormat();
 563   1      }
 564          
 565          //--------------------------------------------------
 566          // Description  : Set Up M-Domain
 567          // Input Value  : Timing Info Into M Domain
 568          // Output Value : None
 569          //--------------------------------------------------
 570          bit SysModeSetUpMDomain(void)
 571          {
 572   1          if(ScalerMDomainControl() == _FALSE)
 573   1          {
 574   2              return _FALSE;
 575   2          }
 576   1      
 577   1          return _TRUE;
 578   1      }
 579          
 580          //--------------------------------------------------
 581          // Description  : Mode Reset
 582          // Input Value  : Reset Target
 583          // Output Value : None
 584          //--------------------------------------------------
 585          void SysModeResetState(BYTE ucResetTarget)
 586          {
 587   1          DebugMessageSystem("SysModeResetState!!", ucResetTarget);
 588   1      
 589   1          switch(ucResetTarget)
 590   1          {
 591   2              case _MODE_ACTION_RESET_TO_SEARCH:
 592   2      
 593   2                  // User Reset Process
 594   2                  UserCommonInterfaceOsdResetProc();
 595   2      
 596   2                  // Clear Source Ready Flag
 597   2                  SysSourceInfoReset();
 598   2      
 599   2                  // Clear Measure Ready Flag
 600   2                  CLR_MODE_TIMING_CONFIRM();
C51 COMPILER V9.60.0.0   SYSMODE                                                           09/21/2026 15:31:50 PAGE 11  

 601   2      
 602   2                  // Clear M Domain Ready Flag
 603   2                  CLR_MODE_DISPLAY_SETTING_READY();
 604   2      
 605   2                  // Clear No Wait For Active Flag
 606   2                  CLR_MODE_NO_WAIT_FOR_ACTIVE();
 607   2      
 608   2                  // Clear Mode Active Ready Flag
 609   2                  CLR_MODE_ACTIVE_READY();
 610   2      
 611   2                  SysModeSetFreeRun();
 612   2      
 613   2                  ScalerTimerCancelTimerEvent(_SYSTEM_TIMER_EVENT_JUDGE_ACTIVE_STATE);
 614   2                  ScalerTimerCancelTimerEvent(_SYSTEM_TIMER_EVENT_JUDGE_NOSIGNAL_STATE);
 615   2                  ScalerTimerCancelTimerEvent(_SYSTEM_TIMER_EVENT_JUDGE_NOSUPPORT_STATE);
 616   2      
 617   2                  break;
 618   2      
 619   2              case _MODE_ACTION_RESET_TO_DISPLAY_SETTING_WITHOUT_FORCETOBG:
 620   2              case _MODE_ACTION_RESET_TO_DISPLAY_SETTING:
 621   2      
 622   2                  if(GET_MODE_STATE() != _MODE_STATUS_ACTIVE)
 623   2                  {
 624   3                      // User Reset Process
 625   3                      UserCommonInterfaceOsdResetProc();
 626   3                  }
 627   2      
 628   2                  // Clear M Domain Ready Flag
 629   2                  CLR_MODE_DISPLAY_SETTING_READY();
 630   2      
 631   2                  // Set No Wait For Active Flag
 632   2                  SET_MODE_NO_WAIT_FOR_ACTIVE();
 633   2      
 634   2                  // Clear Mode Active Ready Flag
 635   2                  CLR_MODE_ACTIVE_READY();
 636   2      
 637   2                  break;
 638   2      
 639   2              case _MODE_ACTION_RESET_TO_NOSUPPORT:
 640   2      
 641   2                  if(GET_MODE_STATE() == _MODE_STATUS_DISPLAY_SETTING)
 642   2                  {
 643   3                      // Clear M Domain Ready Flag
 644   3                      CLR_MODE_DISPLAY_SETTING_READY();
 645   3      
 646   3                      SysModeSetFreeRun();
 647   3                  }
 648   2      
 649   2                  break;
 650   2      
 651   2              case _MODE_ACTION_RESET_TO_POWER_SAVING:
 652   2      
 653   2                  // User Reset Process
 654   2                  UserCommonInterfaceOsdResetProc();
 655   2      
 656   2                  // Clear Source Ready Flag
 657   2                  SET_SOURCE_TYPE(g_ucSearchIndex, _SOURCE_NONE);
 658   2      
 659   2                  // Clear Source Judge
 660   2                  CLR_SOURCE_JUDGE(g_ucSearchIndex);
 661   2      
 662   2      #if(_SOURCE_BACKGROUND_DETECT_SUPPORT == _ON)
C51 COMPILER V9.60.0.0   SYSMODE                                                           09/21/2026 15:31:50 PAGE 12  

                          CLR_SOURCE_BG_JUDGE(g_ucBgDetectIndex);
              #endif
 665   2      
 666   2                  // Clear Measure Ready Flag
 667   2                  CLR_MODE_TIMING_CONFIRM();
 668   2      
 669   2                  // Clear M Domain Ready Flag
 670   2                  CLR_MODE_DISPLAY_SETTING_READY();
 671   2      
 672   2                  // Clear No Wait For Active Flag
 673   2                  CLR_MODE_NO_WAIT_FOR_ACTIVE();
 674   2      
 675   2                  // Clear Mode Active Ready Flag
 676   2                  CLR_MODE_ACTIVE_READY();
 677   2      
 678   2                  ScalerTimerCancelTimerEvent(_SYSTEM_TIMER_EVENT_JUDGE_ACTIVE_STATE);
 679   2                  ScalerTimerCancelTimerEvent(_SYSTEM_TIMER_EVENT_JUDGE_NOSIGNAL_STATE);
 680   2                  ScalerTimerCancelTimerEvent(_SYSTEM_TIMER_EVENT_JUDGE_NOSUPPORT_STATE);
 681   2      
 682   2                  break;
 683   2      
 684   2              case _MODE_ACTION_RESET_TO_POWER_OFF:
 685   2      
 686   2                  // User Reset Process
 687   2                  UserCommonInterfaceOsdResetProc();
 688   2      
 689   2                  // Clear Source Ready Flag
 690   2                  SysSourceInfoReset();
 691   2      
 692   2                  CLR_SOURCE_HP_SOURCE_JUDGE();
 693   2      
 694   2                  // Clear Measure Ready Flag
 695   2                  CLR_MODE_TIMING_CONFIRM();
 696   2      
 697   2                  // Clear M Domain Ready Flag
 698   2                  CLR_MODE_DISPLAY_SETTING_READY();
 699   2      
 700   2                  // Clear No Wait For Active Flag
 701   2                  CLR_MODE_NO_WAIT_FOR_ACTIVE();
 702   2      
 703   2                  // Clear Mode Active Ready Flag
 704   2                  CLR_MODE_ACTIVE_READY();
 705   2      
 706   2                  // Judge Reset Process
 707   2                  ScalerTimerCancelTimerEvent(_SYSTEM_TIMER_EVENT_JUDGE_ACTIVE_STATE);
 708   2      
 709   2                  break;
 710   2      
 711   2              default:
 712   2                  break;
 713   2          }
 714   1      
 715   1          ScalerGlobalResetProc(ucResetTarget, SysSourceGetInputPort());
 716   1      }
 717          
 718          //--------------------------------------------------
 719          // Description  : Set Free Run Mode
 720          // Input Value  : None
 721          // Output Value : None
 722          //--------------------------------------------------
 723          void SysModeSetFreeRun(void)
 724          {
C51 COMPILER V9.60.0.0   SYSMODE                                                           09/21/2026 15:31:50 PAGE 13  

 725   1          DWORD ulDclk = GET_D_CLK_FREQ();
 726   1      
 727   1          // Set D Domain Timing
 728   1          SysModeDisplayTimingInitial();
 729   1      
 730   1          // Disable Global Double Buffer
 731   1          ScalerGlobalDoubleBufferEnable(_DISABLE);
 732   1      
 733   1          ScalerMDomainSetDisplayFormat(_FREE_RUN_NO_INPUT);
 734   1      
 735   1          // Enable Spread Spectrum
 736   1          ScalerPLLSetDPLLSSC(_DCLK_SPREAD_SPEED, _DCLK_SPREAD_RANGE);
 737   1      
 738   1          if(ulDclk != GET_D_CLK_FREQ())
 739   1          {
 740   2      #if(_PANEL_STYLE == _PANEL_VBO)
              #if(_PANEL_VBO_CHANGE_CLK_RESET_TYPE == _VBO_CHANGE_CLK_RESET_BY_RE_LINK_TRAIN)
                      // Turn off Backlight Power to prevent garbage
                      UserCommonInterfacePanelPowerAction(_BACKLIGHT_OFF);
              #else
                      // Turn off Panel Power to prevent garbage
                      UserCommonInterfacePanelPowerAction(_PANEL_OFF);
              #endif
              #elif(_PANEL_STYLE == _PANEL_DPTX)
              #if(_PANEL_POW_SEQ_FAST_MODE == _ON)
                      // Turn off backlight to prevent garbage
                      UserCommonInterfacePanelPowerAction(_BACKLIGHT_OFF);
              #else
                      // Turn off backlight to prevent garbage
                      UserCommonInterfacePanelPowerAction(_PANEL_OFF);
              #endif
              #endif
 757   2          }
 758   1      }
 759          
 760          //--------------------------------------------------
 761          // Description  : Mode State Change Flag for OSD
 762          // Input Value  : None
 763          // Output Value : None
 764          //--------------------------------------------------
 765          bit SysModeGetModeStateChange(void)
 766          {
 767   1          return GET_MODE_STATE_CHANGE_OSD();
 768   1      }
 769          
 770          //--------------------------------------------------
 771          // Description  : Clr Mode State Change Flag for OSD
 772          // Input Value  : None
 773          // Output Value : None
 774          //--------------------------------------------------
 775          void SysModeClrModeStateChange(void)
 776          {
 777   1          CLR_MODE_STATE_CHANGE_OSD();
 778   1      }
 779          
 780          
 781          //--------------------------------------------------
 782          // Description  : Set Reset Status for User
 783          // Input Value  : Target Reset State
 784          // Output Value : None
 785          //--------------------------------------------------
 786          void SysModeSetResetTarget(EnumModeAction enumResetTarget)
C51 COMPILER V9.60.0.0   SYSMODE                                                           09/21/2026 15:31:50 PAGE 14  

 787          {
 788   1          if(GET_MODE_STATE() == _MODE_STATUS_INITIAL)
 789   1          {
 790   2              return;
 791   2          }
 792   1      
 793   1          SET_MODE_RESET_TARGET(enumResetTarget);
 794   1      }
 795          
 796          //--------------------------------------------------
 797          // Description  : Let User Specify Which Color Space is used
 798          // Input Value  : Target Color Space, enumDBApply
 799          // Output Value : None
 800          //--------------------------------------------------
 801          void SysModeColorSpaceConvert(EnumColorSpace enumColorFormat, EnumDBApply enumDBApply)
 802          {
 803   1          enumDBApply = enumDBApply;
 804   1          enumColorFormat = enumColorFormat;
 805   1      
 806   1      #if(_VGA_SUPPORT == _ON)
 807   1          if(GET_SOURCE_TYPE(g_ucSearchIndex) == _SOURCE_VGA)
 808   1          {
 809   2              ScalerADCClampMode(enumColorFormat);
 810   2      
 811   2              // Download adc data from NVRam
 812   2              UserCommonNVRamLoadADCSetting(enumColorFormat);
 813   2      
 814   2              // Gain Offset Adjust.
 815   2              UserCommonInterfaceAdjustADCData();
 816   2          }
 817   1      #endif
 818   1      
 819   1      #if((_DVI_SUPPORT == _ON) && (_UNDERSCAN_SUPPORT == _ON))
 820   1          if(GET_SOURCE_TYPE(g_ucSearchIndex) == _SOURCE_DVI)
 821   1          {
 822   2              // Adjust porch color for DVI
 823   2              ScalerTMDSSetPorchColor(SysSourceGetInputPort(), enumColorFormat);
 824   2          }
 825   1      #endif
 826   1      
 827   1      #if(_COLOR_IP_COLOR_CONVERT == _ON)
 828   1          // Wait for D-domain DB apply ready
 829   1          ScalerColorWaitDDomainDBApply();
 830   1      
 831   1      #if((_M_DOMAIN_FORCE_YUV_FORMAT == _ON) || (_GLOBAL_COLOR_CONVERT_HUE_SATURATION_FUNCTION == _ON))
                  ScalerColorMdomainForceYUV(enumColorFormat, enumDBApply);
              #elif(_ULTRA_VIVID_SUPPORT == _ON)
                  ScalerColorSpaceConvertUltraVividSupport(enumColorFormat, enumDBApply);
              #else
 836   1          ScalerColorSpaceConvert(enumColorFormat, enumDBApply);
 837   1      #endif
 838   1      #endif // End of #if(_COLOR_IP_COLOR_CONVERT == _ON)
 839   1      }
 840          
 841          //--------------------------------------------------
 842          // Description  : Give Display Timing Initial Value
 843          // Input Value  : None
 844          // Output Value : None
 845          //--------------------------------------------------
 846          void SysModeDisplayTimingInitial(void)
 847          {
 848   1          // Set Up Display Timing According to Panel Spec
C51 COMPILER V9.60.0.0   SYSMODE                                                           09/21/2026 15:31:50 PAGE 15  

 849   1          SET_MDOMAIN_OUTPUT_HWIDTH(_PANEL_DH_WIDTH);
 850   1          SET_MDOMAIN_OUTPUT_HBWIDTH(_PANEL_DH_WIDTH);
 851   1          SET_MDOMAIN_OUTPUT_HTOTAL((_PANEL_DH_TOTAL - (_PANEL_DH_TOTAL % _DHTOTAL_MULTIPLE)));
 852   1          SET_MDOMAIN_OUTPUT_HSTART(_PANEL_DH_START);
 853   1          SET_MDOMAIN_OUTPUT_HBSTART(_PANEL_DH_START);
 854   1      
 855   1          SET_MDOMAIN_OUTPUT_VHEIGHT(_PANEL_DV_HEIGHT);
 856   1          SET_MDOMAIN_OUTPUT_VBHEIGHT(_PANEL_DV_HEIGHT);
 857   1          SET_MDOMAIN_OUTPUT_VTOTAL(_PANEL_DV_TOTAL);
 858   1          SET_MDOMAIN_OUTPUT_VSTART(_PANEL_DV_START);
 859   1          SET_MDOMAIN_OUTPUT_VBSTART(_PANEL_DV_START);
 860   1      
 861   1          SET_OUTPUT_VFREQ(_PANEL_TYP_FRAME_RATE);
 862   1      }
 863          
 864          //--------------------------------------------------
 865          // Description  : Check To Disable Global Double Buffer
 866          // Input Value  : None
 867          // Output Value : _TRUE: Disale Global Global Double Buffer
 868          //--------------------------------------------------
 869          bit SysModeCheckToDisableGlobalDoubleBuffer(void)
 870          {
 871   1          if(ScalerGlobalGetDBStatus() == _TRUE)
 872   1          {
 873   2      #if(_DISPLAY_ROTATION_SUPPORT == _ON)
 874   2              if(GET_ROT_TYPE() != UserInterfaceGetRotationDegree())
 875   2              {
 876   3                  return _TRUE;
 877   3              }
 878   2      #endif
 879   2              if(GET_MEMORY_DVF_SELECT() != ScalerDisplaySelectDVFMode())
 880   2              {
 881   3                  return _TRUE;
 882   3              }
 883   2          }
 884   1          return _FALSE;
 885   1      }
 886          
 887          //--------------------------------------------------
 888          // Description  : Set I domain initial value and check
 889          // Input Value  : None
 890          // Output Value : None
 891          //--------------------------------------------------
 892          void SysModeSetupIDomainIniValue(void)
 893          {
 894   1          // Copy Input Timing to I Domain Timing as initial value
 895   1          SET_MDOMAIN_INPUT_STRUCTURE(g_stInputTimingData);
 896   1      
 897   1      #if(_VGA_SUPPORT == _ON)
 898   1          if(SysSourceGetSourceType() == _SOURCE_VGA)
 899   1          {
 900   2              DebugMessageScaler("Update VGA Measure Measure Info", 0);
 901   2              DebugMessageScaler("Input Timing HTotal", GET_INPUT_TIMING_HTOTAL());
 902   2              DebugMessageScaler("Input Timing HWidth", GET_INPUT_TIMING_HWIDTH());
 903   2          }
 904   1      #endif
 905   1      
 906   1      #if((_MEASURE_ADJUSTED_IHF_SUPPORT == _ON) || (_MEASURE_ADJUSTED_IVF_SUPPORT == _ON))
 907   1      #if(_VGA_SUPPORT == _ON)
 908   1          if(SysSourceGetSourceType() != _SOURCE_VGA)
 909   1      #endif
 910   1          {
C51 COMPILER V9.60.0.0   SYSMODE                                                           09/21/2026 15:31:50 PAGE 16  

 911   2              ScalerMDomainUpdateInputInfo();
 912   2          }
 913   1      #endif
 914   1      
 915   1      #if(_FORMAT_CONVERSION_SUPPORT == _ON)
                  if(ScalerFmtCnvFtoPGetStatus() == _TRUE)
                  {
                      if(GET_MDOMAIN_INPUT_VHEIGHT_ODD() == _TRUE)
                      {
                          SET_MDOMAIN_INPUT_VHEIGHT(GET_MDOMAIN_INPUT_VHEIGHT() - 2);
                      }
              
                      SET_MDOMAIN_INPUT_VSTART(GET_MDOMAIN_INPUT_VSTART() - (GET_MDOMAIN_INPUT_VSTART() % 2));
                  }
              #endif
 926   1      
 927   1      #if(_DRR_SUPPORT == _ON)
 928   1          SysModeDrrSetMdomainInfo();
 929   1      #endif
 930   1      
 931   1      #if((_DRR_SUPPORT == _ON) && (_FW_DRR_SUPPORT_GEN_TYPE == _DRR_SUPPORT_GEN_II))
                  if(GET_DRR_IVF_INFO() == _TRUE)
              #elif(_FREESYNC_SUPPORT == _ON)
 934   1          if(GET_FREESYNC_IVF_INFO() == _TRUE)
 935   1      #endif
 936   1          {
 937   2              // Add Required Functions to Modify Input Timing
 938   2              if(GET_MDOMAIN_INPUT_VSTART() > (GET_MDOMAIN_INPUT_VTOTAL() - GET_MDOMAIN_INPUT_VHEIGHT()))
 939   2              {
 940   3                  SET_MDOMAIN_INPUT_VSTART((GET_MDOMAIN_INPUT_VTOTAL() - GET_MDOMAIN_INPUT_VHEIGHT()));
 941   3              }
 942   2          }
 943   1      
 944   1          if((GET_MDOMAIN_INPUT_HWIDTH() % 2) != 0x00)
 945   1          {
 946   2              // We should let H-width is even integer in case of the width of memory FIFO read width must even 
             -integer.
 947   2              SET_MDOMAIN_INPUT_HWIDTH(GET_MDOMAIN_INPUT_HWIDTH() + 1);
 948   2          }
 949   1      }
 950          
 951          #if(_DRR_SUPPORT == _ON)
 952          //--------------------------------------------------
 953          // Description  : Set Drr Mdomain Info
 954          // Input Value  : None
 955          // Output Value : None
 956          //--------------------------------------------------
 957          void SysModeDrrSetMdomainInfo(void)
 958          {
 959   1          EnumSourceSearchPort enumSearchPort = SysSourceGetInputPort();
 960   1      
 961   1      #if(_FREESYNC_SUPPORT == _ON)
 962   1          ScalerFreeSyncSPDInfoReceive(enumSearchPort);
 963   1      #endif
 964   1      
 965   1      #if(_FW_DRR_SUPPORT_GEN_TYPE == _DRR_SUPPORT_GEN_II)
                  ScalerDrrSetPanelVfeqInfo(enumSearchPort);
              
                  if(ScalerDrrGetType() != _DRR_NONE_TYPE)
                  {
                      WORD usIVfreq = SysModeDrrGetIVFreq(enumSearchPort);
              
C51 COMPILER V9.60.0.0   SYSMODE                                                           09/21/2026 15:31:50 PAGE 17  

                      if(usIVfreq != 0)
                      {
                          SET_DRR_IVF_INFO(_TRUE);
                          SET_MDOMAIN_INPUT_VTOTAL((DWORD)GET_MDOMAIN_INPUT_HFREQ() * 1000 / usIVfreq);
                      }
                      else
                      {
                          SET_DRR_IVF_INFO(_FALSE);
                          SET_MDOMAIN_INPUT_VTOTAL((DWORD)GET_MDOMAIN_INPUT_VHEIGHT() * 105 / 100);
              
                          usIVfreq = ((DWORD)GET_MDOMAIN_INPUT_HFREQ() * 1000 / GET_MDOMAIN_INPUT_VHEIGHT());
              
                          if(usIVfreq > GET_DRR_PANEL_MAX_FRAME_RATE())
                          {
                              usIVfreq = GET_DRR_PANEL_MAX_FRAME_RATE();
                          }
                      }
              
                      DebugMessageScaler("DRR new Vfreq max", usIVfreq);
                      SET_MDOMAIN_INPUT_VFREQ(usIVfreq);
                  }
              #else
 994   1      #if(_FREESYNC_SUPPORT == _ON)
 995   1          if(GET_FREESYNC_ENABLED() == _TRUE)
 996   1          {
 997   2              WORD usIVfreq = SysModeDrrGetIVFreq(enumSearchPort);
 998   2      
 999   2              if(usIVfreq != 0)
1000   2              {
1001   3                  SET_FREESYNC_IVF_INFO(_TRUE);
1002   3                  SET_MDOMAIN_INPUT_VTOTAL((DWORD)GET_MDOMAIN_INPUT_HFREQ() * 1000 / usIVfreq);
1003   3              }
1004   2              else
1005   2              {
1006   3                  SET_FREESYNC_IVF_INFO(_FALSE);
1007   3                  SET_MDOMAIN_INPUT_VTOTAL((DWORD)GET_MDOMAIN_INPUT_VHEIGHT() * 105 / 100);
1008   3      
1009   3                  usIVfreq = ((DWORD)GET_MDOMAIN_INPUT_HFREQ() * 1000 / GET_MDOMAIN_INPUT_VHEIGHT());
1010   3      
1011   3                  if(usIVfreq > _PANEL_FREESYNC_MAX_FRAME_RATE)
1012   3                  {
1013   4                      usIVfreq = _PANEL_FREESYNC_MAX_FRAME_RATE;
1014   4                  }
1015   3              }
1016   2      
1017   2              DebugMessageScaler("DRR new Vfreq max", usIVfreq);
1018   2              SET_MDOMAIN_INPUT_VFREQ(usIVfreq);
1019   2          }
1020   1      #endif
1021   1      #endif
1022   1      }
1023          
1024          //--------------------------------------------------
1025          // Description  : Get DRR IVF
1026          // Input Value  : Input port
1027          // Output Value : IVF in DRR; 0 if not available
1028          //--------------------------------------------------
1029          WORD SysModeDrrGetIVFreq(EnumSourceSearchPort enumSearchPort)
1030          {
1031   1          BYTE ucPortType = GET_PORT_TYPE(SysSourceGetInputPortType(enumSearchPort));
1032   1          BYTE *pucReadArray = UserCommonInterfaceEdidGetDDCRamAddress(enumSearchPort);
1033   1          WORD usIVfreq = 0;
C51 COMPILER V9.60.0.0   SYSMODE                                                           09/21/2026 15:31:50 PAGE 18  

1034   1          WORD usInputPixelClk = 0;
1035   1      
1036   1          StructFreeSyncSourceInfo stSourceInfo;
1037   1          memset(&stSourceInfo, 0, sizeof(stSourceInfo));
1038   1      
1039   1          ScalerFreeSyncGetSourceInfo(enumSearchPort, ucPortType, &stSourceInfo);
1040   1      
1041   1      #if(_FW_DRR_SUPPORT_GEN_TYPE == _DRR_SUPPORT_GEN_II)
                  if(ScalerDrrGetType() != _DRR_NONE_TYPE)
                  {
                      if(ScalerDrrGetType() == _DRR_FREESYNC_TYPE)
                      {
                          SET_DRR_VFREQ_MAX(g_usFREESYNCVFreq_max);
                      }
              
                      if(GET_DRR_VFREQ_MAX() == 590)
                      {
                          SET_DRR_VFREQ_MAX(600);
                      }
              
                      SET_DRR_VFREQ_MIN(GET_DRR_PANEL_MIN_FRAME_RATE());
              
                      if((GET_DRR_VFREQ_MAX() >= GET_DRR_PANEL_MIN_FRAME_RATE()) &&
                         (GET_DRR_VFREQ_MAX() <= GET_DRR_PANEL_MAX_FRAME_RATE()) &&
                         (ScalerDrrVfreqMaxInfoEnable(enumSearchPort, ucPortType) == _TRUE))
                      {
                          DebugMessageScaler("DRR Get IVF from SPD info", GET_DRR_VFREQ_MAX());
                          return GET_DRR_VFREQ_MAX();
                      }
                  }
              #else
1065   1      #if(_FREESYNC_SUPPORT == _ON)
1066   1          if(GET_FREESYNC_VFREQ_MAX() == 590)
1067   1          {
1068   2              SET_FREESYNC_VFREQ_MAX(600);
1069   2          }
1070   1      
1071   1          if(ScalerFreeSyncVfreqMaxInfoEnable(enumSearchPort, ucPortType) == _TRUE)
1072   1          {
1073   2              DebugMessageScaler("DRR Get IVF from SPD info", GET_FREESYNC_VFREQ_MAX());
1074   2              return GET_FREESYNC_VFREQ_MAX();
1075   2          }
1076   1      #endif
1077   1      #endif
1078   1      
1079   1          if(pucReadArray == _NULL_POINTER)
1080   1          {
1081   2              DebugMessageScaler("warning!!!!  Without EDID, Not Get IVF from EDID analysis", 0);
1082   2          }
1083   1          else
1084   1          {
1085   2      #if(_DP_SUPPORT == _ON)
1086   2              if(ucPortType == _PORT_DP)
1087   2              {
1088   3                  usInputPixelClk = GET_DP_NATIVE_INPUT_PIXEL_CLK();
1089   3              }
1090   2              else
1091   2      #endif
1092   2              {
1093   3                  usInputPixelClk = ScalerSyncGetInputPixelClk();
1094   3              }
1095   2      
C51 COMPILER V9.60.0.0   SYSMODE                                                           09/21/2026 15:31:50 PAGE 19  

1096   2              // Get IVF from EDID info, if any
1097   2              if(ScalerFreeSyncEdidAnalysisGetVfreqMax(pucReadArray, usInputPixelClk, &stSourceInfo, &usIVfreq) 
             -== _TABLE_SEARCHING_WITH_IVF_MAX)
1098   2              {
1099   3                  DebugMessageScaler("DRR Get IVF from EDID analysis", usIVfreq);
1100   3                  return usIVfreq;
1101   3              }
1102   2              else
1103   2              {
1104   3                  DebugMessageScaler("warning!!!!  Not Get IVF from EDID analysis", 0);
1105   3              }
1106   2          }
1107   1      
1108   1          // Get IVF Calculated by CVT, for QD980
1109   1          if(ScalerFreeSyncCalculateIVFmaxFromCVT(&usIVfreq, &stSourceInfo, ucPortType) == _TABLE_SEARCHING_WITH
             -_IVF_MAX)
1110   1          {
1111   2              DebugMessageScaler("DRR Get IVF Calculated by CVT", usIVfreq);
1112   2              return usIVfreq;
1113   2          }
1114   1      
1115   1          // Get IVF from user info, if any
1116   1          if(UserCommonInterfaceFreeSyncGetIVFmax(&usIVfreq, enumSearchPort) == _TABLE_SEARCHING_WITH_IVF_MAX)
1117   1          {
1118   2              DebugMessageScaler("DRR Get IVF from user define", usIVfreq);
1119   2              return usIVfreq;
1120   2          }
1121   1      
1122   1          DebugMessageScaler("DRR not Get IVF", 0);
1123   1          return 0;
1124   1      }
1125          
1126          #endif
1127          
1128          


MODULE INFORMATION:   STATIC OVERLAYABLE
   CODE SIZE        =   1840    ----
   CONSTANT SIZE    =    395    ----
   XDATA SIZE       =      3      24
   PDATA SIZE       =   ----    ----
   DATA SIZE        =   ----    ----
   IDATA SIZE       =   ----    ----
   BIT SIZE         =   ----       1
END OF MODULE INFORMATION.


C51 COMPILATION COMPLETE.  0 WARNING(S),  0 ERROR(S)
