C51 COMPILER V9.60.0.0   TFONT_KOREAN                                                      09/18/2026 20:40:16 PAGE 1   


C51 COMPILER V9.60.0.0, COMPILATION OF MODULE TFONT_KOREAN
OBJECT MODULE PLACED IN .\Output\RL6432_Project\tFONT_KOREAN.obj
COMPILER INVOKED BY: C:\Keil_v5\C51\BIN\C51.EXE User\RTD Series\RTD2014Osd\Code\tFONT_KOREAN.c LARGE OPTIMIZE(9,SPEED) I
                    -NCDIR(.\Output\RL6432;.\Project\Header;.\Pcb;.\Panel;.\Kernel\Device\Header;.\Kernel\Common;.\Kernel\System\Header;.\Ker
                    -nel\Scaler\ScalerFunction\Header;.\Kernel\Scaler\ScalerCommonFunction\Header;.\Kernel\Scaler\ScalerFunction\Lib\Header;.
                    -\Kernel\Scaler\ScalerCommonFunction\Lib\Header;.\Kernel\Scaler\RL6432_Series_Scaler\Header;.\Kernel\Scaler\RL6432_Series
                    -_Common\Header;.\Kernel\Scaler\RL6432_Series_Scaler\Lib\Header;.\Kernel\Scaler\RL6432_Series_Common\Lib\Header;.\Kernel\
                    -User Common Function\Header;.\User\RTD Series\RTD2014Function\Header;.\User\RTD Series\RTD2014Osd\Header;.\User\RTD Fact
                    -ory\Header;.\User\None Series\NoneFunction\Header;.\User\None Series\NoneOsd\Header;.\User\None Factory\Header) DEFINE(_
                    -PROJECT=_RL6432_PROJECT,_SCALER_TYPE=_RL6432_SERIES) DEBUG OBJECTEXTEND PRINT(.\Output\RL6432_Project\tFONT_KOREAN.lst) 
                    -TABS(2) OBJECT(.\Output\RL6432_Project\tFONT_KOREAN.obj)

line level    source

   1          #include "UserCommonInclude.h"
   2          #if _MEW_FONT
   3          BYTE code tFONT_KOREAN[]=
   4          { 
   5            //========Address -- (00),
   6            0x00,0x00,0x00,
   7            0x00,0x00,0x00,
   8            0x00,0x00,0x00,
   9            0x00,0x00,0x00,
  10            0x00,0x00,0x00,
  11            0x00,0x00,0x00,
  12            0x00,0x00,0x00,
  13            0x00,0x00,0x00,
  14            0x00,0x00,0x00,
  15            
  16            //========Address -- (01),
  17            0x00,0x00,0x00,
  18            0x10,0xc0,0x62,
  19            0x71,0xf4,0x22,
  20            0x22,0x22,0x22,
  21            0x10,0xc0,0x22,
  22            0x70,0xf4,0xe2,
  23            0x00,0x44,0x22,
  24            0x00,0x40,0x20,
  25            0x00,0x00,0x00,
  26            
  27            //========Address -- (02),
  28            0x00,0x00,0x00,
  29            0x01,0x0f,0x0e,
  30            0x00,0x88,0x00,
  31            0x00,0x88,0x00,
  32            0x00,0xf1,0xe0,
  33            0x00,0x11,0x00,
  34            0x07,0x1f,0x0f,
  35            0x00,0x00,0x00,
  36            0x00,0x00,0x00,
  37            
  38            //========Address -- (03),
  39            0x00,0x00,0x00,
  40            0x00,0x00,0x62,
  41            0x12,0x84,0x22,
  42            0x44,0x22,0x22,
  43            0x44,0x22,0x22,
  44            0x21,0x48,0x22,
  45            0x00,0x00,0x22,
  46            0x00,0x00,0x20,
  47            0x00,0x00,0x00,
C51 COMPILER V9.60.0.0   TFONT_KOREAN                                                      09/18/2026 20:40:16 PAGE 2   

  48            
  49            //========Address -- (04),
  50            0x00,0x00,0x00,
  51            0x00,0x00,0x62,
  52            0x72,0xe2,0x22,
  53            0x22,0x22,0x22,
  54            0x22,0x22,0x22,
  55            0x23,0x2e,0x22,
  56            0x20,0x00,0x22,
  57            0x00,0x00,0x20,
  58            0x00,0x00,0x00,
  59            
  60            //========Address -- (05),
  61            0x00,0x00,0x00,
  62            0x00,0x00,0x62,
  63            0x30,0xf2,0x22,
  64            0x00,0x24,0x22,
  65            0x00,0x4a,0x22,
  66            0x16,0x10,0x2a,
  67            0x00,0x00,0x22,
  68            0x00,0x00,0x20,
  69            0x00,0x00,0x00,
  70            
  71            //========Address -- (06),
  72            0x00,0x00,0x00,
  73            0x00,0x0c,0x62,
  74            0x00,0x49,0x2e,
  75            0x12,0x42,0x22,
  76            0x40,0x10,0x20,
  77            0x10,0xf0,0xe2,
  78            0x10,0xf8,0xe0,
  79            0x00,0xf0,0xe0,
  80            0x00,0x00,0x00,
  81            
  82            //========Address -- (07),
  83            0x00,0x00,0x00,
  84            0x03,0x0f,0x62,
  85            0x00,0x24,0x2e,
  86            0x01,0xa1,0x22,
  87            0x60,0x00,0xa2,
  88            0x00,0x07,0x0c,
  89            0x00,0x88,0x22,
  90            0x00,0x70,0xc0,
  91            0x00,0x00,0x00,
  92            
  93            //========Address -- (08),
  94            0x00,0x00,0x00,
  95            0x00,0x0d,0x39,
  96            0x00,0x48,0x99,
  97            0x12,0x84,0xf9,
  98            0x40,0x20,0x91,
  99            0x00,0x0f,0x0f,
 100            0x00,0x00,0x11,
 101            0x00,0x00,0x10,
 102            0x00,0x00,0x00,
 103            
 104            //========Address -- (09),
 105            0x00,0x00,0x00,
 106            0x00,0x0c,0x62,
 107            0x00,0x48,0x22,
 108            0x12,0x42,0x32,
 109            0x40,0x10,0x22,
C51 COMPILER V9.60.0.0   TFONT_KOREAN                                                      09/18/2026 20:40:16 PAGE 3   

 110            0x00,0x07,0x0c,
 111            0x00,0x88,0x22,
 112            0x00,0x70,0xc0,
 113            0x00,0x00,0x00,
 114            
 115            //========Address -- (0a),
 116            0x00,0x00,0x00,
 117            0x00,0x78,0xc2,
 118            0x00,0x87,0x2c,
 119            0x00,0x11,0x00,
 120            0x07,0x1f,0x0f,
 121            0x01,0x08,0x00,
 122            0x00,0x88,0x00,
 123            0x00,0xf0,0xe0,
 124            0x00,0x00,0x00,
 125            
 126            //========Address -- (0b),
 127            0x00,0x00,0x00,
 128            0x00,0x03,0x08,
 129            0x01,0x0f,0x0e,
 130            0x00,0x00,0x48,
 131            0x00,0x16,0x42,
 132            0x10,0x91,0x10,
 133            0x07,0x1f,0x0f,
 134            0x00,0x00,0x00,
 135            0x00,0x00,0x00,
 136            
 137            //========Address -- (0c),
 138            0x00,0x00,0x00,
 139            0x00,0x00,0x62,
 140            0x30,0xf1,0x22,
 141            0x00,0x22,0x22,
 142            0x00,0x48,0x22,
 143            0x16,0x00,0x22,
 144            0x00,0x00,0x22,
 145            0x00,0x00,0x20,
 146            0x00,0x00,0x00,
 147            
 148            //========Address -- (0d),
 149            0x00,0x00,0x00,
 150            0x10,0xe0,0x62,
 151            0x70,0xf0,0xa2,
 152            0x12,0xe1,0x22,
 153            0x21,0x1e,0x32,
 154            0x00,0x44,0x22,
 155            0x70,0xf0,0xe2,
 156            0x00,0x00,0x20,
 157            0x00,0x00,0x00,
 158            
 159            //========Address -- (0e),
 160            0x00,0x00,0x00,
 161            0x01,0x08,0x62,
 162            0x00,0xf8,0xe2,
 163            0x00,0xf8,0xe0,
 164            0x07,0x0f,0x0f,
 165            0x00,0x11,0x00,
 166            0x00,0x11,0x00,
 167            0x00,0x10,0x00,
 168            0x00,0x00,0x00,
 169            
 170            //========Address -- (0f),
 171            0x00,0x00,0x00,
C51 COMPILER V9.60.0.0   TFONT_KOREAN                                                      09/18/2026 20:40:16 PAGE 4   

 172            0x00,0x00,0x62,
 173            0x30,0xf1,0x22,
 174            0x00,0x22,0x22,
 175            0x00,0x48,0x32,
 176            0x16,0x00,0x22,
 177            0x00,0x00,0x22,
 178            0x00,0x00,0x20,
 179            0x00,0x00,0x00,
 180            
 181            //========Address -- (10),
 182            0x00,0x00,0x00,
 183            0x10,0x88,0x00,
 184            0x00,0x8f,0x0e,
 185            0x00,0x00,0x00,
 186            0x70,0xf0,0xf0,
 187            0x00,0x07,0x0c,
 188            0x00,0x88,0x22,
 189            0x00,0x70,0xc0,
 190            0x00,0x00,0x00,
 191            
 192            //========Address -- (11),
 193            0x00,0x00,0x00,
 194            0x06,0x06,0x62,
 195            0x23,0x2e,0x22,
 196            0x22,0x22,0x32,
 197            0x30,0xe0,0x20,
 198            0x30,0xf2,0xe2,
 199            0x31,0xe0,0x22,
 200            0x10,0xe0,0x20,
 201            0x00,0x00,0x00,
 202            
 203            //========Address -- (12),
 204            0x00,0x00,0x00,
 205            0x07,0x0e,0x62,
 206            0x22,0x32,0xe2,
 207            0x22,0x32,0xe2,
 208            0x30,0xe0,0x22,
 209            0x00,0x07,0x0c,
 210            0x00,0x88,0x22,
 211            0x00,0x70,0xc0,
 212            0x00,0x00,0x00,
 213            
 214            //========Address -- (13),
 215            0x00,0x00,0x00,
 216            0x01,0x08,0x62,
 217            0x24,0x42,0x22,
 218            0x42,0x24,0x32,
 219            0x10,0x80,0x22,
 220            0x01,0x0f,0x0e,
 221            0x00,0x88,0x22,
 222            0x00,0xf0,0xe0,
 223            0x00,0x00,0x00,
 224            
 225            //========Address -- (14),
 226            0x00,0x00,0x00,
 227            0x00,0x03,0x00,
 228            0x00,0x16,0x0c,
 229            0x30,0x80,0x30,
 230            0x07,0x0f,0x0f,
 231            0x00,0x11,0x00,
 232            0x00,0x11,0x00,
 233            0x00,0x10,0x00,
C51 COMPILER V9.60.0.0   TFONT_KOREAN                                                      09/18/2026 20:40:16 PAGE 5   

 234            0x00,0x00,0x00,
 235            
 236            //========Address -- (15),
 237            0x00,0x00,0x00,
 238            0x07,0x0f,0x62,
 239            0x21,0x22,0xe2,
 240            0x11,0x24,0xe2,
 241            0x70,0xf0,0x22,
 242            0x00,0x07,0x0c,
 243            0x00,0x88,0x22,
 244            0x00,0x70,0xc0,
 245            0x00,0x00,0x00,
 246            
 247            //========Address -- (16),
 248            0x00,0x00,0x00,
 249            0x01,0x0e,0x62,
 250            0x22,0x11,0x22,
 251            0x21,0x1e,0x22,
 252            0x07,0x0f,0x2e,
 253            0x00,0x44,0x22,
 254            0x00,0x44,0x22,
 255            0x00,0x00,0x20,
 256            0x00,0x00,0x00,
 257            
 258            //========Address -- (17),
 259            0x00,0x00,0x00,
 260            0x01,0x0e,0x62,
 261            0x03,0x0f,0x22,
 262            0x00,0x24,0x22,
 263            0x00,0x4a,0x22,
 264            0x16,0x10,0x2a,
 265            0x00,0x00,0x22,
 266            0x00,0x00,0x20,
 267            0x00,0x00,0x00,
 268            
 269            //========Address -- (18),
 270            0x00,0x00,0x00,
 271            0x03,0x0f,0x62,
 272            0x00,0x24,0x22,
 273            0x01,0xa1,0x22,
 274            0x60,0x00,0xa2,
 275            0x01,0x0f,0x0e,
 276            0x00,0x00,0x22,
 277            0x00,0x00,0x20,
 278            0x00,0x00,0x00,
 279            
 280            //========Address -- (19),
 281            0x00,0x00,0x00,
 282            0x10,0xf0,0xe2,
 283            0x10,0xf0,0xe2,
 284            0x07,0x0f,0x4f,
 285            0x00,0x00,0x00,
 286            0x10,0xf0,0xe2,
 287            0x10,0xf8,0xe0,
 288            0x00,0xf0,0xe0,
 289            0x00,0x00,0x00,
 290            
 291            //========Address -- (1a),
 292            0x00,0x00,0x00,
 293            0x07,0x0e,0x62,
 294            0x07,0x4d,0x2e,
 295            0x22,0x00,0x22,
C51 COMPILER V9.60.0.0   TFONT_KOREAN                                                      09/18/2026 20:40:16 PAGE 6   

 296            0x30,0xf0,0x22,
 297            0x01,0x0f,0x0e,
 298            0x00,0x00,0x22,
 299            0x00,0x00,0x20,
 300            0x00,0x00,0x00,
 301            
 302            //========Address -- (1b),
 303            0x00,0x00,0x00,
 304            0x00,0x00,0x62,
 305            0x62,0x62,0x22,
 306            0x23,0x2e,0x22,
 307            0x22,0x22,0x22,
 308            0x23,0x2e,0x22,
 309            0x20,0x00,0x22,
 310            0x00,0x00,0x20,
 311            0x00,0x00,0x00,
 312            
 313            //========Address -- (1c),
 314            0x00,0x00,0x00,
 315            0x00,0x78,0xc2,
 316            0x00,0x87,0x2c,
 317            0x07,0x0f,0x0f,
 318            0x00,0x44,0x44,
 319            0x10,0xf0,0xe2,
 320            0x10,0xf8,0xe0,
 321            0x00,0xf0,0xe0,
 322            0x00,0x00,0x00,
 323            
 324            //========Address -- (1d),
 325            0x00,0x00,0x00,
 326            0x03,0x0f,0x62,
 327            0x00,0x25,0x2e,
 328            0x01,0xa1,0x22,
 329            0x60,0x00,0xa2,
 330            0x01,0x0f,0x0e,
 331            0x00,0x00,0x22,
 332            0x00,0x00,0x20,
 333            0x00,0x00,0x00,
 334            
 335            //========Address -- (1e),
 336            0x00,0x00,0x00,
 337            0x10,0x88,0x00,
 338            0x00,0x8f,0x0e,
 339            0x00,0x11,0x00,
 340            0x70,0xf0,0xf0,
 341            0x01,0x0f,0x0e,
 342            0x00,0x00,0x22,
 343            0x00,0x00,0x20,
 344            0x00,0x00,0x00,
 345            
 346            //========Address -- (1f),
 347            0x00,0x00,0x00,
 348            0x10,0xe0,0x62,
 349            0x30,0xf2,0x22,
 350            0x00,0x5a,0xe2,
 351            0x16,0x10,0x2a,
 352            0x00,0x07,0x0c,
 353            0x00,0x88,0x22,
 354            0x00,0x70,0xc0,
 355            0x00,0x00,0x00,
 356            
 357            //========Address -- (20),
C51 COMPILER V9.60.0.0   TFONT_KOREAN                                                      09/18/2026 20:40:16 PAGE 7   

 358            0x00,0x00,0x00,
 359            0x01,0x08,0x62,
 360            0x24,0x43,0x2e,
 361            0x42,0x24,0x22,
 362            0x10,0x80,0x22,
 363            0x01,0x08,0x22,
 364            0x00,0x88,0x00,
 365            0x00,0xf0,0xe0,
 366            0x00,0x00,0x00,
 367            
 368            //========Address -- (21),
 369            0x00,0x00,0x00,
 370            0x00,0x00,0x62,
 371            0x12,0x84,0x22,
 372            0x44,0x23,0x2e,
 373            0x44,0x22,0x22,
 374            0x21,0x48,0x22,
 375            0x00,0x00,0x22,
 376            0x00,0x00,0x20,
 377            0x00,0x00,0x00,
 378            
 379            //========Address -- (22),
 380            0x00,0x00,0x00,
 381            0x00,0x31,0x00,
 382            0x03,0x68,0xc3,
 383            0x00,0x11,0x00,
 384            0x70,0xf0,0xf0,
 385            0x01,0x0f,0x0e,
 386            0x00,0x00,0x22,
 387            0x00,0x00,0x20,
 388            0x00,0x00,0x00,
 389            
 390            //========Address -- (23),
 391            0x00,0x00,0x00,
 392            0x00,0x00,0x62,
 393            0x00,0xc4,0x22,
 394            0x00,0x48,0x22,
 395            0x01,0x84,0x22,
 396            0x24,0x21,0x22,
 397            0x00,0x00,0x22,
 398            0x00,0x00,0x20,
 399            0x00,0x00,0x00,
 400            
 401            //========Address -- (24),
 402            0x00,0x00,0x00,
 403            0x03,0x0e,0x62,
 404            0x00,0x22,0x22,
 405            0x00,0x48,0x23,
 406            0x16,0x00,0x22,
 407            0x01,0x08,0x22,
 408            0x00,0x88,0x00,
 409            0x00,0xf0,0xe0,
 410            0x00,0x00,0x00,
 411            
 412            //========Address -- (25),
 413            0x00,0x00,0x00,
 414            0x01,0x0f,0x0f,
 415            0x00,0x8f,0x0f,
 416            0x00,0x8f,0x0f,
 417            0x07,0x0f,0x0f,
 418            0x00,0x11,0x00,
 419            0x00,0x11,0x00,
C51 COMPILER V9.60.0.0   TFONT_KOREAN                                                      09/18/2026 20:40:16 PAGE 8   

 420            0x00,0x10,0x00,
 421            0x00,0x00,0x00,
 422            
 423            //========Address -- (26),
 424            0x00,0x00,0x00,
 425            0x01,0x08,0x62,
 426            0x24,0x52,0xe2,
 427            0x42,0x25,0x2e,
 428            0x10,0x80,0x22,
 429            0x00,0x07,0x0c,
 430            0x00,0x88,0x22,
 431            0x00,0x70,0xc0,
 432            0x00,0x00,0x00,
 433            
 434            //========Address -- (27),
 435            0x00,0x00,0x00,
 436            0x00,0x00,0x62,
 437            0x30,0xf2,0x22,
 438            0x00,0x24,0x22,
 439            0x00,0x4a,0x32,
 440            0x16,0x10,0x2a,
 441            0x00,0x00,0x22,
 442            0x00,0x00,0x20,
 443            0x00,0x00,0x00,
 444            
 445            //========Address -- (28),
 446            0x00,0x00,0x00,
 447            0x10,0xf8,0xe0,
 448            0x00,0x8f,0x0e,
 449            0x00,0x11,0x00,
 450            0x70,0xf0,0xf0,
 451            0x00,0x07,0x0c,
 452            0x00,0x88,0x22,
 453            0x00,0x70,0xc0,
 454            0x00,0x00,0x00,
 455            
 456            //========Address -- (29),
 457            0x00,0x00,0x00,
 458            0x00,0x0f,0x0e,
 459            0x00,0x00,0x48,
 460            0x00,0x12,0x0c,
 461            0x03,0xc0,0x30,
 462            0x00,0x11,0x00,
 463            0x07,0x1f,0x0f,
 464            0x00,0x00,0x00,
 465            0x00,0x00,0x00,
 466            
 467            //========Address -- (2a),
 468            0x00,0x00,0x00,
 469            0x01,0x08,0x62,
 470            0x24,0x42,0x22,
 471            0x42,0x24,0x22,
 472            0x10,0x80,0x20,
 473            0x10,0x88,0x62,
 474            0x00,0xf8,0xe2,
 475            0x00,0xf0,0xe0,
 476            0x00,0x00,0x00,
 477            
 478            //========Address -- (2b),
 479            0x00,0x00,0x00,
 480            0x07,0x0e,0x62,
 481            0x07,0x5c,0xe2,
C51 COMPILER V9.60.0.0   TFONT_KOREAN                                                      09/18/2026 20:40:16 PAGE 9   

 482            0x22,0x10,0xe2,
 483            0x30,0xf0,0x22,
 484            0x01,0x0f,0x0e,
 485            0x00,0x00,0x22,
 486            0x00,0x00,0x20,
 487            0x00,0x00,0x00,
 488            
 489            //========Address -- (2c),
 490            0x00,0x00,0x00,
 491            0x00,0x0c,0x62,
 492            0x00,0x49,0x2e,
 493            0x01,0x84,0x22,
 494            0x24,0x21,0x22,
 495            0x01,0x08,0x22,
 496            0x00,0x88,0x00,
 497            0x00,0xf0,0xe0,
 498            0x00,0x00,0x00,
 499            
 500            //========Address -- (2d),
 501            0x00,0x00,0x00,
 502            0x07,0x0d,0x39,
 503            0x23,0x0c,0x99,
 504            0x22,0x01,0xf9,
 505            0x30,0xe0,0x91,
 506            0x00,0x0f,0x0f,
 507            0x00,0x00,0x11,
 508            0x00,0x00,0x10,
 509            0x00,0x00,0x00,
 510            
 511            //========Address -- (2e),
 512            0x00,0x00,0x00,
 513            0x01,0x0f,0x0e,
 514            0x00,0x00,0x22,
 515            0x10,0xf8,0xe0,
 516            0x00,0x8f,0x0f,
 517            0x00,0x11,0x00,
 518            0x07,0x1f,0x0f,
 519            0x00,0x00,0x00,
 520            0x00,0x00,0x00,
 521            
 522            //========Address -- (2f),
 523            0x00,0x00,0x00,
 524            0x00,0x07,0x0c,
 525            0x00,0x88,0x22,
 526            0x00,0x70,0xc0,
 527            0x07,0x0f,0x0f,
 528            0x00,0x11,0x00,
 529            0x00,0x11,0x00,
 530            0x00,0x10,0x00,
 531            0x00,0x00,0x00,
 532            
 533            //========Address -- (30),
 534            0x00,0x00,0x00,
 535            0x01,0x08,0x62,
 536            0x00,0xf8,0xe2,
 537            0x00,0xf0,0xe0,
 538            0x70,0xf0,0xf0,
 539            0x10,0xf0,0xe2,
 540            0x10,0xf8,0xe0,
 541            0x00,0xf0,0xe0,
 542            0x00,0x00,0x00,
 543            
C51 COMPILER V9.60.0.0   TFONT_KOREAN                                                      09/18/2026 20:40:16 PAGE 10  

 544            //========Address -- (31),
 545            0x00,0x00,0x00,
 546            0x01,0x0f,0x0e,
 547            0x01,0x0f,0x2e,
 548            0x00,0x8f,0x0f,
 549            0x07,0x0f,0x0f,
 550            0x00,0x11,0x00,
 551            0x00,0x11,0x00,
 552            0x00,0x10,0x00,
 553            0x00,0x00,0x00,
 554            
 555            //========Address -- (32),
 556            0x00,0x00,0x00,
 557            0x01,0x0f,0x0e,
 558            0x00,0x88,0x22,
 559            0x00,0x88,0x22,
 560            0x00,0xf1,0xe0,
 561            0x00,0x11,0x00,
 562            0x07,0x1f,0x0f,
 563            0x00,0x00,0x00,
 564            0x00,0x00,0x00,
 565            
 566            //========Address -- (33),
 567            0x00,0x00,0x00,
 568            0x01,0x0f,0x0e,
 569            0x00,0x88,0x00,
 570            0x00,0x88,0x00,
 571            0x00,0xf0,0xe0,
 572            0x00,0x00,0x00,
 573            0x07,0x0f,0x0f,
 574            0x00,0x00,0x00,
 575            0x00,0x00,0x00,
 576            
 577            //========Address -- (34),
 578            0x00,0x00,0x00,
 579            0x10,0xf0,0xe2,
 580            0x10,0xf8,0xe0,
 581            0x00,0xf0,0xf0,
 582            0x70,0xf4,0xf4,
 583            0x01,0x4f,0x4e,
 584            0x00,0x88,0x22,
 585            0x00,0xf0,0xe0,
 586            0x00,0x00,0x00,
 587            
 588            //========Address -- (35),
 589            0x00,0x00,0x00,
 590            0x01,0x0c,0x62,
 591            0x07,0x0f,0x22,
 592            0x01,0x0c,0x22,
 593            0x22,0x22,0x32,
 594            0x21,0x2c,0x22,
 595            0x00,0x00,0x22,
 596            0x00,0x00,0x20,
 597            0x00,0x00,0x00,
 598            
 599            //========Address -- (36),
 600            0x00,0x00,0x00,
 601            0x10,0xc0,0x62,
 602            0x70,0xf0,0x22,
 603            0x12,0xc2,0x23,
 604            0x21,0x2c,0x22,
 605            0x00,0x00,0x22,
C51 COMPILER V9.60.0.0   TFONT_KOREAN                                                      09/18/2026 20:40:16 PAGE 11  

 606            0x10,0x88,0x00,
 607            0x00,0xf0,0xe0,
 608            0x00,0x00,0x00,
 609            
 610            //========Address -- (37),
 611            0x00,0x00,0x00,
 612            0x00,0x00,0x00,
 613            0x30,0xd4,0xf1,
 614            0x00,0x44,0x11,
 615            0x00,0x44,0x11,
 616            0x00,0x88,0x22,
 617            0x07,0x0f,0x0f,
 618            0x00,0x00,0x00,
 619            0x00,0x00,0x00,
 620            
 621            //========Address -- (38),
 622            0x00,0x00,0x00,
 623            0x01,0x0f,0x0f,
 624            0x00,0x08,0x0c,
 625            0x00,0x44,0x44,
 626            0x01,0x4f,0x8f,
 627            0x00,0x44,0x44,
 628            0x07,0x4f,0x4f,
 629            0x00,0x00,0x00,
 630            0x00,0x00,0x00,
 631            
 632            //========Address -- (39),
 633            0x00,0x00,0x00,
 634            0x00,0xf0,0xe4,
 635            0x00,0x16,0x86,
 636            0x30,0x80,0x10,
 637            0x70,0xf1,0xf0,
 638            0x01,0x19,0x00,
 639            0x00,0x88,0x00,
 640            0x00,0xf0,0xe0,
 641            0x00,0x00,0x00,
 642            
 643            //========Address -- (3a),
 644            0x00,0x00,0x00,
 645            0x00,0x01,0x39,
 646            0x30,0xc4,0x99,
 647            0x00,0x47,0x99,
 648            0x00,0x88,0x99,
 649            0x16,0x00,0x99,
 650            0x00,0x00,0x99,
 651            0x00,0x00,0x10,
 652            0x00,0x00,0x00,
 653            
 654            //========Address -- (3b),
 655            0x00,0x00,0x00,
 656            0x01,0x08,0x62,
 657            0x24,0x42,0x22,
 658            0x42,0x24,0x22,
 659            0x10,0x80,0x22,
 660            0x01,0x0f,0x0e,
 661            0x00,0x88,0x22,
 662            0x00,0xf0,0xe0,
 663            0x00,0x00,0x00,
 664            
 665            //========Address -- (3c),
 666            0x00,0x00,0x00,
 667            0x00,0x00,0x62,
C51 COMPILER V9.60.0.0   TFONT_KOREAN                                                      09/18/2026 20:40:16 PAGE 12  

 668            0x30,0xf1,0x22,
 669            0x03,0x1e,0xe2,
 670            0x00,0x25,0x2e,
 671            0x01,0x80,0x22,
 672            0x60,0x00,0x22,
 673            0x00,0x00,0x20,
 674            0x00,0x00,0x00,
 675            
 676            //========Address -- (3d),
 677            0x00,0x00,0x00,
 678            0x10,0x88,0x62,
 679            0x00,0xf8,0xe2,
 680            0x00,0xf1,0xe0,
 681            0x07,0x1f,0x0f,
 682            0x01,0x08,0x00,
 683            0x00,0x88,0x00,
 684            0x00,0xf0,0xe0,
 685            0x00,0x00,0x00,
 686            
 687            //========Address -- (3e),
 688            0x00,0x00,0x00,
 689            0x00,0x0c,0x62,
 690            0x12,0x21,0x22,
 691            0x21,0x12,0x22,
 692            0x00,0xc4,0x32,
 693            0x07,0x4f,0x2e,
 694            0x00,0x00,0x22,
 695            0x00,0x00,0x20,
 696            0x00,0x00,0x00,
 697            
 698            //========Address -- (3f),
 699            0x00,0x00,0x00,
 700            0x01,0x0e,0x62,
 701            0x03,0x0f,0x22,
 702            0x00,0x24,0x22,
 703            0x00,0x4a,0x32,
 704            0x16,0x10,0x2a,
 705            0x00,0x00,0x22,
 706            0x00,0x00,0x20,
 707            0x00,0x00,0x00,
 708            
 709            //========Address -- (40),
 710            0x00,0x00,0x00,
 711            0x00,0x78,0xc2,
 712            0x00,0x87,0x2c,
 713            0x00,0x00,0x00,
 714            0x70,0xf1,0xf0,
 715            0x01,0x19,0x00,
 716            0x00,0x88,0x00,
 717            0x00,0xf0,0xe0,
 718            0x00,0x00,0x00,
 719            
 720            //========Address -- (41),
 721            0x00,0x00,0x00,
 722            0x03,0x0e,0x62,
 723            0x00,0x22,0x22,
 724            0x00,0x48,0x32,
 725            0x16,0x00,0x22,
 726            0x00,0x07,0x0c,
 727            0x00,0x88,0x22,
 728            0x00,0x70,0xc0,
 729            0x00,0x00,0x00,
C51 COMPILER V9.60.0.0   TFONT_KOREAN                                                      09/18/2026 20:40:16 PAGE 13  

 730            
 731            //========Address -- (42),
 732            0x00,0x00,0x00,
 733            0x00,0x00,0x62,
 734            0x72,0xf4,0x22,
 735            0x22,0x44,0x22,
 736            0x22,0x44,0x32,
 737            0x23,0x4f,0x6a,
 738            0x00,0x00,0x22,
 739            0x00,0x00,0x20,
 740            0x00,0x00,0x00,
 741            
 742            //========Address -- (43),
 743            0x00,0x00,0x00,
 744            0x31,0xf1,0xf0,
 745            0x11,0x1f,0x0f,
 746            0x00,0x00,0x00,
 747            0x70,0xf0,0xf0,
 748            0x00,0x03,0x00,
 749            0x00,0x16,0x0c,
 750            0x30,0x80,0x30,
 751            0x00,0x00,0x00,
 752            
 753            //========Address -- (44),
 754            0x00,0x00,0x00,
 755            0x07,0x0f,0x62,
 756            0x22,0x00,0x22,
 757            0x30,0xf4,0x22,
 758            0x70,0xf0,0xe2,
 759            0x01,0x0f,0x0e,
 760            0x00,0x88,0x22,
 761            0x00,0xf0,0xe0,
 762            0x00,0x00,0x00,
 763            
 764            //========Address -- (45),
 765            0x00,0x00,0x00,
 766            0x00,0x00,0x62,
 767            0x00,0xc4,0x22,
 768            0x00,0x48,0x22,
 769            0x01,0x84,0x32,
 770            0x24,0x21,0x22,
 771            0x00,0x00,0x22,
 772            0x00,0x00,0x20,
 773            0x00,0x00,0x00,
 774            
 775            //========Address -- (46),
 776            0x00,0x00,0x00,
 777            0x00,0x78,0xc2,
 778            0x00,0x87,0x2c,
 779            0x00,0x44,0x44,
 780            0x70,0xf0,0xf0,
 781            0x00,0x07,0x0c,
 782            0x00,0x88,0x22,
 783            0x00,0x70,0xc0,
 784            0x00,0x00,0x00,
 785            
 786            //========Address -- (47),
 787            0x00,0x00,0x00,
 788            0x00,0x0c,0x62,
 789            0x00,0x48,0x22,
 790            0x01,0x84,0x22,
 791            0x24,0x21,0x22,
C51 COMPILER V9.60.0.0   TFONT_KOREAN                                                      09/18/2026 20:40:16 PAGE 14  

 792            0x01,0x08,0x22,
 793            0x00,0x88,0x00,
 794            0x00,0xf0,0xe0,
 795            0x00,0x00,0x00,
 796            
 797            //========Address -- (48),
 798            0x00,0x00,0x00,
 799            0x00,0x07,0x0c,
 800            0x03,0x0f,0x0f,
 801            0x00,0x07,0x0c,
 802            0x00,0x88,0x22,
 803            0x00,0x71,0xc0,
 804            0x07,0x1f,0x0f,
 805            0x00,0x00,0x00,
 806            0x00,0x00,0x00,
 807            
 808            //========Address -- (49),
 809            0x00,0x00,0x00,
 810            0x01,0x08,0x62,
 811            0x24,0x43,0x2e,
 812            0x42,0x24,0x22,
 813            0x10,0x80,0x20,
 814            0x03,0x62,0xc4,
 815            0x11,0xe2,0x4a,
 816            0x10,0xf0,0x10,
 817            0x00,0x00,0x00,
 818            
 819            //========Address -- (4a),
 820            0x00,0x00,0x00,
 821            0x00,0x78,0xc2,
 822            0x00,0x87,0x2c,
 823            0x00,0x00,0x00,
 824            0x70,0xf0,0xf0,
 825            0x01,0x0f,0x0e,
 826            0x00,0x88,0x22,
 827            0x00,0xf0,0xe0,
 828            0x00,0x00,0x00,
 829            
 830            //========Address -- (4b),
 831            0x00,0x00,0x00,
 832            0x00,0x00,0x06,
 833            0x10,0x88,0x22,
 834            0x00,0xf8,0xe2,
 835            0x00,0x8f,0x2e,
 836            0x00,0x91,0x00,
 837            0x07,0x1f,0x0f,
 838            0x00,0x00,0x00,
 839            0x00,0x00,0x00,
 840            
 841            //========Address -- (4c),
 842            0x00,0x00,0x00,
 843            0x01,0x08,0x62,
 844            0x24,0x42,0x32,
 845            0x42,0x24,0x23,
 846            0x10,0x80,0x22,
 847            0x01,0x0f,0x0e,
 848            0x00,0x00,0x22,
 849            0x00,0x00,0x20,
 850            0x00,0x00,0x00,
 851            
 852            //========Address -- (4d),
 853            0x00,0x00,0x00,
C51 COMPILER V9.60.0.0   TFONT_KOREAN                                                      09/18/2026 20:40:16 PAGE 15  

 854            0x06,0x06,0x62,
 855            0x23,0x2e,0x22,
 856            0x22,0x22,0x32,
 857            0x32,0xe0,0x22,
 858            0x01,0x0f,0x0e,
 859            0x00,0x00,0x22,
 860            0x00,0x00,0x20,
 861            0x00,0x00,0x00,
 862            
 863            //========Address -- (4e),
 864            0x00,0x00,0x00,
 865            0x00,0x00,0x62,
 866            0x62,0x62,0x22,
 867            0x23,0x2f,0x2e,
 868            0x22,0x22,0x22,
 869            0x23,0x2e,0x22,
 870            0x20,0x00,0x22,
 871            0x00,0x00,0x20,
 872            0x00,0x00,0x00,
 873            
 874            //========Address -- (4f),
 875            0x00,0x00,0x00,
 876            0x00,0x00,0x62,
 877            0x70,0xe4,0x22,
 878            0x07,0x4d,0x2e,
 879            0x22,0x00,0x22,
 880            0x23,0x0f,0x22,
 881            0x00,0x00,0x22,
 882            0x00,0x00,0x20,
 883            0x00,0x00,0x00,
 884            
 885            //========Address -- (50),
 886            0x00,0x00,0x00,
 887            0x00,0x00,0x62,
 888            0x62,0x00,0x22,
 889            0x22,0x00,0x22,
 890            0x22,0x00,0x3e,
 891            0x30,0xf0,0x22,
 892            0x00,0x00,0x22,
 893            0x00,0x00,0x20,
 894            0x00,0x00,0x00,
 895            
 896            //========Address -- (51),
 897            0x00,0x00,0x00,
 898            0x03,0x0f,0x62,
 899            0x00,0x99,0x22,
 900            0x11,0x22,0x32,
 901            0x24,0x48,0x22,
 902            0x01,0x0f,0x0e,
 903            0x00,0x88,0x22,
 904            0x00,0xf0,0xe0,
 905            0x00,0x00,0x00,
 906            
 907            //========Address -- (52),
 908            0x00,0x00,0x00,
 909            0x07,0x0e,0x62,
 910            0x00,0x49,0x2e,
 911            0x01,0x84,0x22,
 912            0x24,0x21,0x22,
 913            0x01,0x08,0x22,
 914            0x00,0x88,0x00,
 915            0x00,0xf0,0xe0,
C51 COMPILER V9.60.0.0   TFONT_KOREAN                                                      09/18/2026 20:40:16 PAGE 16  

 916            0x00,0x00,0x00,
 917            
 918            //========Address -- (53),
 919            0x00,0x00,0x00,
 920            0x01,0x0e,0x62,
 921            0x22,0x11,0x22,
 922            0x10,0xe0,0x22,
 923            0x70,0xf4,0xa2,
 924            0x00,0x40,0xe2,
 925            0x10,0x88,0x00,
 926            0x00,0xf0,0xe0,
 927            0x00,0x00,0x00,
 928            
 929            //========Address -- (54),
 930            0x00,0x00,0x00,
 931            0x01,0x08,0x62,
 932            0x24,0x42,0x22,
 933            0x42,0x24,0x23,
 934            0x10,0x80,0x22,
 935            0x01,0x08,0x22,
 936            0x00,0x88,0x00,
 937            0x00,0xf0,0xe0,
 938            0x00,0x00,0x00,
 939            
 940            //========Address -- (55),
 941            0x00,0x00,0x00,
 942            0x00,0x00,0x62,
 943            0x30,0xf1,0x22,
 944            0x00,0x19,0x22,
 945            0x00,0x9a,0x32,
 946            0x07,0x8f,0x2e,
 947            0x00,0x00,0x22,
 948            0x00,0x00,0x20,
 949            0x00,0x00,0x00,
 950            
 951            //========Address -- (56),
 952            0x00,0x00,0x00,
 953            0x01,0x08,0x62,
 954            0x00,0xf8,0xe2,
 955            0x00,0xf1,0xe0,
 956            0x70,0xf0,0xf0,
 957            0x10,0xf0,0xe2,
 958            0x10,0xf8,0xe0,
 959            0x00,0xf0,0xe0,
 960            0x00,0x00,0x00,
 961            
 962            //========Address -- (57),
 963            0x00,0x00,0x00,
 964            0x00,0x07,0x0c,
 965            0x03,0x0f,0x0f,
 966            0x00,0x07,0x0c,
 967            0x00,0x88,0x22,
 968            0x00,0x74,0xc4,
 969            0x07,0x4f,0x4f,
 970            0x00,0x00,0x00,
 971            0x00,0x00,0x00,
 972            
 973            //========Address -- (58),
 974            0x00,0x00,0x00,
 975            0x03,0x0e,0x62,
 976            0x03,0x2e,0x22,
 977            0x00,0x48,0x22,
C51 COMPILER V9.60.0.0   TFONT_KOREAN                                                      09/18/2026 20:40:16 PAGE 17  

 978            0x16,0x00,0x22,
 979            0x00,0x07,0x0c,
 980            0x00,0x88,0x22,
 981            0x00,0x70,0xc0,
 982            0x00,0x00,0x00,
 983            
 984            //========Address -- (59),
 985            0x00,0x00,0x00,
 986            0x10,0xf8,0xe0,
 987            0x00,0xf8,0xe0,
 988            0x00,0xf1,0xe0,
 989            0x70,0xf0,0xf0,
 990            0x00,0x07,0x0c,
 991            0x00,0x88,0x22,
 992            0x00,0x70,0xc0,
 993            0x00,0x00,0x00,
 994            
 995            //========Address -- (5a),
 996            0x00,0x00,0x00,
 997            0x07,0x0d,0x39,
 998            0x07,0x4c,0x99,
 999            0x22,0x01,0xf9,
1000            0x30,0xe0,0x91,
1001            0x00,0x0f,0x0f,
1002            0x00,0x00,0x11,
1003            0x00,0x00,0x10,
1004            0x00,0x00,0x00,
1005            
1006            //========Address -- (5b),
1007            0x00,0x00,0x00,
1008            0x00,0x01,0x39,
1009            0x70,0xc8,0x99,
1010            0x07,0x8b,0x99,
1011            0x22,0x00,0x99,
1012            0x23,0x0e,0x99,
1013            0x00,0x00,0x99,
1014            0x00,0x00,0x10,
1015            0x00,0x00,0x00,
1016            
1017            //========Address -- (5c),
1018            0x00,0x00,0x00,
1019            0x06,0x0d,0x39,
1020            0x23,0x4f,0x99,
1021            0x22,0x44,0x99,
1022            0x32,0xc0,0x90,
1023            0x00,0xf0,0xf1,
1024            0x00,0xf4,0xf0,
1025            0x00,0x70,0xf0,
1026            0x00,0x00,0x00,
1027            
1028            //========Address -- (5d),
1029            0x00,0x00,0x00,
1030            0x06,0x00,0x62,
1031            0x22,0x00,0x23,
1032            0x23,0x0f,0xe2,
1033            0x01,0x0f,0x0e,
1034            0x01,0x0f,0x2e,
1035            0x00,0x88,0x00,
1036            0x00,0xf0,0xe0,
1037            0x00,0x00,0x00,
1038            
1039            //========Address -- (5e),
C51 COMPILER V9.60.0.0   TFONT_KOREAN                                                      09/18/2026 20:40:16 PAGE 18  

1040            0x00,0x00,0x00,
1041            0x00,0x00,0x62,
1042            0x30,0xf1,0x22,
1043            0x03,0x2e,0x22,
1044            0x00,0x48,0x32,
1045            0x16,0x00,0x22,
1046            0x00,0x00,0x22,
1047            0x00,0x00,0x20,
1048            0x00,0x00,0x00,
1049            
1050            //========Address -- (5f),
1051            0x00,0x00,0x00,
1052            0x00,0x78,0xc2,
1053            0x00,0x87,0x2c,
1054            0x00,0x00,0x00,
1055            0x70,0xf1,0xf0,
1056            0x01,0x1f,0x0e,
1057            0x00,0x88,0x22,
1058            0x00,0xf0,0xe0,
1059            0x00,0x00,0x00,
1060            
1061            //========Address -- (60),
1062            0x00,0x00,0x00,
1063            0x00,0x03,0x00,
1064            0x00,0x11,0x00,
1065            0x00,0x24,0x84,
1066            0x03,0x80,0x21,
1067            0x00,0x11,0x00,
1068            0x07,0x1f,0x0f,
1069            0x00,0x00,0x00,
1070            0x00,0x00,0x00,
1071            
1072            //========Address -- (61),
1073            0x00,0x00,0x00,
1074            0x00,0x00,0x62,
1075            0x30,0xf1,0x22,
1076            0x00,0x23,0x2e,
1077            0x00,0x48,0x22,
1078            0x16,0x00,0x22,
1079            0x00,0x00,0x22,
1080            0x00,0x00,0x20,
1081            0x00,0x00,0x00,
1082            
1083            //========Address -- (62),
1084            0x00,0x00,0x00,
1085            0x03,0x0e,0x62,
1086            0x00,0x22,0x22,
1087            0x00,0x48,0x32,
1088            0x16,0x00,0x22,
1089            0x01,0x0f,0x0e,
1090            0x00,0x88,0x22,
1091            0x00,0xf0,0xe0,
1092            0x00,0x00,0x00,
1093            
1094            //========Address -- (63),
1095            0x00,0x00,0x00,
1096            0x00,0x00,0x62,
1097            0x72,0xe2,0x22,
1098            0x22,0x22,0x22,
1099            0x22,0x22,0x32,
1100            0x23,0x2e,0x22,
1101            0x20,0x00,0x22,
C51 COMPILER V9.60.0.0   TFONT_KOREAN                                                      09/18/2026 20:40:16 PAGE 19  

1102            0x00,0x00,0x20,
1103            0x00,0x00,0x00,
1104            
1105            //========Address -- (64),
1106            0x00,0x00,0x00,
1107            0x00,0x01,0x39,
1108            0x30,0xc4,0x99,
1109            0x00,0x48,0x99,
1110            0x01,0x84,0xf9,
1111            0x24,0x20,0x99,
1112            0x00,0x00,0x99,
1113            0x00,0x00,0x10,
1114            0x00,0x00,0x00,
1115            
1116            //========Address -- (65),
1117            0x00,0x00,0x00,
1118            0x10,0xc0,0x62,
1119            0x70,0xf0,0x2e,
1120            0x12,0xc2,0x22,
1121            0x21,0x2c,0xe2,
1122            0x00,0x00,0x22,
1123            0x10,0x88,0x00,
1124            0x00,0xf0,0xe0,
1125            0x00,0x00,0x00,
1126            
1127            //========Address -- (66),
1128            0x00,0x00,0x00,
1129            0x01,0x0f,0x0f,
1130            0x00,0x08,0x0c,
1131            0x00,0x44,0x44,
1132            0x01,0x4f,0x8f,
1133            0x00,0x11,0x00,
1134            0x07,0x1f,0x0f,
1135            0x00,0x00,0x00,
1136            0x00,0x00,0x00,
1137            
1138            //========Address -- (67),
1139            0x00,0x00,0x00,
1140            0x00,0x07,0x08,
1141            0x01,0x80,0x42,
1142            0x10,0x08,0x24,
1143            0x00,0x71,0x80,
1144            0x00,0x11,0x00,
1145            0x07,0x1f,0x0f,
1146            0x00,0x00,0x00,
1147            0x00,0x00,0x00,
1148            
1149            //========Address -- (68),
1150            0x00,0x00,0x00,
1151            0x07,0x0e,0x62,
1152            0x22,0x32,0xe2,
1153            0x22,0x23,0x2e,
1154            0x32,0xe0,0x22,
1155            0x01,0x08,0x22,
1156            0x00,0x88,0x00,
1157            0x00,0xf0,0xe0,
1158            0x00,0x00,0x00,
1159            
1160            //========Address -- (69),
1161            0x00,0x00,0x00,
1162            0x01,0x08,0x62,
1163            0x24,0x42,0x22,
C51 COMPILER V9.60.0.0   TFONT_KOREAN                                                      09/18/2026 20:40:16 PAGE 20  

1164            0x42,0x24,0x32,
1165            0x10,0x80,0x20,
1166            0x10,0xf0,0xe2,
1167            0x10,0xf8,0xe0,
1168            0x00,0xf0,0xe0,
1169            0x00,0x00,0x00,
1170            
1171            //========Address -- (6a),
1172            0x00,0x00,0x00,
1173            0x07,0x0e,0x62,
1174            0x07,0x2e,0x22,
1175            0x22,0x00,0x3e,
1176            0x30,0xf0,0x22,
1177            0x01,0x0f,0x0e,
1178            0x00,0x88,0x22,
1179            0x00,0xf0,0xe0,
1180            0x00,0x00,0x00,
1181            
1182            //========Address -- (6b),
1183            0x00,0x00,0x00,
1184            0x10,0xc0,0x62,
1185            0x71,0xf4,0x22,
1186            0x22,0x22,0x32,
1187            0x10,0xc0,0x22,
1188            0x01,0x0f,0x0e,
1189            0x00,0x88,0x22,
1190            0x00,0xf0,0xe0,
1191            0x00,0x00,0x00,
1192            
1193            //========Address -- (6c),
1194            0x00,0x00,0x00,
1195            0x10,0xf8,0xe2,
1196            0x00,0x8f,0x2e,
1197            0x00,0x80,0x00,
1198            0x70,0xf1,0xf0,
1199            0x01,0x19,0x00,
1200            0x00,0x88,0x00,
1201            0x00,0xf0,0xe0,
1202            0x00,0x00,0x00,
1203            
1204            //========Address -- (6d),
1205            0x00,0x00,0x00,
1206            0x00,0x00,0x62,
1207            0x00,0xc4,0x22,
1208            0x00,0x49,0x2e,
1209            0x01,0x84,0x22,
1210            0x24,0x21,0x22,
1211            0x00,0x00,0x22,
1212            0x00,0x00,0x20,
1213            0x00,0x00,0x00,
1214            
1215            //========Address -- (6e),
1216            0x00,0x00,0x00,
1217            0x00,0x00,0x0c,
1218            0x62,0x00,0x44,
1219            0x23,0x0f,0xf4,
1220            0x00,0x00,0x40,
1221            0x10,0xf2,0xc0,
1222            0x01,0x58,0x84,
1223            0x00,0x00,0x00,
1224            0x00,0x00,0x00,
1225            
C51 COMPILER V9.60.0.0   TFONT_KOREAN                                                      09/18/2026 20:40:16 PAGE 21  

1226            //========Address -- (6f),
1227            0x00,0x00,0x00,
1228            0x00,0x0f,0x00,
1229            0x11,0x00,0x88,
1230            0x00,0xf0,0x00,
1231            0x07,0x0f,0x0e,
1232            0x03,0x00,0x00,
1233            0x11,0x0f,0x08,
1234            0x00,0x00,0x00,
1235            0x00,0x00,0x00,
1236            
1237            //========Address -- (70),
1238            0x00,0x00,0x00,
1239            0x03,0x00,0x00,
1240            0x11,0x0f,0x08,
1241            0x00,0x22,0x00,
1242            0x70,0xf0,0xe0,
1243            0x10,0xf8,0xc8,
1244            0x01,0x8f,0x8c,
1245            0x00,0x00,0x00,
1246            0x00,0x00,0x00,
1247          };
1248          
1249          
1250          BYTE GetStringPropExtend_KOREAN(DWORD index)
1251          {
1252   1      
1253   1        return  tFONT_KOREAN[index];
1254   1        
1255   1      }
1256          #endif
1257          


MODULE INFORMATION:   STATIC OVERLAYABLE
   CODE SIZE        =     14    ----
   CONSTANT SIZE    =   3051    ----
   XDATA SIZE       =   ----    ----
   PDATA SIZE       =   ----    ----
   DATA SIZE        =   ----    ----
   IDATA SIZE       =   ----    ----
   BIT SIZE         =   ----    ----
END OF MODULE INFORMATION.


C51 COMPILATION COMPLETE.  0 WARNING(S),  0 ERROR(S)
