C51 COMPILER V9.60.0.0   TFONT_HEBREW                                                      09/18/2026 20:40:17 PAGE 1   


C51 COMPILER V9.60.0.0, COMPILATION OF MODULE TFONT_HEBREW
OBJECT MODULE PLACED IN .\Output\RL6432_Project\tFONT_HEBREW.obj
COMPILER INVOKED BY: C:\Keil_v5\C51\BIN\C51.EXE User\RTD Series\RTD2014Osd\Code\tFONT_HEBREW.C LARGE OPTIMIZE(9,SPEED) I
                    -NCDIR(.\Output\RL6432;.\Project\Header;.\Pcb;.\Panel;.\Kernel\Device\Header;.\Kernel\Common;.\Kernel\System\Header;.\Ker
                    -nel\Scaler\ScalerFunction\Header;.\Kernel\Scaler\ScalerCommonFunction\Header;.\Kernel\Scaler\ScalerFunction\Lib\Header;.
                    -\Kernel\Scaler\ScalerCommonFunction\Lib\Header;.\Kernel\Scaler\RL6432_Series_Scaler\Header;.\Kernel\Scaler\RL6432_Series
                    -_Common\Header;.\Kernel\Scaler\RL6432_Series_Scaler\Lib\Header;.\Kernel\Scaler\RL6432_Series_Common\Lib\Header;.\Kernel\
                    -User Common Function\Header;.\User\RTD Series\RTD2014Function\Header;.\User\RTD Series\RTD2014Osd\Header;.\User\RTD Fact
                    -ory\Header;.\User\None Series\NoneFunction\Header;.\User\None Series\NoneOsd\Header;.\User\None Factory\Header) DEFINE(_
                    -PROJECT=_RL6432_PROJECT,_SCALER_TYPE=_RL6432_SERIES) DEBUG OBJECTEXTEND PRINT(.\Output\RL6432_Project\tFONT_HEBREW.lst) 
                    -TABS(2) OBJECT(.\Output\RL6432_Project\tFONT_HEBREW.obj)

line level    source

   1          #include "UserCommonInclude.h"
   2          #if _MEW_FONT
   3          
   4          BYTE code tFONT_HEBREW[]=
   5          {
   6            
   7            
   8            //========Address -- (00),
   9            0x00,0x00,0x00,
  10            0x00,0x00,0x00,
  11            0x00,0x00,0x00,
  12            0x00,0x00,0x00,
  13            0x00,0xff,0x00,
  14            0x00,0x00,0x00,
  15            0x00,0x00,0x00,
  16            0x00,0x00,0x00,
  17            0x00,0x00,0x00,
  18            
  19            //========Address -- (01),
  20            0x00,0x00,0x00,
  21            0x00,0x00,0x00,
  22            0x00,0x00,0x00,
  23            0x00,0x00,0x00,
  24            0x00,0x00,0x00,
  25            0x00,0x00,0x00,
  26            0x00,0x00,0x00,
  27            0x00,0x00,0x00,
  28            0x00,0x00,0x00,
  29            
  30            //========Address -- (02),
  31            0x00,0x00,0x00,
  32            0x00,0x00,0x00,
  33            0x04,0x08,0x00,
  34            0x42,0x88,0x00,
  35            0x35,0x80,0x00,
  36            0x55,0x00,0x00,
  37            0x40,0x80,0x00,
  38            0x00,0x00,0x00,
  39            0x00,0x00,0x00,
  40            
  41            //========Address -- (03),
  42            0x00,0x00,0x00,
  43            0x00,0x00,0x00,
  44            0x06,0x00,0x00,
  45            0x11,0x00,0x00,
  46            0x11,0x00,0x00,
  47            0x11,0x00,0x00,
C51 COMPILER V9.60.0.0   TFONT_HEBREW                                                      09/18/2026 20:40:17 PAGE 2   

  48            0x70,0x80,0x00,
  49            0x00,0x00,0x00,
  50            0x00,0x00,0x00,
  51            
  52            //========Address -- (04),
  53            0x00,0x00,0x00,
  54            0x00,0x00,0x00,
  55            0x06,0x00,0x00,
  56            0x11,0x00,0x00,
  57            0x11,0x00,0x00,
  58            0x35,0x00,0x00,
  59            0x50,0x00,0x00,
  60            0x00,0x00,0x00,
  61            0x00,0x00,0x00,
  62            
  63            //========Address -- (05),
  64            0x00,0x00,0x00,
  65            0x00,0x00,0x00,
  66            0x07,0x08,0x00,
  67            0x11,0x00,0x00,
  68            0x11,0x00,0x00,
  69            0x11,0x00,0x00,
  70            0x10,0x00,0x00,
  71            0x00,0x00,0x00,
  72            0x00,0x00,0x00,
  73            
  74            //========Address -- (06),
  75            0x00,0x00,0x00,
  76            0x00,0x00,0x00,
  77            0x07,0x08,0x00,
  78            0x00,0xc4,0x00,
  79            0x04,0x44,0x00,
  80            0x44,0x44,0x00,
  81            0x40,0x40,0x00,
  82            0x00,0x00,0x00,
  83            0x00,0x00,0x00,
  84            
  85            //========Address -- (07),
  86            0x00,0x00,0x00,
  87            0x00,0x00,0x00,
  88            0x04,0x00,0x00,
  89            0x44,0x00,0x00,
  90            0x44,0x00,0x00,
  91            0x44,0x00,0x00,
  92            0x40,0x00,0x00,
  93            0x00,0x00,0x00,
  94            0x00,0x00,0x00,
  95            
  96            //========Address -- (08),
  97            0x00,0x00,0x00,
  98            0x00,0x00,0x00,
  99            0x07,0x00,0x00,
 100            0x22,0x00,0x00,
 101            0x22,0x00,0x00,
 102            0x22,0x00,0x00,
 103            0x20,0x00,0x00,
 104            0x00,0x00,0x00,
 105            0x00,0x00,0x00,
 106            
 107            //========Address -- (09),
 108            0x00,0x00,0x00,
 109            0x00,0x00,0x00,
C51 COMPILER V9.60.0.0   TFONT_HEBREW                                                      09/18/2026 20:40:17 PAGE 3   

 110            0x07,0x08,0x00,
 111            0x44,0x44,0x00,
 112            0x44,0x44,0x00,
 113            0x44,0x44,0x00,
 114            0x40,0x40,0x00,
 115            0x00,0x00,0x00,
 116            0x00,0x00,0x00,
 117            
 118            //========Address -- (0a),
 119            0x00,0x00,0x00,
 120            0x00,0x00,0x00,
 121            0x05,0x08,0x00,
 122            0x44,0x44,0x00,
 123            0x44,0x44,0x00,
 124            0x44,0x44,0x00,
 125            0x30,0x80,0x00,
 126            0x00,0x00,0x00,
 127            0x00,0x00,0x00,
 128            
 129            //========Address -- (0b),
 130            0x00,0x00,0x00,
 131            0x00,0x00,0x00,
 132            0x00,0x00,0x00,
 133            0x04,0x00,0x00,
 134            0x44,0x00,0x00,
 135            0x40,0x00,0x00,
 136            0x00,0x00,0x00,
 137            0x00,0x00,0x00,
 138            0x00,0x00,0x00,
 139            
 140            //========Address -- (0c),
 141            0x00,0x00,0x00,
 142            0x00,0x00,0x00,
 143            0x07,0x00,0x00,
 144            0x10,0x08,0x00,
 145            0x00,0x88,0x00,
 146            0x01,0x80,0x00,
 147            0x70,0x00,0x00,
 148            0x00,0x00,0x00,
 149            0x00,0x00,0x00,
 150            
 151            //========Address -- (0d),
 152            0x00,0x00,0x00,
 153            0x00,0x00,0x00,
 154            0x44,0x00,0x00,
 155            0x70,0x88,0x00,
 156            0x00,0x88,0x00,
 157            0x11,0x80,0x00,
 158            0x11,0x00,0x00,
 159            0x00,0x00,0x00,
 160            0x00,0x00,0x00,
 161            
 162            //========Address -- (0e),
 163            0x00,0x00,0x00,
 164            0x00,0x00,0x00,
 165            0x02,0x0c,0x00,
 166            0x33,0x22,0x00,
 167            0x22,0x22,0x00,
 168            0x22,0x22,0x00,
 169            0x20,0xe0,0x00,
 170            0x00,0x00,0x00,
 171            0x00,0x00,0x00,
C51 COMPILER V9.60.0.0   TFONT_HEBREW                                                      09/18/2026 20:40:17 PAGE 4   

 172            
 173            //========Address -- (0f),
 174            0x00,0x00,0x00,
 175            0x00,0x00,0x00,
 176            0x06,0x00,0x00,
 177            0x11,0x00,0x00,
 178            0x11,0x00,0x00,
 179            0x11,0x00,0x00,
 180            0x70,0x00,0x00,
 181            0x00,0x00,0x00,
 182            0x00,0x00,0x00,
 183            
 184            //========Address -- (10),
 185            0x00,0x00,0x00,
 186            0x00,0x00,0x00,
 187            0x03,0x08,0x00,
 188            0x64,0xc4,0x00,
 189            0x44,0x44,0x00,
 190            0x46,0x4c,0x00,
 191            0x30,0x80,0x00,
 192            0x00,0x00,0x00,
 193            0x00,0x00,0x00,
 194            
 195            //========Address -- (11),
 196            0x00,0x00,0x00,
 197            0x00,0x00,0x00,
 198            0x22,0x44,0x00,
 199            0x22,0x44,0x00,
 200            0x22,0x44,0x00,
 201            0x21,0x80,0x00,
 202            0x60,0x00,0x00,
 203            0x00,0x00,0x00,
 204            0x00,0x00,0x00,
 205            
 206            //========Address -- (12),
 207            0x00,0x00,0x00,
 208            0x00,0x00,0x00,
 209            0x07,0x00,0x00,
 210            0x44,0x88,0x00,
 211            0x46,0x88,0x00,
 212            0x00,0x88,0x00,
 213            0x70,0x00,0x00,
 214            0x00,0x00,0x00,
 215            0x00,0x00,0x00,
 216            
 217            //========Address -- (13),
 218            0x00,0x00,0x00,
 219            0x00,0x00,0x00,
 220            0x04,0x08,0x00,
 221            0x62,0x88,0x00,
 222            0x31,0x00,0x00,
 223            0x10,0x08,0x00,
 224            0x70,0x80,0x00,
 225            0x00,0x00,0x00,
 226            0x00,0x00,0x00,
 227            
 228            //========Address -- (14),
 229            0x00,0x00,0x00,
 230            0x07,0x08,0x00,
 231            0x00,0x88,0x00,
 232            0x05,0x88,0x00,
 233            0x55,0x00,0x00,
C51 COMPILER V9.60.0.0   TFONT_HEBREW                                                      09/18/2026 20:40:17 PAGE 5   

 234            0x54,0x00,0x00,
 235            0x44,0x00,0x00,
 236            0x00,0x00,0x00,
 237            0x00,0x00,0x00,
 238            
 239            //========Address -- (15),
 240            0x00,0x00,0x00,
 241            0x00,0x00,0x00,
 242            0x07,0x00,0x00,
 243            0x00,0x88,0x00,
 244            0x00,0x88,0x00,
 245            0x00,0x88,0x00,
 246            0x00,0x80,0x00,
 247            0x00,0x00,0x00,
 248            0x00,0x00,0x00,
 249            
 250            //========Address -- (16),
 251            0x00,0x00,0x00,
 252            0x00,0x00,0x00,
 253            0x04,0x09,0x00,
 254            0x44,0x99,0x00,
 255            0x53,0x91,0x00,
 256            0x42,0x22,0x00,
 257            0x10,0xc0,0x00,
 258            0x00,0x00,0x00,
 259            0x00,0x00,0x00,
 260            
 261            //========Address -- (17),
 262            0x00,0x00,0x00,
 263            0x00,0x00,0x00,
 264            0x07,0x08,0x00,
 265            0x22,0x44,0x00,
 266            0x22,0x44,0x00,
 267            0x22,0x44,0x00,
 268            0x60,0x40,0x00,
 269            0x00,0x00,0x00,
 270            0x00,0x00,0x00,
 271            
 272            //========Address -- (18),
 273            0x00,0x00,0x00,
 274            0x00,0x00,0x00,
 275            0x04,0x08,0x00,
 276            0x42,0x88,0x00,
 277            0x35,0x80,0x00,
 278            0x55,0x00,0x00,
 279            0x40,0x80,0x00,
 280            0x00,0x00,0x00,
 281            0x00,0x00,0x00,
 282            
 283            //========Address -- (19),
 284            0x00,0x00,0x00,
 285            0x00,0x00,0x00,
 286            0x06,0x00,0x00,
 287            0x11,0x00,0x00,
 288            0x11,0x00,0x00,
 289            0x11,0x00,0x00,
 290            0x70,0x80,0x00,
 291            0x00,0x00,0x00,
 292            0x00,0x00,0x00,
 293            
 294            //========Address -- (1a),
 295            0x00,0x00,0x00,
C51 COMPILER V9.60.0.0   TFONT_HEBREW                                                      09/18/2026 20:40:17 PAGE 6   

 296            0x00,0x00,0x00,
 297            0x06,0x00,0x00,
 298            0x11,0x00,0x00,
 299            0x11,0x00,0x00,
 300            0x35,0x00,0x00,
 301            0x50,0x00,0x00,
 302            0x00,0x00,0x00,
 303            0x00,0x00,0x00,
 304            
 305            //========Address -- (1b),
 306            0x00,0x00,0x00,
 307            0x00,0x00,0x00,
 308            0x07,0x08,0x00,
 309            0x11,0x00,0x00,
 310            0x11,0x00,0x00,
 311            0x11,0x00,0x00,
 312            0x10,0x00,0x00,
 313            0x00,0x00,0x00,
 314            0x00,0x00,0x00,
 315            
 316            //========Address -- (1c),
 317            0x00,0x00,0x00,
 318            0x00,0x00,0x00,
 319            0x07,0x08,0x00,
 320            0x00,0xc4,0x00,
 321            0x04,0x44,0x00,
 322            0x44,0x44,0x00,
 323            0x40,0x40,0x00,
 324            0x00,0x00,0x00,
 325            0x00,0x00,0x00,
 326            
 327            //========Address -- (1d),
 328            0x00,0x00,0x00,
 329            0x00,0x00,0x00,
 330            0x04,0x00,0x00,
 331            0x44,0x00,0x00,
 332            0x44,0x00,0x00,
 333            0x44,0x00,0x00,
 334            0x40,0x00,0x00,
 335            0x00,0x00,0x00,
 336            0x00,0x00,0x00,
 337            
 338            //========Address -- (1e),
 339            0x00,0x00,0x00,
 340            0x00,0x00,0x00,
 341            0x07,0x00,0x00,
 342            0x22,0x00,0x00,
 343            0x22,0x00,0x00,
 344            0x22,0x00,0x00,
 345            0x20,0x00,0x00,
 346            0x00,0x00,0x00,
 347            0x00,0x00,0x00,
 348            
 349            //========Address -- (1f),
 350            0x00,0x00,0x00,
 351            0x00,0x00,0x00,
 352            0x07,0x08,0x00,
 353            0x44,0x44,0x00,
 354            0x44,0x44,0x00,
 355            0x44,0x44,0x00,
 356            0x40,0x40,0x00,
 357            0x00,0x00,0x00,
C51 COMPILER V9.60.0.0   TFONT_HEBREW                                                      09/18/2026 20:40:17 PAGE 7   

 358            0x00,0x00,0x00,
 359            
 360            //========Address -- (20),
 361            0x00,0x00,0x00,
 362            0x00,0x00,0x00,
 363            0x05,0x08,0x00,
 364            0x44,0x44,0x00,
 365            0x44,0x44,0x00,
 366            0x44,0x44,0x00,
 367            0x30,0x80,0x00,
 368            0x00,0x00,0x00,
 369            0x00,0x00,0x00,
 370            
 371            //========Address -- (21),
 372            0x00,0x00,0x00,
 373            0x00,0x00,0x00,
 374            0x00,0x00,0x00,
 375            0x04,0x00,0x00,
 376            0x44,0x00,0x00,
 377            0x40,0x00,0x00,
 378            0x00,0x00,0x00,
 379            0x00,0x00,0x00,
 380            0x00,0x00,0x00,
 381            
 382            //========Address -- (22),
 383            0x00,0x00,0x00,
 384            0x00,0x00,0x00,
 385            0x07,0x00,0x00,
 386            0x10,0x08,0x00,
 387            0x00,0x88,0x00,
 388            0x01,0x80,0x00,
 389            0x70,0x00,0x00,
 390            0x00,0x00,0x00,
 391            0x00,0x00,0x00,
 392            
 393            //========Address -- (23),
 394            0x00,0x00,0x00,
 395            0x00,0x00,0x00,
 396            0x44,0x00,0x00,
 397            0x70,0x88,0x00,
 398            0x00,0x88,0x00,
 399            0x11,0x80,0x00,
 400            0x11,0x00,0x00,
 401            0x00,0x00,0x00,
 402            0x00,0x00,0x00,
 403            
 404            //========Address -- (24),
 405            0x00,0x00,0x00,
 406            0x00,0x00,0x00,
 407            0x02,0x0c,0x00,
 408            0x33,0x22,0x00,
 409            0x22,0x22,0x00,
 410            0x22,0x22,0x00,
 411            0x20,0xe0,0x00,
 412            0x00,0x00,0x00,
 413            0x00,0x00,0x00,
 414            
 415            //========Address -- (25),
 416            0x00,0x00,0x00,
 417            0x00,0x00,0x00,
 418            0x06,0x00,0x00,
 419            0x11,0x00,0x00,
C51 COMPILER V9.60.0.0   TFONT_HEBREW                                                      09/18/2026 20:40:17 PAGE 8   

 420            0x11,0x00,0x00,
 421            0x11,0x00,0x00,
 422            0x70,0x00,0x00,
 423            0x00,0x00,0x00,
 424            0x00,0x00,0x00,
 425            
 426            //========Address -- (26),
 427            0x00,0x00,0x00,
 428            0x00,0x00,0x00,
 429            0x03,0x08,0x00,
 430            0x64,0xc4,0x00,
 431            0x44,0x44,0x00,
 432            0x46,0x4c,0x00,
 433            0x30,0x80,0x00,
 434            0x00,0x00,0x00,
 435            0x00,0x00,0x00,
 436            
 437            //========Address -- (27),
 438            0x00,0x00,0x00,
 439            0x00,0x00,0x00,
 440            0x22,0x44,0x00,
 441            0x22,0x44,0x00,
 442            0x22,0x44,0x00,
 443            0x21,0x80,0x00,
 444            0x60,0x00,0x00,
 445            0x00,0x00,0x00,
 446            0x00,0x00,0x00,
 447            
 448            //========Address -- (28),
 449            0x00,0x00,0x00,
 450            0x00,0x00,0x00,
 451            0x07,0x00,0x00,
 452            0x44,0x88,0x00,
 453            0x46,0x88,0x00,
 454            0x00,0x88,0x00,
 455            0x70,0x00,0x00,
 456            0x00,0x00,0x00,
 457            0x00,0x00,0x00,
 458            
 459            //========Address -- (29),
 460            0x00,0x00,0x00,
 461            0x00,0x00,0x00,
 462            0x04,0x08,0x00,
 463            0x62,0x88,0x00,
 464            0x31,0x00,0x00,
 465            0x10,0x08,0x00,
 466            0x70,0x80,0x00,
 467            0x00,0x00,0x00,
 468            0x00,0x00,0x00,
 469            
 470            //========Address -- (2a),
 471            0x00,0x00,0x00,
 472            0x07,0x08,0x00,
 473            0x00,0x88,0x00,
 474            0x05,0x88,0x00,
 475            0x55,0x00,0x00,
 476            0x54,0x00,0x00,
 477            0x44,0x00,0x00,
 478            0x00,0x00,0x00,
 479            0x00,0x00,0x00,
 480            
 481            //========Address -- (2b),
C51 COMPILER V9.60.0.0   TFONT_HEBREW                                                      09/18/2026 20:40:17 PAGE 9   

 482            0x00,0x00,0x00,
 483            0x00,0x00,0x00,
 484            0x07,0x00,0x00,
 485            0x00,0x88,0x00,
 486            0x00,0x88,0x00,
 487            0x00,0x88,0x00,
 488            0x00,0x80,0x00,
 489            0x00,0x00,0x00,
 490            0x00,0x00,0x00,
 491            
 492            //========Address -- (2c),
 493            0x00,0x00,0x00,
 494            0x00,0x00,0x00,
 495            0x04,0x09,0x00,
 496            0x44,0x99,0x00,
 497            0x53,0x91,0x00,
 498            0x42,0x22,0x00,
 499            0x10,0xc0,0x00,
 500            0x00,0x00,0x00,
 501            0x00,0x00,0x00,
 502            
 503            //========Address -- (2d),
 504            0x00,0x00,0x00,
 505            0x00,0x00,0x00,
 506            0x07,0x08,0x00,
 507            0x22,0x44,0x00,
 508            0x22,0x44,0x00,
 509            0x22,0x44,0x00,
 510            0x60,0x40,0x00,
 511            0x00,0x00,0x00,
 512            0x00,0x00,0x00,
 513            
 514            //========Address -- (2e),
 515            0x00,0x00,0x00,
 516            0x00,0x00,0x00,
 517            0x04,0x08,0x00,
 518            0x42,0x88,0x00,
 519            0x35,0x80,0x00,
 520            0x55,0x00,0x00,
 521            0x40,0x80,0x00,
 522            0x00,0x00,0x00,
 523            0x00,0x00,0x00,
 524            
 525            //========Address -- (2f),
 526            0x00,0x00,0x00,
 527            0x00,0x00,0x00,
 528            0x06,0x00,0x00,
 529            0x11,0x00,0x00,
 530            0x11,0x00,0x00,
 531            0x11,0x00,0x00,
 532            0x70,0x80,0x00,
 533            0x00,0x00,0x00,
 534            0x00,0x00,0x00,
 535            
 536            //========Address -- (30),
 537            0x00,0x00,0x00,
 538            0x00,0x00,0x00,
 539            0x06,0x00,0x00,
 540            0x11,0x00,0x00,
 541            0x11,0x00,0x00,
 542            0x35,0x00,0x00,
 543            0x50,0x00,0x00,
C51 COMPILER V9.60.0.0   TFONT_HEBREW                                                      09/18/2026 20:40:17 PAGE 10  

 544            0x00,0x00,0x00,
 545            0x00,0x00,0x00,
 546            
 547            //========Address -- (31),
 548            0x00,0x00,0x00,
 549            0x00,0x00,0x00,
 550            0x07,0x08,0x00,
 551            0x11,0x00,0x00,
 552            0x11,0x00,0x00,
 553            0x11,0x00,0x00,
 554            0x10,0x00,0x00,
 555            0x00,0x00,0x00,
 556            0x00,0x00,0x00,
 557            
 558            //========Address -- (32),
 559            0x00,0x00,0x00,
 560            0x00,0x00,0x00,
 561            0x07,0x08,0x00,
 562            0x00,0xc4,0x00,
 563            0x04,0x44,0x00,
 564            0x44,0x44,0x00,
 565            0x40,0x40,0x00,
 566            0x00,0x00,0x00,
 567            0x00,0x00,0x00,
 568            
 569            //========Address -- (33),
 570            0x00,0x00,0x00,
 571            0x00,0x00,0x00,
 572            0x04,0x00,0x00,
 573            0x44,0x00,0x00,
 574            0x44,0x00,0x00,
 575            0x44,0x00,0x00,
 576            0x40,0x00,0x00,
 577            0x00,0x00,0x00,
 578            0x00,0x00,0x00,
 579            
 580            //========Address -- (34),
 581            0x00,0x00,0x00,
 582            0x00,0x00,0x00,
 583            0x07,0x00,0x00,
 584            0x22,0x00,0x00,
 585            0x22,0x00,0x00,
 586            0x22,0x00,0x00,
 587            0x20,0x00,0x00,
 588            0x00,0x00,0x00,
 589            0x00,0x00,0x00,
 590            
 591            //========Address -- (35),
 592            0x00,0x00,0x00,
 593            0x00,0x00,0x00,
 594            0x07,0x08,0x00,
 595            0x44,0x44,0x00,
 596            0x44,0x44,0x00,
 597            0x44,0x44,0x00,
 598            0x40,0x40,0x00,
 599            0x00,0x00,0x00,
 600            0x00,0x00,0x00,
 601            
 602            //========Address -- (36),
 603            0x00,0x00,0x00,
 604            0x00,0x00,0x00,
 605            0x05,0x08,0x00,
C51 COMPILER V9.60.0.0   TFONT_HEBREW                                                      09/18/2026 20:40:17 PAGE 11  

 606            0x44,0x44,0x00,
 607            0x44,0x44,0x00,
 608            0x44,0x44,0x00,
 609            0x30,0x80,0x00,
 610            0x00,0x00,0x00,
 611            0x00,0x00,0x00,
 612            
 613            //========Address -- (37),
 614            0x00,0x00,0x00,
 615            0x00,0x00,0x00,
 616            0x00,0x00,0x00,
 617            0x04,0x00,0x00,
 618            0x44,0x00,0x00,
 619            0x40,0x00,0x00,
 620            0x00,0x00,0x00,
 621            0x00,0x00,0x00,
 622            0x00,0x00,0x00,
 623            
 624            //========Address -- (38),
 625            0x00,0x00,0x00,
 626            0x00,0x00,0x00,
 627            0x07,0x00,0x00,
 628            0x10,0x08,0x00,
 629            0x00,0x88,0x00,
 630            0x01,0x80,0x00,
 631            0x70,0x00,0x00,
 632            0x00,0x00,0x00,
 633            0x00,0x00,0x00,
 634            
 635            //========Address -- (39),
 636            0x00,0x00,0x00,
 637            0x00,0x00,0x00,
 638            0x44,0x00,0x00,
 639            0x70,0x88,0x00,
 640            0x00,0x88,0x00,
 641            0x11,0x80,0x00,
 642            0x11,0x00,0x00,
 643            0x00,0x00,0x00,
 644            0x00,0x00,0x00,
 645            
 646            //========Address -- (3a),
 647            0x00,0x00,0x00,
 648            0x00,0x00,0x00,
 649            0x02,0x0c,0x00,
 650            0x33,0x22,0x00,
 651            0x22,0x22,0x00,
 652            0x22,0x22,0x00,
 653            0x20,0xe0,0x00,
 654            0x00,0x00,0x00,
 655            0x00,0x00,0x00,
 656            
 657            //========Address -- (3b),
 658            0x00,0x00,0x00,
 659            0x00,0x00,0x00,
 660            0x06,0x00,0x00,
 661            0x11,0x00,0x00,
 662            0x11,0x00,0x00,
 663            0x11,0x00,0x00,
 664            0x70,0x00,0x00,
 665            0x00,0x00,0x00,
 666            0x00,0x00,0x00,
 667            
C51 COMPILER V9.60.0.0   TFONT_HEBREW                                                      09/18/2026 20:40:17 PAGE 12  

 668            //========Address -- (3c),
 669            0x00,0x00,0x00,
 670            0x00,0x00,0x00,
 671            0x03,0x08,0x00,
 672            0x64,0xc4,0x00,
 673            0x44,0x44,0x00,
 674            0x46,0x4c,0x00,
 675            0x30,0x80,0x00,
 676            0x00,0x00,0x00,
 677            0x00,0x00,0x00,
 678            
 679            //========Address -- (3d),
 680            0x00,0x00,0x00,
 681            0x00,0x00,0x00,
 682            0x22,0x44,0x00,
 683            0x22,0x44,0x00,
 684            0x22,0x44,0x00,
 685            0x21,0x80,0x00,
 686            0x60,0x00,0x00,
 687            0x00,0x00,0x00,
 688            0x00,0x00,0x00,
 689            
 690            //========Address -- (3e),
 691            0x00,0x00,0x00,
 692            0x00,0x00,0x00,
 693            0x07,0x00,0x00,
 694            0x44,0x88,0x00,
 695            0x46,0x88,0x00,
 696            0x00,0x88,0x00,
 697            0x70,0x00,0x00,
 698            0x00,0x00,0x00,
 699            0x00,0x00,0x00,
 700            
 701            //========Address -- (3f),
 702            0x00,0x00,0x00,
 703            0x00,0x00,0x00,
 704            0x04,0x08,0x00,
 705            0x62,0x88,0x00,
 706            0x31,0x00,0x00,
 707            0x10,0x08,0x00,
 708            0x70,0x80,0x00,
 709            0x00,0x00,0x00,
 710            0x00,0x00,0x00,
 711            
 712            //========Address -- (40),
 713            0x00,0x00,0x00,
 714            0x07,0x08,0x00,
 715            0x00,0x88,0x00,
 716            0x05,0x88,0x00,
 717            0x55,0x00,0x00,
 718            0x54,0x00,0x00,
 719            0x44,0x00,0x00,
 720            0x00,0x00,0x00,
 721            0x00,0x00,0x00,
 722            
 723            //========Address -- (41),
 724            0x00,0x00,0x00,
 725            0x00,0x00,0x00,
 726            0x07,0x00,0x00,
 727            0x00,0x88,0x00,
 728            0x00,0x88,0x00,
 729            0x00,0x88,0x00,
C51 COMPILER V9.60.0.0   TFONT_HEBREW                                                      09/18/2026 20:40:17 PAGE 13  

 730            0x00,0x80,0x00,
 731            0x00,0x00,0x00,
 732            0x00,0x00,0x00,
 733            
 734            //========Address -- (42),
 735            0x00,0x00,0x00,
 736            0x00,0x00,0x00,
 737            0x04,0x09,0x00,
 738            0x44,0x99,0x00,
 739            0x53,0x91,0x00,
 740            0x42,0x22,0x00,
 741            0x10,0xc0,0x00,
 742            0x00,0x00,0x00,
 743            0x00,0x00,0x00,
 744            
 745            //========Address -- (43),
 746            0x00,0x00,0x00,
 747            0x00,0x00,0x00,
 748            0x07,0x08,0x00,
 749            0x22,0x44,0x00,
 750            0x22,0x44,0x00,
 751            0x22,0x44,0x00,
 752            0x60,0x40,0x00,
 753            0x00,0x00,0x00,
 754            0x00,0x00,0x00,
 755            
 756            
 757          
 758          };
 759          
 760          
 761          
 762          BYTE GetStringPropExtend_HEBREW(DWORD index)
 763          {
 764   1      
 765   1        return  tFONT_HEBREW[index];
 766   1        
 767   1      }
 768          #endif
 769          
 770          
 771          


MODULE INFORMATION:   STATIC OVERLAYABLE
   CODE SIZE        =     14    ----
   CONSTANT SIZE    =   1836    ----
   XDATA SIZE       =   ----    ----
   PDATA SIZE       =   ----    ----
   DATA SIZE        =   ----    ----
   IDATA SIZE       =   ----    ----
   BIT SIZE         =   ----    ----
END OF MODULE INFORMATION.


C51 COMPILATION COMPLETE.  0 WARNING(S),  0 ERROR(S)
