C51 COMPILER V9.60.0.0   TFONT_VIETNAMESE                                                  09/21/2026 15:33:52 PAGE 1   


C51 COMPILER V9.60.0.0, COMPILATION OF MODULE TFONT_VIETNAMESE
OBJECT MODULE PLACED IN .\Output\RL6432_Project\tFONT_VIETNAMESE.obj
COMPILER INVOKED BY: C:\Keil_v5\C51\BIN\C51.EXE User\RTD Series\RTD2014Osd\Code\tFONT_VIETNAMESE.C LARGE OPTIMIZE(9,SPEE
                    -D) INCDIR(.\Output\RL6432;.\Project\Header;.\Pcb;.\Panel;.\Kernel\Device\Header;.\Kernel\Common;.\Kernel\System\Header;.
                    -\Kernel\Scaler\ScalerFunction\Header;.\Kernel\Scaler\ScalerCommonFunction\Header;.\Kernel\Scaler\ScalerFunction\Lib\Head
                    -er;.\Kernel\Scaler\ScalerCommonFunction\Lib\Header;.\Kernel\Scaler\RL6432_Series_Scaler\Header;.\Kernel\Scaler\RL6432_Se
                    -ries_Common\Header;.\Kernel\Scaler\RL6432_Series_Scaler\Lib\Header;.\Kernel\Scaler\RL6432_Series_Common\Lib\Header;.\Ker
                    -nel\User Common Function\Header;.\User\RTD Series\RTD2014Function\Header;.\User\RTD Series\RTD2014Osd\Header;.\User\RTD 
                    -Factory\Header;.\User\None Series\NoneFunction\Header;.\User\None Series\NoneOsd\Header;.\User\None Factory\Header) DEFI
                    -NE(_PROJECT=_RL6432_PROJECT,_SCALER_TYPE=_RL6432_SERIES) DEBUG OBJECTEXTEND PRINT(.\Output\RL6432_Project\tFONT_VIETNAME
                    -SE.lst) TABS(2) OBJECT(.\Output\RL6432_Project\tFONT_VIETNAMESE.obj)

line level    source

   1          #include "UserCommonInclude.h"
   2          #if _MEW_FONT
   3          
   4          BYTE code tFONT_VIETNAMESE[]=
   5          { 
   6            //========Address -- (00),
   7            0x00,0x00,0x00,
   8            0x00,0x00,0x00,
   9            0x00,0x00,0x00,
  10            0x00,0x00,0x00,
  11            0x00,0xff,0x00,
  12            0x00,0x00,0x00,
  13            0x00,0x00,0x00,
  14            0x00,0x00,0x00,
  15            0x00,0x00,0x00,
  16            
  17            //========Address -- (01),
  18            0x00,0x00,0x00,
  19            0x00,0x00,0x00,
  20            0x00,0x00,0x00,
  21            0x00,0x00,0x00,
  22            0x00,0x00,0x00,
  23            0x00,0x00,0x00,
  24            0x00,0x00,0x00,
  25            0x00,0x00,0x00,
  26            0x00,0x00,0x00,
  27            
  28            //========Address -- (02),
  29            0x00,0x00,0x00,
  30            0x01,0x80,0x00,
  31            0x12,0x08,0x00,
  32            0x03,0x08,0x00,
  33            0x64,0x44,0x00,
  34            0x74,0xc0,0x00,
  35            0x46,0x04,0x00,
  36            0x30,0x80,0x00,
  37            0x00,0x00,0x00,
  38            
  39            //========Address -- (03),
  40            0x00,0x00,0x00,
  41            0x12,0x08,0x00,
  42            0x03,0x08,0x00,
  43            0x64,0x44,0x00,
  44            0x74,0xc0,0x00,
  45            0x46,0x04,0x00,
  46            0x30,0x80,0x00,
  47            0x10,0x00,0x00,
C51 COMPILER V9.60.0.0   TFONT_VIETNAMESE                                                  09/21/2026 15:33:52 PAGE 2   

  48            0x00,0x00,0x00,
  49            
  50            //========Address -- (04),
  51            0x00,0x00,0x00,
  52            0x00,0x00,0x00,
  53            0x32,0xc2,0x00,
  54            0x22,0x11,0x00,
  55            0x72,0x91,0x00,
  56            0x22,0x11,0x00,
  57            0x23,0x2c,0x00,
  58            0x00,0x00,0x00,
  59            0x00,0x00,0x00,
  60            
  61            //========Address -- (05),
  62            0x00,0x00,0x00,
  63            0x12,0x08,0x00,
  64            0x03,0x08,0x00,
  65            0x64,0xc4,0x00,
  66            0x44,0x44,0x00,
  67            0x46,0x4c,0x00,
  68            0x30,0x80,0x00,
  69            0x10,0x00,0x00,
  70            0x00,0x00,0x00,
  71            
  72            //========Address -- (06),
  73            0x00,0x00,0x00,
  74            0x00,0x08,0x00,
  75            0x10,0x00,0x00,
  76            0x34,0x84,0x00,
  77            0x01,0x4c,0x00,
  78            0x64,0x44,0x00,
  79            0x43,0xc4,0x00,
  80            0x00,0x00,0x00,
  81            0x00,0x00,0x00,
  82            
  83            //========Address -- (07),
  84            0x00,0x00,0x00,
  85            0x12,0x08,0x00,
  86            0x03,0x08,0x00,
  87            0x40,0x44,0x00,
  88            0x16,0xc4,0x00,
  89            0x44,0x4c,0x00,
  90            0x30,0x40,0x00,
  91            0x10,0x00,0x00,
  92            0x00,0x00,0x00,
  93            
  94            //========Address -- (08),
  95            0x00,0x00,0x00,
  96            0x04,0x00,0x00,
  97            0x20,0x00,0x00,
  98            0x22,0x00,0x00,
  99            0x22,0x00,0x00,
 100            0x22,0x00,0x00,
 101            0x22,0x00,0x00,
 102            0x00,0x00,0x00,
 103            0x00,0x00,0x00,
 104            
 105            //========Address -- (09),
 106            0x00,0x00,0x00,
 107            0x03,0x08,0x00,
 108            0x01,0x80,0x00,
 109            0x03,0x08,0x00,
C51 COMPILER V9.60.0.0   TFONT_VIETNAMESE                                                  09/21/2026 15:33:52 PAGE 3   

 110            0x40,0x44,0x00,
 111            0x16,0xc4,0x00,
 112            0x44,0x4c,0x00,
 113            0x30,0x40,0x00,
 114            0x00,0x00,0x00,
 115            
 116            //========Address -- (0a),
 117            0x00,0x00,0x00,
 118            0x01,0x00,0x00,
 119            0x00,0x80,0x00,
 120            0x34,0x84,0x00,
 121            0x01,0x4c,0x00,
 122            0x64,0x44,0x00,
 123            0x43,0xc4,0x00,
 124            0x00,0x00,0x00,
 125            0x00,0x00,0x00,
 126            
 127            //========Address -- (0b),
 128            0x00,0x00,0x00,
 129            0x01,0x80,0x00,
 130            0x23,0x88,0x00,
 131            0x03,0x08,0x00,
 132            0x40,0x44,0x00,
 133            0x16,0xc4,0x00,
 134            0x44,0x4c,0x00,
 135            0x30,0x40,0x00,
 136            0x00,0x00,0x00,
 137            
 138            //========Address -- (0c),
 139            0x00,0x00,0x00,
 140            0x00,0x00,0x00,
 141            0x34,0x84,0x00,
 142            0x01,0x4c,0x00,
 143            0x64,0x44,0x00,
 144            0x43,0xc4,0x00,
 145            0x01,0x00,0x00,
 146            0x00,0x00,0x00,
 147            0x00,0x00,0x00,
 148            
 149            //========Address -- (0d),
 150            0x00,0x00,0x00,
 151            0x03,0x08,0x00,
 152            0x01,0x80,0x00,
 153            0x03,0x0a,0x00,
 154            0x64,0xe6,0x00,
 155            0x44,0x44,0x00,
 156            0x46,0x4c,0x00,
 157            0x30,0x80,0x00,
 158            0x00,0x00,0x00,
 159            
 160            //========Address -- (0e),
 161            0x00,0x00,0x00,
 162            0x00,0x00,0x00,
 163            0x44,0x55,0x00,
 164            0x44,0x56,0x00,
 165            0x44,0x44,0x00,
 166            0x43,0xc4,0x00,
 167            0x01,0x00,0x00,
 168            0x00,0x00,0x00,
 169            0x00,0x00,0x00,
 170            
 171            //========Address -- (0f),
C51 COMPILER V9.60.0.0   TFONT_VIETNAMESE                                                  09/21/2026 15:33:52 PAGE 4   

 172            0x00,0x00,0x00,
 173            0x00,0x00,0x00,
 174            0x04,0x05,0x00,
 175            0x44,0x55,0x00,
 176            0x44,0x64,0x00,
 177            0x44,0x4c,0x00,
 178            0x30,0x40,0x00,
 179            0x00,0x00,0x00,
 180            0x00,0x00,0x00,
 181            
 182            //========Address -- (10),
 183            0x00,0x00,0x00,
 184            0x00,0x00,0x00,
 185            0x03,0x0a,0x00,
 186            0x64,0xe6,0x00,
 187            0x44,0x44,0x00,
 188            0x46,0x4c,0x00,
 189            0x30,0x80,0x00,
 190            0x00,0x00,0x00,
 191            0x00,0x00,0x00,
 192            
 193            //========Address -- (11),
 194            0x00,0x00,0x00,
 195            0x01,0x00,0x00,
 196            0x20,0x80,0x00,
 197            0x34,0x84,0x00,
 198            0x01,0x4c,0x00,
 199            0x64,0x44,0x00,
 200            0x43,0xc4,0x00,
 201            0x00,0x00,0x00,
 202            0x00,0x00,0x00,
 203            
 204            //========Address -- (12),
 205            0x00,0x00,0x00,
 206            0x21,0x00,0x00,
 207            0x23,0x88,0x00,
 208            0x03,0x08,0x00,
 209            0x40,0x44,0x00,
 210            0x16,0xc4,0x00,
 211            0x44,0x4c,0x00,
 212            0x30,0x40,0x00,
 213            0x00,0x00,0x00,
 214            
 215            //========Address -- (13),
 216            0x00,0x00,0x00,
 217            0x00,0x00,0x00,
 218            0x10,0xe4,0x00,
 219            0x36,0x4c,0x00,
 220            0x44,0x44,0x00,
 221            0x44,0x44,0x00,
 222            0x63,0xc4,0x00,
 223            0x00,0x00,0x00,
 224            0x00,0x00,0x00,
 225            
 226            //========Address -- (14),
 227            0x00,0x00,0x00,
 228            0x00,0x48,0x00,
 229            0x00,0x08,0x00,
 230            0x11,0x44,0x00,
 231            0x13,0x46,0x00,
 232            0x23,0x2e,0x00,
 233            0x24,0x21,0x00,
C51 COMPILER V9.60.0.0   TFONT_VIETNAMESE                                                  09/21/2026 15:33:52 PAGE 5   

 234            0x40,0x10,0x00,
 235            0x00,0x00,0x00,
 236            
 237            //========Address -- (15),
 238            0x00,0x00,0x00,
 239            0x01,0x80,0x00,
 240            0x12,0x08,0x00,
 241            0x03,0x08,0x00,
 242            0x40,0x44,0x00,
 243            0x16,0xc4,0x00,
 244            0x44,0x4c,0x00,
 245            0x30,0x40,0x00,
 246            0x00,0x00,0x00,
 247            
 248            //========Address -- (16),
 249            0x00,0x00,0x00,
 250            0x02,0x08,0x00,
 251            0x30,0x80,0x00,
 252            0x34,0x84,0x00,
 253            0x01,0x4c,0x00,
 254            0x64,0x44,0x00,
 255            0x43,0xc4,0x00,
 256            0x00,0x00,0x00,
 257            0x00,0x00,0x00,
 258            
 259            //========Address -- (17),
 260            0x00,0x00,0x00,
 261            0x01,0x80,0x00,
 262            0x12,0x08,0x00,
 263            0x03,0x08,0x00,
 264            0x64,0xc4,0x00,
 265            0x44,0x44,0x00,
 266            0x46,0x4c,0x00,
 267            0x30,0x80,0x00,
 268            0x00,0x00,0x00,
 269            
 270            //========Address -- (18),
 271            0x00,0x00,0x00,
 272            0x21,0x00,0x00,
 273            0x12,0x08,0x00,
 274            0x03,0x08,0x00,
 275            0x64,0xc4,0x00,
 276            0x44,0x44,0x00,
 277            0x46,0x4c,0x00,
 278            0x30,0x80,0x00,
 279            0x00,0x00,0x00,
 280            
 281            //========Address -- (19),
 282            0x03,0x08,0x00,
 283            0x01,0x80,0x00,
 284            0x04,0x04,0x00,
 285            0x42,0x48,0x00,
 286            0x22,0x88,0x00,
 287            0x21,0x80,0x00,
 288            0x11,0x00,0x00,
 289            0x12,0x00,0x00,
 290            0x00,0x00,0x00,
 291            
 292            //========Address -- (1a),
 293            0x00,0x00,0x00,
 294            0x01,0x00,0x00,
 295            0x20,0x80,0x00,
C51 COMPILER V9.60.0.0   TFONT_VIETNAMESE                                                  09/21/2026 15:33:52 PAGE 6   

 296            0x36,0x8c,0x00,
 297            0x44,0x44,0x00,
 298            0x44,0x44,0x00,
 299            0x63,0xc8,0x00,
 300            0x00,0x00,0x00,
 301            0x00,0x00,0x00,
 302            
 303            //========Address -- (1b),
 304            0x00,0x00,0x00,
 305            0x03,0x04,0x00,
 306            0x20,0xc0,0x00,
 307            0x44,0x55,0x00,
 308            0x44,0x56,0x00,
 309            0x44,0x44,0x00,
 310            0x43,0xc4,0x00,
 311            0x00,0x00,0x00,
 312            0x00,0x00,0x00,
 313            
 314            //========Address -- (1c),
 315            0x00,0x00,0x00,
 316            0x04,0x00,0x00,
 317            0x04,0x00,0x00,
 318            0x44,0x00,0x00,
 319            0x44,0x00,0x00,
 320            0x44,0x00,0x00,
 321            0x40,0x00,0x00,
 322            0x40,0x00,0x00,
 323            0x00,0x00,0x00,
 324            
 325            //========Address -- (1d),
 326            0x00,0x00,0x00,
 327            0x02,0x00,0x00,
 328            0x40,0x00,0x00,
 329            0x44,0x00,0x00,
 330            0x44,0x00,0x00,
 331            0x44,0x00,0x00,
 332            0x44,0x00,0x00,
 333            0x00,0x00,0x00,
 334            0x00,0x00,0x00,
 335            
 336            //========Address -- (1e),
 337            0x00,0x00,0x00,
 338            0x00,0x08,0x00,
 339            0x10,0x00,0x00,
 340            0x44,0x55,0x00,
 341            0x44,0x56,0x00,
 342            0x44,0x44,0x00,
 343            0x43,0xc4,0x00,
 344            0x00,0x00,0x00,
 345            0x00,0x00,0x00,
 346            
 347            //========Address -- (1f),
 348            0x00,0x00,0x00,
 349            0x03,0x08,0x00,
 350            0x01,0x80,0x00,
 351            0x03,0x08,0x00,
 352            0x64,0xc4,0x00,
 353            0x44,0x44,0x00,
 354            0x46,0x4c,0x00,
 355            0x30,0x80,0x00,
 356            0x00,0x00,0x00,
 357            
C51 COMPILER V9.60.0.0   TFONT_VIETNAMESE                                                  09/21/2026 15:33:52 PAGE 7   

 358            //========Address -- (20),
 359            0x00,0x00,0x00,
 360            0x02,0x00,0x00,
 361            0x10,0x00,0x00,
 362            0x36,0xae,0x00,
 363            0x44,0x64,0x00,
 364            0x44,0x44,0x00,
 365            0x63,0xc8,0x00,
 366            0x00,0x00,0x00,
 367            0x00,0x00,0x00,
 368            
 369            //========Address -- (21),
 370            0x00,0x00,0x00,
 371            0x31,0x80,0x00,
 372            0x12,0x08,0x00,
 373            0x03,0x08,0x00,
 374            0x64,0x44,0x00,
 375            0x74,0xc0,0x00,
 376            0x46,0x04,0x00,
 377            0x30,0x80,0x00,
 378            0x00,0x00,0x00,
 379            
 380            //========Address -- (22),
 381            0x00,0x00,0x00,
 382            0x21,0x00,0x00,
 383            0x12,0x08,0x00,
 384            0x03,0x08,0x00,
 385            0x64,0x44,0x00,
 386            0x74,0xc0,0x00,
 387            0x46,0x04,0x00,
 388            0x30,0x80,0x00,
 389            0x00,0x00,0x00,
 390            
 391            //========Address -- (23),
 392            0x00,0x00,0x00,
 393            0x07,0x00,0x00,
 394            0x12,0x00,0x00,
 395            0x02,0x00,0x00,
 396            0x22,0x00,0x00,
 397            0x22,0x00,0x00,
 398            0x22,0x00,0x00,
 399            0x20,0x00,0x00,
 400            0x00,0x00,0x00,
 401            
 402            //========Address -- (24),
 403            0x00,0x00,0x00,
 404            0x00,0x00,0x00,
 405            0x36,0x8c,0x00,
 406            0x44,0x44,0x00,
 407            0x44,0x44,0x00,
 408            0x63,0xc8,0x00,
 409            0x01,0x00,0x00,
 410            0x00,0x00,0x00,
 411            0x00,0x00,0x00,
 412            
 413            //========Address -- (25),
 414            0x00,0x00,0x00,
 415            0x21,0x00,0x00,
 416            0x12,0x08,0x00,
 417            0x03,0x08,0x00,
 418            0x40,0x44,0x00,
 419            0x16,0xc4,0x00,
C51 COMPILER V9.60.0.0   TFONT_VIETNAMESE                                                  09/21/2026 15:33:52 PAGE 8   

 420            0x44,0x4c,0x00,
 421            0x30,0x40,0x00,
 422            0x00,0x00,0x00,
 423            
 424            //========Address -- (26),
 425            0x00,0x00,0x00,
 426            0x01,0x84,0x00,
 427            0x00,0x08,0x00,
 428            0x11,0x44,0x00,
 429            0x13,0x46,0x00,
 430            0x23,0x2e,0x00,
 431            0x24,0x21,0x00,
 432            0x40,0x10,0x00,
 433            0x00,0x00,0x00,
 434            
 435            //========Address -- (27),
 436            0x00,0x00,0x00,
 437            0x00,0x00,0x00,
 438            0x36,0xae,0x00,
 439            0x44,0x64,0x00,
 440            0x44,0x44,0x00,
 441            0x63,0xc8,0x00,
 442            0x01,0x00,0x00,
 443            0x00,0x00,0x00,
 444            0x00,0x00,0x00,
 445            
 446            //========Address -- (28),
 447            0x00,0x00,0x00,
 448            0x00,0x00,0x00,
 449            0x36,0x84,0x00,
 450            0x47,0x4c,0x00,
 451            0x44,0x00,0x00,
 452            0x63,0x48,0x00,
 453            0x01,0x00,0x00,
 454            0x00,0x00,0x00,
 455            0x00,0x00,0x00,
 456            
 457            //========Address -- (29),
 458            0x00,0x00,0x00,
 459            0x00,0x08,0x00,
 460            0x10,0x00,0x00,
 461            0x36,0x84,0x00,
 462            0x47,0x4c,0x00,
 463            0x44,0x00,0x00,
 464            0x63,0x48,0x00,
 465            0x00,0x00,0x00,
 466            0x00,0x00,0x00,
 467            
 468            //========Address -- (2a),
 469            0x00,0x00,0x00,
 470            0x03,0x04,0x00,
 471            0x20,0xc0,0x00,
 472            0x34,0x84,0x00,
 473            0x01,0x4c,0x00,
 474            0x64,0x44,0x00,
 475            0x43,0xc4,0x00,
 476            0x00,0x00,0x00,
 477            0x00,0x00,0x00,
 478            
 479            //========Address -- (2b),
 480            0x00,0x00,0x00,
 481            0x02,0x00,0x00,
C51 COMPILER V9.60.0.0   TFONT_VIETNAMESE                                                  09/21/2026 15:33:52 PAGE 9   

 482            0x10,0x00,0x00,
 483            0x36,0x8c,0x00,
 484            0x44,0x44,0x00,
 485            0x44,0x44,0x00,
 486            0x63,0xc8,0x00,
 487            0x00,0x00,0x00,
 488            0x00,0x00,0x00,
 489            
 490            //========Address -- (2c),
 491            0x00,0x00,0x00,
 492            0x01,0x80,0x00,
 493            0x07,0x0c,0x00,
 494            0x44,0x00,0x00,
 495            0x47,0x0c,0x00,
 496            0x44,0x00,0x00,
 497            0x44,0x00,0x00,
 498            0x70,0xc0,0x00,
 499            0x00,0x00,0x00,
 500            
 501            //========Address -- (2d),
 502            0x00,0x00,0x00,
 503            0x00,0x48,0x00,
 504            0x10,0x48,0x00,
 505            0x11,0x44,0x00,
 506            0x13,0x46,0x00,
 507            0x23,0x2e,0x00,
 508            0x24,0x21,0x00,
 509            0x40,0x10,0x00,
 510            0x00,0x00,0x00,
 511            
 512            //========Address -- (2e),
 513            0x00,0x00,0x00,
 514            0x03,0x08,0x00,
 515            0x01,0x80,0x00,
 516            0x04,0x05,0x00,
 517            0x44,0x55,0x00,
 518            0x44,0x64,0x00,
 519            0x44,0x4c,0x00,
 520            0x30,0x40,0x00,
 521            0x00,0x00,0x00,
 522            
 523            //========Address -- (2f),
 524            0x00,0x00,0x00,
 525            0x00,0x00,0x00,
 526            0x44,0x44,0x00,
 527            0x44,0x44,0x00,
 528            0x44,0x44,0x00,
 529            0x43,0xc4,0x00,
 530            0x01,0x00,0x00,
 531            0x00,0x00,0x00,
 532            0x00,0x00,0x00,
 533            
 534            //========Address -- (30),
 535            0x00,0x00,0x00,
 536            0x01,0x00,0x00,
 537            0x20,0x80,0x00,
 538            0x36,0x84,0x00,
 539            0x47,0x4c,0x00,
 540            0x44,0x00,0x00,
 541            0x63,0x48,0x00,
 542            0x00,0x00,0x00,
 543            0x00,0x00,0x00,
C51 COMPILER V9.60.0.0   TFONT_VIETNAMESE                                                  09/21/2026 15:33:52 PAGE 10  

 544            
 545            //========Address -- (31),
 546            0x00,0x00,0x00,
 547            0x31,0x80,0x00,
 548            0x12,0x08,0x00,
 549            0x03,0x08,0x00,
 550            0x40,0x44,0x00,
 551            0x16,0xc4,0x00,
 552            0x44,0x4c,0x00,
 553            0x30,0x40,0x00,
 554            0x00,0x00,0x00,
 555            
 556            //========Address -- (32),
 557            0x00,0x00,0x00,
 558            0x00,0x08,0x00,
 559            0x10,0x00,0x00,
 560            0x36,0x8c,0x00,
 561            0x44,0x44,0x00,
 562            0x44,0x44,0x00,
 563            0x63,0xc8,0x00,
 564            0x00,0x00,0x00,
 565            0x00,0x00,0x00,
 566            
 567            //========Address -- (33),
 568            0x00,0x00,0x00,
 569            0x12,0x48,0x00,
 570            0x12,0x08,0x00,
 571            0x03,0x08,0x00,
 572            0x64,0xc4,0x00,
 573            0x44,0x44,0x00,
 574            0x46,0x4c,0x00,
 575            0x30,0x80,0x00,
 576            0x00,0x00,0x00,
 577            
 578            
 579          
 580          };
 581          
 582          
 583          
 584          BYTE GetStringPropExtend_VIETNAMESE(DWORD index)
 585          {
 586   1      
 587   1        return  tFONT_VIETNAMESE[index];
 588   1        
 589   1      }
 590          #endif
 591          
 592          
 593          


MODULE INFORMATION:   STATIC OVERLAYABLE
   CODE SIZE        =     14    ----
   CONSTANT SIZE    =   1404    ----
   XDATA SIZE       =   ----    ----
   PDATA SIZE       =   ----    ----
   DATA SIZE        =   ----    ----
   IDATA SIZE       =   ----    ----
   BIT SIZE         =   ----    ----
END OF MODULE INFORMATION.


C51 COMPILATION COMPLETE.  0 WARNING(S),  0 ERROR(S)
