C51 COMPILER V9.60.0.0   TFONT_ENERGY                                                      09/24/2026 09:31:48 PAGE 1   


C51 COMPILER V9.60.0.0, COMPILATION OF MODULE TFONT_ENERGY
OBJECT MODULE PLACED IN .\Output\RL6432_Project\tFONT_Energy.obj
COMPILER INVOKED BY: C:\Keil_v5\C51\BIN\C51.EXE User\RTD Series\RTD2014Osd\Code\tFONT_Energy.c LARGE OPTIMIZE(9,SPEED) I
                    -NCDIR(.\Output\RL6432;.\Project\Header;.\Pcb;.\Panel;.\Kernel\Device\Header;.\Kernel\Common;.\Kernel\System\Header;.\Ker
                    -nel\Scaler\ScalerFunction\Header;.\Kernel\Scaler\ScalerCommonFunction\Header;.\Kernel\Scaler\ScalerFunction\Lib\Header;.
                    -\Kernel\Scaler\ScalerCommonFunction\Lib\Header;.\Kernel\Scaler\RL6432_Series_Scaler\Header;.\Kernel\Scaler\RL6432_Series
                    -_Common\Header;.\Kernel\Scaler\RL6432_Series_Scaler\Lib\Header;.\Kernel\Scaler\RL6432_Series_Common\Lib\Header;.\Kernel\
                    -User Common Function\Header;.\User\RTD Series\RTD2014Function\Header;.\User\RTD Series\RTD2014Osd\Header;.\User\RTD Fact
                    -ory\Header;.\User\None Series\NoneFunction\Header;.\User\None Series\NoneOsd\Header;.\User\None Factory\Header) DEFINE(_
                    -PROJECT=_RL6432_PROJECT,_SCALER_TYPE=_RL6432_SERIES) DEBUG OBJECTEXTEND PRINT(.\Output\RL6432_Project\tFONT_Energy.lst) 
                    -TABS(2) OBJECT(.\Output\RL6432_Project\tFONT_Energy.obj)

line level    source

   1          #include "UserCommonInclude.h"
   2          #if _MEW_FONT
   3          
   4          BYTE code tFONT_Energy[] =
   5          {
   6            
   7            //========Address -- (00),
   8            0x00,0x00,0x00,
   9            0x00,0x00,0x00,
  10            0x00,0x00,0x00,
  11            0x00,0x00,0x00,
  12            0x00,0xff,0x00,
  13            0x00,0x00,0x00,
  14            0x00,0x00,0x00,
  15            0x00,0x00,0x00,
  16            0x00,0x00,0x00,
  17            
  18            //========Address -- (01),
  19            0x00,0x00,0x00,
  20            0x00,0x00,0x00,
  21            0x00,0x00,0x00,
  22            0x00,0x00,0x00,
  23            0x00,0x00,0x00,
  24            0x00,0x00,0x00,
  25            0x00,0x00,0x00,
  26            0x00,0x00,0x00,
  27            0x00,0x00,0x00,
  28            
  29            //========Address -- (02),
  30            0x00,0x00,0x00,
  31            0x00,0x00,0x00,
  32            0x00,0x00,0x00,
  33            0x08,0x00,0x00,
  34            0x88,0x00,0x00,
  35            0x80,0x00,0x00,
  36            0x00,0x00,0x00,
  37            0x00,0x00,0x00,
  38            0x00,0x00,0x00,
  39            
  40            //========Address -- (03),
  41            0x00,0x00,0x00,
  42            0x00,0x00,0x00,
  43            0x01,0x80,0x00,
  44            0x07,0x08,0x00,
  45            0x88,0x44,0x00,
  46            0xf8,0xc0,0x00,
  47            0x87,0x48,0x00,
C51 COMPILER V9.60.0.0   TFONT_ENERGY                                                      09/24/2026 09:31:48 PAGE 2   

  48            0x00,0x00,0x00,
  49            0x00,0x00,0x00,
  50            
  51            //========Address -- (04),
  52            0x00,0x00,0x00,
  53            0x00,0x00,0x00,
  54            0x21,0x00,0x00,
  55            0x07,0x08,0x00,
  56            0x88,0x44,0x00,
  57            0xf8,0xc0,0x00,
  58            0x87,0x48,0x00,
  59            0x00,0x00,0x00,
  60            0x00,0x00,0x00,
  61            
  62            //========Address -- (05),
  63            0x00,0x00,0x00,
  64            0x00,0x00,0x00,
  65            0x48,0x00,0x00,
  66            0x08,0x00,0x00,
  67            0x88,0x00,0x00,
  68            0x88,0x00,0x00,
  69            0x88,0x00,0x00,
  70            0x00,0x00,0x00,
  71            0x00,0x00,0x00,
  72            
  73            //========Address -- (06),
  74            0x00,0x00,0x00,
  75            0x00,0x00,0x00,
  76            0x01,0x80,0x00,
  77            0x08,0x04,0x00,
  78            0x88,0x44,0x00,
  79            0x88,0x44,0x00,
  80            0x87,0xc4,0x00,
  81            0x00,0x00,0x00,
  82            0x00,0x00,0x00,
  83            
  84            //========Address -- (07),
  85            0x00,0x00,0x00,
  86            0x00,0x00,0x00,
  87            0x01,0x80,0x00,
  88            0x07,0x08,0x00,
  89            0x88,0x44,0x00,
  90            0x88,0x44,0x00,
  91            0x87,0x48,0x00,
  92            0x00,0x00,0x00,
  93            0x00,0x00,0x00,
  94            
  95            //========Address -- (08),
  96            0x00,0x00,0x00,
  97            0x00,0x00,0x00,
  98            0x01,0x80,0x00,
  99            0x07,0x08,0x00,
 100            0x80,0x44,0x00,
 101            0x78,0xc4,0x00,
 102            0x87,0xc4,0x00,
 103            0x00,0x00,0x00,
 104            0x00,0x00,0x00,
 105            
 106            //========Address -- (09),
 107            0x00,0x00,0x00,
 108            0x00,0x00,0x00,
 109            0x00,0x00,0x00,
C51 COMPILER V9.60.0.0   TFONT_ENERGY                                                      09/24/2026 09:31:48 PAGE 3   

 110            0x78,0x08,0x00,
 111            0x88,0x00,0x00,
 112            0x88,0x08,0x00,
 113            0x73,0x00,0x00,
 114            0x16,0x00,0x00,
 115            0x00,0x00,0x00,
 116            
 117            //========Address -- (0a),
 118            0x00,0x00,0x00,
 119            0x00,0x00,0x00,
 120            0x35,0x48,0x00,
 121            0x07,0x08,0x00,
 122            0x88,0x44,0x00,
 123            0x88,0x44,0x00,
 124            0x87,0x48,0x00,
 125            0x00,0x00,0x00,
 126            0x00,0x00,0x00,
 127            
 128            //========Address -- (0b),
 129            0x00,0x00,0x00,
 130            0x00,0x00,0x00,
 131            0x20,0x80,0x00,
 132            0x07,0x08,0x00,
 133            0x88,0x44,0x00,
 134            0x88,0x44,0x00,
 135            0x87,0x48,0x00,
 136            0x00,0x00,0x00,
 137            0x00,0x00,0x00,
 138            
 139            //========Address -- (0c),
 140            0x00,0x00,0x00,
 141            0x00,0x00,0x00,
 142            0x00,0x00,0x00,
 143            0x04,0x00,0x00,
 144            0x48,0x00,0x00,
 145            0x00,0x00,0x00,
 146            0x00,0x00,0x00,
 147            0x00,0x00,0x00,
 148            0x00,0x00,0x00,
 149            
 150            //========Address -- (0d),
 151            0x00,0x00,0x00,
 152            0x00,0x00,0x00,
 153            0x20,0x80,0x00,
 154            0x07,0x08,0x00,
 155            0x80,0x44,0x00,
 156            0x78,0xc4,0x00,
 157            0x87,0xc4,0x00,
 158            0x00,0x00,0x00,
 159            0x00,0x00,0x00,
 160            
 161            //========Address -- (0e),
 162            0x02,0x00,0x00,
 163            0x10,0x00,0x00,
 164            0xf8,0xe0,0x00,
 165            0x88,0x00,0x00,
 166            0xf8,0xc0,0x00,
 167            0x88,0x00,0x00,
 168            0x8f,0x0e,0x00,
 169            0x00,0x00,0x00,
 170            0x00,0x00,0x00,
 171            
C51 COMPILER V9.60.0.0   TFONT_ENERGY                                                      09/24/2026 09:31:48 PAGE 4   

 172            //========Address -- (0f),
 173            0x00,0x00,0x00,
 174            0x00,0x00,0x00,
 175            0x20,0x00,0x00,
 176            0x0f,0x08,0x00,
 177            0x01,0x80,0x00,
 178            0x24,0x00,0x00,
 179            0x8f,0x08,0x00,
 180            0x00,0x00,0x00,
 181            0x00,0x00,0x00,
 182            
 183            //========Address -- (10),
 184            0x00,0x00,0x00,
 185            0x00,0x00,0x00,
 186            0x00,0x00,0x00,
 187            0x07,0x08,0x00,
 188            0x88,0x44,0x00,
 189            0xf8,0xc0,0x00,
 190            0x87,0x48,0x00,
 191            0x22,0x00,0x00,
 192            0x10,0x80,0x00,
 193            
 194            //========Address -- (11),
 195            0x00,0x00,0x00,
 196            0x00,0x00,0x00,
 197            0x01,0x80,0x00,
 198            0x07,0x00,0x00,
 199            0x88,0x80,0x00,
 200            0x88,0x00,0x00,
 201            0x87,0x80,0x00,
 202            0x00,0x00,0x00,
 203            0x00,0x00,0x00,
 204            
 205            //========Address -- (12),
 206            0x00,0x00,0x00,
 207            0x00,0x00,0x00,
 208            0x00,0x00,0x00,
 209            0x07,0x08,0x00,
 210            0x80,0x44,0x00,
 211            0x78,0xc4,0x00,
 212            0x87,0xc4,0x00,
 213            0x00,0x44,0x00,
 214            0x00,0x30,0x00,
 215            
 216            //========Address -- (13),
 217            0x00,0x00,0x00,
 218            0x00,0x00,0x00,
 219            0xf8,0xf1,0x00,
 220            0x88,0x11,0x00,
 221            0x88,0x11,0x00,
 222            0x88,0x11,0x00,
 223            0x88,0x11,0x00,
 224            0x00,0x00,0x00,
 225            0x00,0x00,0x00,
 226            
 227            //========Address -- (14),
 228            0x00,0x00,0x00,
 229            0x00,0x00,0x00,
 230            0x00,0x00,0x00,
 231            0x0b,0x08,0x00,
 232            0xc8,0x44,0x00,
 233            0x88,0x44,0x00,
C51 COMPILER V9.60.0.0   TFONT_ENERGY                                                      09/24/2026 09:31:48 PAGE 5   

 234            0xcb,0x48,0x00,
 235            0x88,0x00,0x00,
 236            0x80,0x00,0x00,
 237            
 238            //========Address -- (15),
 239            0x00,0x00,0x00,
 240            0x00,0x00,0x00,
 241            0x00,0x00,0x00,
 242            0x07,0x08,0x00,
 243            0x88,0x44,0x00,
 244            0xf8,0xc0,0x00,
 245            0x87,0x48,0x00,
 246            0x00,0x00,0x00,
 247            0x00,0x00,0x00,
 248            
 249            //========Address -- (16),
 250            0x00,0x00,0x00,
 251            0x00,0x00,0x00,
 252            0x03,0x0e,0x00,
 253            0x22,0x22,0x00,
 254            0x22,0x22,0x00,
 255            0x4f,0x2f,0x00,
 256            0x88,0x11,0x00,
 257            0x00,0x00,0x00,
 258            0x00,0x00,0x00,
 259            
 260            //========Address -- (17),
 261            0x00,0x00,0x00,
 262            0x00,0x00,0x00,
 263            0x00,0x00,0x00,
 264            0x08,0x02,0x00,
 265            0x44,0x44,0x00,
 266            0x22,0x88,0x00,
 267            0x11,0x00,0x00,
 268            0x12,0x00,0x00,
 269            0x40,0x00,0x00,
 270            
 271            //========Address -- (18),
 272            0x00,0x00,0x00,
 273            0x00,0x00,0x00,
 274            0x00,0x00,0x00,
 275            0x0f,0x0c,0x00,
 276            0x88,0x44,0x00,
 277            0x88,0x44,0x00,
 278            0x88,0x44,0x00,
 279            0x00,0x00,0x00,
 280            0x00,0x00,0x00,
 281            
 282            //========Address -- (19),
 283            0x00,0x00,0x00,
 284            0x00,0x00,0x00,
 285            0x00,0x00,0x00,
 286            0x0c,0x09,0x08,
 287            0x22,0xaa,0x00,
 288            0x12,0xca,0x00,
 289            0x48,0x98,0x08,
 290            0x00,0x00,0x00,
 291            0x00,0x00,0x00,
 292            
 293            //========Address -- (1a),
 294            0x00,0x00,0x00,
 295            0x00,0x00,0x00,
C51 COMPILER V9.60.0.0   TFONT_ENERGY                                                      09/24/2026 09:31:48 PAGE 6   

 296            0x00,0x00,0x00,
 297            0x08,0x04,0x00,
 298            0x88,0x44,0x00,
 299            0xf8,0xc4,0x00,
 300            0x88,0x44,0x00,
 301            0x00,0x00,0x00,
 302            0x00,0x00,0x00,
 303            
 304            //========Address -- (1b),
 305            0x00,0x00,0x00,
 306            0x00,0x00,0x00,
 307            0x00,0x00,0x00,
 308            0x08,0x04,0x00,
 309            0x89,0xc4,0x00,
 310            0x9a,0x44,0x00,
 311            0xc8,0x44,0x00,
 312            0x00,0x00,0x00,
 313            0x00,0x00,0x00,
 314            
 315            //========Address -- (1c),
 316            0x00,0x00,0x00,
 317            0x00,0x00,0x00,
 318            0x34,0xc2,0x00,
 319            0x80,0x11,0x00,
 320            0x10,0xf1,0x00,
 321            0x08,0x11,0x00,
 322            0x43,0x2c,0x00,
 323            0x00,0x00,0x00,
 324            0x00,0x00,0x00,
 325            
 326            //========Address -- (1d),
 327            0x00,0x00,0x00,
 328            0x00,0x00,0x00,
 329            0x00,0x00,0x00,
 330            0x0e,0x00,0x00,
 331            0x88,0x00,0x00,
 332            0x88,0x00,0x00,
 333            0x88,0x00,0x00,
 334            0x00,0x00,0x00,
 335            0x00,0x00,0x00,
 336            
 337            //========Address -- (1e),
 338            0x00,0x00,0x00,
 339            0x00,0x00,0x00,
 340            0x00,0x00,0x00,
 341            0x07,0x08,0x00,
 342            0x88,0x44,0x00,
 343            0x88,0x44,0x00,
 344            0x87,0x48,0x00,
 345            0x00,0x00,0x00,
 346            0x00,0x00,0x00,
 347            
 348            //========Address -- (1f),
 349            0x00,0x00,0x00,
 350            0x00,0x00,0x00,
 351            0x00,0x00,0x00,
 352            0x0f,0x08,0x00,
 353            0x22,0x00,0x00,
 354            0x22,0x00,0x00,
 355            0x22,0x00,0x00,
 356            0x00,0x00,0x00,
 357            0x00,0x00,0x00,
C51 COMPILER V9.60.0.0   TFONT_ENERGY                                                      09/24/2026 09:31:48 PAGE 7   

 358            
 359            //========Address -- (20),
 360            0x00,0x00,0x00,
 361            0x00,0x04,0x00,
 362            0x34,0x80,0x00,
 363            0x8b,0x08,0x00,
 364            0xc8,0x44,0x00,
 365            0x88,0x44,0x00,
 366            0x87,0x48,0x00,
 367            0x00,0x00,0x00,
 368            0x00,0x00,0x00,
 369            
 370            //========Address -- (21),
 371            0x00,0x00,0x00,
 372            0x00,0x00,0x00,
 373            0x00,0x00,0x00,
 374            0x07,0x0e,0x00,
 375            0x44,0x22,0x00,
 376            0x44,0x22,0x00,
 377            0x48,0x22,0x00,
 378            0x00,0x00,0x00,
 379            0x00,0x00,0x00,
 380            
 381            //========Address -- (22),
 382            0x00,0x00,0x00,
 383            0x00,0x00,0x00,
 384            0x00,0x00,0x00,
 385            0x0f,0x00,0x00,
 386            0x88,0x88,0x00,
 387            0xf8,0x08,0x00,
 388            0x8f,0x80,0x00,
 389            0x00,0x00,0x00,
 390            0x00,0x00,0x00,
 391            
 392            //========Address -- (23),
 393            0x00,0x00,0x00,
 394            0x00,0x00,0x00,
 395            0x00,0x00,0x00,
 396            0x07,0x0c,0x00,
 397            0x88,0x44,0x00,
 398            0x72,0xc4,0x00,
 399            0x48,0x44,0x00,
 400            0x00,0x00,0x00,
 401            0x00,0x00,0x00,
 402            
 403            //========Address -- (24),
 404            0x00,0x00,0x00,
 405            0x00,0x00,0x00,
 406            0x00,0x00,0x00,
 407            0x08,0x08,0x00,
 408            0x88,0x88,0x00,
 409            0x87,0x88,0x00,
 410            0x00,0x88,0x00,
 411            0x00,0x00,0x00,
 412            0x00,0x00,0x00,
 413            
 414            //========Address -- (25),
 415            0x00,0x00,0x00,
 416            0x00,0x00,0x00,
 417            0x00,0x00,0x00,
 418            0x07,0x00,0x00,
 419            0x88,0x80,0x00,
C51 COMPILER V9.60.0.0   TFONT_ENERGY                                                      09/24/2026 09:31:48 PAGE 8   

 420            0x88,0x00,0x00,
 421            0x87,0x80,0x00,
 422            0x00,0x00,0x00,
 423            0x00,0x00,0x00,
 424            
 425            //========Address -- (26),
 426            0x00,0x00,0x00,
 427            0x00,0x00,0x00,
 428            0x00,0x00,0x00,
 429            0x08,0x00,0x00,
 430            0x88,0x00,0x00,
 431            0xf8,0x08,0x00,
 432            0x8f,0x80,0x00,
 433            0x00,0x00,0x00,
 434            0x00,0x00,0x00,
 435            
 436            //========Address -- (27),
 437            0x00,0x00,0x00,
 438            0x00,0x00,0x00,
 439            0x00,0x00,0x00,
 440            0x08,0x04,0x00,
 441            0x43,0x80,0x00,
 442            0x33,0x00,0x00,
 443            0x48,0x84,0x00,
 444            0x00,0x00,0x00,
 445            0x00,0x00,0x00,
 446            
 447            //========Address -- (28),
 448            0x00,0x00,0x00,
 449            0x00,0x00,0x00,
 450            0x00,0x00,0x00,
 451            0x0c,0x06,0x00,
 452            0xca,0x6a,0x00,
 453            0xaa,0xaa,0x00,
 454            0x99,0x22,0x00,
 455            0x00,0x00,0x00,
 456            0x00,0x00,0x00,
 457            
 458            //========Address -- (29),
 459            0x00,0x00,0x00,
 460            0x00,0x00,0x00,
 461            0x00,0x00,0x00,
 462            0x08,0x02,0x00,
 463            0x88,0x22,0x00,
 464            0xf8,0x2a,0x00,
 465            0x8f,0xa2,0x00,
 466            0x00,0x00,0x00,
 467            0x00,0x00,0x00,
 468            
 469            //========Address -- (2a),
 470            0x00,0x00,0x00,
 471            0x00,0x00,0x00,
 472            0x00,0x00,0x00,
 473            0x07,0x08,0x00,
 474            0x80,0x44,0x00,
 475            0x78,0xc4,0x00,
 476            0x87,0xc4,0x00,
 477            0x00,0x00,0x00,
 478            0x00,0x00,0x00,
 479            
 480            //========Address -- (2b),
 481            0x00,0x00,0x00,
C51 COMPILER V9.60.0.0   TFONT_ENERGY                                                      09/24/2026 09:31:48 PAGE 9   

 482            0x00,0x00,0x00,
 483            0x00,0x00,0x00,
 484            0x07,0x00,0x00,
 485            0x80,0x88,0x00,
 486            0x30,0x88,0x00,
 487            0x87,0x80,0x00,
 488            0x00,0x00,0x00,
 489            0x00,0x00,0x00,
 490            
 491            //========Address -- (2c),
 492            0x00,0x00,0x00,
 493            0x00,0x00,0x00,
 494            0x00,0x00,0x00,
 495            0x09,0x08,0x00,
 496            0xaa,0x00,0x00,
 497            0xca,0x00,0x00,
 498            0x98,0x08,0x00,
 499            0x00,0x00,0x00,
 500            0x00,0x00,0x00,
 501            
 502            //========Address -- (2d),
 503            0x00,0x00,0x00,
 504            0x00,0x00,0x00,
 505            0x34,0xe1,0x00,
 506            0x88,0x00,0x88,
 507            0x88,0x00,0x88,
 508            0x88,0x00,0x88,
 509            0x43,0x1e,0x00,
 510            0x00,0x00,0x00,
 511            0x00,0x00,0x00,
 512            
 513            //========Address -- (2e),
 514            0x00,0x00,0x00,
 515            0x00,0x00,0x00,
 516            0x00,0x00,0x00,
 517            0x08,0x00,0x00,
 518            0x88,0x00,0x00,
 519            0x88,0x00,0x00,
 520            0x88,0x00,0x00,
 521            0x00,0x00,0x00,
 522            0x00,0x00,0x00,
 523            
 524            //========Address -- (2f),
 525            0x00,0x00,0x00,
 526            0x00,0x00,0x00,
 527            0x20,0x80,0x00,
 528            0x08,0x04,0x00,
 529            0x88,0x44,0x00,
 530            0x88,0x44,0x00,
 531            0x87,0xc4,0x00,
 532            0x00,0x00,0x00,
 533            0x00,0x00,0x00,
 534            
 535            //========Address -- (30),
 536            0x00,0x00,0x00,
 537            0x00,0x00,0x00,
 538            0x00,0x00,0x00,
 539            0x07,0x00,0x00,
 540            0x88,0x80,0x00,
 541            0x70,0x08,0x00,
 542            0x87,0x80,0x00,
 543            0x02,0x00,0x00,
C51 COMPILER V9.60.0.0   TFONT_ENERGY                                                      09/24/2026 09:31:48 PAGE 10  

 544            0x40,0x00,0x00,
 545            
 546            //========Address -- (31),
 547            0x04,0x04,0x00,
 548            0x30,0x80,0x00,
 549            0x78,0x4c,0x00,
 550            0x88,0x44,0x00,
 551            0x88,0x4c,0x00,
 552            0x70,0x44,0x00,
 553            0x87,0x48,0x00,
 554            0x00,0x00,0x00,
 555            0x00,0x00,0x00,
 556            
 557            //========Address -- (32),
 558            0x00,0x00,0x00,
 559            0x80,0x00,0x00,
 560            0x88,0x00,0x00,
 561            0x88,0x00,0x00,
 562            0x88,0x00,0x00,
 563            0x88,0x00,0x00,
 564            0x88,0x00,0x00,
 565            0x00,0x00,0x00,
 566            0x00,0x00,0x00,
 567            
 568            //========Address -- (33),
 569            0x00,0x00,0x00,
 570            0x00,0x00,0x0c,
 571            0x30,0xe3,0x4c,
 572            0x01,0x4b,0x4c,
 573            0x60,0x00,0x40,
 574            0x00,0x78,0x84,
 575            0x00,0x87,0x48,
 576            0x00,0x00,0x00,
 577            0x00,0x00,0x00,
 578            
 579            //========Address -- (34),
 580            0x00,0x00,0x00,
 581            0x00,0x00,0x00,
 582            0x10,0xf0,0xc4,
 583            0x00,0x00,0x44,
 584            0x00,0x44,0x44,
 585            0x00,0x44,0x80,
 586            0x70,0xf0,0xe0,
 587            0x00,0x00,0x00,
 588            0x00,0x00,0x00,
 589            
 590            //========Address -- (35),
 591            0x00,0x00,0x00,
 592            0x00,0x00,0x0c,
 593            0x0f,0x39,0x44,
 594            0x44,0x9f,0x44,
 595            0x44,0x99,0x44,
 596            0x70,0x91,0x44,
 597            0x00,0x10,0x44,
 598            0x00,0x00,0x00,
 599            0x00,0x00,0x00,
 600            
 601            //========Address -- (36),
 602            0x00,0x00,0x00,
 603            0x00,0x00,0x0c,
 604            0x00,0xc4,0x44,
 605            0x00,0x48,0x44,
C51 COMPILER V9.60.0.0   TFONT_ENERGY                                                      09/24/2026 09:31:48 PAGE 11  

 606            0x01,0xc2,0x44,
 607            0x60,0x10,0x44,
 608            0x00,0x00,0x44,
 609            0x00,0x00,0x00,
 610            0x00,0x00,0x00,
 611            
 612            //========Address -- (37),
 613            0x00,0x00,0x00,
 614            0x00,0x00,0x0c,
 615            0x30,0xe2,0x44,
 616            0x00,0x48,0x44,
 617            0x12,0x42,0x44,
 618            0x40,0x10,0x44,
 619            0x00,0x00,0x44,
 620            0x00,0x00,0x00,
 621            0x00,0x00,0x00,
 622            
 623            //========Address -- (38),
 624            0x00,0x00,0x00,
 625            0x00,0x0c,0x0c,
 626            0x00,0x49,0x4c,
 627            0x16,0x42,0x44,
 628            0x01,0x0f,0x0c,
 629            0x01,0x0f,0x4c,
 630            0x00,0x8f,0x0c,
 631            0x00,0x00,0x00,
 632            0x00,0x00,0x00,
 633            
 634            //========Address -- (39),
 635            0x00,0x00,0x00,
 636            0x00,0x00,0x0c,
 637            0x30,0xc4,0x44,
 638            0x01,0xb4,0xc4,
 639            0x60,0x20,0x40,
 640            0x00,0x78,0x84,
 641            0x00,0x87,0x48,
 642            0x00,0x00,0x00,
 643            0x00,0x00,0x00,
 644            
 645            //========Address -- (3a),
 646            0x00,0x00,0x00,
 647            0x00,0x08,0x0c,
 648            0x71,0xf4,0x44,
 649            0x21,0x2c,0x74,
 650            0x01,0x0f,0x0c,
 651            0x01,0x0f,0x4c,
 652            0x00,0x8f,0x0c,
 653            0x00,0x00,0x00,
 654            0x00,0x00,0x00,
 655            
 656            //========Address -- (3b),
 657            0x00,0x00,0x00,
 658            0x00,0x00,0x00,
 659            0x01,0xf0,0x08,
 660            0x10,0x0f,0x80,
 661            0x00,0x00,0x00,
 662            0x70,0xf2,0xe0,
 663            0x00,0x22,0x00,
 664            0x00,0x00,0x00,
 665            0x00,0x00,0x00,
 666            
 667            //========Address -- (3c),
C51 COMPILER V9.60.0.0   TFONT_ENERGY                                                      09/24/2026 09:31:48 PAGE 12  

 668            0x00,0x00,0x00,
 669            0x00,0x00,0x0c,
 670            0x03,0x31,0x44,
 671            0x44,0x9f,0x44,
 672            0x44,0x99,0x44,
 673            0x30,0x11,0x44,
 674            0x00,0x10,0x44,
 675            0x00,0x00,0x00,
 676            0x00,0x00,0x00,
 677            
 678            //========Address -- (3d),
 679            0x00,0x00,0x00,
 680            0x00,0x00,0x0c,
 681            0x62,0x00,0x44,
 682            0x22,0x30,0xc4,
 683            0x22,0x00,0x44,
 684            0x30,0xf0,0x44,
 685            0x00,0x00,0x44,
 686            0x00,0x00,0x00,
 687            0x00,0x00,0x00,
 688            
 689            //========Address -- (3e),
 690            0x00,0x00,0x00,
 691            0x00,0x00,0x00,
 692            0x00,0x62,0x00,
 693            0x00,0x69,0x08,
 694            0x30,0x02,0x40,
 695            0x00,0x22,0x00,
 696            0x70,0xf0,0xe0,
 697            0x00,0x00,0x00,
 698            0x00,0x00,0x00,
 699            
 700            //========Address -- (3f),
 701            0x00,0x00,0x00,
 702            0x00,0x00,0x0c,
 703            0x62,0x62,0x44,
 704            0x23,0x2e,0x44,
 705            0x22,0x22,0x44,
 706            0x30,0xe0,0x44,
 707            0x00,0x00,0x44,
 708            0x00,0x00,0x00,
 709            0x00,0x00,0x00,
 710            
 711            //========Address -- (40),
 712            0x00,0x00,0x00,
 713            0x00,0x00,0x0c,
 714            0x30,0xe2,0x44,
 715            0x00,0x24,0x44,
 716            0x00,0x48,0x74,
 717            0x16,0x00,0x44,
 718            0x00,0x00,0x44,
 719            0x00,0x00,0x00,
 720            0x00,0x00,0x00,
 721            
 722            //========Address -- (41),
 723            0x00,0x00,0x00,
 724            0x01,0x0f,0x08,
 725            0x00,0x17,0x00,
 726            0x30,0x80,0xc0,
 727            0x70,0xf0,0xe0,
 728            0x01,0xf0,0x08,
 729            0x10,0x0f,0x80,
C51 COMPILER V9.60.0.0   TFONT_ENERGY                                                      09/24/2026 09:31:48 PAGE 13  

 730            0x00,0x00,0x00,
 731            0x00,0x00,0x00,
 732            
 733            //========Address -- (42),
 734            0x00,0x00,0x00,
 735            0x07,0x0e,0x0c,
 736            0x22,0x00,0x44,
 737            0x30,0xe8,0x44,
 738            0x70,0xf0,0xc4,
 739            0x10,0x8f,0x4c,
 740            0x00,0x8f,0x4c,
 741            0x00,0x00,0x00,
 742            0x00,0x00,0x00,
 743            
 744            //========Address -- (43),
 745            0x00,0x00,0x00,
 746            0x00,0x00,0x0c,
 747            0x62,0x00,0x44,
 748            0x22,0x00,0x44,
 749            0x22,0x01,0x4c,
 750            0x30,0xe0,0x44,
 751            0x00,0x00,0x44,
 752            0x00,0x00,0x00,
 753            0x00,0x00,0x00,
 754            
 755            //========Address -- (44),
 756            0x00,0x00,0x00,
 757            0x00,0x00,0x0c,
 758            0x72,0xe0,0x44,
 759            0x22,0x00,0x44,
 760            0x22,0x00,0x7c,
 761            0x30,0xf0,0x44,
 762            0x00,0x00,0x44,
 763            0x00,0x00,0x00,
 764            0x00,0x00,0x00,
 765            
 766            //========Address -- (45),
 767            0x00,0x00,0x00,
 768            0x00,0x00,0x0c,
 769            0x10,0xb1,0x44,
 770            0x70,0xf1,0x44,
 771            0x12,0x95,0xc4,
 772            0x21,0x59,0x44,
 773            0x00,0x10,0x44,
 774            0x00,0x00,0x00,
 775            0x00,0x00,0x00,
 776            
 777            //========Address -- (46),
 778            0x00,0x00,0x00,
 779            0x00,0x00,0x0c,
 780            0x72,0xe0,0x44,
 781            0x22,0x01,0x7c,
 782            0x30,0xe0,0x40,
 783            0x00,0x78,0x84,
 784            0x00,0x87,0x48,
 785            0x00,0x00,0x00,
 786            0x00,0x00,0x00,
 787            
 788            //========Address -- (47),
 789            0x00,0x00,0x00,
 790            0x00,0x00,0x0c,
 791            0x12,0xc2,0x44,
C51 COMPILER V9.60.0.0   TFONT_ENERGY                                                      09/24/2026 09:31:48 PAGE 14  

 792            0x22,0x22,0x44,
 793            0x10,0xc0,0x44,
 794            0x07,0x0f,0x4c,
 795            0x00,0x00,0x44,
 796            0x00,0x00,0x00,
 797            0x00,0x00,0x00,
 798            
 799            //========Address -- (48),
 800            0x00,0x00,0x00,
 801            0x00,0x00,0x0c,
 802            0x10,0x88,0x44,
 803            0x11,0x38,0xc4,
 804            0x2c,0x42,0x44,
 805            0x01,0x08,0x40,
 806            0x00,0x8f,0x0c,
 807            0x00,0x00,0x00,
 808            0x00,0x00,0x00,
 809            
 810            //========Address -- (49),
 811            0x00,0x00,0x00,
 812            0x07,0x0b,0x04,
 813            0x23,0x19,0x44,
 814            0x22,0x13,0xc4,
 815            0x30,0xd0,0x40,
 816            0x10,0xf0,0xc4,
 817            0x00,0x00,0x44,
 818            0x00,0x00,0x00,
 819            0x00,0x00,0x00,
 820            
 821            //========Address -- (4a),
 822            0x00,0x00,0x00,
 823            0x00,0x0f,0x00,
 824            0x10,0x0f,0x80,
 825            0x07,0x0f,0x0e,
 826            0x03,0x0f,0x08,
 827            0x03,0x0f,0x88,
 828            0x11,0x0f,0x08,
 829            0x00,0x00,0x00,
 830            0x00,0x00,0x00,
 831            
 832            //========Address -- (4b),
 833            0x00,0x00,0x00,
 834            0x01,0x0c,0x0c,
 835            0x22,0x22,0x44,
 836            0x10,0xc0,0x44,
 837            0x70,0xf8,0x44,
 838            0x01,0xb8,0xc4,
 839            0x00,0x8f,0x0c,
 840            0x00,0x00,0x00,
 841            0x00,0x00,0x00,
 842            
 843            //========Address -- (4c),
 844            0x00,0x00,0x00,
 845            0x00,0x00,0x0c,
 846            0x10,0xc0,0x44,
 847            0x70,0xf0,0x44,
 848            0x12,0xc2,0x74,
 849            0x21,0x2c,0x44,
 850            0x00,0x00,0x44,
 851            0x00,0x00,0x00,
 852            0x00,0x00,0x00,
 853            
C51 COMPILER V9.60.0.0   TFONT_ENERGY                                                      09/24/2026 09:31:48 PAGE 15  

 854            //========Address -- (4d),
 855            0x00,0x00,0x00,
 856            0x03,0x00,0x00,
 857            0x11,0x0f,0x08,
 858            0x00,0x00,0x00,
 859            0x70,0xf0,0xe0,
 860            0x03,0x00,0x00,
 861            0x11,0x0f,0x08,
 862            0x00,0x00,0x00,
 863            0x00,0x00,0x00,
 864            
 865            //========Address -- (4e),
 866            0x00,0x00,0x00,
 867            0x00,0x08,0x0c,
 868            0x71,0xf4,0x44,
 869            0x21,0x2c,0x74,
 870            0x07,0x8f,0x4c,
 871            0x01,0x0f,0x0c,
 872            0x00,0x00,0x44,
 873            0x00,0x00,0x00,
 874            0x00,0x00,0x00,
 875            
 876            //========Address -- (4f),
 877            0x00,0x00,0x00,
 878            0x00,0x00,0x0c,
 879            0x34,0x84,0x44,
 880            0x44,0x44,0x44,
 881            0x30,0x80,0x44,
 882            0x01,0x08,0x40,
 883            0x00,0x8f,0x0c,
 884            0x00,0x00,0x00,
 885            0x00,0x00,0x00,
 886            
 887            //========Address -- (50),
 888            0x00,0x00,0x00,
 889            0x00,0x0c,0x0c,
 890            0x00,0x48,0x44,
 891            0x01,0xc2,0x44,
 892            0x60,0x10,0x40,
 893            0x10,0x8f,0x4c,
 894            0x00,0x8f,0x4c,
 895            0x00,0x00,0x00,
 896            0x00,0x00,0x00,
 897            
 898            //========Address -- (51),
 899            0x00,0x00,0x00,
 900            0x00,0x00,0x00,
 901            0x01,0xf0,0x08,
 902            0x11,0x00,0x88,
 903            0x00,0xf2,0x00,
 904            0x00,0x22,0x00,
 905            0x70,0xf0,0xe0,
 906            0x00,0x00,0x00,
 907            0x00,0x00,0x00,
 908            
 909            //========Address -- (52),
 910            0x00,0x00,0x00,
 911            0x01,0x0c,0x0c,
 912            0x03,0x0e,0x44,
 913            0x01,0x4c,0x44,
 914            0x60,0x30,0x44,
 915            0x70,0xf8,0xc4,
C51 COMPILER V9.60.0.0   TFONT_ENERGY                                                      09/24/2026 09:31:48 PAGE 16  

 916            0x00,0x88,0x44,
 917            0x00,0x00,0x00,
 918            0x00,0x00,0x00,
 919            
 920            //========Address -- (53),
 921            0x00,0x00,0x00,
 922            0x04,0x09,0x00,
 923            0xf4,0xda,0xe4,
 924            0x7d,0xd4,0x48,
 925            0x70,0x5a,0x42,
 926            0xf0,0xf0,0xe0,
 927            0x72,0xf0,0xc8,
 928            0x30,0xf0,0x80,
 929            0x00,0x00,0x00,
 930            
 931            //========Address -- (54),
 932            0x00,0x00,0x00,
 933            0x00,0x04,0x00,
 934            0x23,0x4f,0x0c,
 935            0x40,0x44,0x00,
 936            0xf0,0xf0,0xe0,
 937            0x74,0xf0,0xc4,
 938            0x47,0x0f,0x4c,
 939            0x40,0x00,0x40,
 940            0x00,0x00,0x00,
 941            
 942            //========Address -- (55),
 943            0x00,0x00,0x00,
 944            0x04,0x00,0x00,
 945            0x2f,0xf4,0x88,
 946            0x0f,0x44,0x88,
 947            0x0f,0xf4,0x88,
 948            0x0f,0x44,0x88,
 949            0x9f,0x44,0xa6,
 950            0x90,0x40,0x20,
 951            0x00,0x00,0x00,
 952            
 953            //========Address -- (56),
 954            0x00,0x00,0x00,
 955            0x00,0x08,0x00,
 956            0x74,0xf0,0xc4,
 957            0x74,0xf0,0xc4,
 958            0x74,0xf0,0xc4,
 959            0x70,0xf4,0xc0,
 960            0x55,0x20,0x4a,
 961            0x80,0xf0,0xa0,
 962            0x00,0x00,0x00,
 963            
 964            //========Address -- (57),
 965            0x00,0x00,0x00,
 966            0x02,0x00,0x0c,
 967            0x2f,0x79,0x00,
 968            0x27,0x17,0xc0,
 969            0x2f,0x19,0x0e,
 970            0x27,0x71,0x00,
 971            0xa2,0x91,0x22,
 972            0x20,0x00,0xe0,
 973            0x00,0x00,0x00,
 974            
 975            //========Address -- (58),
 976            0x00,0x00,0x00,
 977            0x07,0x0f,0x0c,
C51 COMPILER V9.60.0.0   TFONT_ENERGY                                                      09/24/2026 09:31:48 PAGE 17  

 978            0x0f,0x4f,0x0e,
 979            0xa0,0x40,0xa0,
 980            0x74,0xf4,0xc4,
 981            0x74,0xf4,0xc4,
 982            0x74,0xf4,0xc2,
 983            0x00,0x30,0xe0,
 984            0x00,0x00,0x00,
 985            
 986            //========Address -- (59),
 987            0x00,0x00,0x00,
 988            0x07,0x0f,0x0c,
 989            0x44,0x42,0x44,
 990            0xf4,0xf4,0xe4,
 991            0x74,0xf4,0xc4,
 992            0x70,0xf4,0xc0,
 993            0x70,0xf4,0xc0,
 994            0xf0,0xf0,0xe0,
 995            0x00,0x00,0x00,
 996            
 997            //========Address -- (5a),
 998            0x00,0x00,0x00,
 999            0x00,0x00,0x00,
1000            0xf0,0xf0,0xe4,
1001            0x07,0x0e,0x44,
1002            0x44,0x22,0x44,
1003            0x47,0x2e,0x44,
1004            0x40,0x00,0x44,
1005            0x00,0x10,0xc0,
1006            0x00,0x00,0x00,
1007            
1008            //========Address -- (5b),
1009            0x00,0x00,0x00,
1010            0x02,0x02,0x04,
1011            0x4f,0xab,0x80,
1012            0x07,0x29,0x2e,
1013            0x47,0x8a,0x00,
1014            0x47,0xaa,0x48,
1015            0x44,0xba,0x22,
1016            0x50,0x90,0xe0,
1017            0x00,0x00,0x00,
1018            
1019            //========Address -- (5c),
1020            0x00,0x00,0x00,
1021            0x00,0x04,0x00,
1022            0x1e,0xbe,0x0e,
1023            0x0f,0x0f,0x0e,
1024            0xa9,0x45,0xa2,
1025            0xf4,0xf0,0xe4,
1026            0x74,0xf0,0xc4,
1027            0x70,0xf0,0xc0,
1028            0x00,0x00,0x00,
1029            
1030            //========Address -- (5d),
1031            0x00,0x00,0x00,
1032            0x02,0x04,0x04,
1033            0x22,0xf9,0xe2,
1034            0x2f,0xd9,0x62,
1035            0x22,0xf0,0xe0,
1036            0x22,0x74,0xc4,
1037            0x3c,0x74,0xc4,
1038            0x00,0x70,0xc0,
1039            0x00,0x00,0x00,
C51 COMPILER V9.60.0.0   TFONT_ENERGY                                                      09/24/2026 09:31:48 PAGE 18  

1040            
1041            //========Address -- (5e),
1042            0x00,0x00,0x00,
1043            0x02,0x00,0x00,
1044            0x22,0x01,0x0e,
1045            0xf2,0xd5,0x22,
1046            0x22,0x55,0x22,
1047            0x22,0x55,0x22,
1048            0x44,0x55,0x2e,
1049            0x90,0x90,0x20,
1050            0x00,0x00,0x00,
1051            
1052            //========Address -- (5f),
1053            0x00,0x00,0x00,
1054            0x04,0x01,0x00,
1055            0x2f,0xf1,0xe0,
1056            0x0f,0x71,0xc0,
1057            0x0f,0xf4,0xe4,
1058            0x0f,0x74,0xc4,
1059            0x9f,0x74,0xc4,
1060            0x90,0x40,0xc0,
1061            0x00,0x00,0x00,
1062            
1063            //========Address -- (60),
1064            0x00,0x00,0x00,
1065            0x00,0x01,0x00,
1066            0xf2,0x1f,0x0e,
1067            0x24,0xa2,0xa4,
1068            0x7d,0x7c,0xe8,
1069            0x55,0x74,0xe8,
1070            0x57,0x74,0xe8,
1071            0x50,0x70,0xe0,
1072            0x00,0x00,0x00,
1073            
1074            //========Address -- (61),
1075            0x00,0x00,0x00,
1076            0x00,0x08,0x00,
1077            0x0f,0x4f,0x0e,
1078            0x80,0x00,0x20,
1079            0xf0,0xf4,0xe0,
1080            0x22,0x47,0x0c,
1081            0x25,0x44,0x00,
1082            0x80,0xf0,0xe0,
1083            0x00,0x00,0x00,
1084            
1085            //========Address -- (62),
1086            0x00,0x00,0x00,
1087            0x01,0x04,0x00,
1088            0x12,0x47,0x0e,
1089            0x6a,0x91,0x20,
1090            0x22,0x59,0x42,
1091            0x20,0x34,0x04,
1092            0x55,0x20,0x2a,
1093            0x80,0xf0,0x80,
1094            0x00,0x00,0x00,
1095            
1096            //========Address -- (63),
1097            0x00,0x00,0x00,
1098            0x00,0x00,0x00,
1099            0xf0,0xfa,0xe0,
1100            0x74,0xfa,0xc4,
1101            0x70,0xf8,0xc0,
C51 COMPILER V9.60.0.0   TFONT_ENERGY                                                      09/24/2026 09:31:48 PAGE 19  

1102            0xf1,0xf0,0xe8,
1103            0x30,0x1e,0x00,
1104            0xf0,0x10,0xc0,
1105            0x00,0x00,0x00,
1106            
1107            //========Address -- (64),
1108            0x00,0x00,0x00,
1109            0x09,0x0d,0x0c,
1110            0x51,0x5d,0x4c,
1111            0x1c,0x1c,0x2e,
1112            0x45,0x8f,0x8c,
1113            0x47,0x8f,0x8e,
1114            0x45,0x80,0x84,
1115            0xb0,0xf0,0xe0,
1116            0x00,0x00,0x00,
1117            
1118            //========Address -- (65),
1119            0x00,0x00,0x00,
1120            0x02,0x0f,0x0e,
1121            0x22,0xaf,0xae,
1122            0xf2,0x17,0x0c,
1123            0x22,0x1f,0x0e,
1124            0x3e,0x27,0x8c,
1125            0x22,0x1f,0x0e,
1126            0x60,0x10,0x00,
1127            0x00,0x00,0x00,
1128            
1129            //========Address -- (66),
1130            0x00,0x00,0x00,
1131            0x04,0x01,0x00,
1132            0x2f,0x07,0x8e,
1133            0x0f,0x12,0x02,
1134            0x0f,0x70,0xc8,
1135            0x0f,0x16,0x24,
1136            0x9f,0x01,0x84,
1137            0x90,0x60,0x20,
1138            0x00,0x00,0x00,
1139            
1140            //========Address -- (67),
1141            0x00,0x00,0x00,
1142            0x04,0x00,0x00,
1143            0x2f,0x32,0xc4,
1144            0x0f,0x24,0x46,
1145            0x0f,0x07,0x0c,
1146            0x0f,0x22,0x48,
1147            0x9f,0x12,0x08,
1148            0x90,0x40,0x60,
1149            0x00,0x00,0x00,
1150            
1151            //========Address -- (68),
1152            0x00,0x00,0x00,
1153            0x00,0x00,0x00,
1154            0xf4,0xcb,0x0c,
1155            0x47,0x99,0x44,
1156            0x47,0x99,0x44,
1157            0x44,0x9c,0x48,
1158            0xf0,0x89,0x84,
1159            0x00,0xa0,0x20,
1160            0x00,0x00,0x00,
1161            
1162            //========Address -- (69),
1163            0x00,0x00,0x00,
C51 COMPILER V9.60.0.0   TFONT_ENERGY                                                      09/24/2026 09:31:48 PAGE 20  

1164            0x00,0x01,0x00,
1165            0x42,0x95,0x24,
1166            0x08,0x1f,0x0e,
1167            0x40,0x8f,0x2e,
1168            0x02,0x8f,0x2e,
1169            0x48,0x88,0x22,
1170            0x00,0x80,0x60,
1171            0x00,0x00,0x00,
1172            
1173            //========Address -- (6a),
1174            0x00,0x00,0x00,
1175            0x00,0x04,0x00,
1176            0x01,0xa1,0x00,
1177            0x2d,0x0f,0x86,
1178            0x00,0x00,0x00,
1179            0xf1,0xf0,0xe0,
1180            0x27,0x0f,0x8c,
1181            0x00,0x00,0x40,
1182            0x00,0x00,0x00,
1183            
1184            //========Address -- (6b),
1185            0x00,0x00,0x00,
1186            0x00,0x02,0x00,
1187            0xf2,0x34,0xc4,
1188            0x24,0x07,0x8e,
1189            0x7d,0x57,0x2e,
1190            0x55,0x57,0x2e,
1191            0x75,0x55,0x22,
1192            0x00,0x80,0x60,
1193            0x00,0x00,0x00,
1194            
1195            //========Address -- (6c),
1196            0x00,0x00,0x00,
1197            0x04,0x01,0x00,
1198            0x20,0x57,0x0c,
1199            0x0e,0x91,0x00,
1200            0x22,0xf2,0xe8,
1201            0x22,0x24,0x8a,
1202            0x25,0x80,0x60,
1203            0x80,0xf0,0xe0,
1204            0x00,0x00,0x00,
1205            
1206            //========Address -- (6d),
1207            0x00,0x00,0x00,
1208            0x02,0x0f,0x0c,
1209            0x22,0x42,0x48,
1210            0xf2,0x12,0x08,
1211            0x23,0xd1,0x60,
1212            0xe2,0x71,0xc0,
1213            0x22,0xf1,0xe0,
1214            0x60,0x10,0x00,
1215            0x00,0x00,0x00,
1216            
1217            //========Address -- (6e),
1218            0x00,0x00,0x00,
1219            0x04,0x02,0x00,
1220            0x20,0x1f,0x0e,
1221            0x0e,0x24,0x04,
1222            0x22,0xf1,0x82,
1223            0x22,0x2c,0x48,
1224            0x32,0x12,0x84,
1225            0x00,0xc0,0x20,
C51 COMPILER V9.60.0.0   TFONT_ENERGY                                                      09/24/2026 09:31:48 PAGE 21  

1226            0x00,0x00,0x00,
1227            
1228            //========Address -- (6f),
1229            0x00,0x00,0x00,
1230            0x04,0x07,0x08,
1231            0x20,0x44,0x88,
1232            0x0e,0x48,0x86,
1233            0x22,0x0f,0x0c,
1234            0x22,0x42,0x48,
1235            0x32,0x12,0x08,
1236            0x00,0xc0,0x60,
1237            0x00,0x00,0x00,
1238            
1239            //========Address -- (70),
1240            0x00,0x00,0x00,
1241            0x07,0x0f,0x0c,
1242            0x47,0xaf,0x4c,
1243            0x0f,0x4f,0x0e,
1244            0x03,0x4f,0x08,
1245            0x22,0x00,0x88,
1246            0x22,0x44,0x88,
1247            0xf0,0xf0,0xe0,
1248            0x00,0x00,0x00,
1249            
1250            //========Address -- (71),
1251            0x00,0x00,0x00,
1252            0x00,0x00,0x00,
1253            0x00,0x00,0x00,
1254            0x00,0x04,0x00,
1255            0x02,0x48,0x00,
1256            0x11,0x8c,0x00,
1257            0x24,0x40,0x00,
1258            0x80,0x00,0x00,
1259            0x00,0x00,0x00,
1260            
1261            //========Address -- (72),
1262            0x00,0x00,0x00,
1263            0x00,0x00,0x00,
1264            0x00,0x00,0x00,
1265            0x02,0x00,0x00,
1266            0x94,0x44,0x00,
1267            0x01,0x80,0x00,
1268            0x24,0x00,0x00,
1269            0x80,0x00,0x00,
1270            0x00,0x00,0x00,
1271            
1272            //========Address -- (73),
1273            0x00,0x00,0x00,
1274            0x00,0x00,0x00,
1275            0x00,0x00,0x00,
1276            0x11,0x00,0x00,
1277            0x11,0x0f,0x00,
1278            0xf1,0x12,0x00,
1279            0x11,0x00,0x00,
1280            0x00,0xf0,0x80,
1281            0x00,0x00,0x00,
1282            
1283            //========Address -- (74),
1284            0x00,0x00,0x00,
1285            0x00,0x00,0x00,
1286            0x00,0x00,0x00,
1287            0x00,0x00,0x00,
C51 COMPILER V9.60.0.0   TFONT_ENERGY                                                      09/24/2026 09:31:48 PAGE 22  

1288            0x00,0x00,0x00,
1289            0x00,0x00,0x00,
1290            0x0f,0xf8,0xce,
1291            0x60,0x00,0x00,
1292            0x00,0x00,0x00,
1293            
1294            //========Address -- (75),
1295            0x00,0x00,0x00,
1296            0x00,0x00,0x00,
1297            0x00,0x00,0x84,
1298            0x21,0x10,0x08,
1299            0x04,0x01,0x00,
1300            0x20,0x24,0x00,
1301            0x09,0x80,0x00,
1302            0x60,0x00,0x00,
1303            0x00,0x00,0x00,
1304            
1305            //========Address -- (76),
1306            0x00,0x00,0x00,
1307            0x00,0x00,0x00,
1308            0x00,0x00,0x00,
1309            0x00,0x00,0x00,
1310            0x07,0x0f,0x00,
1311            0x00,0x88,0x00,
1312            0x00,0x88,0x00,
1313            0xf0,0xf0,0x80,
1314            0x00,0x00,0x00,
1315            
1316            //========Address -- (77),
1317            0x00,0x00,0x00,
1318            0x00,0x00,0x00,
1319            0x21,0x00,0x00,
1320            0x0f,0x08,0x00,
1321            0x13,0x08,0x00,
1322            0x59,0x40,0x00,
1323            0x11,0x00,0x00,
1324            0x10,0x00,0x00,
1325            0x00,0x00,0x00,
1326            
1327            //========Address -- (78),
1328            0x00,0x00,0x00,
1329            0x00,0x00,0x00,
1330            0x00,0x00,0x00,
1331            0x00,0x02,0x00,
1332            0x11,0x22,0x00,
1333            0x22,0x22,0x00,
1334            0x48,0x22,0x48,
1335            0x00,0x30,0x00,
1336            0x00,0x00,0x00,
1337            
1338            //========Address -- (79),
1339            0x00,0x00,0x00,
1340            0x00,0x00,0x00,
1341            0x04,0x10,0x08,
1342            0x43,0x1c,0x08,
1343            0xe1,0x00,0x00,
1344            0x1f,0xc0,0x00,
1345            0x00,0x88,0x00,
1346            0x00,0x40,0x00,
1347            0x00,0x00,0x00,
1348            
1349            //========Address -- (7a),
C51 COMPILER V9.60.0.0   TFONT_ENERGY                                                      09/24/2026 09:31:48 PAGE 23  

1350            0x00,0x00,0x00,
1351            0x00,0x0a,0x00,
1352            0xf0,0xfa,0xc4,
1353            0x74,0xfa,0xc0,
1354            0x71,0xf2,0xe2,
1355            0x75,0xf2,0xe4,
1356            0x47,0x9f,0x4c,
1357            0x20,0x00,0x80,
1358            0x00,0x00,0x00,
1359            
1360            //========Address -- (7b),
1361            0x00,0x00,0x00,
1362            0x00,0x00,0x00,
1363            0x01,0x00,0x42,
1364            0x11,0x01,0x42,
1365            0x72,0xe2,0x84,
1366            0x22,0x22,0x80,
1367            0x45,0x24,0x00,
1368            0x80,0x80,0x00,
1369            0x00,0x00,0x00,
1370            
1371            //========Address -- (7c),
1372            0x00,0x00,0x00,
1373            0x04,0x04,0x04,
1374            0x44,0xf9,0xe2,
1375            0x4e,0xf9,0xe2,
1376            0x44,0xf0,0xe0,
1377            0x44,0x74,0xc4,
1378            0x6c,0x74,0xc4,
1379            0x00,0x70,0xc0,
1380            0x00,0x00,0x00,
1381            
1382            //========Address -- (7d),
1383            0x00,0x00,0x00,
1384            0x00,0x00,0x00,
1385            0x06,0x00,0x00,
1386            0x12,0x00,0x00,
1387            0x0f,0x08,0x00,
1388            0x01,0x80,0x00,
1389            0x25,0x00,0x00,
1390            0x80,0xe0,0x00,
1391            0x00,0x00,0x00,
1392            
1393            //========Address -- (7e),
1394            0x00,0x00,0x00,
1395            0x00,0x00,0x00,
1396            0x03,0x0c,0x00,
1397            0x01,0x80,0x00,
1398            0x27,0x0c,0x00,
1399            0x83,0x22,0x00,
1400            0x44,0xa4,0x00,
1401            0x30,0x80,0x00,
1402            0x00,0x00,0x00,
1403            
1404            //========Address -- (7f),
1405            0x00,0x00,0x00,
1406            0x02,0x01,0x00,
1407            0x22,0x15,0x00,
1408            0xba,0x75,0xc0,
1409            0xaa,0x91,0x00,
1410            0x22,0x71,0xc0,
1411            0x22,0x11,0x00,
C51 COMPILER V9.60.0.0   TFONT_ENERGY                                                      09/24/2026 09:31:48 PAGE 24  

1412            0x20,0xf0,0xe0,
1413            0x00,0x00,0x00,
1414            
1415            //========Address -- (80),
1416            0x00,0x00,0x00,
1417            0x00,0x00,0x00,
1418            0x01,0x02,0x00,
1419            0xf1,0xc0,0x00,
1420            0x17,0x4f,0x00,
1421            0x99,0x44,0x88,
1422            0x97,0x49,0x80,
1423            0x10,0x00,0x00,
1424            0x00,0x00,0x00,
1425            
1426            //========Address -- (81),
1427            0x00,0x00,0x00,
1428            0x00,0x00,0x00,
1429            0x08,0x00,0x00,
1430            0xbc,0x08,0x00,
1431            0xc8,0x88,0x00,
1432            0x89,0x80,0x00,
1433            0x12,0x00,0x00,
1434            0x40,0x00,0x00,
1435            0x00,0x00,0x00,
1436            
1437            //========Address -- (82),
1438            0x00,0x00,0x00,
1439            0x00,0x00,0x00,
1440            0x01,0x00,0x00,
1441            0xf1,0xc0,0x00,
1442            0x17,0x08,0x00,
1443            0x11,0x00,0x00,
1444            0x79,0x84,0x00,
1445            0x60,0x00,0x00,
1446            0x00,0x00,0x00,
1447            
1448            //========Address -- (83),
1449            0x00,0x00,0x00,
1450            0x00,0x00,0x00,
1451            0x00,0x08,0x00,
1452            0x87,0x8f,0x00,
1453            0x01,0x88,0x00,
1454            0x21,0xc4,0x00,
1455            0x00,0x48,0x00,
1456            0x10,0x00,0x00,
1457            0x00,0x00,0x00,
1458            
1459            //========Address -- (84),
1460            0x00,0x00,0x00,
1461            0x00,0x08,0x00,
1462            0x01,0x44,0x88,
1463            0x15,0x11,0x00,
1464            0x55,0x22,0x42,
1465            0x91,0x48,0x20,
1466            0x13,0x00,0x88,
1467            0x40,0xf0,0x80,
1468            0x00,0x00,0x00,
1469            
1470            //========Address -- (85),
1471            0x00,0x00,0x00,
1472            0x00,0x00,0x00,
1473            0x00,0x08,0x84,
C51 COMPILER V9.60.0.0   TFONT_ENERGY                                                      09/24/2026 09:31:48 PAGE 25  

1474            0x87,0x8f,0x84,
1475            0x01,0x88,0x00,
1476            0x21,0xc4,0x00,
1477            0x00,0x48,0x00,
1478            0x10,0x00,0x00,
1479            0x00,0x00,0x00,
1480            
1481            //========Address -- (86),
1482            0x00,0x00,0x00,
1483            0x00,0x00,0x00,
1484            0x00,0x00,0x00,
1485            0x30,0x84,0x00,
1486            0x16,0x87,0x00,
1487            0xf1,0x80,0x00,
1488            0x11,0x00,0x00,
1489            0x00,0xe0,0x00,
1490            0x00,0x00,0x00,
1491            
1492            //========Address -- (87),
1493            0x00,0x00,0x00,
1494            0x00,0x00,0x00,
1495            0x00,0x00,0x00,
1496            0x34,0xca,0x00,
1497            0x88,0x98,0x08,
1498            0x99,0x00,0x88,
1499            0x60,0x12,0x00,
1500            0x00,0x40,0x00,
1501            0x00,0x00,0x00,
1502            
1503            //========Address -- (88),
1504            0x00,0x00,0x00,
1505            0x00,0x00,0x00,
1506            0x02,0x00,0x00,
1507            0x3e,0xc0,0x00,
1508            0x34,0x2a,0x00,
1509            0x81,0xc8,0x00,
1510            0x22,0x88,0x00,
1511            0x10,0xe0,0x00,
1512            0x00,0x00,0x00,
1513            
1514            //========Address -- (89),
1515            0x00,0x00,0x00,
1516            0x02,0x00,0x00,
1517            0x22,0x74,0xc4,
1518            0xf2,0x44,0x44,
1519            0x23,0x75,0xc0,
1520            0xe2,0x54,0x08,
1521            0x22,0x48,0x84,
1522            0x70,0x00,0x20,
1523            0x00,0x00,0x00,
1524            
1525            //========Address -- (8a),
1526            0x00,0x00,0x00,
1527            0x00,0x00,0x00,
1528            0x00,0x00,0x00,
1529            0x08,0x00,0x00,
1530            0x88,0x00,0x00,
1531            0x88,0x00,0x00,
1532            0x88,0x08,0x00,
1533            0x70,0x00,0x00,
1534            0x00,0x00,0x00,
1535            
C51 COMPILER V9.60.0.0   TFONT_ENERGY                                                      09/24/2026 09:31:48 PAGE 26  

1536            //========Address -- (8b),
1537            0x00,0x00,0x00,
1538            0x00,0x00,0x00,
1539            0x00,0x00,0x00,
1540            0x00,0x07,0x00,
1541            0xf1,0x80,0x00,
1542            0x12,0x00,0x00,
1543            0x22,0x00,0x00,
1544            0x10,0xe0,0x00,
1545            0x00,0x00,0x00,
1546            
1547            //========Address -- (8c),
1548            0x00,0x00,0x00,
1549            0x00,0x00,0x00,
1550            0x01,0x00,0x00,
1551            0x12,0x00,0x00,
1552            0x48,0x00,0x00,
1553            0x84,0x00,0x00,
1554            0x21,0x00,0x00,
1555            0x10,0x00,0x00,
1556            0x00,0x00,0x00,
1557            
1558            //========Address -- (8d),
1559            0x00,0x00,0x00,
1560            0x00,0x00,0x00,
1561            0x00,0x00,0x08,
1562            0x23,0x09,0x40,
1563            0xe2,0x0c,0x80,
1564            0x24,0x24,0x00,
1565            0x54,0x08,0x00,
1566            0x80,0x70,0x80,
1567            0x00,0x00,0x00,
1568            
1569            //========Address -- (8e),
1570            0x00,0x00,0x00,
1571            0x00,0x00,0x00,
1572            0x00,0x00,0x00,
1573            0x42,0x0c,0x00,
1574            0xf1,0x00,0x00,
1575            0x34,0x8c,0x00,
1576            0x88,0x00,0x00,
1577            0x70,0xe0,0x00,
1578            0x00,0x00,0x00,
1579            
1580            //========Address -- (8f),
1581            0x00,0x00,0x00,
1582            0x00,0x00,0x00,
1583            0x00,0x00,0x00,
1584            0x00,0x00,0x00,
1585            0x88,0x02,0x00,
1586            0x88,0x11,0x08,
1587            0x89,0x80,0x80,
1588            0x60,0x00,0x00,
1589            0x00,0x00,0x00,
1590            
1591            //========Address -- (90),
1592            0x00,0x00,0x00,
1593            0x00,0x00,0x00,
1594            0x04,0x00,0x00,
1595            0x43,0x0c,0x00,
1596            0xe1,0x00,0x00,
1597            0x1f,0xc0,0x00,
C51 COMPILER V9.60.0.0   TFONT_ENERGY                                                      09/24/2026 09:31:48 PAGE 27  

1598            0x00,0x88,0x00,
1599            0x00,0x40,0x00,
1600            0x00,0x00,0x00,
1601            
1602            //========Address -- (91),
1603            0x00,0x00,0x00,
1604            0x00,0x00,0x00,
1605            0x00,0x00,0x00,
1606            0x02,0x00,0x00,
1607            0x2f,0x0f,0x00,
1608            0x11,0x12,0x00,
1609            0x00,0x88,0x00,
1610            0x00,0x40,0x00,
1611            0x00,0x00,0x00,
1612            
1613            //========Address -- (92),
1614            0x00,0x00,0x00,
1615            0x00,0x00,0x00,
1616            0x00,0x00,0x00,
1617            0x21,0x00,0x00,
1618            0x00,0x01,0x00,
1619            0x00,0x24,0x00,
1620            0x09,0x80,0x00,
1621            0x60,0x00,0x00,
1622            0x00,0x00,0x00,
1623            
1624            
1625          
1626          }  ;
1627          BYTE GetStringPropExtend_Energy(DWORD index)
1628          {
1629   1        return  tFONT_Energy[index];
1630   1      }
1631          #endif
1632          


MODULE INFORMATION:   STATIC OVERLAYABLE
   CODE SIZE        =     14    ----
   CONSTANT SIZE    =   3969    ----
   XDATA SIZE       =   ----    ----
   PDATA SIZE       =   ----    ----
   DATA SIZE        =   ----    ----
   IDATA SIZE       =   ----    ----
   BIT SIZE         =   ----    ----
END OF MODULE INFORMATION.


C51 COMPILATION COMPLETE.  0 WARNING(S),  0 ERROR(S)
