C51 COMPILER V8.12   TFONT_JAPANESE                                                        09/16/2026 20:29:13 PAGE 1   


C51 COMPILER V8.12, COMPILATION OF MODULE TFONT_JAPANESE
OBJECT MODULE PLACED IN .\Output\RL6432_Project\tFONT_JAPANESE.obj
COMPILER INVOKED BY: c:\Keil\C51\BIN\C51.EXE User\RTD Series\RTD2014Osd\Code\tFONT_JAPANESE.c LARGE OPTIMIZE(9,SPEED) IN
                    -CDIR(.\Output\RL6432;.\Project\Header;.\Pcb;.\Panel;.\Kernel\Device\Header;.\Kernel\Common;.\Kernel\System\Header;.\Kern
                    -el\Scaler\ScalerFunction\Header;.\Kernel\Scaler\ScalerCommonFunction\Header;.\Kernel\Scaler\ScalerFunction\Lib\Header;.\
                    -Kernel\Scaler\ScalerCommonFunction\Lib\Header;.\Kernel\Scaler\RL6432_Series_Scaler\Header;.\Kernel\Scaler\RL6432_Series_
                    -Common\Header;.\Kernel\Scaler\RL6432_Series_Scaler\Lib\Header;.\Kernel\Scaler\RL6432_Series_Common\Lib\Header;.\Kernel\U
                    -ser Common Function\Header;.\User\RTD Series\RTD2014Function\Header;.\User\RTD Series\RTD2014Osd\Header;.\User\RTD Facto
                    -ry\Header;.\User\None Series\NoneFunction\Header;.\User\None Series\NoneOsd\Header;.\User\None Factory\Header) DEFINE(_P
                    -ROJECT=_RL6432_PROJECT,_SCALER_TYPE=_RL6432_SERIES) DEBUG OBJECTEXTEND PRINT(.\Output\RL6432_Project\tFONT_JAPANESE.lst)
                    - OBJECT(.\Output\RL6432_Project\tFONT_JAPANESE.obj)

line level    source

   1          
   2          #include "UserCommonInclude.h"
   3          #if _MEW_FONT
   4          BYTE code tFONT_JAPANESE[] =
   5          {
   6                  //========Address -- (00),
   7                  0x00,0x00,0x00,
   8                  0x00,0x00,0x00,
   9                  0x00,0x00,0x00,
  10                  0x00,0x00,0x00,
  11                  0x00,0x00,0x00,
  12                  0x00,0x00,0x00,
  13                  0x00,0x00,0x00,
  14                  0x00,0x00,0x00,
  15                  0x00,0x00,0x00,
  16                  
  17                  //========Address -- (01),
  18                  0x00,0x00,0x00,
  19                  0x03,0x0f,0x0c,
  20                  0x22,0x00,0x44,
  21                  0x22,0x00,0x44,
  22                  0x32,0xf0,0xc4,
  23                  0x22,0x00,0x44,
  24                  0x23,0x0f,0x4c,
  25                  0x00,0x00,0x00,
  26                  0x00,0x00,0x00,
  27                  
  28                  //========Address -- (02),
  29                  0x00,0x00,0x00,
  30                  0x00,0x04,0x00,
  31                  0x0f,0x4f,0x0e,
  32                  0x00,0x4e,0x00,
  33                  0x12,0x54,0x08,
  34                  0x49,0x4f,0x42,
  35                  0x00,0x44,0x00,
  36                  0x00,0x00,0x00,
  37                  0x00,0x00,0x00,
  38                  
  39                  //========Address -- (03),
  40                  0x00,0x00,0x00,
  41                  0x09,0x0f,0x0e,
  42                  0x40,0x2f,0x0c,
  43                  0x0c,0x44,0x44,
  44                  0x54,0xf0,0xe0,
  45                  0x44,0xf8,0xc4,
  46                  0x64,0x8f,0x4c,
  47                  0x00,0x80,0x40,
C51 COMPILER V8.12   TFONT_JAPANESE                                                        09/16/2026 20:29:13 PAGE 2   

  48                  0x00,0x00,0x00,
  49                  
  50                  //========Address -- (04),
  51                  0x00,0x00,0x00,
  52                  0x02,0x0f,0x0e,
  53                  0xaa,0x97,0x2c,
  54                  0x2f,0x57,0x4c,
  55                  0x55,0x57,0x4c,
  56                  0x55,0x17,0x0e,
  57                  0x9b,0x91,0x00,
  58                  0x00,0x00,0x00,
  59                  0x00,0x00,0x00,
  60                  
  61                  //========Address -- (05),
  62                  0x00,0x00,0x00,
  63                  0x00,0x02,0x00,
  64                  0x74,0xf8,0xe8,
  65                  0x74,0xf8,0xe8,
  66                  0x44,0xf0,0x80,
  67                  0x54,0xf8,0x88,
  68                  0x8b,0x78,0x0e,
  69                  0x00,0x00,0x00,
  70                  0x00,0x00,0x00,
  71                  
  72                  //========Address -- (06),
  73                  0x00,0x00,0x00,
  74                  0x0f,0x0f,0x0e,
  75                  0x00,0x44,0x00,
  76                  0xba,0xf4,0xaa,
  77                  0xba,0xf4,0xaa,
  78                  0xab,0x4f,0xaa,
  79                  0x8f,0x0f,0x2e,
  80                  0x00,0x00,0x00,
  81                  0x00,0x00,0x00,
  82                  
  83                  //========Address -- (07),
  84                  0x00,0x00,0x00,
  85                  0x02,0x07,0x00,
  86                  0x25,0x9f,0x0c,
  87                  0x5d,0x2f,0x4c,
  88                  0x45,0x69,0x04,
  89                  0x44,0x35,0x84,
  90                  0x54,0x92,0x20,
  91                  0x00,0x00,0x00,
  92                  0x00,0x00,0x00,
  93                  
  94                  //========Address -- (08),
  95                  0x00,0x00,0x00,
  96                  0x0e,0x0f,0x0e,
  97                  0x0e,0x9b,0x2a,
  98                  0x0e,0x9b,0x2a,
  99                  0x0e,0x8b,0x2a,
 100                  0x0e,0xab,0xaa,
 101                  0xae,0x88,0x26,
 102                  0x00,0x00,0x00,
 103                  0x00,0x00,0x00,
 104                  
 105                  //========Address -- (09),
 106                  0x00,0x00,0x00,
 107                  0x02,0x01,0x00,
 108                  0xfa,0x9b,0xe4,
 109                  0x7a,0x18,0x48,
C51 COMPILER V8.12   TFONT_JAPANESE                                                        09/16/2026 20:29:13 PAGE 3   

 110                  0x2f,0x1f,0x4e,
 111                  0x02,0x47,0x08,
 112                  0x2f,0x4f,0x0e,
 113                  0x00,0x00,0x00,
 114                  0x00,0x00,0x00,
 115                  
 116                  //========Address -- (0a),
 117                  0x00,0x00,0x00,
 118                  0x01,0x00,0x00,
 119                  0x34,0xe2,0x00,
 120                  0xf4,0xf4,0xc4,
 121                  0x47,0x4f,0x4c,
 122                  0x44,0x00,0x00,
 123                  0x47,0x0f,0x2e,
 124                  0x00,0x00,0x00,
 125                  0x00,0x00,0x00,
 126                  
 127                  //========Address -- (0b),
 128                  0x00,0x00,0x00,
 129                  0x0f,0x03,0x08,
 130                  0x0f,0x22,0x8a,
 131                  0x0f,0x40,0xe0,
 132                  0x0f,0x72,0xc4,
 133                  0x0f,0x21,0x48,
 134                  0x9f,0x24,0x42,
 135                  0x00,0x00,0x00,
 136                  0x00,0x00,0x00,
 137                  
 138                  //========Address -- (0c),
 139                  0x00,0x00,0x00,
 140                  0x00,0x04,0x00,
 141                  0xf8,0xf0,0xe2,
 142                  0x07,0x0f,0x0c,
 143                  0x02,0x44,0x00,
 144                  0x22,0x74,0xc0,
 145                  0x58,0xc7,0x0e,
 146                  0x00,0x00,0x00,
 147                  0x00,0x00,0x00,
 148                  
 149                  //========Address -- (0d),
 150                  0x00,0x00,0x00,
 151                  0x00,0x00,0x00,
 152                  0x22,0x00,0x88,
 153                  0x22,0x00,0x88,
 154                  0x22,0x00,0x88,
 155                  0x20,0x00,0x88,
 156                  0x00,0x11,0x00,
 157                  0x00,0x2c,0x00,
 158                  0x00,0x00,0x00,
 159                  
 160                  //========Address -- (0e),
 161                  0x00,0x00,0x00,
 162                  0x00,0x00,0x00,
 163                  0x11,0x00,0x00,
 164                  0x1f,0x3c,0xe2,
 165                  0x11,0x00,0x48,
 166                  0x11,0x10,0x00,
 167                  0x11,0x00,0x00,
 168                  0x00,0xf0,0xe0,
 169                  0x00,0x00,0x00,
 170                  
 171                  //========Address -- (0f),
C51 COMPILER V8.12   TFONT_JAPANESE                                                        09/16/2026 20:29:13 PAGE 4   

 172                  0x00,0x00,0x00,
 173                  0x00,0x00,0x00,
 174                  0x00,0x00,0x00,
 175                  0x00,0x00,0x00,
 176                  0x02,0x42,0x02,
 177                  0x11,0x20,0x24,
 178                  0x00,0x00,0x48,
 179                  0x00,0x16,0x00,
 180                  0x00,0x00,0x00,
 181                  
 182                  //========Address -- (10),
 183                  0x00,0x00,0x00,
 184                  0x01,0x00,0x00,
 185                  0x11,0x00,0x00,
 186                  0x11,0x0c,0x00,
 187                  0x11,0x30,0x00,
 188                  0x11,0x00,0x00,
 189                  0x11,0x00,0x00,
 190                  0x00,0x00,0x00,
 191                  0x00,0x00,0x00,
 192                  
 193                  //========Address -- (11),
 194                  0x00,0x00,0x00,
 195                  0x00,0x00,0x00,
 196                  0x10,0xf0,0xc8,
 197                  0x00,0x3c,0x00,
 198                  0x70,0xf4,0xe0,
 199                  0x00,0x88,0x00,
 200                  0x00,0x43,0x0c,
 201                  0x00,0x00,0x00,
 202                  0x00,0x00,0x00,
 203                  
 204                  //========Address -- (12),
 205                  0x00,0x00,0x00,
 206                  0x00,0x00,0x00,
 207                  0x12,0xf4,0x08,
 208                  0x44,0x44,0x42,
 209                  0x88,0x48,0x22,
 210                  0x89,0x80,0x24,
 211                  0x60,0x03,0x80,
 212                  0x00,0x00,0x00,
 213                  0x00,0x00,0x00,
 214                  
 215                  //========Address -- (13),
 216                  0x00,0x00,0x00,
 217                  0x02,0x02,0x00,
 218                  0x24,0xaa,0x0c,
 219                  0x4c,0xbe,0x44,
 220                  0x54,0xaa,0x44,
 221                  0x44,0xa8,0xc0,
 222                  0x44,0x8f,0x2e,
 223                  0x00,0x00,0x00,
 224                  0x00,0x00,0x00,
 225                  
 226                  //========Address -- (14),
 227                  0x00,0x00,0x00,
 228                  0x0f,0x03,0x0e,
 229                  0x99,0x22,0x22,
 230                  0xf9,0x32,0xe2,
 231                  0x99,0x23,0x2e,
 232                  0xf0,0x22,0x22,
 233                  0x00,0x44,0x26,
C51 COMPILER V8.12   TFONT_JAPANESE                                                        09/16/2026 20:29:13 PAGE 5   

 234                  0x00,0x00,0x00,
 235                  0x00,0x00,0x00,
 236                  
 237                  //========Address -- (15),
 238                  0x00,0x00,0x00,
 239                  0x00,0x00,0x00,
 240                  0x30,0xe4,0x00,
 241                  0x01,0x8f,0x00,
 242                  0x24,0x00,0x84,
 243                  0x00,0x0c,0x44,
 244                  0x10,0x2f,0x80,
 245                  0x00,0x00,0x00,
 246                  0x00,0x00,0x00,
 247                  
 248                  //========Address -- (16),
 249                  0x00,0x00,0x00,
 250                  0x00,0x01,0x00,
 251                  0x03,0x1f,0x0c,
 252                  0x00,0x10,0x08,
 253                  0x01,0xf0,0x8c,
 254                  0x22,0x00,0x40,
 255                  0x10,0x0f,0x08,
 256                  0x00,0x00,0x00,
 257                  0x00,0x00,0x00,
 258                  
 259                  //========Address -- (17),
 260                  0x00,0x00,0x00,
 261                  0x00,0x00,0x00,
 262                  0x07,0x0f,0x0c,
 263                  0x00,0x00,0x44,
 264                  0x00,0x00,0x44,
 265                  0x07,0x0f,0x4c,
 266                  0x00,0x00,0x40,
 267                  0x00,0x00,0x00,
 268                  0x00,0x00,0x00,
 269                  
 270                  //========Address -- (18),
 271                  0x00,0x00,0x00,
 272                  0x00,0x00,0x00,
 273                  0x61,0x00,0x00,
 274                  0x00,0x00,0x44,
 275                  0x00,0x00,0x48,
 276                  0x00,0x12,0x00,
 277                  0x07,0xc0,0x00,
 278                  0x00,0x00,0x00,
 279                  0x00,0x00,0x00,
 280                  
 281                  //========Address -- (19),
 282                  0x00,0x00,0x00,
 283                  0x00,0x00,0x00,
 284                  0x30,0xf0,0x80,
 285                  0x07,0x0f,0x0c,
 286                  0x00,0x00,0x44,
 287                  0x00,0x00,0x88,
 288                  0x01,0x3c,0x00,
 289                  0x00,0x00,0x00,
 290                  0x00,0x00,0x00,
 291                  
 292                  //========Address -- (1a),
 293                  0x00,0x00,0x00,
 294                  0x00,0x00,0x00,
 295                  0x70,0xf0,0x88,
C51 COMPILER V8.12   TFONT_JAPANESE                                                        09/16/2026 20:29:13 PAGE 6   

 296                  0x00,0x01,0x80,
 297                  0x00,0x12,0x00,
 298                  0x00,0x58,0x08,
 299                  0x3c,0x00,0x42,
 300                  0x00,0x00,0x00,
 301                  0x00,0x00,0x00,
 302                  
 303                  //========Address -- (1b),
 304                  0x00,0x00,0x00,
 305                  0x00,0x00,0x00,
 306                  0x30,0xf4,0xc0,
 307                  0x00,0x44,0x00,
 308                  0x70,0xf4,0xe0,
 309                  0x00,0x44,0x00,
 310                  0x00,0x43,0x0c,
 311                  0x00,0x00,0x00,
 312                  0x00,0x00,0x00,
 313                  
 314                  //========Address -- (1c),
 315                  0x00,0x00,0x00,
 316                  0x00,0x00,0x00,
 317                  0x00,0x00,0x00,
 318                  0x00,0x00,0x00,
 319                  0x87,0x0f,0x0e,
 320                  0x00,0x00,0x00,
 321                  0x00,0x00,0x00,
 322                  0x00,0x00,0x00,
 323                  0x00,0x00,0x00,
 324                  
 325                  //========Address -- (1d),
 326                  0x00,0x00,0x00,
 327                  0x01,0x00,0x00,
 328                  0x11,0x22,0x88,
 329                  0x11,0x0c,0x00,
 330                  0x11,0x30,0x00,
 331                  0x11,0x00,0x00,
 332                  0x11,0x00,0x00,
 333                  0x00,0x00,0x00,
 334                  0x00,0x00,0x00,
 335                  
 336                  //========Address -- (1e),
 337                  0x00,0x00,0x00,
 338                  0x00,0x04,0x00,
 339                  0x00,0x46,0x02,
 340                  0xf1,0x65,0x48,
 341                  0x12,0x54,0x08,
 342                  0x24,0x44,0x84,
 343                  0x80,0x4c,0x20,
 344                  0x00,0x00,0x00,
 345                  0x00,0x00,0x00,
 346                  
 347                  //========Address -- (1f),
 348                  0x00,0x00,0x00,
 349                  0x07,0x0f,0x0c,
 350                  0x04,0x44,0x04,
 351                  0x20,0x44,0x80,
 352                  0xf0,0xf4,0xe0,
 353                  0x00,0x44,0x00,
 354                  0x00,0x44,0x00,
 355                  0x00,0x00,0x00,
 356                  0x00,0x00,0x00,
 357                  
C51 COMPILER V8.12   TFONT_JAPANESE                                                        09/16/2026 20:29:13 PAGE 7   

 358                  //========Address -- (20),
 359                  0x00,0x00,0x00,
 360                  0x02,0x01,0x00,
 361                  0x24,0x1f,0x0e,
 362                  0x4c,0x08,0x04,
 363                  0x44,0x44,0x44,
 364                  0x44,0x44,0x48,
 365                  0x45,0x0f,0x8e,
 366                  0x00,0x00,0x00,
 367                  0x00,0x00,0x00,
 368                  
 369                  //========Address -- (21),
 370                  0x00,0x00,0x00,
 371                  0x07,0x0f,0x0c,
 372                  0x47,0xaf,0x4c,
 373                  0x0f,0x4f,0x0e,
 374                  0x09,0x4f,0x08,
 375                  0x99,0x0f,0x88,
 376                  0x9f,0x0f,0x8e,
 377                  0x00,0x00,0x00,
 378                  0x00,0x00,0x00,
 379                  
 380                  //========Address -- (22),
 381                  0x00,0x00,0x00,
 382                  0x00,0x01,0x08,
 383                  0x30,0xe4,0x00,
 384                  0x72,0xf4,0xc8,
 385                  0xf2,0xf4,0xe8,
 386                  0x70,0xf4,0xc0,
 387                  0x07,0x4f,0x0c,
 388                  0x00,0x00,0x00,
 389                  0x00,0x00,0x00,
 390                  
 391                  //========Address -- (23),
 392                  0x00,0x00,0x00,
 393                  0x00,0x04,0x00,
 394                  0xf0,0xf4,0xe0,
 395                  0x19,0xf0,0x88,
 396                  0x99,0xf0,0x88,
 397                  0x99,0x0f,0x88,
 398                  0x8f,0x0f,0x0e,
 399                  0x00,0x00,0x00,
 400                  0x00,0x00,0x00,
 401                  
 402                  //========Address -- (24),
 403                  0x00,0x00,0x00,
 404                  0x00,0x00,0x00,
 405                  0x22,0x11,0x00,
 406                  0xf2,0xf1,0xe0,
 407                  0x22,0x11,0x00,
 408                  0x00,0x11,0x00,
 409                  0x01,0x2c,0x00,
 410                  0x00,0x00,0x00,
 411                  0x00,0x00,0x00,
 412                  
 413                  //========Address -- (25),
 414                  0x00,0x00,0x00,
 415                  0x00,0x00,0x04,
 416                  0x00,0x01,0x80,
 417                  0x00,0x26,0x00,
 418                  0x16,0xa2,0x00,
 419                  0x00,0x22,0x00,
C51 COMPILER V8.12   TFONT_JAPANESE                                                        09/16/2026 20:29:13 PAGE 8   

 420                  0x00,0x22,0x00,
 421                  0x00,0x00,0x00,
 422                  0x00,0x00,0x00,
 423                  
 424                  //========Address -- (26),
 425                  0x00,0x00,0x00,
 426                  0x00,0x01,0x04,
 427                  0x07,0x0f,0xa0,
 428                  0x00,0x12,0x00,
 429                  0x00,0x24,0x00,
 430                  0x01,0xa1,0x00,
 431                  0x2c,0x00,0x84,
 432                  0x00,0x00,0x00,
 433                  0x00,0x00,0x00,
 434                  
 435                  //========Address -- (27),
 436                  0x00,0x00,0x00,
 437                  0x02,0x00,0x00,
 438                  0x2f,0x3a,0xe2,
 439                  0x27,0x23,0x2e,
 440                  0x6a,0xa2,0x22,
 441                  0xa2,0x32,0xe2,
 442                  0x22,0x23,0x2e,
 443                  0x00,0x00,0x00,
 444                  0x00,0x00,0x00,
 445                  
 446                  //========Address -- (28),
 447                  0x00,0x00,0x00,
 448                  0x04,0x02,0x00,
 449                  0x44,0x22,0x00,
 450                  0x47,0x2b,0x2c,
 451                  0x44,0x22,0x00,
 452                  0x44,0x2a,0x00,
 453                  0x7c,0x23,0x2e,
 454                  0x00,0x00,0x00,
 455                  0x00,0x00,0x00,
 456                  
 457                  //========Address -- (29),
 458                  0x00,0x00,0x00,
 459                  0x00,0x00,0x06,
 460                  0xea,0xfa,0xa2,
 461                  0xae,0x50,0x40,
 462                  0xaa,0xf4,0xe0,
 463                  0xe0,0x7a,0xc4,
 464                  0x10,0x16,0x86,
 465                  0x00,0x00,0x00,
 466                  0x00,0x00,0x00,
 467                  
 468                  //========Address -- (2a),
 469                  0x00,0x00,0x00,
 470                  0x00,0x00,0x00,
 471                  0x03,0x0f,0x08,
 472                  0x00,0x00,0x88,
 473                  0x00,0x01,0x80,
 474                  0x00,0x11,0x00,
 475                  0xf0,0xf0,0xe0,
 476                  0x00,0x00,0x00,
 477                  0x00,0x00,0x00,
 478                  
 479                  //========Address -- (2b),
 480                  0x00,0x00,0x00,
 481                  0x01,0x0f,0x00,
C51 COMPILER V8.12   TFONT_JAPANESE                                                        09/16/2026 20:29:13 PAGE 9   

 482                  0x0f,0x0f,0x0e,
 483                  0x03,0x0f,0x08,
 484                  0x03,0x0f,0x08,
 485                  0x03,0x0f,0x08,
 486                  0x23,0x0f,0x88,
 487                  0x00,0x00,0x00,
 488                  0x00,0x00,0x00,
 489                  
 490                  //========Address -- (2c),
 491                  0x00,0x00,0x00,
 492                  0x0f,0x07,0x0c,
 493                  0x0f,0x17,0x0c,
 494                  0x0f,0x22,0x44,
 495                  0x0f,0xf0,0xe0,
 496                  0x0f,0x74,0xc4,
 497                  0x9f,0x47,0x4c,
 498                  0x00,0x00,0x00,
 499                  0x00,0x00,0x00,
 500                  
 501                  //========Address -- (2d),
 502                  0x00,0x00,0x00,
 503                  0x00,0x04,0x00,
 504                  0x70,0xf4,0xc0,
 505                  0x30,0xf4,0x80,
 506                  0xf0,0xfa,0xe4,
 507                  0x3d,0x21,0x80,
 508                  0x17,0xc0,0x86,
 509                  0x00,0x00,0x00,
 510                  0x00,0x00,0x00,
 511                  
 512                  //========Address -- (2e),
 513                  0x00,0x00,0x00,
 514                  0x07,0x0f,0x0c,
 515                  0x00,0x00,0x00,
 516                  0x0f,0x0f,0x0e,
 517                  0x00,0x44,0x00,
 518                  0x44,0x44,0x44,
 519                  0x80,0x4c,0x20,
 520                  0x00,0x00,0x00,
 521                  0x00,0x00,0x00,
 522                  
 523                  //========Address -- (2f),
 524                  0x00,0x00,0x00,
 525                  0x00,0x01,0x00,
 526                  0xea,0x71,0xc0,
 527                  0xae,0xf0,0xe4,
 528                  0xaa,0x0f,0x4e,
 529                  0xae,0x42,0x44,
 530                  0x00,0x00,0x4c,
 531                  0x00,0x00,0x00,
 532                  0x00,0x00,0x00,
 533                  
 534                  //========Address -- (30),
 535                  0x00,0x00,0x00,
 536                  0x02,0x03,0x08,
 537                  0x24,0x0f,0x0e,
 538                  0x4c,0x07,0x0c,
 539                  0x44,0x07,0x0c,
 540                  0x44,0x07,0x0c,
 541                  0x44,0x47,0x4c,
 542                  0x00,0x00,0x00,
 543                  0x00,0x00,0x00,
C51 COMPILER V8.12   TFONT_JAPANESE                                                        09/16/2026 20:29:13 PAGE 10  

 544                  
 545                  //========Address -- (31),
 546                  0x00,0x00,0x00,
 547                  0x0f,0x0b,0x0e,
 548                  0x8f,0xab,0x2e,
 549                  0x8f,0xab,0x2e,
 550                  0x89,0x0f,0x22,
 551                  0x99,0x1f,0x22,
 552                  0x99,0x1f,0x26,
 553                  0x00,0x00,0x00,
 554                  0x00,0x00,0x00,
 555                  
 556                  //========Address -- (32),
 557                  0x00,0x00,0x00,
 558                  0x04,0x00,0x0c,
 559                  0x20,0x71,0x00,
 560                  0x0e,0xf5,0xe4,
 561                  0x22,0x97,0x28,
 562                  0x22,0x22,0xe2,
 563                  0x58,0x4f,0x4e,
 564                  0x00,0x00,0x00,
 565                  0x00,0x00,0x00,
 566                  
 567                  //========Address -- (33),
 568                  0x00,0x00,0x00,
 569                  0x04,0x07,0x0c,
 570                  0x20,0x45,0x4c,
 571                  0x0e,0x5f,0x4e,
 572                  0x22,0x8b,0x2a,
 573                  0x22,0xab,0xaa,
 574                  0x58,0x0f,0x0e,
 575                  0x00,0x00,0x00,
 576                  0x00,0x00,0x00,
 577                  
 578                  //========Address -- (34),
 579                  0x00,0x00,0x00,
 580                  0x00,0x04,0x00,
 581                  0x03,0x8f,0x0c,
 582                  0x22,0x00,0x44,
 583                  0x32,0xf0,0xc4,
 584                  0x32,0xf0,0xc4,
 585                  0x23,0x0f,0x4c,
 586                  0x00,0x00,0x00,
 587                  0x00,0x00,0x00,
 588                  
 589                  //========Address -- (35),
 590                  0x00,0x00,0x00,
 591                  0x01,0x01,0x00,
 592                  0x6f,0x19,0x00,
 593                  0x2f,0x79,0xe2,
 594                  0xaf,0x99,0x22,
 595                  0xaf,0x9a,0x22,
 596                  0x2f,0x24,0x2c,
 597                  0x00,0x00,0x00,
 598                  0x00,0x00,0x00,
 599                  
 600                  //========Address -- (36),
 601                  0x00,0x00,0x00,
 602                  0x00,0x00,0x00,
 603                  0x74,0xf0,0xc4,
 604                  0x44,0x00,0x44,
 605                  0x40,0x00,0x48,
C51 COMPILER V8.12   TFONT_JAPANESE                                                        09/16/2026 20:29:13 PAGE 11  

 606                  0x00,0x01,0x80,
 607                  0x01,0x68,0x00,
 608                  0x00,0x00,0x00,
 609                  0x00,0x00,0x00,
 610                  
 611                  //========Address -- (37),
 612                  0x00,0x00,0x00,
 613                  0x0f,0x0b,0x0e,
 614                  0x00,0x88,0x22,
 615                  0xf8,0xb2,0xe0,
 616                  0x8f,0x2b,0x0e,
 617                  0x42,0x98,0x2a,
 618                  0xc3,0xb0,0x2c,
 619                  0x00,0x00,0x00,
 620                  0x00,0x00,0x00,
 621                  
 622                  //========Address -- (38),
 623                  0x00,0x00,0x00,
 624                  0x00,0x01,0x00,
 625                  0xe2,0x24,0x04,
 626                  0x2e,0xf1,0xe0,
 627                  0x88,0xf9,0xe2,
 628                  0xe2,0xf1,0xe0,
 629                  0x22,0x1f,0x2e,
 630                  0xc0,0x00,0x20,
 631                  0x00,0x00,0x00,
 632                  
 633                  //========Address -- (39),
 634                  0x00,0x00,0x00,
 635                  0x00,0x00,0x08,
 636                  0x07,0x0f,0x8e,
 637                  0x00,0x12,0x88,
 638                  0x00,0x48,0x88,
 639                  0x16,0x00,0x88,
 640                  0x00,0x03,0x88,
 641                  0x00,0x00,0x00,
 642                  0x00,0x00,0x00,
 643                  
 644                  //========Address -- (3a),
 645                  0x00,0x00,0x00,
 646                  0x00,0x00,0x00,
 647                  0x70,0xf0,0xc4,
 648                  0x00,0x00,0x44,
 649                  0x00,0x00,0x88,
 650                  0x00,0x16,0x00,
 651                  0x30,0x80,0x00,
 652                  0x00,0x00,0x00,
 653                  0x00,0x00,0x00,
 654                  
 655                  //========Address -- (3b),
 656                  0x00,0x00,0x00,
 657                  0x00,0x08,0x0a,
 658                  0x01,0x80,0xa0,
 659                  0x12,0xf0,0x88,
 660                  0x40,0xc2,0x88,
 661                  0x00,0x12,0x08,
 662                  0x07,0xc0,0x00,
 663                  0x00,0x00,0x00,
 664                  0x00,0x00,0x00,
 665                  
 666                  //========Address -- (3c),
 667                  0x00,0x00,0x00,
C51 COMPILER V8.12   TFONT_JAPANESE                                                        09/16/2026 20:29:13 PAGE 12  

 668                  0x00,0x00,0x00,
 669                  0x22,0x00,0x00,
 670                  0x22,0x00,0x00,
 671                  0x22,0x00,0x00,
 672                  0x22,0x00,0x44,
 673                  0x10,0x0f,0x80,
 674                  0x00,0x00,0x00,
 675                  0x00,0x00,0x00,
 676                  
 677                  //========Address -- (3d),
 678                  0x00,0x00,0x00,
 679                  0x03,0x0c,0x00,
 680                  0x00,0x44,0x00,
 681                  0x00,0x4a,0x00,
 682                  0x01,0xa1,0x00,
 683                  0x12,0x10,0x08,
 684                  0x48,0x00,0x42,
 685                  0x00,0x00,0x00,
 686                  0x00,0x00,0x00,
 687                  
 688                  //========Address -- (3e),
 689                  0x00,0x00,0x00,
 690                  0x00,0x04,0x00,
 691                  0x07,0x4f,0x0e,
 692                  0x00,0x44,0x22,
 693                  0x00,0x48,0x22,
 694                  0x01,0x80,0x22,
 695                  0x24,0x00,0x2c,
 696                  0x00,0x00,0x00,
 697                  0x00,0x00,0x00,
 698                  
 699                  //========Address -- (3f),
 700                  0x00,0x00,0x00,
 701                  0x04,0x0e,0x0e,
 702                  0x20,0x2e,0x2e,
 703                  0x0e,0x8e,0x8e,
 704                  0x22,0x27,0x8c,
 705                  0x22,0x2f,0x8e,
 706                  0x58,0x4f,0x4e,
 707                  0x00,0x00,0x00,
 708                  0x00,0x00,0x00,
 709                  
 710                  //========Address -- (40),
 711                  0x00,0x00,0x00,
 712                  0x02,0x00,0x00,
 713                  0x2f,0x74,0xe2,
 714                  0x22,0x47,0x2e,
 715                  0x3e,0x44,0x88,
 716                  0x22,0x44,0x84,
 717                  0x26,0x88,0x42,
 718                  0x00,0x00,0x00,
 719                  0x00,0x00,0x00,
 720                  
 721                  //========Address -- (41),
 722                  0x00,0x00,0x00,
 723                  0x00,0x04,0x00,
 724                  0x72,0xf0,0xc8,
 725                  0x1f,0x1f,0x0e,
 726                  0x03,0x0f,0x08,
 727                  0x23,0x0f,0x88,
 728                  0x23,0x0f,0x88,
 729                  0x00,0x00,0x00,
C51 COMPILER V8.12   TFONT_JAPANESE                                                        09/16/2026 20:29:13 PAGE 13  

 730                  0x00,0x00,0x00,
 731                  
 732                  //========Address -- (42),
 733                  0x00,0x00,0x00,
 734                  0x03,0x0f,0x08,
 735                  0x23,0x0f,0x88,
 736                  0x2f,0x0f,0x8e,
 737                  0x23,0x4f,0x88,
 738                  0x23,0x4f,0x88,
 739                  0x0f,0x4f,0x0e,
 740                  0x00,0x00,0x00,
 741                  0x00,0x00,0x00,
 742                  
 743                  //========Address -- (43),
 744                  0x00,0x00,0x00,
 745                  0x00,0x04,0x00,
 746                  0x00,0x47,0x0c,
 747                  0x01,0x80,0x44,
 748                  0x20,0x61,0x48,
 749                  0x00,0x01,0x84,
 750                  0x03,0x68,0x00,
 751                  0x00,0x00,0x00,
 752                  0x00,0x00,0x00,
 753                  
 754                  //========Address -- (44),
 755                  0x00,0x00,0x00,
 756                  0x00,0x00,0x00,
 757                  0x30,0xf0,0xc0,
 758                  0x07,0x0f,0x0e,
 759                  0x00,0x22,0x00,
 760                  0x00,0x22,0x00,
 761                  0x01,0x48,0x00,
 762                  0x00,0x00,0x00,
 763                  0x00,0x00,0x00,
 764                  
 765                  //========Address -- (45),
 766                  0x00,0x00,0x00,
 767                  0x00,0x01,0x00,
 768                  0xea,0x17,0x0c,
 769                  0xae,0x55,0x44,
 770                  0xaa,0x5f,0x4e,
 771                  0xae,0x12,0x08,
 772                  0x00,0x48,0x42,
 773                  0x00,0x00,0x00,
 774                  0x00,0x00,0x00,
 775                  
 776                  //========Address -- (46),
 777                  0x00,0x00,0x00,
 778                  0x01,0x00,0x0a,
 779                  0x12,0x00,0xa0,
 780                  0x34,0xf1,0xc0,
 781                  0x80,0x11,0x00,
 782                  0x00,0x22,0x00,
 783                  0x03,0xc0,0x00,
 784                  0x00,0x00,0x00,
 785                  0x00,0x00,0x00,
 786                  
 787                  //========Address -- (47),
 788                  0x00,0x00,0x00,
 789                  0x00,0x00,0x00,
 790                  0x00,0x88,0x00,
 791                  0x01,0x80,0x00,
C51 COMPILER V8.12   TFONT_JAPANESE                                                        09/16/2026 20:29:13 PAGE 14  

 792                  0x11,0x00,0x88,
 793                  0x22,0x03,0x4c,
 794                  0xf0,0xc0,0x22,
 795                  0x00,0x00,0x00,
 796                  0x00,0x00,0x00,
 797                  
 798                  //========Address -- (48),
 799                  0x00,0x00,0x00,
 800                  0x00,0x04,0x00,
 801                  0x70,0xf4,0xc0,
 802                  0x0f,0x4f,0x0e,
 803                  0x15,0x11,0x04,
 804                  0x59,0x11,0x22,
 805                  0x12,0x13,0x00,
 806                  0x00,0x00,0x00,
 807                  0x00,0x00,0x00,
 808                  
 809                  //========Address -- (49),
 810                  0x00,0x00,0x00,
 811                  0x00,0x04,0x00,
 812                  0x70,0xf4,0xc0,
 813                  0x30,0xf4,0x80,
 814                  0xf2,0xf0,0xe8,
 815                  0x32,0xf0,0x88,
 816                  0x32,0xf0,0x88,
 817                  0x00,0x00,0x00,
 818                  0x00,0x00,0x00,
 819                  
 820                  //========Address -- (4a),
 821                  0x00,0x00,0x00,
 822                  0x03,0x0f,0x08,
 823                  0x23,0x0f,0x88,
 824                  0x0f,0x0f,0x0e,
 825                  0x11,0x00,0x00,
 826                  0x32,0xf0,0x88,
 827                  0x00,0x03,0x80,
 828                  0x00,0x00,0x00,
 829                  0x00,0x00,0x00,
 830                  
 831                  //========Address -- (4b),
 832                  0x00,0x00,0x00,
 833                  0x00,0x00,0x00,
 834                  0x00,0x00,0xaa,
 835                  0x22,0x01,0x00,
 836                  0x22,0x00,0x88,
 837                  0x24,0x00,0x44,
 838                  0x48,0x00,0x44,
 839                  0x00,0x00,0x00,
 840                  0x00,0x00,0x00,
 841                  
 842                  //========Address -- (4c),
 843                  0x00,0x00,0x00,
 844                  0x00,0x04,0x00,
 845                  0x0f,0x4f,0x0e,
 846                  0x88,0x44,0x22,
 847                  0x8f,0x4f,0x2e,
 848                  0x00,0x44,0x00,
 849                  0x00,0x44,0x00,
 850                  0x00,0x00,0x00,
 851                  0x00,0x00,0x00,
 852                  
 853                  //========Address -- (4d),
C51 COMPILER V8.12   TFONT_JAPANESE                                                        09/16/2026 20:29:13 PAGE 15  

 854                  0x00,0x00,0x00,
 855                  0x00,0x22,0x00,
 856                  0x07,0x2f,0x0f,
 857                  0x44,0x00,0x11,
 858                  0x40,0x00,0x22,
 859                  0x00,0x00,0x48,
 860                  0x00,0x12,0x00,
 861                  0x03,0xc0,0x00,
 862                  0x00,0x00,0x00,
 863                  
 864                  //========Address -- (4e),
 865                  0x00,0x00,0x00,
 866                  0x00,0x00,0x00,
 867                  0x02,0x44,0x00,
 868                  0x22,0x44,0x00,
 869                  0x22,0x44,0x22,
 870                  0x24,0x44,0x48,
 871                  0x48,0x56,0x00,
 872                  0x00,0x00,0x00,
 873                  0x00,0x00,0x00,
 874                  
 875                  //========Address -- (4f),
 876                  0x00,0x00,0x00,
 877                  0x00,0x00,0x00,
 878                  0x01,0x00,0x00,
 879                  0x17,0x0f,0x08,
 880                  0x00,0x89,0x80,
 881                  0x00,0x44,0x00,
 882                  0x00,0x20,0x00,
 883                  0x00,0x00,0x00,
 884                  0x00,0x00,0x00,
 885                  
 886                  //========Address -- (50),
 887                  0x00,0x00,0x00,
 888                  0x00,0x00,0x0a,
 889                  0x00,0x00,0xa0,
 890                  0x70,0xf0,0xc4,
 891                  0x00,0x00,0x48,
 892                  0x00,0x01,0x80,
 893                  0x03,0x68,0x00,
 894                  0x00,0x00,0x00,
 895                  0x00,0x00,0x00,
 896                  
 897                  //========Address -- (51),
 898                  0x00,0x00,0x00,
 899                  0x04,0x0f,0x08,
 900                  0x20,0x8f,0x88,
 901                  0x84,0x8f,0x88,
 902                  0x01,0x0f,0x0c,
 903                  0x55,0x55,0x44,
 904                  0x9b,0x5f,0x4e,
 905                  0x00,0x00,0x00,
 906                  0x00,0x00,0x00,
 907                  
 908                  //========Address -- (52),
 909                  0x00,0x00,0x00,
 910                  0x00,0x04,0x00,
 911                  0xf9,0xf1,0xe2,
 912                  0x31,0xf1,0x80,
 913                  0xf2,0xf0,0xe8,
 914                  0x48,0xc2,0x42,
 915                  0x10,0xc3,0x00,
C51 COMPILER V8.12   TFONT_JAPANESE                                                        09/16/2026 20:29:13 PAGE 16  

 916                  0x00,0x00,0x00,
 917                  0x00,0x00,0x00,
 918                  
 919                  //========Address -- (53),
 920                  0x00,0x00,0x00,
 921                  0x02,0x07,0x08,
 922                  0x49,0x07,0x88,
 923                  0x64,0x0f,0x8e,
 924                  0xf2,0x15,0x0a,
 925                  0xaa,0x35,0x44,
 926                  0xa0,0x93,0x20,
 927                  0x00,0x00,0x00,
 928                  0x00,0x00,0x00,
 929                  
 930                  //========Address -- (54),
 931                  0x00,0x00,0x00,
 932                  0x01,0x00,0x00,
 933                  0x11,0x0f,0x0e,
 934                  0x22,0x11,0x00,
 935                  0x40,0x11,0x00,
 936                  0x00,0x22,0x00,
 937                  0x01,0x48,0x00,
 938                  0x00,0x00,0x00,
 939                  0x00,0x00,0x00,
 940                  
 941                  //========Address -- (55),
 942                  0x00,0x00,0x00,
 943                  0x01,0x00,0x00,
 944                  0x17,0x0c,0x0c,
 945                  0x12,0x00,0x28,
 946                  0x22,0x00,0x88,
 947                  0x44,0x78,0x8c,
 948                  0x00,0x87,0xa0,
 949                  0x00,0x00,0x00,
 950                  0x00,0x00,0x00,
 951                  
 952                  //========Address -- (56),
 953                  0x00,0x00,0x00,
 954                  0x00,0x00,0x08,
 955                  0x88,0x0f,0x8e,
 956                  0x88,0x00,0x88,
 957                  0x88,0x00,0x88,
 958                  0x88,0x78,0x8c,
 959                  0x88,0x87,0xa0,
 960                  0x00,0x00,0x00,
 961                  0x00,0x00,0x00,
 962                  
 963                  //========Address -- (57),
 964                  0x00,0x00,0x00,
 965                  0x00,0x04,0x04,
 966                  0x00,0x44,0xa4,
 967                  0x70,0xf4,0xc0,
 968                  0x11,0x54,0x08,
 969                  0x24,0x44,0x44,
 970                  0x00,0x44,0x00,
 971                  0x00,0x00,0x00,
 972                  0x00,0x00,0x00,
 973                  
 974                  //========Address -- (58),
 975                  0x00,0x00,0x00,
 976                  0x02,0x00,0x00,
 977                  0x2f,0x07,0x00,
C51 COMPILER V8.12   TFONT_JAPANESE                                                        09/16/2026 20:29:13 PAGE 17  

 978                  0x23,0x80,0x88,
 979                  0x66,0x00,0x88,
 980                  0xaa,0x00,0x88,
 981                  0x22,0x00,0xa4,
 982                  0x00,0x00,0x00,
 983                  0x00,0x00,0x00,
 984                  
 985                  //========Address -- (59),
 986                  0x00,0x00,0x00,
 987                  0x00,0x00,0x00,
 988                  0x07,0x79,0xe0,
 989                  0x00,0x24,0x00,
 990                  0x00,0x44,0x00,
 991                  0x00,0x44,0x00,
 992                  0x00,0x21,0x0c,
 993                  0x00,0x00,0x00,
 994                  0x00,0x00,0x00,
 995                  
 996                  //========Address -- (5a),
 997                  0x00,0x00,0x00,
 998                  0x00,0x00,0x00,
 999                  0x44,0x00,0x04,
1000                  0x44,0x00,0x42,
1001                  0x44,0x00,0x22,
1002                  0x42,0x08,0x22,
1003                  0x21,0x80,0x00,
1004                  0x00,0x00,0x00,
1005                  0x00,0x00,0x00,
1006                  
1007                  //========Address -- (5b),
1008                  0x00,0x00,0x00,
1009                  0x00,0x01,0x00,
1010                  0x03,0x1f,0x0c,
1011                  0x00,0x10,0x08,
1012                  0x01,0xf0,0x8c,
1013                  0x22,0x00,0x40,
1014                  0x10,0x0f,0x08,
1015                  0x00,0x00,0x00,
1016                  0x00,0x00,0x00,
1017                  
1018                  //========Address -- (5c),
1019                  0x00,0x00,0x00,
1020                  0x00,0x04,0x00,
1021                  0x07,0x4f,0x0c,
1022                  0x00,0x44,0x00,
1023                  0x30,0xf4,0x80,
1024                  0x03,0x4e,0x00,
1025                  0x43,0x58,0x84,
1026                  0x00,0x00,0x00,
1027                  0x00,0x00,0x00,
1028                  
1029                  //========Address -- (5d),
1030                  0x00,0x00,0x00,
1031                  0x00,0x00,0x00,
1032                  0x00,0x48,0x00,
1033                  0x01,0x80,0x00,
1034                  0x13,0x0c,0x00,
1035                  0x24,0x22,0x22,
1036                  0x48,0x21,0x48,
1037                  0x00,0x00,0x00,
1038                  0x00,0x00,0x00,
1039                  
C51 COMPILER V8.12   TFONT_JAPANESE                                                        09/16/2026 20:29:13 PAGE 18  

1040                  //========Address -- (5e),
1041                  0x00,0x00,0x00,
1042                  0x00,0x00,0x00,
1043                  0x70,0xf0,0xe2,
1044                  0x00,0x00,0x48,
1045                  0x10,0x1a,0x00,
1046                  0x00,0x42,0x00,
1047                  0x00,0x20,0x00,
1048                  0x00,0x00,0x00,
1049                  0x00,0x00,0x00,
1050                  
1051                  //========Address -- (5f),
1052                  0x00,0x00,0x00,
1053                  0x00,0x00,0x00,
1054                  0x03,0x0f,0x0c,
1055                  0x00,0x00,0x00,
1056                  0x00,0x00,0x00,
1057                  0x00,0x00,0x00,
1058                  0x70,0xf0,0xe0,
1059                  0x00,0x00,0x00,
1060                  0x00,0x00,0x00,
1061                  
1062                  //========Address -- (60),
1063                  0x00,0x00,0x00,
1064                  0x02,0x07,0x0e,
1065                  0xf2,0xa1,0x24,
1066                  0xfa,0x8b,0x86,
1067                  0xfa,0x88,0x08,
1068                  0xf2,0xb0,0xe8,
1069                  0xf2,0x87,0x8e,
1070                  0x00,0x00,0x00,
1071                  0x00,0x00,0x00,
1072                  
1073                  //========Address -- (61),
1074                  0x00,0x00,0x00,
1075                  0x04,0x01,0x04,
1076                  0x20,0x1f,0x0e,
1077                  0x84,0x8e,0x88,
1078                  0x00,0x8e,0x8a,
1079                  0x44,0xae,0xa4,
1080                  0x99,0x01,0xc2,
1081                  0x00,0x00,0x00,
1082                  0x00,0x00,0x00,
1083                  
1084                  //========Address -- (62),
1085                  0x00,0x00,0x00,
1086                  0x00,0x00,0x00,
1087                  0x00,0x00,0x88,
1088                  0x00,0x01,0x80,
1089                  0x00,0x12,0x00,
1090                  0x00,0x48,0x00,
1091                  0x30,0x00,0x00,
1092                  0x00,0x00,0x00,
1093                  0x00,0x00,0x00,
1094                  
1095                  //========Address -- (63),
1096                  0x00,0x00,0x00,
1097                  0x00,0x00,0x0a,
1098                  0x22,0x01,0xa0,
1099                  0xf2,0xf1,0xc0,
1100                  0x22,0x11,0x00,
1101                  0x00,0x11,0x00,
C51 COMPILER V8.12   TFONT_JAPANESE                                                        09/16/2026 20:29:13 PAGE 19  

1102                  0x01,0x2c,0x00,
1103                  0x00,0x00,0x00,
1104                  0x00,0x00,0x00,
1105                  
1106                  //========Address -- (64),
1107                  0x00,0x00,0x00,
1108                  0x00,0x08,0x00,
1109                  0x00,0x8f,0x0c,
1110                  0x12,0x00,0x44,
1111                  0x40,0x00,0x88,
1112                  0x00,0x12,0x00,
1113                  0x03,0xc0,0x00,
1114                  0x00,0x00,0x00,
1115                  0x00,0x00,0x00,
1116                  
1117                  //========Address -- (65),
1118                  0x00,0x00,0x00,
1119                  0x00,0x00,0x00,
1120                  0x30,0x08,0x00,
1121                  0x06,0x00,0x22,
1122                  0x10,0x00,0x48,
1123                  0x00,0x12,0x00,
1124                  0x03,0xc0,0x00,
1125                  0x00,0x00,0x00,
1126                  0x00,0x00,0x00,
1127                  
1128                  //========Address -- (66),
1129                  0x00,0x00,0x00,
1130                  0x00,0x00,0x00,
1131                  0x00,0x08,0x00,
1132                  0x00,0x8f,0x08,
1133                  0x30,0x89,0x80,
1134                  0x00,0x44,0x00,
1135                  0x00,0x40,0x00,
1136                  0x00,0x00,0x00,
1137                  0x00,0x00,0x00,
1138                  
1139                  //========Address -- (67),
1140                  0x00,0x00,0x00,
1141                  0x00,0x00,0x04,
1142                  0x00,0x00,0xa4,
1143                  0x70,0xf0,0xc4,
1144                  0x00,0x00,0x48,
1145                  0x00,0x01,0x80,
1146                  0x03,0x68,0x00,
1147                  0x00,0x00,0x00,
1148                  0x00,0x00,0x00,
1149                  
1150                  //========Address -- (68),
1151                  0x00,0x00,0x00,
1152                  0x00,0x02,0x00,
1153                  0x03,0x2f,0x0c,
1154                  0x00,0x01,0x80,
1155                  0x00,0x2e,0x0c,
1156                  0x70,0x22,0x20,
1157                  0x00,0x22,0x00,
1158                  0x00,0x00,0x00,
1159                  0x00,0x00,0x00,
1160                  
1161                  //========Address -- (69),
1162                  0x00,0x00,0x00,
1163                  0x00,0x00,0x00,
C51 COMPILER V8.12   TFONT_JAPANESE                                                        09/16/2026 20:29:13 PAGE 20  

1164                  0x10,0xe1,0x08,
1165                  0x01,0x0c,0x00,
1166                  0x00,0x30,0x00,
1167                  0x03,0x0c,0x00,
1168                  0x00,0x30,0x80,
1169                  0x00,0x00,0x00,
1170                  0x00,0x00,0x00,
1171                  
1172                  //========Address -- (6a),
1173                  0x00,0x00,0x00,
1174                  0x00,0x00,0x00,
1175                  0x00,0x00,0x00,
1176                  0x10,0xf1,0x00,
1177                  0x00,0x11,0x00,
1178                  0x30,0xf0,0xc0,
1179                  0x00,0x00,0x00,
1180                  0x00,0x00,0x00,
1181                  0x00,0x00,0x00,
1182                  
1183                  //========Address -- (6b),
1184                  0x00,0x00,0x00,
1185                  0x00,0x08,0x0a,
1186                  0x00,0x88,0xa0,
1187                  0x70,0xf8,0xc4,
1188                  0x00,0x88,0x44,
1189                  0x11,0x00,0x44,
1190                  0x24,0x03,0x48,
1191                  0x00,0x00,0x00,
1192                  0x00,0x00,0x00,
1193                  
1194                  //========Address -- (6c),
1195                  0x00,0x00,0x00,
1196                  0x02,0x00,0x0a,
1197                  0x22,0x0f,0x8e,
1198                  0xf2,0x0e,0x8a,
1199                  0x22,0xae,0xac,
1200                  0x3c,0x06,0x4c,
1201                  0x10,0x92,0x42,
1202                  0x00,0x00,0x00,
1203                  0x00,0x00,0x00,
1204                  
1205                  //========Address -- (6d),
1206                  0x00,0x00,0x00,
1207                  0x02,0x04,0x00,
1208                  0x58,0x47,0x0c,
1209                  0x75,0x87,0x44,
1210                  0x75,0x17,0x44,
1211                  0x74,0x45,0x48,
1212                  0x7c,0x47,0x2e,
1213                  0x00,0x00,0x00,
1214                  0x00,0x00,0x00,
1215                  
1216                  //========Address -- (6e),
1217                  0x00,0x00,0x00,
1218                  0x00,0x0c,0x00,
1219                  0x71,0x01,0x0e,
1220                  0xf1,0xd1,0x22,
1221                  0x33,0x95,0x22,
1222                  0x59,0x11,0x22,
1223                  0x11,0x10,0xe0,
1224                  0x00,0x00,0x00,
1225                  0x00,0x00,0x00,
C51 COMPILER V8.12   TFONT_JAPANESE                                                        09/16/2026 20:29:13 PAGE 21  

1226                  
1227                  //========Address -- (6f),
1228                  0x00,0x00,0x00,
1229                  0x00,0x00,0x00,
1230                  0x74,0xf0,0xc4,
1231                  0x44,0x00,0x44,
1232                  0x44,0x00,0x44,
1233                  0x47,0x0f,0x4c,
1234                  0x40,0x00,0x40,
1235                  0x00,0x00,0x00,
1236                  0x00,0x00,0x00,
1237                  
1238                  //========Address -- (70),
1239                  0x00,0x00,0x00,
1240                  0x0f,0x07,0x0c,
1241                  0x99,0x22,0x44,
1242                  0xf9,0x40,0x80,
1243                  0x99,0x74,0xc4,
1244                  0xf0,0x70,0xc0,
1245                  0x58,0x29,0x42,
1246                  0x00,0x00,0x00,
1247                  0x00,0x00,0x00,
1248                  
1249                  //========Address -- (71),
1250                  0x00,0x00,0x00,
1251                  0x02,0x01,0x00,
1252                  0x2f,0x19,0x00,
1253                  0x58,0x39,0xe2,
1254                  0x15,0x11,0x22,
1255                  0x32,0x1a,0x22,
1256                  0x48,0x24,0x2c,
1257                  0x00,0x00,0x00,
1258                  0x00,0x00,0x00,
1259                  
1260                  //========Address -- (72),
1261                  0x00,0x00,0x00,
1262                  0x03,0x0f,0x08,
1263                  0x23,0x4f,0x88,
1264                  0x23,0x4f,0x88,
1265                  0x0f,0x4f,0x0e,
1266                  0x03,0xe5,0x08,
1267                  0xc0,0x44,0x60,
1268                  0x00,0x00,0x00,
1269                  0x00,0x00,0x00,
1270                  
1271                  //========Address -- (73),
1272                  0x00,0x00,0x00,
1273                  0x00,0x04,0x00,
1274                  0x00,0x74,0xc0,
1275                  0x03,0x4f,0x08,
1276                  0x22,0x00,0x88,
1277                  0x30,0xf0,0x80,
1278                  0x58,0x29,0x42,
1279                  0x00,0x00,0x00,
1280                  0x00,0x00,0x00,
1281                  
1282                  //========Address -- (74),
1283                  0x00,0x00,0x00,
1284                  0x04,0x00,0x0a,
1285                  0x20,0x0f,0x8e,
1286                  0x84,0x8e,0x88,
1287                  0x00,0x8a,0xaa,
C51 COMPILER V8.12   TFONT_JAPANESE                                                        09/16/2026 20:29:13 PAGE 22  

1288                  0x44,0xfa,0x44,
1289                  0x99,0x25,0xa2,
1290                  0x00,0x00,0x00,
1291                  0x00,0x00,0x00,
1292                  
1293                  //========Address -- (75),
1294                  0x00,0x00,0x00,
1295                  0x00,0x00,0x00,
1296                  0x30,0xf0,0xc0,
1297                  0x07,0x0f,0x0e,
1298                  0x00,0x22,0x00,
1299                  0x00,0x22,0x00,
1300                  0x01,0x48,0x00,
1301                  0x00,0x00,0x00,
1302                  0x00,0x00,0x00,
1303                  
1304                  //========Address -- (76),
1305                  0x00,0x00,0x00,
1306                  0x00,0x04,0x00,
1307                  0x00,0x44,0x00,
1308                  0x70,0xf4,0xc0,
1309                  0x0f,0x4f,0x0e,
1310                  0x00,0x22,0x00,
1311                  0x00,0x22,0x00,
1312                  0x00,0x00,0x00,
1313                  0x00,0x00,0x00,
1314                  
1315                  //========Address -- (77),
1316                  0x00,0x00,0x00,
1317                  0x00,0x00,0x00,
1318                  0x22,0x11,0x00,
1319                  0x2f,0x1f,0x0e,
1320                  0x22,0x11,0x00,
1321                  0x22,0x60,0x00,
1322                  0x21,0x0f,0x08,
1323                  0x00,0x00,0x00,
1324                  0x00,0x00,0x00,
1325                  
1326                  //========Address -- (78),
1327                  0x00,0x00,0x00,
1328                  0x07,0x0b,0x0c,
1329                  0x47,0x2f,0x0e,
1330                  0x9b,0x2f,0x48,
1331                  0x23,0x0f,0x88,
1332                  0x23,0x0f,0x88,
1333                  0x24,0x00,0x84,
1334                  0x00,0x00,0x00,
1335                  0x00,0x00,0x00,
1336                  
1337                  //========Address -- (79),
1338                  0x00,0x00,0x00,
1339                  0x04,0x02,0x00,
1340                  0x7a,0xb4,0xe8,
1341                  0x07,0x0b,0x0e,
1342                  0x47,0xaa,0x22,
1343                  0x45,0x22,0x26,
1344                  0xe0,0xa2,0x00,
1345                  0x00,0x00,0x00,
1346                  0x00,0x00,0x00,
1347                  
1348                  //========Address -- (7a),
1349                  0x00,0x00,0x00,
C51 COMPILER V8.12   TFONT_JAPANESE                                                        09/16/2026 20:29:13 PAGE 23  

1350                  0x00,0x00,0x00,
1351                  0x70,0xf0,0xe2,
1352                  0x00,0x04,0x48,
1353                  0x00,0x54,0x00,
1354                  0x00,0x48,0x00,
1355                  0x01,0x80,0x00,
1356                  0x00,0x00,0x00,
1357                  0x00,0x00,0x00,
1358                  
1359                  //========Address -- (7b),
1360                  0x00,0x00,0x00,
1361                  0x00,0x00,0x00,
1362                  0x00,0x00,0x04,
1363                  0x01,0xc2,0xa4,
1364                  0x24,0x10,0x08,
1365                  0x00,0x00,0x42,
1366                  0x00,0x00,0x00,
1367                  0x00,0x00,0x00,
1368                  0x00,0x00,0x00,
1369                  
1370                  //========Address -- (7c),
1371                  0x00,0x00,0x00,
1372                  0x04,0x02,0x00,
1373                  0x44,0x22,0x00,
1374                  0x47,0x2b,0x2c,
1375                  0x44,0x22,0x00,
1376                  0x44,0x2a,0x00,
1377                  0x7c,0x23,0x2e,
1378                  0x00,0x00,0x00,
1379                  0x00,0x00,0x00,
1380                  
1381                  //========Address -- (7d),
1382                  0x00,0x00,0x00,
1383                  0x07,0x0f,0x0c,
1384                  0x0f,0x4f,0x0e,
1385                  0xb8,0x54,0xa2,
1386                  0x32,0xf4,0x88,
1387                  0x32,0xf4,0x88,
1388                  0x30,0xf4,0x82,
1389                  0x00,0x30,0xe0,
1390                  0x00,0x00,0x00,
1391                  
1392                  //========Address -- (7e),
1393                  0x00,0x00,0x00,
1394                  0x09,0x0f,0x0e,
1395                  0x51,0x27,0x0c,
1396                  0x95,0x47,0x4c,
1397                  0x11,0x47,0x4c,
1398                  0x55,0x15,0x04,
1399                  0xaa,0x93,0x20,
1400                  0x00,0x00,0x00,
1401                  0x00,0x00,0x00,
1402                  
1403                  //========Address -- (7f),
1404                  0x00,0x00,0x00,
1405                  0x00,0x00,0x08,
1406                  0x44,0x10,0x48,
1407                  0x47,0x3c,0x00,
1408                  0x44,0x00,0x00,
1409                  0x44,0x00,0x00,
1410                  0x43,0x0f,0x08,
1411                  0x00,0x00,0x00,
C51 COMPILER V8.12   TFONT_JAPANESE                                                        09/16/2026 20:29:13 PAGE 24  

1412                  0x00,0x00,0x00,
1413                  
1414                  //========Address -- (80),
1415                  0x00,0x00,0x00,
1416                  0x00,0x00,0x00,
1417                  0x03,0x1e,0xc0,
1418                  0x00,0x22,0x00,
1419                  0x70,0xf2,0xe0,
1420                  0x00,0x22,0x00,
1421                  0x01,0x48,0x00,
1422                  0x00,0x00,0x00,
1423                  0x00,0x00,0x00,
1424                  
1425                  //========Address -- (81),
1426                  0x00,0x00,0x00,
1427                  0x0f,0x0f,0x0e,
1428                  0x00,0x88,0x00,
1429                  0xf9,0xf1,0xe2,
1430                  0x99,0xf1,0x22,
1431                  0x99,0xf1,0x22,
1432                  0x9f,0x1f,0x2e,
1433                  0x00,0x00,0x00,
1434                  0x00,0x00,0x00,
1435                  
1436                  //========Address -- (82),
1437                  0x00,0x00,0x00,
1438                  0x00,0x04,0x00,
1439                  0x07,0x4f,0x0c,
1440                  0x00,0x44,0x00,
1441                  0x11,0x54,0x08,
1442                  0x24,0x44,0x44,
1443                  0x00,0x44,0x00,
1444                  0x00,0x00,0x00,
1445                  0x00,0x00,0x00,
1446                  
1447                  //========Address -- (83),
1448                  0x00,0x00,0x00,
1449                  0x00,0x04,0x00,
1450                  0x24,0x45,0x84,
1451                  0x81,0x68,0x20,
1452                  0xf2,0xf0,0xc4,
1453                  0x32,0xf0,0xc4,
1454                  0x32,0xf0,0xc4,
1455                  0x30,0xf0,0xc0,
1456                  0x00,0x00,0x00,
1457                  
1458                  //========Address -- (84),
1459                  0x00,0x00,0x00,
1460                  0x00,0x00,0x00,
1461                  0x00,0x00,0x00,
1462                  0x30,0xf4,0x80,
1463                  0x00,0x44,0x00,
1464                  0x07,0x4f,0x0c,
1465                  0x00,0x00,0x00,
1466                  0x00,0x00,0x00,
1467                  0x00,0x00,0x00,
1468                  
1469                  //========Address -- (85),
1470                  0x00,0x00,0x00,
1471                  0x00,0x00,0x00,
1472                  0x42,0x00,0x44,
1473                  0x20,0x00,0x44,
C51 COMPILER V8.12   TFONT_JAPANESE                                                        09/16/2026 20:29:13 PAGE 25  

1474                  0x00,0x00,0x88,
1475                  0x00,0x12,0x00,
1476                  0x03,0xc0,0x00,
1477                  0x00,0x00,0x00,
1478                  0x00,0x00,0x00,
1479                  
1480                  //========Address -- (86),
1481                  0x00,0x00,0x00,
1482                  0x02,0x00,0x0c,
1483                  0x24,0xf9,0x00,
1484                  0x4c,0x9f,0x0e,
1485                  0x44,0x99,0x00,
1486                  0x44,0x8e,0x8a,
1487                  0x44,0x0f,0x62,
1488                  0x00,0x00,0x00,
1489                  0x00,0x00,0x00,
1490                  
1491                  //========Address -- (87),
1492                  0x00,0x00,0x00,
1493                  0x00,0x04,0x00,
1494                  0xf1,0xf1,0xe0,
1495                  0x10,0xf0,0x00,
1496                  0xf8,0xf0,0xe2,
1497                  0x99,0xf1,0x22,
1498                  0x98,0xf0,0x26,
1499                  0x00,0x00,0x00,
1500                  0x00,0x00,0x00,
1501                  
1502                  //========Address -- (88),
1503                  0x00,0x00,0x00,
1504                  0x01,0x0c,0x04,
1505                  0xe2,0x04,0x48,
1506                  0x94,0x58,0x22,
1507                  0x1f,0x0c,0x48,
1508                  0x13,0x18,0x02,
1509                  0x59,0x40,0x48,
1510                  0x10,0x30,0x00,
1511                  0x00,0x00,0x00,
1512                  
1513                  //========Address -- (89),
1514                  0x00,0x00,0x00,
1515                  0x00,0x02,0x00,
1516                  0x74,0xf8,0xe8,
1517                  0x74,0xf8,0xe8,
1518                  0x44,0xf0,0x80,
1519                  0x54,0xf8,0xc4,
1520                  0x44,0x43,0x80,
1521                  0x90,0xc0,0xe0,
1522                  0x00,0x00,0x00,
1523                  
1524                  
1525          
1526          };
1527          
1528          BYTE GetStringPropExtend_JAPANESE(DWORD index)
1529          {
1530   1              return  tFONT_JAPANESE[index];
1531   1      }
1532          
1533          #endif
1534          

C51 COMPILER V8.12   TFONT_JAPANESE                                                        09/16/2026 20:29:13 PAGE 26  


MODULE INFORMATION:   STATIC OVERLAYABLE
   CODE SIZE        =     14    ----
   CONSTANT SIZE    =   3726    ----
   XDATA SIZE       =   ----    ----
   PDATA SIZE       =   ----    ----
   DATA SIZE        =   ----    ----
   IDATA SIZE       =   ----    ----
   BIT SIZE         =   ----    ----
END OF MODULE INFORMATION.


C51 COMPILATION COMPLETE.  0 WARNING(S),  0 ERROR(S)
