C51 COMPILER V8.12   TFONT_CHINESE_S                                                       09/16/2026 20:29:12 PAGE 1   


C51 COMPILER V8.12, COMPILATION OF MODULE TFONT_CHINESE_S
OBJECT MODULE PLACED IN .\Output\RL6432_Project\tFONT_CHINESE_S.obj
COMPILER INVOKED BY: c:\Keil\C51\BIN\C51.EXE User\RTD Series\RTD2014Osd\Code\tFONT_CHINESE_S.C LARGE OPTIMIZE(9,SPEED) I
                    -NCDIR(.\Output\RL6432;.\Project\Header;.\Pcb;.\Panel;.\Kernel\Device\Header;.\Kernel\Common;.\Kernel\System\Header;.\Ker
                    -nel\Scaler\ScalerFunction\Header;.\Kernel\Scaler\ScalerCommonFunction\Header;.\Kernel\Scaler\ScalerFunction\Lib\Header;.
                    -\Kernel\Scaler\ScalerCommonFunction\Lib\Header;.\Kernel\Scaler\RL6432_Series_Scaler\Header;.\Kernel\Scaler\RL6432_Series
                    -_Common\Header;.\Kernel\Scaler\RL6432_Series_Scaler\Lib\Header;.\Kernel\Scaler\RL6432_Series_Common\Lib\Header;.\Kernel\
                    -User Common Function\Header;.\User\RTD Series\RTD2014Function\Header;.\User\RTD Series\RTD2014Osd\Header;.\User\RTD Fact
                    -ory\Header;.\User\None Series\NoneFunction\Header;.\User\None Series\NoneOsd\Header;.\User\None Factory\Header) DEFINE(_
                    -PROJECT=_RL6432_PROJECT,_SCALER_TYPE=_RL6432_SERIES) DEBUG OBJECTEXTEND PRINT(.\Output\RL6432_Project\tFONT_CHINESE_S.ls
                    -t) OBJECT(.\Output\RL6432_Project\tFONT_CHINESE_S.obj)

line level    source

   1          #include "UserCommonInclude.h"
   2          #if _MEW_FONT
   3          
   4          BYTE code tFONT_CHINESE_S[]=
   5          {
   6                  //========Address -- (00),
   7                  0x00,0x00,0x00,
   8                  0x00,0x00,0x00,
   9                  0x00,0x00,0x00,
  10                  0x00,0x00,0x00,
  11                  0x00,0x00,0x00,
  12                  0x00,0x00,0x00,
  13                  0x00,0x00,0x00,
  14                  0x00,0x00,0x00,
  15                  0x00,0x00,0x00,
  16                  
  17                  //========Address -- (01),
  18                  0x00,0x00,0x00,
  19                  0x0f,0x0f,0x0e,
  20                  0x00,0x22,0x00,
  21                  0x00,0x4d,0x00,
  22                  0x12,0x44,0x84,
  23                  0xc0,0x44,0x20,
  24                  0x00,0x44,0x00,
  25                  0x00,0x00,0x00,
  26                  0x00,0x00,0x00,
  27                  
  28                  //========Address -- (02),
  29                  0x00,0x00,0x00,
  30                  0x00,0x44,0x00,
  31                  0xf0,0xf4,0xe0,
  32                  0x07,0x4f,0x0c,
  33                  0x21,0x00,0x48,
  34                  0x00,0x96,0x00,
  35                  0x1e,0x90,0x86,
  36                  0x00,0x00,0x00,
  37                  0x00,0x00,0x00,
  38                  
  39                  //========Address -- (03),
  40                  0x00,0x00,0x00,
  41                  0x22,0x11,0x00,
  42                  0x2f,0x71,0xc0,
  43                  0x22,0xf0,0xe8,
  44                  0x3e,0x70,0xe8,
  45                  0x22,0x42,0x88,
  46                  0x26,0x03,0x88,
  47                  0x00,0x00,0x00,
C51 COMPILER V8.12   TFONT_CHINESE_S                                                       09/16/2026 20:29:12 PAGE 2   

  48                  0x00,0x00,0x00,
  49                  
  50                  //========Address -- (04),
  51                  0x00,0x00,0x00,
  52                  0xf8,0xba,0xe2,
  53                  0x88,0xab,0x2e,
  54                  0xf8,0xaa,0x22,
  55                  0x88,0xba,0xe2,
  56                  0xf8,0xa2,0x22,
  57                  0x00,0x48,0x2e,
  58                  0x00,0x00,0x00,
  59                  0x00,0x00,0x00,
  60                  
  61                  //========Address -- (05),
  62                  0x00,0x00,0x00,
  63                  0x0f,0x4f,0x0e,
  64                  0x03,0x0f,0x08,
  65                  0x23,0x0f,0x88,
  66                  0x0f,0x0f,0x0e,
  67                  0x83,0x0f,0x20,
  68                  0x2c,0x10,0x2e,
  69                  0x00,0x00,0x00,
  70                  0x00,0x00,0x00,
  71                  
  72                  //========Address -- (06),
  73                  0x00,0x00,0x00,
  74                  0x07,0x2f,0x0e,
  75                  0x47,0x8f,0x8e,
  76                  0x44,0x8f,0x88,
  77                  0x45,0x0f,0x0c,
  78                  0x44,0x84,0x48,
  79                  0x49,0x3c,0x0e,
  80                  0x00,0x00,0x00,
  81                  0x00,0x00,0x00,
  82                  
  83                  //========Address -- (07),
  84                  0x00,0x00,0x00,
  85                  0xf8,0xf8,0xe2,
  86                  0x9b,0xf1,0x22,
  87                  0x8f,0xe1,0x2e,
  88                  0x88,0xc2,0x22,
  89                  0x98,0x86,0x22,
  90                  0xf8,0xf0,0xe2,
  91                  0x00,0x00,0x00,
  92                  0x00,0x00,0x00,
  93                  
  94                  //========Address -- (08),
  95                  0x00,0x00,0x00,
  96                  0x22,0x8f,0x08,
  97                  0x57,0x0f,0x8c,
  98                  0xd5,0x2f,0x4c,
  99                  0x45,0x4a,0x04,
 100                  0x45,0x5b,0x84,
 101                  0x45,0x5b,0x20,
 102                  0x00,0x00,0x00,
 103                  0x00,0x00,0x00,
 104                  
 105                  //========Address -- (09),
 106                  0x00,0x00,0x00,
 107                  0x42,0x74,0x88,
 108                  0x00,0x44,0x88,
 109                  0xe2,0x80,0x60,
C51 COMPILER V8.12   TFONT_CHINESE_S                                                       09/16/2026 20:29:12 PAGE 3   

 110                  0x22,0xf4,0xc4,
 111                  0x23,0x21,0x80,
 112                  0x20,0x2c,0x86,
 113                  0x00,0x00,0x00,
 114                  0x00,0x00,0x00,
 115                  
 116                  //========Address -- (0a),
 117                  0x00,0x00,0x00,
 118                  0x74,0xfa,0xc4,
 119                  0x70,0xf4,0xc0,
 120                  0xf0,0xf4,0xe0,
 121                  0x32,0xf0,0x88,
 122                  0x22,0x04,0x88,
 123                  0x2f,0x4f,0x8e,
 124                  0x00,0x00,0x00,
 125                  0x00,0x00,0x00,
 126                  
 127                  //========Address -- (0b),
 128                  0x00,0x00,0x00,
 129                  0x17,0x3c,0xe8,
 130                  0x21,0x93,0x0e,
 131                  0x74,0xea,0x2a,
 132                  0x74,0x2a,0xaa,
 133                  0x74,0x24,0xa8,
 134                  0x4b,0x92,0x42,
 135                  0x00,0x00,0x00,
 136                  0x00,0x00,0x00,
 137                  
 138                  //========Address -- (0c),
 139                  0x00,0x00,0x00,
 140                  0x13,0x0f,0x08,
 141                  0x48,0x01,0x80,
 142                  0x74,0xf4,0xc4,
 143                  0x47,0x4f,0x4c,
 144                  0x44,0x00,0x02,
 145                  0x43,0x0f,0x2e,
 146                  0x00,0x00,0x00,
 147                  0x00,0x00,0x00,
 148                  
 149                  //========Address -- (0d),
 150                  0x00,0x00,0x00,
 151                  0x00,0x84,0x00,
 152                  0xf8,0xf0,0xe2,
 153                  0x0f,0x0f,0x0e,
 154                  0x02,0x44,0x00,
 155                  0x22,0x74,0xc0,
 156                  0x58,0x4f,0x0e,
 157                  0x00,0x00,0x00,
 158                  0x00,0x00,0x00,
 159                  
 160                  //========Address -- (0e),
 161                  0x00,0x00,0x00,
 162                  0x07,0x3c,0xc0,
 163                  0x0f,0x4f,0x0e,
 164                  0x47,0x4f,0x4c,
 165                  0x47,0x4f,0x4c,
 166                  0x07,0x4f,0x0c,
 167                  0x0f,0x4f,0x0e,
 168                  0x00,0x00,0x00,
 169                  0x00,0x00,0x00,
 170                  
 171                  //========Address -- (0f),
C51 COMPILER V8.12   TFONT_CHINESE_S                                                       09/16/2026 20:29:12 PAGE 4   

 172                  0x00,0x00,0x00,
 173                  0x22,0x00,0x88,
 174                  0xf2,0xf0,0xe8,
 175                  0x32,0xf0,0x88,
 176                  0x32,0xf0,0x88,
 177                  0xf0,0xf0,0xe0,
 178                  0x24,0x00,0x84,
 179                  0x00,0x00,0x00,
 180                  0x00,0x00,0x00,
 181                  
 182                  //========Address -- (10),
 183                  0x00,0x00,0x00,
 184                  0x11,0x11,0x00,
 185                  0x22,0x55,0x6a,
 186                  0x6a,0x7d,0x22,
 187                  0x22,0x55,0x26,
 188                  0x22,0x54,0x02,
 189                  0x22,0x43,0x2e,
 190                  0x00,0x00,0x00,
 191                  0x00,0x00,0x00,
 192                  
 193                  //========Address -- (11),
 194                  0x00,0x00,0x00,
 195                  0x00,0x00,0x44,
 196                  0xf0,0x8b,0x4e,
 197                  0x08,0x88,0x44,
 198                  0x55,0x21,0x44,
 199                  0x25,0x10,0x44,
 200                  0x48,0x89,0x4c,
 201                  0x00,0x00,0x00,
 202                  0x00,0x00,0x00,
 203                  
 204                  //========Address -- (12),
 205                  0x00,0x00,0x00,
 206                  0x44,0x22,0x00,
 207                  0x44,0x22,0x24,
 208                  0x74,0xa3,0x80,
 209                  0x44,0x22,0x00,
 210                  0x45,0xa2,0x02,
 211                  0x64,0x21,0x2e,
 212                  0x00,0x00,0x00,
 213                  0x00,0x00,0x00,
 214                  
 215                  //========Address -- (13),
 216                  0x00,0x00,0x00,
 217                  0x22,0x1f,0x0e,
 218                  0x3a,0x17,0x0c,
 219                  0xaa,0x1f,0x0e,
 220                  0xa2,0x47,0x4c,
 221                  0x22,0x47,0x4c,
 222                  0x22,0x44,0x4c,
 223                  0x00,0x00,0x00,
 224                  0x00,0x00,0x00,
 225                  
 226                  //========Address -- (14),
 227                  0x00,0x00,0x00,
 228                  0x32,0xf0,0x88,
 229                  0x32,0xf0,0x88,
 230                  0x30,0xf4,0x80,
 231                  0xf2,0xf0,0xe8,
 232                  0x30,0xf4,0x80,
 233                  0x24,0x4c,0x84,
C51 COMPILER V8.12   TFONT_CHINESE_S                                                       09/16/2026 20:29:12 PAGE 5   

 234                  0x00,0x00,0x00,
 235                  0x00,0x00,0x00,
 236                  
 237                  //========Address -- (15),
 238                  0x00,0x00,0x00,
 239                  0x22,0x2f,0x8e,
 240                  0x2f,0x27,0x8c,
 241                  0x26,0x47,0x4c,
 242                  0x7a,0x47,0x4c,
 243                  0x22,0x1f,0x0e,
 244                  0x22,0x2c,0x86,
 245                  0x00,0x00,0x00,
 246                  0x00,0x00,0x00,
 247                  
 248                  //========Address -- (16),
 249                  0x00,0x00,0x00,
 250                  0x00,0x11,0x42,
 251                  0x0f,0x1f,0x0e,
 252                  0x00,0x11,0x00,
 253                  0x71,0xd1,0x00,
 254                  0x11,0x00,0x8a,
 255                  0x1e,0xe0,0x62,
 256                  0x00,0x00,0x00,
 257                  0x00,0x00,0x00,
 258                  
 259                  //========Address -- (17),
 260                  0x00,0x00,0x00,
 261                  0x22,0x07,0x0c,
 262                  0x2f,0x00,0x00,
 263                  0x26,0xf1,0xe0,
 264                  0x7a,0x15,0x04,
 265                  0x22,0x59,0x22,
 266                  0x22,0x13,0x00,
 267                  0x00,0x00,0x00,
 268                  0x00,0x00,0x00,
 269                  
 270                  //========Address -- (18),
 271                  0x00,0x00,0x00,
 272                  0x00,0x54,0x08,
 273                  0x84,0xf9,0xe0,
 274                  0x12,0x9f,0x0c,
 275                  0x00,0x99,0x00,
 276                  0x24,0xf9,0xc0,
 277                  0x80,0x9f,0x0e,
 278                  0x00,0x00,0x00,
 279                  0x00,0x00,0x00,
 280                  
 281                  //========Address -- (19),
 282                  0x00,0x00,0x00,
 283                  0x00,0x88,0x00,
 284                  0xf8,0xf8,0x88,
 285                  0x8f,0x8f,0x88,
 286                  0x88,0x88,0x88,
 287                  0xf8,0xf8,0x82,
 288                  0x00,0x87,0x2e,
 289                  0x00,0x00,0x00,
 290                  0x00,0x00,0x00,
 291                  
 292                  //========Address -- (1a),
 293                  0x00,0x00,0x00,
 294                  0x74,0xc4,0x22,
 295                  0x74,0xc4,0x48,
C51 COMPILER V8.12   TFONT_CHINESE_S                                                       09/16/2026 20:29:12 PAGE 6   

 296                  0x71,0xc0,0x22,
 297                  0xf4,0xe4,0x48,
 298                  0x71,0xc0,0x22,
 299                  0x5b,0x42,0x48,
 300                  0x00,0x00,0x00,
 301                  0x00,0x00,0x00,
 302                  
 303                  //========Address -- (1b),
 304                  0x00,0x00,0x00,
 305                  0x18,0x19,0x00,
 306                  0x71,0xd2,0xe0,
 307                  0x19,0x1c,0xc4,
 308                  0x51,0x47,0x8e,
 309                  0x15,0x44,0x88,
 310                  0x92,0x4d,0x88,
 311                  0x00,0x00,0x00,
 312                  0x00,0x00,0x00,
 313                  
 314                  //========Address -- (1c),
 315                  0x00,0x00,0x00,
 316                  0x00,0x11,0x42,
 317                  0xf0,0x99,0x0e,
 318                  0x85,0xf1,0x04,
 319                  0x52,0x11,0x44,
 320                  0x25,0x01,0x8a,
 321                  0x58,0x24,0x62,
 322                  0x00,0x00,0x00,
 323                  0x00,0x00,0x00,
 324                  
 325                  //========Address -- (1d),
 326                  0x00,0x00,0x00,
 327                  0x11,0x0f,0xc0,
 328                  0x22,0x99,0x00,
 329                  0x6a,0x9f,0x0e,
 330                  0x22,0x99,0x00,
 331                  0x22,0xac,0xaa,
 332                  0x22,0xa1,0x62,
 333                  0x00,0x00,0x00,
 334                  0x00,0x00,0x00,
 335                  
 336                  //========Address -- (1e),
 337                  0x00,0x00,0x00,
 338                  0x04,0x44,0x04,
 339                  0x21,0x45,0x80,
 340                  0x0f,0x4f,0x0e,
 341                  0x11,0x11,0x00,
 342                  0x12,0x11,0x02,
 343                  0x48,0x10,0x2e,
 344                  0x00,0x00,0x00,
 345                  0x00,0x00,0x00,
 346                  
 347                  //========Address -- (1f),
 348                  0x00,0x00,0x00,
 349                  0x00,0x44,0x00,
 350                  0x07,0x46,0x24,
 351                  0x11,0x65,0x80,
 352                  0x12,0x54,0x08,
 353                  0x24,0x44,0x84,
 354                  0x81,0x4c,0x20,
 355                  0x00,0x00,0x00,
 356                  0x00,0x00,0x00,
 357                  
C51 COMPILER V8.12   TFONT_CHINESE_S                                                       09/16/2026 20:29:12 PAGE 7   

 358                  //========Address -- (20),
 359                  0x00,0x00,0x00,
 360                  0x07,0x0f,0x0c,
 361                  0x04,0x44,0x04,
 362                  0x22,0x44,0x48,
 363                  0x0f,0x4f,0x0e,
 364                  0x00,0x44,0x00,
 365                  0x00,0x44,0x00,
 366                  0x00,0x00,0x00,
 367                  0x00,0x00,0x00,
 368                  
 369                  //========Address -- (21),
 370                  0x00,0x00,0x00,
 371                  0x22,0x21,0x00,
 372                  0x45,0x0f,0x0e,
 373                  0xc4,0x08,0x04,
 374                  0x44,0x84,0x44,
 375                  0x44,0x44,0x88,
 376                  0x45,0x1f,0x0e,
 377                  0x00,0x00,0x00,
 378                  0x00,0x00,0x00,
 379                  
 380                  //========Address -- (22),
 381                  0x00,0x00,0x00,
 382                  0x07,0x3c,0xc0,
 383                  0x07,0x4f,0x0c,
 384                  0x22,0x44,0x88,
 385                  0xf2,0xf4,0xe8,
 386                  0x27,0x4f,0x8c,
 387                  0x03,0x4f,0x08,
 388                  0x00,0x00,0x00,
 389                  0x00,0x00,0x00,
 390                  
 391                  //========Address -- (23),
 392                  0x00,0x00,0x00,
 393                  0x07,0x4f,0x0e,
 394                  0x03,0x4f,0x0c,
 395                  0x23,0x0f,0x4c,
 396                  0x23,0x0f,0x4c,
 397                  0x23,0x0f,0x4c,
 398                  0x27,0x0f,0x4e,
 399                  0x00,0x00,0x00,
 400                  0x00,0x00,0x00,
 401                  
 402                  //========Address -- (24),
 403                  0x00,0x00,0x00,
 404                  0x0f,0x00,0x44,
 405                  0x99,0x07,0x4e,
 406                  0x9f,0x00,0x44,
 407                  0x99,0x21,0x44,
 408                  0x9f,0x10,0x44,
 409                  0x90,0x01,0x4c,
 410                  0x00,0x00,0x00,
 411                  0x00,0x00,0x00,
 412                  
 413                  //========Address -- (25),
 414                  0x00,0x00,0x00,
 415                  0x44,0x00,0x88,
 416                  0x78,0x83,0x8e,
 417                  0x72,0xa2,0xaa,
 418                  0x2f,0x2b,0xae,
 419                  0x22,0x28,0xa8,
C51 COMPILER V8.12   TFONT_CHINESE_S                                                       09/16/2026 20:29:12 PAGE 8   

 420                  0x32,0x00,0x88,
 421                  0x00,0x00,0x00,
 422                  0x00,0x00,0x00,
 423                  
 424                  //========Address -- (26),
 425                  0x00,0x00,0x00,
 426                  0x22,0x07,0x0e,
 427                  0x2f,0x44,0x22,
 428                  0x26,0x74,0xe2,
 429                  0x7a,0x47,0x2e,
 430                  0x22,0x44,0x22,
 431                  0x22,0x74,0xe2,
 432                  0x00,0x00,0x00,
 433                  0x00,0x00,0x00,
 434                  
 435                  //========Address -- (27),
 436                  0x00,0x00,0x00,
 437                  0x23,0x0e,0x22,
 438                  0x44,0x88,0xaa,
 439                  0xc5,0xe2,0xaa,
 440                  0x56,0x2a,0xaa,
 441                  0x44,0x44,0xa2,
 442                  0x45,0x80,0x2e,
 443                  0x00,0x00,0x00,
 444                  0x00,0x00,0x00,
 445                  
 446                  //========Address -- (28),
 447                  0x00,0x00,0x00,
 448                  0x00,0x48,0x00,
 449                  0x74,0xf0,0xc4,
 450                  0x47,0x0f,0x4c,
 451                  0x44,0x00,0x44,
 452                  0x74,0xf0,0xc4,
 453                  0x47,0x0f,0x4c,
 454                  0x00,0x00,0x00,
 455                  0x00,0x00,0x00,
 456                  
 457                  //========Address -- (29),
 458                  0x00,0x00,0x00,
 459                  0x08,0xf8,0x88,
 460                  0x40,0xf8,0x88,
 461                  0x08,0xf0,0x80,
 462                  0x51,0xf5,0xc4,
 463                  0x35,0x55,0x44,
 464                  0x93,0x5f,0x4e,
 465                  0x00,0x00,0x00,
 466                  0x00,0x00,0x00,
 467                  
 468                  //========Address -- (2a),
 469                  0x00,0x00,0x00,
 470                  0x0e,0x0f,0x68,
 471                  0xaa,0xa5,0x24,
 472                  0xae,0xf1,0xe0,
 473                  0xaa,0xf2,0xe0,
 474                  0xae,0x7a,0xc4,
 475                  0xb0,0x1e,0x86,
 476                  0x00,0x00,0x00,
 477                  0x00,0x00,0x00,
 478                  
 479                  //========Address -- (2b),
 480                  0x00,0x00,0x00,
 481                  0x00,0x22,0x00,
C51 COMPILER V8.12   TFONT_CHINESE_S                                                       09/16/2026 20:29:12 PAGE 9   

 482                  0x84,0x58,0x08,
 483                  0x10,0x21,0x60,
 484                  0x00,0xf0,0xc4,
 485                  0x24,0x05,0x80,
 486                  0x80,0x21,0x00,
 487                  0x00,0x00,0x00,
 488                  0x00,0x00,0x00,
 489                  
 490                  //========Address -- (2c),
 491                  0x00,0x00,0x00,
 492                  0x00,0x42,0x00,
 493                  0x32,0xf0,0xe2,
 494                  0x22,0x00,0x22,
 495                  0x32,0xf0,0xe2,
 496                  0x24,0x00,0x00,
 497                  0x48,0x00,0x00,
 498                  0x00,0x00,0x00,
 499                  0x00,0x00,0x00,
 500                  
 501                  //========Address -- (2d),
 502                  0x00,0x00,0x00,
 503                  0x22,0x07,0x0c,
 504                  0x49,0x11,0x00,
 505                  0xe2,0x11,0x00,
 506                  0x4f,0x11,0x00,
 507                  0x03,0x11,0x00,
 508                  0xc0,0x1f,0x0e,
 509                  0x00,0x00,0x00,
 510                  0x00,0x00,0x00,
 511                  
 512                  //========Address -- (2e),
 513                  0x00,0x00,0x00,
 514                  0x22,0x70,0xc4,
 515                  0x49,0x70,0xc4,
 516                  0xe2,0xf1,0xe0,
 517                  0x4e,0x95,0x24,
 518                  0x02,0x35,0x84,
 519                  0xc0,0x93,0x20,
 520                  0x00,0x00,0x00,
 521                  0x00,0x00,0x00,
 522                  
 523                  //========Address -- (2f),
 524                  0x00,0x00,0x00,
 525                  0x2f,0x0f,0x8e,
 526                  0x21,0x02,0x80,
 527                  0x55,0x34,0xe8,
 528                  0x50,0x00,0x40,
 529                  0x74,0xfa,0xc4,
 530                  0x4f,0xaf,0x4e,
 531                  0x00,0x00,0x00,
 532                  0x00,0x00,0x00,
 533                  
 534                  //========Address -- (30),
 535                  0x00,0x00,0x00,
 536                  0x21,0x01,0x80,
 537                  0x07,0x0f,0x0c,
 538                  0x00,0x44,0x00,
 539                  0xf0,0xf4,0xe0,
 540                  0x01,0xa1,0x00,
 541                  0x2c,0x00,0x86,
 542                  0x00,0x00,0x00,
 543                  0x00,0x00,0x00,
C51 COMPILER V8.12   TFONT_CHINESE_S                                                       09/16/2026 20:29:12 PAGE 10  

 544                  
 545                  //========Address -- (31),
 546                  0x00,0x00,0x00,
 547                  0x42,0x07,0x0e,
 548                  0x04,0x02,0x22,
 549                  0x45,0x2f,0x2a,
 550                  0x44,0x26,0x22,
 551                  0x45,0xa2,0x22,
 552                  0x44,0x60,0x2e,
 553                  0x00,0x00,0x00,
 554                  0x00,0x00,0x00,
 555                  
 556                  //========Address -- (32),
 557                  0x00,0x00,0x00,
 558                  0x07,0x0f,0x0c,
 559                  0x11,0x11,0x00,
 560                  0x11,0x11,0x00,
 561                  0xf1,0xf1,0xe0,
 562                  0x12,0x11,0x00,
 563                  0x24,0x11,0x00,
 564                  0x00,0x00,0x00,
 565                  0x00,0x00,0x00,
 566                  
 567                  //========Address -- (33),
 568                  0x00,0x00,0x00,
 569                  0x00,0x42,0x00,
 570                  0x32,0xf0,0xe2,
 571                  0x23,0x0f,0x2e,
 572                  0x23,0x0f,0x0e,
 573                  0x35,0x00,0x22,
 574                  0x59,0xf0,0xe2,
 575                  0x00,0x00,0x00,
 576                  0x00,0x00,0x00,
 577                  
 578                  //========Address -- (34),
 579                  0x00,0x00,0x00,
 580                  0x84,0xf8,0xe2,
 581                  0x00,0x9b,0x2a,
 582                  0xc4,0x9f,0x2e,
 583                  0x44,0x8b,0x2a,
 584                  0x46,0xab,0xaa,
 585                  0x41,0x80,0x2e,
 586                  0x00,0x00,0x00,
 587                  0x00,0x00,0x00,
 588                  
 589                  //========Address -- (35),
 590                  0x00,0x00,0x00,
 591                  0x1f,0x1d,0x0e,
 592                  0x57,0x6d,0x44,
 593                  0x35,0x85,0x84,
 594                  0x9f,0x2f,0x2e,
 595                  0x02,0x47,0x0c,
 596                  0x2f,0x4f,0x0e,
 597                  0x00,0x00,0x00,
 598                  0x00,0x00,0x00,
 599                  
 600                  //========Address -- (36),
 601                  0x00,0x00,0x00,
 602                  0x0f,0x4f,0x0e,
 603                  0x97,0x1f,0x2c,
 604                  0x17,0x1f,0x0c,
 605                  0x44,0x04,0x44,
C51 COMPILER V8.12   TFONT_CHINESE_S                                                       09/16/2026 20:29:12 PAGE 11  

 606                  0x40,0x4a,0x40,
 607                  0x3c,0x21,0x2e,
 608                  0x00,0x00,0x00,
 609                  0x00,0x00,0x00,
 610                  
 611                  //========Address -- (37),
 612                  0x00,0x00,0x00,
 613                  0x74,0xf0,0xe2,
 614                  0x74,0xf8,0xe4,
 615                  0x45,0x4f,0x8e,
 616                  0x44,0x44,0x88,
 617                  0x74,0xf4,0xe8,
 618                  0x49,0x80,0x88,
 619                  0x00,0x00,0x00,
 620                  0x00,0x00,0x00,
 621                  
 622                  //========Address -- (38),
 623                  0x00,0x00,0x00,
 624                  0x07,0x0f,0x0c,
 625                  0x00,0x44,0x00,
 626                  0x02,0x44,0x00,
 627                  0x22,0x74,0xc0,
 628                  0x22,0x44,0x00,
 629                  0x2f,0x4f,0x0e,
 630                  0x00,0x00,0x00,
 631                  0x00,0x00,0x00,
 632                  
 633                  //========Address -- (39),
 634                  0x00,0x00,0x00,
 635                  0x02,0x04,0x08,
 636                  0x1f,0x5f,0x0e,
 637                  0x83,0x0f,0x28,
 638                  0x23,0x0f,0x88,
 639                  0x07,0x4f,0x0c,
 640                  0x44,0x44,0x4c,
 641                  0x00,0x40,0x00,
 642                  0x00,0x00,0x00,
 643                  
 644                  //========Address -- (3a),
 645                  0x00,0x00,0x00,
 646                  0x03,0x0f,0x0e,
 647                  0x22,0x22,0x22,
 648                  0x32,0xf2,0xe2,
 649                  0x23,0x2f,0x2e,
 650                  0x22,0x22,0x22,
 651                  0x24,0x20,0x2e,
 652                  0x00,0x00,0x00,
 653                  0x00,0x00,0x00,
 654                  
 655                  //========Address -- (3b),
 656                  0x00,0x00,0x00,
 657                  0x94,0xf2,0xe0,
 658                  0x00,0xf4,0xc4,
 659                  0xc5,0x4f,0x4e,
 660                  0x44,0x0f,0x0c,
 661                  0x46,0x88,0x44,
 662                  0x40,0xf8,0xc4,
 663                  0x00,0x00,0x00,
 664                  0x00,0x00,0x00,
 665                  
 666                  //========Address -- (3c),
 667                  0x00,0x00,0x00,
C51 COMPILER V8.12   TFONT_CHINESE_S                                                       09/16/2026 20:29:12 PAGE 12  

 668                  0x00,0x84,0x00,
 669                  0xf0,0xf0,0xe0,
 670                  0x70,0xf0,0xc0,
 671                  0x70,0xf0,0xc0,
 672                  0x74,0xf0,0xc4,
 673                  0x74,0xf0,0xc4,
 674                  0x00,0x00,0x00,
 675                  0x00,0x00,0x00,
 676                  
 677                  //========Address -- (3d),
 678                  0x00,0x00,0x00,
 679                  0x07,0x0f,0x0c,
 680                  0x47,0x0f,0x4c,
 681                  0x47,0x0f,0x4c,
 682                  0x19,0x11,0x02,
 683                  0x53,0x11,0x48,
 684                  0x1f,0x1f,0x0e,
 685                  0x00,0x00,0x00,
 686                  0x00,0x00,0x00,
 687                  
 688                  //========Address -- (3e),
 689                  0x00,0x00,0x00,
 690                  0x03,0x0f,0x08,
 691                  0x00,0x00,0x00,
 692                  0xf0,0xf4,0xe0,
 693                  0x02,0x44,0x08,
 694                  0x24,0x44,0x42,
 695                  0x80,0x4c,0x20,
 696                  0x00,0x00,0x00,
 697                  0x00,0x00,0x00,
 698                  
 699                  //========Address -- (3f),
 700                  0x00,0x00,0x00,
 701                  0x42,0xf0,0xe2,
 702                  0x05,0x0f,0x2a,
 703                  0x55,0x00,0xaa,
 704                  0x55,0xf0,0xaa,
 705                  0x55,0x0f,0xaa,
 706                  0x44,0x00,0x2e,
 707                  0x00,0x00,0x00,
 708                  0x00,0x00,0x00,
 709                  
 710                  //========Address -- (40),
 711                  0x00,0x00,0x00,
 712                  0x84,0x0f,0x48,
 713                  0x01,0x2f,0x0e,
 714                  0xc5,0xa2,0x84,
 715                  0x44,0xf4,0x88,
 716                  0x44,0x58,0xc4,
 717                  0x5b,0x1f,0x8e,
 718                  0x00,0x00,0x00,
 719                  0x00,0x00,0x00,
 720                  
 721                  //========Address -- (41),
 722                  0x00,0x00,0x00,
 723                  0x07,0x11,0x00,
 724                  0x00,0x13,0x0e,
 725                  0xf2,0x91,0x22,
 726                  0x45,0x11,0x22,
 727                  0x8f,0x9a,0x22,
 728                  0x00,0x24,0x2c,
 729                  0x00,0x00,0x00,
C51 COMPILER V8.12   TFONT_CHINESE_S                                                       09/16/2026 20:29:12 PAGE 13  

 730                  0x00,0x00,0x00,
 731                  
 732                  //========Address -- (42),
 733                  0x00,0x00,0x00,
 734                  0x22,0x12,0x08,
 735                  0xf4,0x4b,0x4a,
 736                  0xaf,0x0e,0x02,
 737                  0x23,0xae,0xaa,
 738                  0xe2,0xae,0xaa,
 739                  0x22,0xaa,0x26,
 740                  0x00,0x00,0x00,
 741                  0x00,0x00,0x00,
 742                  
 743                  //========Address -- (43),
 744                  0x00,0x00,0x00,
 745                  0x30,0x08,0x00,
 746                  0x00,0x44,0x00,
 747                  0x00,0xaa,0x00,
 748                  0x01,0xa1,0x00,
 749                  0x12,0x10,0x08,
 750                  0x48,0x00,0x42,
 751                  0x00,0x00,0x00,
 752                  0x00,0x00,0x00,
 753                  
 754                  //========Address -- (44),
 755                  0x00,0x00,0x00,
 756                  0x42,0x15,0x00,
 757                  0x00,0x79,0xc0,
 758                  0xe2,0x1f,0x0e,
 759                  0x22,0x22,0x88,
 760                  0x22,0x48,0xa6,
 761                  0x58,0x0f,0x0e,
 762                  0x00,0x00,0x00,
 763                  0x00,0x00,0x00,
 764                  
 765                  //========Address -- (45),
 766                  0x00,0x00,0x00,
 767                  0x22,0xf4,0xc4,
 768                  0x2f,0x21,0x80,
 769                  0x22,0x2d,0x86,
 770                  0x3e,0x17,0x0c,
 771                  0x22,0x1f,0x0e,
 772                  0x26,0x11,0x00,
 773                  0x00,0x00,0x00,
 774                  0x00,0x00,0x00,
 775                  
 776                  //========Address -- (46),
 777                  0x00,0x00,0x00,
 778                  0x07,0x4f,0x0c,
 779                  0x21,0x01,0x80,
 780                  0xf0,0xf0,0xe0,
 781                  0x74,0xf0,0xc4,
 782                  0x74,0xf0,0xc4,
 783                  0x74,0xf0,0xc4,
 784                  0x00,0x00,0x00,
 785                  0x00,0x00,0x00,
 786                  
 787                  //========Address -- (47),
 788                  0x00,0x00,0x00,
 789                  0x74,0xf4,0xc4,
 790                  0x4f,0x2f,0x4e,
 791                  0x47,0x4f,0x4c,
C51 COMPILER V8.12   TFONT_CHINESE_S                                                       09/16/2026 20:29:12 PAGE 14  

 792                  0x47,0x4f,0x4c,
 793                  0x07,0x4f,0x0c,
 794                  0x0f,0x4f,0x0e,
 795                  0x00,0x00,0x00,
 796                  0x00,0x00,0x00,
 797                  
 798                  //========Address -- (48),
 799                  0x00,0x00,0x00,
 800                  0x22,0x21,0x00,
 801                  0x54,0xf0,0xe0,
 802                  0xc4,0xf0,0xc0,
 803                  0x44,0xf0,0xc0,
 804                  0x44,0xf8,0xc4,
 805                  0x44,0xf8,0xc4,
 806                  0x00,0x00,0x00,
 807                  0x00,0x00,0x00,
 808                  
 809                  //========Address -- (49),
 810                  0x00,0x00,0x00,
 811                  0x32,0xf0,0x88,
 812                  0x23,0x0f,0x88,
 813                  0x0f,0x0f,0x0e,
 814                  0x12,0x00,0x00,
 815                  0x30,0xf0,0xc4,
 816                  0x00,0x01,0x48,
 817                  0x00,0x00,0x00,
 818                  0x00,0x00,0x00,
 819                  
 820                  //========Address -- (4a),
 821                  0x00,0x00,0x00,
 822                  0x22,0x07,0x08,
 823                  0x2f,0x44,0x88,
 824                  0x27,0x44,0x88,
 825                  0x6a,0xc4,0x88,
 826                  0x22,0x44,0x8a,
 827                  0x23,0x80,0xa6,
 828                  0x00,0x00,0x00,
 829                  0x00,0x00,0x00,
 830                  
 831                  //========Address -- (4b),
 832                  0x00,0x00,0x00,
 833                  0x07,0x0f,0x0c,
 834                  0x00,0x44,0x00,
 835                  0x0f,0x4f,0x0e,
 836                  0x00,0xaa,0x00,
 837                  0x12,0x22,0x02,
 838                  0x48,0x21,0x2e,
 839                  0x00,0x00,0x00,
 840                  0x00,0x00,0x00,
 841                  
 842                  //========Address -- (4c),
 843                  0x00,0x00,0x00,
 844                  0x74,0xf4,0xc4,
 845                  0x54,0x54,0x44,
 846                  0x70,0xf4,0xc0,
 847                  0x70,0xf4,0xc0,
 848                  0xf0,0xf0,0xe0,
 849                  0x58,0x29,0x42,
 850                  0x00,0x00,0x00,
 851                  0x00,0x00,0x00,
 852                  
 853                  //========Address -- (4d),
C51 COMPILER V8.12   TFONT_CHINESE_S                                                       09/16/2026 20:29:12 PAGE 15  

 854                  0x00,0x00,0x00,
 855                  0x24,0x8e,0x0e,
 856                  0x93,0x2f,0x00,
 857                  0x5d,0x5f,0xe4,
 858                  0x55,0x5f,0x44,
 859                  0x45,0x4f,0x44,
 860                  0x45,0xa1,0x4c,
 861                  0x00,0x00,0x00,
 862                  0x00,0x00,0x00,
 863                  
 864                  //========Address -- (4e),
 865                  0x00,0x00,0x00,
 866                  0x00,0x44,0x00,
 867                  0xf0,0xfa,0xe0,
 868                  0x12,0x14,0x08,
 869                  0xc0,0x24,0x60,
 870                  0x55,0x22,0x42,
 871                  0x90,0x0f,0xa8,
 872                  0x00,0x00,0x00,
 873                  0x00,0x00,0x00,
 874                  
 875                  //========Address -- (4f),
 876                  0x00,0x00,0x00,
 877                  0x0b,0x2f,0x0e,
 878                  0x41,0x2f,0x0c,
 879                  0x0b,0x2f,0x0e,
 880                  0x51,0x0f,0x4c,
 881                  0x15,0x0f,0x4c,
 882                  0x91,0x00,0x4c,
 883                  0x00,0x00,0x00,
 884                  0x00,0x00,0x00,
 885                  
 886                  //========Address -- (50),
 887                  0x00,0x00,0x00,
 888                  0x0e,0x45,0x2c,
 889                  0xab,0x5f,0x00,
 890                  0xae,0x5d,0xe4,
 891                  0xab,0xf5,0x44,
 892                  0xae,0x55,0x44,
 893                  0xa0,0x64,0x44,
 894                  0x00,0x00,0x00,
 895                  0x00,0x00,0x00,
 896                  
 897                  //========Address -- (51),
 898                  0x00,0x00,0x00,
 899                  0x2f,0x2b,0x08,
 900                  0x27,0x49,0x80,
 901                  0x2f,0x79,0xc4,
 902                  0x57,0x71,0xe4,
 903                  0x57,0x71,0xc4,
 904                  0x55,0x13,0x00,
 905                  0x00,0x00,0x00,
 906                  0x00,0x00,0x00,
 907                  
 908                  //========Address -- (52),
 909                  0x00,0x00,0x00,
 910                  0x22,0x88,0x00,
 911                  0x45,0x8e,0xea,
 912                  0xc4,0xaa,0xaa,
 913                  0x44,0xaa,0xaa,
 914                  0x44,0xaa,0xaa,
 915                  0x56,0x26,0xea,
C51 COMPILER V8.12   TFONT_CHINESE_S                                                       09/16/2026 20:29:12 PAGE 16  

 916                  0x00,0x00,0x00,
 917                  0x00,0x00,0x00,
 918                  
 919                  //========Address -- (53),
 920                  0x00,0x00,0x00,
 921                  0x70,0xf0,0x88,
 922                  0x22,0x00,0x88,
 923                  0x23,0x0f,0x8e,
 924                  0x00,0x00,0x22,
 925                  0xf0,0xf0,0xa2,
 926                  0x00,0x01,0x2c,
 927                  0x00,0x00,0x00,
 928                  0x00,0x00,0x00,
 929                  
 930                  //========Address -- (54),
 931                  0x00,0x00,0x00,
 932                  0x04,0x00,0x0a,
 933                  0x44,0x0f,0x8e,
 934                  0x4e,0x0e,0x88,
 935                  0x44,0xaa,0xaa,
 936                  0x44,0xe0,0xcc,
 937                  0x6c,0x2d,0xa6,
 938                  0x00,0x20,0x20,
 939                  0x00,0x00,0x00,
 940                  
 941                  //========Address -- (55),
 942                  0x00,0x00,0x00,
 943                  0x04,0x02,0x00,
 944                  0x47,0x27,0x0e,
 945                  0x92,0x4f,0x2a,
 946                  0x54,0x44,0xaa,
 947                  0x44,0x74,0xa6,
 948                  0x56,0x44,0x02,
 949                  0x40,0x30,0xe0,
 950                  0x00,0x00,0x00,
 951                  
 952                  //========Address -- (56),
 953                  0x00,0x00,0x00,
 954                  0x00,0x08,0x00,
 955                  0x71,0x03,0x0e,
 956                  0x1f,0x2e,0x22,
 957                  0x13,0x2a,0x22,
 958                  0x59,0x62,0x22,
 959                  0x11,0x32,0xe2,
 960                  0x10,0x00,0x00,
 961                  0x00,0x00,0x00,
 962                  
 963                  //========Address -- (57),
 964                  0x00,0x00,0x00,
 965                  0x01,0x00,0x00,
 966                  0x17,0x39,0xe2,
 967                  0x11,0x12,0x26,
 968                  0xf1,0xc3,0x0e,
 969                  0x55,0x2e,0x22,
 970                  0x57,0x30,0xe0,
 971                  0x90,0xf0,0xe0,
 972                  0x00,0x00,0x00,
 973                  
 974                  //========Address -- (58),
 975                  0x00,0x00,0x00,
 976                  0x01,0x03,0x0e,
 977                  0x55,0xc1,0x80,
C51 COMPILER V8.12   TFONT_CHINESE_S                                                       09/16/2026 20:29:12 PAGE 17  

 978                  0x5f,0x3e,0xe2,
 979                  0x15,0x22,0xaa,
 980                  0x58,0x6a,0xaa,
 981                  0x12,0x01,0x84,
 982                  0xc0,0x20,0x20,
 983                  0x00,0x00,0x00,
 984                  
 985                  //========Address -- (59),
 986                  0x00,0x00,0x00,
 987                  0x02,0x00,0x00,
 988                  0x22,0x70,0xe8,
 989                  0xab,0x80,0x88,
 990                  0xa2,0x00,0x88,
 991                  0x22,0x00,0x88,
 992                  0x54,0x08,0x88,
 993                  0x80,0xb0,0x80,
 994                  0x00,0x00,0x00,
 995                  
 996                  //========Address -- (5a),
 997                  0x00,0x00,0x00,
 998                  0x02,0x01,0x00,
 999                  0x1f,0x1d,0x00,
1000                  0x04,0x1a,0xe4,
1001                  0x48,0x51,0x44,
1002                  0x21,0x90,0x48,
1003                  0x24,0x85,0x84,
1004                  0x80,0x20,0x20,
1005                  0x00,0x00,0x00,
1006                  
1007                  //========Address -- (5b),
1008                  0x00,0x00,0x00,
1009                  0x04,0x0f,0x0e,
1010                  0x20,0x04,0x22,
1011                  0x44,0x44,0x22,
1012                  0x44,0xa9,0x22,
1013                  0x56,0x00,0xaa,
1014                  0x44,0x00,0x22,
1015                  0x40,0x00,0xe0,
1016                  0x00,0x00,0x00,
1017                  
1018                  //========Address -- (5c),
1019                  0x00,0x00,0x00,
1020                  0x02,0x00,0x0c,
1021                  0x22,0x7c,0x00,
1022                  0xba,0x55,0x00,
1023                  0xaa,0x71,0xe0,
1024                  0x22,0x55,0x42,
1025                  0x54,0x99,0x20,
1026                  0x80,0x30,0x00,
1027                  0x00,0x00,0x00,
1028                  
1029                  //========Address -- (5d),
1030                  0x00,0x00,0x00,
1031                  0x07,0x09,0x0e,
1032                  0x00,0x88,0x22,
1033                  0x74,0x91,0xe0,
1034                  0x78,0x9a,0xe2,
1035                  0x42,0x98,0x2a,
1036                  0x48,0x9a,0x22,
1037                  0x30,0x00,0xc0,
1038                  0x00,0x00,0x00,
1039                  
C51 COMPILER V8.12   TFONT_CHINESE_S                                                       09/16/2026 20:29:12 PAGE 18  

1040                  //========Address -- (5e),
1041                  0x00,0x00,0x00,
1042                  0x00,0x04,0x00,
1043                  0x00,0x44,0x00,
1044                  0x74,0xf4,0xc4,
1045                  0x44,0x44,0x44,
1046                  0x74,0xf4,0xc4,
1047                  0x00,0x44,0x00,
1048                  0x00,0x40,0x00,
1049                  0x00,0x00,0x00,
1050                  
1051                  //========Address -- (5f),
1052                  0x00,0x00,0x00,
1053                  0x00,0x07,0x0c,
1054                  0xe2,0x44,0x44,
1055                  0x2e,0x71,0xc0,
1056                  0x88,0xf9,0xe2,
1057                  0xe2,0x9f,0x2e,
1058                  0x22,0x11,0x04,
1059                  0xc0,0xf0,0xe0,
1060                  0x00,0x00,0x00,
1061                  
1062                  //========Address -- (60),
1063                  0x00,0x00,0x00,
1064                  0x00,0x04,0x00,
1065                  0x07,0x2f,0x0f,
1066                  0x11,0x00,0x44,
1067                  0x00,0x88,0x88,
1068                  0x00,0x52,0x00,
1069                  0x01,0x58,0x0c,
1070                  0x60,0x00,0x30,
1071                  0x00,0x00,0x00,
1072                  
1073                  //========Address -- (61),
1074                  0x00,0x00,0x00,
1075                  0x00,0x02,0x00,
1076                  0x07,0x2f,0x0f,
1077                  0x00,0x27,0x00,
1078                  0x00,0xaa,0x88,
1079                  0x12,0x22,0x42,
1080                  0x50,0xf2,0xd0,
1081                  0x00,0x20,0x00,
1082                  0x00,0x00,0x00,
1083                  
1084                  //========Address -- (62),
1085                  0x00,0x00,0x00,
1086                  0x03,0x0f,0x08,
1087                  0x23,0x0f,0x88,
1088                  0x2f,0x0f,0x8e,
1089                  0x47,0x8b,0x0c,
1090                  0x47,0x99,0x44,
1091                  0x4f,0xc9,0x84,
1092                  0x00,0xa0,0x20,
1093                  0x00,0x00,0x00,
1094                  
1095                  //========Address -- (63),
1096                  0x00,0x00,0x00,
1097                  0x00,0x04,0x00,
1098                  0x00,0x44,0x00,
1099                  0x0f,0x4f,0x0e,
1100                  0x00,0x4a,0x00,
1101                  0x01,0xa1,0x00,
C51 COMPILER V8.12   TFONT_CHINESE_S                                                       09/16/2026 20:29:12 PAGE 19  

1102                  0x12,0x10,0x08,
1103                  0xc0,0x00,0x60,
1104                  0x00,0x00,0x00,
1105                  
1106                  //========Address -- (64),
1107                  0x00,0x00,0x00,
1108                  0x02,0x02,0x00,
1109                  0x22,0x1f,0x0e,
1110                  0xba,0x12,0x00,
1111                  0xaa,0x4f,0x48,
1112                  0x22,0x12,0x00,
1113                  0x54,0x4f,0x4e,
1114                  0x80,0x00,0x20,
1115                  0x00,0x00,0x00,
1116                  
1117                  //========Address -- (65),
1118                  0x00,0x00,0x00,
1119                  0x01,0x0c,0x04,
1120                  0xe2,0x04,0x48,
1121                  0x94,0x58,0x22,
1122                  0x1f,0x0c,0x48,
1123                  0x13,0x18,0x02,
1124                  0x59,0x40,0x48,
1125                  0x10,0x30,0x00,
1126                  0x00,0x00,0x00,
1127                  
1128                  //========Address -- (66),
1129                  0x00,0x00,0x00,
1130                  0x01,0x01,0x00,
1131                  0x1f,0x1f,0x0e,
1132                  0x10,0x10,0x00,
1133                  0xf0,0xf8,0xc4,
1134                  0x00,0x88,0x44,
1135                  0x00,0x88,0xc0,
1136                  0x00,0x80,0x00,
1137                  0x00,0x00,0x00,
1138                  
1139                  //========Address -- (67),
1140                  0x00,0x00,0x00,
1141                  0x00,0x04,0x00,
1142                  0xf0,0xf0,0xe0,
1143                  0x32,0xf0,0x88,
1144                  0x30,0xf0,0x80,
1145                  0xf8,0xf0,0xe2,
1146                  0x99,0xf1,0x22,
1147                  0x90,0xf0,0x60,
1148                  0x00,0x00,0x00,
1149                  
1150                  //========Address -- (68),
1151                  0x00,0x00,0x00,
1152                  0x00,0x01,0x04,
1153                  0x74,0xf1,0xe0,
1154                  0x54,0xd1,0x44,
1155                  0x55,0xc4,0x8a,
1156                  0x58,0xd2,0x62,
1157                  0x55,0x42,0x4a,
1158                  0x80,0xf0,0xa0,
1159                  0x00,0x00,0x00,
1160                  
1161                  
1162          
1163          };  
C51 COMPILER V8.12   TFONT_CHINESE_S                                                       09/16/2026 20:29:12 PAGE 20  

1164          
1165          
1166          BYTE GetStringPropExtend_CHINESE_S(DWORD index)
1167          {
1168   1      
1169   1              return  tFONT_CHINESE_S[index];
1170   1              
1171   1      }
1172          #endif
1173          
1174          
1175          


MODULE INFORMATION:   STATIC OVERLAYABLE
   CODE SIZE        =     14    ----
   CONSTANT SIZE    =   2835    ----
   XDATA SIZE       =   ----    ----
   PDATA SIZE       =   ----    ----
   DATA SIZE        =   ----    ----
   IDATA SIZE       =   ----    ----
   BIT SIZE         =   ----    ----
END OF MODULE INFORMATION.


C51 COMPILATION COMPLETE.  0 WARNING(S),  0 ERROR(S)
