C51 COMPILER V9.60.0.0   TFONT_CHINESE_F                                                   09/18/2026 20:40:13 PAGE 1   


C51 COMPILER V9.60.0.0, COMPILATION OF MODULE TFONT_CHINESE_F
OBJECT MODULE PLACED IN .\Output\RL6432_Project\tFONT_CHINESE_F.obj
COMPILER INVOKED BY: C:\Keil_v5\C51\BIN\C51.EXE User\RTD Series\RTD2014Osd\Code\tFONT_CHINESE_F.C LARGE OPTIMIZE(9,SPEED
                    -) INCDIR(.\Output\RL6432;.\Project\Header;.\Pcb;.\Panel;.\Kernel\Device\Header;.\Kernel\Common;.\Kernel\System\Header;.\
                    -Kernel\Scaler\ScalerFunction\Header;.\Kernel\Scaler\ScalerCommonFunction\Header;.\Kernel\Scaler\ScalerFunction\Lib\Heade
                    -r;.\Kernel\Scaler\ScalerCommonFunction\Lib\Header;.\Kernel\Scaler\RL6432_Series_Scaler\Header;.\Kernel\Scaler\RL6432_Ser
                    -ies_Common\Header;.\Kernel\Scaler\RL6432_Series_Scaler\Lib\Header;.\Kernel\Scaler\RL6432_Series_Common\Lib\Header;.\Kern
                    -el\User Common Function\Header;.\User\RTD Series\RTD2014Function\Header;.\User\RTD Series\RTD2014Osd\Header;.\User\RTD F
                    -actory\Header;.\User\None Series\NoneFunction\Header;.\User\None Series\NoneOsd\Header;.\User\None Factory\Header) DEFIN
                    -E(_PROJECT=_RL6432_PROJECT,_SCALER_TYPE=_RL6432_SERIES) DEBUG OBJECTEXTEND PRINT(.\Output\RL6432_Project\tFONT_CHINESE_F
                    -.lst) TABS(2) OBJECT(.\Output\RL6432_Project\tFONT_CHINESE_F.obj)

line level    source

   1          #include "UserCommonInclude.h"
   2          #if _MEW_FONT
   3          
   4          BYTE code tFONT_CHINESE_F[]=
   5          {
   6            
   7            
   8            //========Address -- (00),
   9            0x00,0x00,0x00,
  10            0x00,0x00,0x00,
  11            0x00,0x00,0x00,
  12            0x00,0x00,0x00,
  13            0x00,0x00,0x00,
  14            0x00,0x00,0x00,
  15            0x00,0x00,0x00,
  16            0x00,0x00,0x00,
  17            0x00,0x00,0x00,
  18            
  19            //========Address -- (01),
  20            0x00,0x00,0x00,
  21            0x1e,0xc0,0x44,
  22            0x29,0x45,0x82,
  23            0x41,0x80,0x24,
  24            0xf1,0xc1,0x80,
  25            0x35,0x84,0x24,
  26            0x91,0x03,0x80,
  27            0x00,0x00,0x00,
  28            0x00,0x00,0x00,
  29            
  30            //========Address -- (02),
  31            0x00,0x00,0x00,
  32            0x0f,0x4f,0x0e,
  33            0x03,0x0f,0x08,
  34            0x23,0x0f,0x88,
  35            0x0f,0x0f,0x0e,
  36            0x83,0x0f,0x20,
  37            0x2c,0x10,0x2e,
  38            0x00,0x00,0x00,
  39            0x00,0x00,0x00,
  40            
  41            //========Address -- (03),
  42            0x00,0x00,0x00,
  43            0x07,0x2f,0x0e,
  44            0x47,0x8f,0x8e,
  45            0x44,0x8f,0x88,
  46            0x45,0x0f,0x0c,
  47            0x44,0x84,0x48,
C51 COMPILER V9.60.0.0   TFONT_CHINESE_F                                                   09/18/2026 20:40:13 PAGE 2   

  48            0x49,0x3c,0x0e,
  49            0x00,0x00,0x00,
  50            0x00,0x00,0x00,
  51            
  52            //========Address -- (04),
  53            0x00,0x00,0x00,
  54            0xf9,0xf1,0xe2,
  55            0x98,0xf4,0x22,
  56            0xb8,0xf4,0xa2,
  57            0xba,0xf0,0xaa,
  58            0xaa,0xea,0xaa,
  59            0xf8,0xf0,0xe2,
  60            0x00,0x00,0x00,
  61            0x00,0x00,0x00,
  62            
  63            //========Address -- (05),
  64            0x00,0x00,0x00,
  65            0x22,0x8f,0x08,
  66            0x57,0x0f,0x8c,
  67            0xd5,0x2f,0x4c,
  68            0x45,0x4a,0x04,
  69            0x45,0x5b,0x84,
  70            0x45,0x5b,0x20,
  71            0x00,0x00,0x00,
  72            0x00,0x00,0x00,
  73            
  74            //========Address -- (06),
  75            0x00,0x00,0x00,
  76            0x42,0x03,0x0c,
  77            0xf0,0x22,0x44,
  78            0xf0,0x40,0x60,
  79            0xf0,0x72,0xc4,
  80            0xf9,0x21,0x80,
  81            0xf9,0x24,0x86,
  82            0x00,0x00,0x00,
  83            0x00,0x00,0x00,
  84            
  85            //========Address -- (07),
  86            0x00,0x00,0x00,
  87            0x74,0xf9,0xe2,
  88            0x70,0xf4,0xe0,
  89            0xf3,0xff,0xfc,
  90            0x23,0x0f,0x4c,
  91            0x23,0x0f,0x4c,
  92            0x2f,0x0f,0x4f,
  93            0x00,0x00,0x00,
  94            0x00,0x00,0x00,
  95            
  96            //========Address -- (08),
  97            0x00,0x00,0x00,
  98            0x17,0x0d,0x0e,
  99            0x21,0x81,0x8e,
 100            0x67,0x9d,0x2e,
 101            0x45,0x59,0x2e,
 102            0x45,0x59,0x2e,
 103            0x49,0x49,0xc2,
 104            0x00,0x00,0x00,
 105            0x00,0x00,0x00,
 106            
 107            //========Address -- (09),
 108            0x00,0x00,0x00,
 109            0x13,0x0f,0x08,
C51 COMPILER V9.60.0.0   TFONT_CHINESE_F                                                   09/18/2026 20:40:13 PAGE 3   

 110            0x48,0x01,0x80,
 111            0x74,0xf4,0xc4,
 112            0x47,0x4f,0x4c,
 113            0x44,0x00,0x02,
 114            0x43,0x0f,0x2e,
 115            0x00,0x00,0x00,
 116            0x00,0x00,0x00,
 117            
 118            //========Address -- (0a),
 119            0x00,0x00,0x00,
 120            0x00,0x84,0x00,
 121            0xf8,0xf0,0xe2,
 122            0x0f,0x0f,0x0e,
 123            0x02,0x44,0x00,
 124            0x22,0x74,0xc0,
 125            0x58,0x4f,0x0e,
 126            0x00,0x00,0x00,
 127            0x00,0x00,0x00,
 128            
 129            //========Address -- (0b),
 130            0x00,0x00,0x00,
 131            0x07,0x3c,0xc0,
 132            0x0f,0x4f,0x0e,
 133            0x47,0x4f,0x4c,
 134            0x47,0x4f,0x4c,
 135            0x07,0x4f,0x0c,
 136            0x0f,0x4f,0x0e,
 137            0x00,0x00,0x00,
 138            0x00,0x00,0x00,
 139            
 140            //========Address -- (0c),
 141            0x00,0x00,0x00,
 142            0x22,0x00,0x88,
 143            0xf2,0xf0,0xe8,
 144            0x32,0xf0,0x88,
 145            0x32,0xf0,0x88,
 146            0xf0,0xf0,0xe0,
 147            0x24,0x00,0x84,
 148            0x00,0x00,0x00,
 149            0x00,0x00,0x00,
 150            
 151            //========Address -- (0d),
 152            0x00,0x00,0x00,
 153            0x11,0x11,0x00,
 154            0x22,0x55,0x6a,
 155            0x6a,0x7d,0x22,
 156            0x22,0x55,0x26,
 157            0x22,0x54,0x02,
 158            0x22,0x43,0x2e,
 159            0x00,0x00,0x00,
 160            0x00,0x00,0x00,
 161            
 162            //========Address -- (0e),
 163            0x00,0x00,0x00,
 164            0x15,0x45,0x22,
 165            0x31,0x64,0x2f,
 166            0x72,0xf2,0x22,
 167            0x13,0x4e,0xa6,
 168            0x03,0x8e,0x22,
 169            0x07,0x8f,0x26,
 170            0x00,0x00,0x00,
 171            0x00,0x00,0x00,
C51 COMPILER V9.60.0.0   TFONT_CHINESE_F                                                   09/18/2026 20:40:13 PAGE 4   

 172            
 173            //========Address -- (0f),
 174            0x00,0x00,0x00,
 175            0x22,0x11,0x00,
 176            0x22,0x11,0x03,
 177            0x32,0xd1,0xc0,
 178            0x22,0x11,0x00,
 179            0x22,0x1d,0x11,
 180            0xf8,0x11,0x1f,
 181            0x00,0x00,0x00,
 182            0x00,0x00,0x00,
 183            
 184            //========Address -- (10),
 185            0x00,0x00,0x00,
 186            0x22,0x1f,0x0f,
 187            0x2b,0x17,0x0e,
 188            0xaa,0x1f,0x0f,
 189            0x22,0x47,0x2e,
 190            0x22,0x47,0x2e,
 191            0x22,0x44,0x26,
 192            0x00,0x00,0x00,
 193            0x00,0x00,0x00,
 194            
 195            //========Address -- (11),
 196            0x00,0x00,0x00,
 197            0x11,0xf0,0xc4,
 198            0x11,0xf0,0xc4,
 199            0xf0,0xf0,0xf0,
 200            0x11,0xf0,0xc4,
 201            0x11,0xf2,0xc8,
 202            0x24,0x26,0x42,
 203            0x00,0x00,0x00,
 204            0x00,0x00,0x00,
 205            
 206            //========Address -- (12),
 207            0x00,0x00,0x00,
 208            0x22,0x2f,0x4f,
 209            0x2f,0x27,0x4e,
 210            0x27,0x47,0x2e,
 211            0x6a,0x47,0x2e,
 212            0xa2,0x1f,0x0f,
 213            0x22,0x2c,0x43,
 214            0x00,0x00,0x00,
 215            0x00,0x00,0x00,
 216            
 217            //========Address -- (13),
 218            0x00,0x00,0x00,
 219            0x00,0x11,0x04,
 220            0x0f,0x1f,0x2d,
 221            0x07,0x1d,0x00,
 222            0x11,0x11,0x00,
 223            0x11,0x0e,0x89,
 224            0xf4,0x00,0x53,
 225            0x00,0x00,0x00,
 226            0x00,0x00,0x00,
 227            
 228            //========Address -- (14),
 229            0x00,0x00,0x00,
 230            0x11,0x71,0xf4,
 231            0x17,0x7d,0xf5,
 232            0x13,0x70,0xf0,
 233            0x35,0xb0,0xe0,
C51 COMPILER V9.60.0.0   TFONT_CHINESE_F                                                   09/18/2026 20:40:13 PAGE 5   

 234            0x11,0x70,0xf8,
 235            0x11,0x25,0xa9,
 236            0x00,0x00,0x00,
 237            0x00,0x00,0x00,
 238            
 239            //========Address -- (15),
 240            0x00,0x00,0x00,
 241            0x42,0x5f,0x0e,
 242            0x94,0x9f,0x0e,
 243            0x02,0x9f,0x0e,
 244            0x48,0x9f,0x0e,
 245            0x0f,0x4f,0x0e,
 246            0x00,0x44,0x00,
 247            0x00,0x00,0x00,
 248            0x00,0x00,0x00,
 249            
 250            //========Address -- (16),
 251            0x00,0x00,0x00,
 252            0x70,0xf4,0xc0,
 253            0xfa,0xf4,0xea,
 254            0x07,0x0f,0x0c,
 255            0x47,0x4f,0x4c,
 256            0x47,0x4f,0x4c,
 257            0x40,0x43,0x2e,
 258            0x00,0x00,0x00,
 259            0x00,0x00,0x00,
 260            
 261            //========Address -- (17),
 262            0x00,0x00,0x00,
 263            0x74,0xc4,0x22,
 264            0x74,0xc4,0x48,
 265            0x71,0xc0,0x22,
 266            0xf4,0xe4,0x48,
 267            0x71,0xc0,0x22,
 268            0x5b,0x42,0x48,
 269            0x00,0x00,0x00,
 270            0x00,0x00,0x00,
 271            
 272            //========Address -- (18),
 273            0x00,0x00,0x00,
 274            0x94,0x19,0x00,
 275            0x31,0xd2,0xe0,
 276            0x1d,0xd4,0xc4,
 277            0x55,0x47,0x8e,
 278            0x56,0x4d,0x88,
 279            0x4b,0x0f,0x0e,
 280            0x00,0x00,0x00,
 281            0x00,0x00,0x00,
 282            
 283            //========Address -- (19),
 284            0x00,0x00,0x00,
 285            0x11,0xc0,0x8a,
 286            0x75,0xe2,0x8e,
 287            0x57,0xd2,0x8a,
 288            0x45,0xe4,0xac,
 289            0x54,0xc0,0xca,
 290            0x5b,0x5e,0x62,
 291            0x00,0x00,0x00,
 292            0x00,0x00,0x00,
 293            
 294            //========Address -- (1a),
 295            0x00,0x00,0x00,
C51 COMPILER V9.60.0.0   TFONT_CHINESE_F                                                   09/18/2026 20:40:13 PAGE 6   

 296            0x11,0x0f,0xc0,
 297            0x22,0x99,0x00,
 298            0x6a,0x9f,0x0e,
 299            0x22,0x99,0x00,
 300            0x22,0xac,0xaa,
 301            0x22,0xa1,0x62,
 302            0x00,0x00,0x00,
 303            0x00,0x00,0x00,
 304            
 305            //========Address -- (1b),
 306            0x00,0x00,0x00,
 307            0x04,0x44,0x04,
 308            0x21,0x45,0x80,
 309            0x0f,0x4f,0x0e,
 310            0x11,0x11,0x00,
 311            0x12,0x11,0x02,
 312            0x48,0x10,0x2e,
 313            0x00,0x00,0x00,
 314            0x00,0x00,0x00,
 315            
 316            //========Address -- (1c),
 317            0x00,0x00,0x00,
 318            0x00,0x44,0x00,
 319            0x0f,0x44,0x44,
 320            0x12,0x67,0x80,
 321            0x64,0x65,0x10,
 322            0x80,0x44,0x86,
 323            0x01,0x4c,0x00,
 324            0x00,0x00,0x00,
 325            0x00,0x00,0x00,
 326            
 327            //========Address -- (1d),
 328            0x00,0x00,0x00,
 329            0x0f,0x0f,0x4e,
 330            0x44,0x44,0x88,
 331            0x22,0x55,0x00,
 332            0xf0,0xf4,0xe0,
 333            0x00,0x44,0x00,
 334            0x00,0x44,0x00,
 335            0x00,0x00,0x00,
 336            0x00,0x00,0x00,
 337            
 338            //========Address -- (1e),
 339            0x00,0x00,0x00,
 340            0x32,0x21,0x00,
 341            0x25,0x1f,0x2f,
 342            0x4c,0x08,0x04,
 343            0x44,0x84,0x44,
 344            0x44,0x44,0x88,
 345            0x45,0x0f,0xaf,
 346            0x00,0x00,0x00,
 347            0x00,0x00,0x00,
 348            
 349            //========Address -- (1f),
 350            0x00,0x00,0x00,
 351            0x03,0x1e,0x80,
 352            0x07,0x4f,0x0c,
 353            0x2f,0x4f,0x8e,
 354            0x22,0x44,0x88,
 355            0x70,0xf4,0xc0,
 356            0x03,0x4f,0x08,
 357            0x00,0x00,0x00,
C51 COMPILER V9.60.0.0   TFONT_CHINESE_F                                                   09/18/2026 20:40:13 PAGE 7   

 358            0x00,0x00,0x00,
 359            
 360            //========Address -- (20),
 361            0x00,0x00,0x00,
 362            0x0f,0x4f,0x2f,
 363            0x03,0x4f,0x0c,
 364            0x23,0x0f,0x4c,
 365            0x23,0x0f,0x4c,
 366            0x23,0x0f,0x4c,
 367            0x2f,0x0f,0x4f,
 368            0x00,0x00,0x00,
 369            0x00,0x00,0x00,
 370            
 371            //========Address -- (21),
 372            0x00,0x00,0x00,
 373            0x0f,0x11,0x00,
 374            0x99,0x71,0xc0,
 375            0x9f,0xf0,0xe8,
 376            0x99,0x70,0xe8,
 377            0x9f,0x42,0x88,
 378            0x90,0x03,0x88,
 379            0x00,0x00,0x00,
 380            0x00,0x00,0x00,
 381            
 382            //========Address -- (22),
 383            0x00,0x00,0x00,
 384            0x25,0x17,0x0c,
 385            0x87,0x2f,0x8e,
 386            0x2f,0x57,0x4c,
 387            0x2b,0x57,0x4c,
 388            0x62,0x17,0x0c,
 389            0x3c,0x1f,0x0e,
 390            0x00,0x00,0x00,
 391            0x00,0x00,0x00,
 392            
 393            //========Address -- (23),
 394            0x00,0x00,0x00,
 395            0x22,0x07,0x0e,
 396            0x2f,0x44,0x22,
 397            0x26,0x74,0xe2,
 398            0x7a,0x47,0x2e,
 399            0x22,0x44,0x22,
 400            0x22,0x74,0xe2,
 401            0x00,0x00,0x00,
 402            0x00,0x00,0x00,
 403            
 404            //========Address -- (24),
 405            0x00,0x00,0x00,
 406            0x23,0x0f,0x22,
 407            0x24,0x88,0xaa,
 408            0x4d,0xe2,0xaa,
 409            0x64,0xa4,0xaa,
 410            0x44,0x48,0xa2,
 411            0x54,0x00,0x26,
 412            0x00,0x00,0x00,
 413            0x00,0x00,0x00,
 414            
 415            //========Address -- (25),
 416            0x00,0x00,0x00,
 417            0x04,0x48,0x08,
 418            0x74,0xf0,0xc8,
 419            0x74,0xf0,0x88,
C51 COMPILER V9.60.0.0   TFONT_CHINESE_F                                                   09/18/2026 20:40:13 PAGE 8   

 420            0x47,0x0f,0x88,
 421            0x44,0x00,0x88,
 422            0x74,0xf0,0x88,
 423            0x00,0x00,0x00,
 424            0x00,0x00,0x00,
 425            
 426            //========Address -- (26),
 427            0x00,0x00,0x00,
 428            0x42,0xfa,0x88,
 429            0x00,0xad,0x88,
 430            0x84,0x8f,0x88,
 431            0x01,0x0f,0x0c,
 432            0x35,0x55,0x44,
 433            0x93,0x5f,0x4e,
 434            0x00,0x00,0x00,
 435            0x00,0x00,0x00,
 436            
 437            //========Address -- (27),
 438            0x00,0x00,0x00,
 439            0x0e,0x0f,0xe5,
 440            0xab,0x5f,0x4e,
 441            0xaf,0x4f,0x0e,
 442            0xaa,0x47,0x0d,
 443            0xae,0xa9,0x80,
 444            0x12,0x2c,0x86,
 445            0x00,0x00,0x00,
 446            0x00,0x00,0x00,
 447            
 448            //========Address -- (28),
 449            0x00,0x00,0x00,
 450            0x00,0x46,0x00,
 451            0x82,0x98,0x08,
 452            0x54,0x42,0x60,
 453            0xb8,0xf0,0xc8,
 454            0x88,0x96,0x00,
 455            0x80,0x22,0x00,
 456            0x00,0x00,0x00,
 457            0x00,0x00,0x00,
 458            
 459            //========Address -- (29),
 460            0x00,0x00,0x00,
 461            0x00,0x44,0x04,
 462            0x70,0xf5,0x80,
 463            0xf0,0xf8,0xe0,
 464            0x3e,0xf0,0xc4,
 465            0x32,0xf0,0xc4,
 466            0x32,0xf0,0xc4,
 467            0x00,0x00,0x00,
 468            0x00,0x00,0x00,
 469            
 470            //========Address -- (2a),
 471            0x00,0x00,0x00,
 472            0x22,0x07,0x0c,
 473            0x49,0x11,0x00,
 474            0xe4,0x11,0x00,
 475            0x9f,0x11,0x00,
 476            0x05,0x11,0x00,
 477            0xa8,0x9f,0x0e,
 478            0x00,0x00,0x00,
 479            0x00,0x00,0x00,
 480            
 481            //========Address -- (2b),
C51 COMPILER V9.60.0.0   TFONT_CHINESE_F                                                   09/18/2026 20:40:13 PAGE 9   

 482            0x00,0x00,0x00,
 483            0x25,0x23,0x0c,
 484            0x87,0x47,0x48,
 485            0x2f,0x07,0x8e,
 486            0x2b,0x15,0x0a,
 487            0x62,0x35,0x44,
 488            0x3c,0x93,0x20,
 489            0x00,0x00,0x00,
 490            0x00,0x00,0x00,
 491            
 492            //========Address -- (2c),
 493            0x00,0x00,0x00,
 494            0x2f,0x0f,0x8e,
 495            0x27,0x09,0x80,
 496            0x57,0x1b,0x0e,
 497            0x47,0xc8,0x84,
 498            0x57,0x0f,0x0c,
 499            0x4f,0xaf,0x4e,
 500            0x00,0x00,0x00,
 501            0x00,0x00,0x00,
 502            
 503            //========Address -- (2d),
 504            0x00,0x00,0x00,
 505            0xea,0x00,0xea,
 506            0xfa,0x1a,0xea,
 507            0x9a,0x1a,0x2a,
 508            0xb8,0xb0,0xa2,
 509            0xab,0xab,0xaa,
 510            0x89,0xa2,0x26,
 511            0x00,0x00,0x00,
 512            0x00,0x00,0x00,
 513            
 514            //========Address -- (2e),
 515            0x00,0x00,0x00,
 516            0xf9,0x11,0xe2,
 517            0xf9,0x11,0xe2,
 518            0xf8,0x12,0xe2,
 519            0xb8,0xf6,0xa2,
 520            0x89,0xa2,0x22,
 521            0xa8,0x60,0x26,
 522            0x00,0x00,0x00,
 523            0x00,0x00,0x00,
 524            
 525            //========Address -- (2f),
 526            0x00,0x00,0x00,
 527            0xf9,0x11,0xe2,
 528            0xf9,0x11,0xe2,
 529            0xf8,0x10,0xe2,
 530            0x98,0xfa,0x22,
 531            0xb8,0xfa,0xa2,
 532            0x89,0xa2,0x26,
 533            0x00,0x00,0x00,
 534            0x00,0x00,0x00,
 535            
 536            //========Address -- (30),
 537            0x00,0x00,0x00,
 538            0x21,0x11,0x00,
 539            0x74,0xd5,0x0e,
 540            0x47,0x6d,0x44,
 541            0x47,0x1d,0x44,
 542            0x6a,0x54,0x48,
 543            0x32,0xd2,0x42,
C51 COMPILER V9.60.0.0   TFONT_CHINESE_F                                                   09/18/2026 20:40:13 PAGE 10  

 544            0x00,0x00,0x00,
 545            0x00,0x00,0x00,
 546            
 547            //========Address -- (31),
 548            0x00,0x00,0x00,
 549            0x70,0x98,0xe2,
 550            0x07,0x89,0x2e,
 551            0x47,0x19,0x0e,
 552            0x84,0xa9,0x22,
 553            0x24,0x89,0xa2,
 554            0x83,0xa0,0x2c,
 555            0x00,0x00,0x00,
 556            0x00,0x00,0x00,
 557            
 558            //========Address -- (32),
 559            0x00,0x00,0x00,
 560            0x00,0x44,0x00,
 561            0x07,0x4f,0x0c,
 562            0x44,0x44,0x44,
 563            0x47,0x4f,0x4c,
 564            0x40,0x44,0x40,
 565            0x00,0x44,0x00,
 566            0x00,0x00,0x00,
 567            0x00,0x00,0x00,
 568            
 569            //========Address -- (33),
 570            0x00,0x00,0x00,
 571            0x0e,0x74,0xc4,
 572            0x22,0x47,0x4c,
 573            0xe8,0x1f,0x0e,
 574            0x8e,0x99,0x22,
 575            0x22,0xf1,0xe0,
 576            0x2c,0x1f,0x4e,
 577            0x00,0x00,0x00,
 578            0x00,0x00,0x00,
 579            
 580            //========Address -- (34),
 581            0x00,0x00,0x00,
 582            0x0f,0x4f,0x0e,
 583            0x97,0x1f,0x2c,
 584            0x17,0x1f,0x0c,
 585            0x47,0x0f,0x4c,
 586            0x47,0x0f,0x4c,
 587            0x1e,0x21,0xae,
 588            0x00,0x00,0x00,
 589            0x00,0x00,0x00,
 590            
 591            //========Address -- (35),
 592            0x00,0x00,0x00,
 593            0x74,0xf0,0xe2,
 594            0x74,0xf8,0xe4,
 595            0x45,0x4f,0x8e,
 596            0x44,0x44,0x88,
 597            0x74,0xf4,0xe8,
 598            0x49,0x80,0x88,
 599            0x00,0x00,0x00,
 600            0x00,0x00,0x00,
 601            
 602            //========Address -- (36),
 603            0x00,0x00,0x00,
 604            0x07,0x0f,0x0c,
 605            0x00,0x44,0x00,
C51 COMPILER V9.60.0.0   TFONT_CHINESE_F                                                   09/18/2026 20:40:13 PAGE 11  

 606            0x02,0x44,0x00,
 607            0x22,0x74,0xc0,
 608            0x22,0x44,0x00,
 609            0x2f,0x4f,0x0e,
 610            0x00,0x00,0x00,
 611            0x00,0x00,0x00,
 612            
 613            //========Address -- (37),
 614            0x00,0x00,0x00,
 615            0x21,0x45,0x80,
 616            0xf8,0xf0,0xe2,
 617            0x32,0xf0,0x88,
 618            0x30,0xf4,0x80,
 619            0x74,0xf4,0xc4,
 620            0x40,0x44,0xc0,
 621            0x00,0x00,0x00,
 622            0x00,0x00,0x00,
 623            
 624            //========Address -- (38),
 625            0x00,0x00,0x00,
 626            0x11,0x11,0x00,
 627            0x22,0xf1,0xe0,
 628            0x6a,0xf9,0xe2,
 629            0x22,0xf9,0xe0,
 630            0x22,0x52,0x00,
 631            0x22,0x58,0x86,
 632            0x00,0x00,0x00,
 633            0x00,0x00,0x00,
 634            
 635            //========Address -- (39),
 636            0x00,0x00,0x00,
 637            0x42,0xf1,0xe0,
 638            0xf0,0x72,0xc4,
 639            0xf0,0x2f,0x4e,
 640            0xf0,0x07,0x0c,
 641            0xf9,0x44,0x44,
 642            0xf9,0x74,0xc4,
 643            0x00,0x00,0x00,
 644            0x00,0x00,0x00,
 645            
 646            //========Address -- (3a),
 647            0x00,0x00,0x00,
 648            0x00,0x84,0x00,
 649            0xf0,0xf0,0xe0,
 650            0x70,0xf0,0xc0,
 651            0x70,0xf0,0xc0,
 652            0x74,0xf0,0xc4,
 653            0x74,0xf0,0xc4,
 654            0x00,0x00,0x00,
 655            0x00,0x00,0x00,
 656            
 657            //========Address -- (3b),
 658            0x00,0x00,0x00,
 659            0xf8,0xe2,0xe4,
 660            0xf8,0xe2,0x8e,
 661            0xf4,0xe4,0xae,
 662            0xa4,0xa4,0xae,
 663            0xae,0xae,0xae,
 664            0x0a,0x0a,0x4a,
 665            0x00,0x00,0x00,
 666            0x00,0x00,0x00,
 667            
C51 COMPILER V9.60.0.0   TFONT_CHINESE_F                                                   09/18/2026 20:40:13 PAGE 12  

 668            //========Address -- (3c),
 669            0x00,0x00,0x00,
 670            0x30,0xf0,0x80,
 671            0x0f,0x0f,0x0e,
 672            0x00,0x44,0x00,
 673            0x22,0x44,0x84,
 674            0x48,0x44,0x22,
 675            0x00,0xc0,0x00,
 676            0x00,0x00,0x00,
 677            0x00,0x00,0x00,
 678            
 679            //========Address -- (3d),
 680            0x00,0x00,0x00,
 681            0xf9,0x11,0xe2,
 682            0xf9,0x11,0xe2,
 683            0xf8,0x10,0xe2,
 684            0x99,0xf1,0x22,
 685            0x99,0xf1,0x22,
 686            0x98,0xf0,0x26,
 687            0x00,0x00,0x00,
 688            0x00,0x00,0x00,
 689            
 690            //========Address -- (3e),
 691            0x00,0x00,0x00,
 692            0x84,0x0f,0x48,
 693            0x01,0x2f,0x0e,
 694            0xc5,0xa2,0x84,
 695            0x44,0xf4,0x88,
 696            0x44,0x58,0xc4,
 697            0x5b,0x1f,0x8e,
 698            0x00,0x00,0x00,
 699            0x00,0x00,0x00,
 700            
 701            //========Address -- (3f),
 702            0x00,0x00,0x00,
 703            0x07,0xc0,0x88,
 704            0x1f,0x1e,0xea,
 705            0x57,0x4c,0xaa,
 706            0x57,0x4c,0xaa,
 707            0x17,0x0c,0xaa,
 708            0x1f,0x1e,0x26,
 709            0x00,0x00,0x00,
 710            0x00,0x00,0x00,
 711            
 712            //========Address -- (40),
 713            0x00,0x00,0x00,
 714            0x2f,0x09,0x84,
 715            0x2f,0x29,0x2c,
 716            0xaf,0x8b,0x0a,
 717            0xaf,0xab,0xaa,
 718            0x2f,0x2b,0xaa,
 719            0x22,0x22,0xae,
 720            0x00,0x00,0x00,
 721            0x00,0x00,0x00,
 722            
 723            //========Address -- (41),
 724            0x00,0x00,0x00,
 725            0x30,0x08,0x00,
 726            0x00,0x44,0x00,
 727            0x00,0xaa,0x00,
 728            0x01,0xa1,0x00,
 729            0x12,0x10,0x08,
C51 COMPILER V9.60.0.0   TFONT_CHINESE_F                                                   09/18/2026 20:40:13 PAGE 13  

 730            0x48,0x00,0x42,
 731            0x00,0x00,0x00,
 732            0x00,0x00,0x00,
 733            
 734            //========Address -- (42),
 735            0x00,0x00,0x00,
 736            0x95,0xd5,0xc4,
 737            0x11,0xd1,0xc2,
 738            0xc4,0xc8,0xe8,
 739            0x54,0xf8,0xc8,
 740            0x74,0xf8,0xe8,
 741            0x5b,0x0f,0x4e,
 742            0x00,0x00,0x00,
 743            0x00,0x00,0x00,
 744            
 745            //========Address -- (43),
 746            0x00,0x00,0x00,
 747            0x22,0xfa,0xea,
 748            0x2f,0xf1,0xe0,
 749            0x22,0x71,0xc0,
 750            0x23,0xf2,0xe8,
 751            0xe2,0x71,0xc0,
 752            0x26,0xf1,0xe0,
 753            0x00,0x00,0x00,
 754            0x00,0x00,0x00,
 755            
 756            //========Address -- (44),
 757            0x00,0x00,0x00,
 758            0x07,0x4f,0x0c,
 759            0x21,0x01,0x80,
 760            0xf0,0xf0,0xe0,
 761            0x74,0xf0,0xc4,
 762            0x74,0xf0,0xc4,
 763            0x74,0xf0,0xc4,
 764            0x00,0x00,0x00,
 765            0x00,0x00,0x00,
 766            
 767            //========Address -- (45),
 768            0x00,0x00,0x00,
 769            0x74,0xf4,0xc4,
 770            0x4f,0x2f,0x4e,
 771            0x47,0x4f,0x4c,
 772            0x47,0x4f,0x4c,
 773            0x07,0x4f,0x0c,
 774            0x0f,0x4f,0x0e,
 775            0x00,0x00,0x00,
 776            0x00,0x00,0x00,
 777            
 778            //========Address -- (46),
 779            0x00,0x00,0x00,
 780            0x22,0x21,0x00,
 781            0x54,0xf0,0xe0,
 782            0xc4,0xf0,0xc0,
 783            0x44,0xf0,0xc0,
 784            0x44,0xf8,0xc4,
 785            0x44,0xf8,0xc4,
 786            0x00,0x00,0x00,
 787            0x00,0x00,0x00,
 788            
 789            //========Address -- (47),
 790            0x00,0x00,0x00,
 791            0xf9,0x11,0x0c,
C51 COMPILER V9.60.0.0   TFONT_CHINESE_F                                                   09/18/2026 20:40:13 PAGE 14  

 792            0x9f,0x17,0x0e,
 793            0x0f,0x55,0x2c,
 794            0x48,0x74,0x2e,
 795            0xf1,0x4b,0x08,
 796            0x16,0x24,0xa6,
 797            0x00,0x00,0x00,
 798            0x00,0x00,0x00,
 799            
 800            //========Address -- (48),
 801            0x00,0x00,0x00,
 802            0x22,0x00,0x00,
 803            0x7a,0xfa,0xc8,
 804            0x27,0xaf,0x8c,
 805            0x22,0xaa,0x88,
 806            0xf0,0xf0,0xe0,
 807            0x58,0x29,0x42,
 808            0x00,0x00,0x00,
 809            0x00,0x00,0x00,
 810            
 811            //========Address -- (49),
 812            0x00,0x00,0x00,
 813            0x0f,0x0f,0x0e,
 814            0x00,0x22,0x00,
 815            0x00,0x4d,0x00,
 816            0x12,0x44,0x84,
 817            0xc0,0x44,0x20,
 818            0x00,0x44,0x00,
 819            0x00,0x00,0x00,
 820            0x00,0x00,0x00,
 821            
 822            //========Address -- (4a),
 823            0x00,0x00,0x00,
 824            0x00,0x44,0x00,
 825            0xf0,0xf4,0xe0,
 826            0x07,0x4f,0x0c,
 827            0x21,0x00,0x48,
 828            0x00,0x96,0x00,
 829            0x1e,0x90,0x86,
 830            0x00,0x00,0x00,
 831            0x00,0x00,0x00,
 832            
 833            //========Address -- (4b),
 834            0x00,0x00,0x00,
 835            0x44,0x0f,0x68,
 836            0x4e,0xa5,0x24,
 837            0x44,0xf1,0xe0,
 838            0x6c,0xf2,0xe0,
 839            0x44,0x7a,0xc4,
 840            0x5c,0x1e,0x86,
 841            0x00,0x00,0x00,
 842            0x00,0x00,0x00,
 843            
 844            //========Address -- (4c),
 845            0x00,0x00,0x00,
 846            0x07,0x0f,0x0c,
 847            0x44,0x44,0x44,
 848            0x74,0xf4,0xc4,
 849            0x47,0x4f,0x4c,
 850            0x44,0x44,0x44,
 851            0x48,0x41,0x4c,
 852            0x00,0x00,0x00,
 853            0x00,0x00,0x00,
C51 COMPILER V9.60.0.0   TFONT_CHINESE_F                                                   09/18/2026 20:40:13 PAGE 15  

 854            
 855            //========Address -- (4d),
 856            0x00,0x00,0x00,
 857            0x84,0xf8,0xe2,
 858            0xe0,0x9b,0x2a,
 859            0xe0,0x9f,0x2e,
 860            0xe0,0x8b,0x2a,
 861            0xea,0xab,0xaa,
 862            0xe9,0x80,0x2e,
 863            0x00,0x00,0x00,
 864            0x00,0x00,0x00,
 865            
 866            //========Address -- (4e),
 867            0x00,0x00,0x00,
 868            0x1f,0x1d,0x0e,
 869            0x57,0x6d,0x44,
 870            0x35,0x85,0x84,
 871            0x9f,0x2f,0x2e,
 872            0x02,0x47,0x0c,
 873            0x2f,0x4f,0x0e,
 874            0x00,0x00,0x00,
 875            0x00,0x00,0x00,
 876            
 877            //========Address -- (4f),
 878            0x00,0x00,0x00,
 879            0x44,0x99,0x44,
 880            0x5e,0x59,0xa4,
 881            0x55,0x5d,0xae,
 882            0xed,0x9f,0x4e,
 883            0x44,0x9c,0x4a,
 884            0x45,0x92,0x62,
 885            0x00,0x00,0x00,
 886            0x00,0x00,0x00,
 887            
 888            //========Address -- (50),
 889            0x00,0x00,0x00,
 890            0x0e,0x45,0x2c,
 891            0xab,0x5f,0x00,
 892            0xae,0x5d,0xe4,
 893            0xab,0xf5,0x44,
 894            0xae,0x55,0x44,
 895            0xa0,0x64,0x44,
 896            0x00,0x00,0x00,
 897            0x00,0x00,0x00,
 898            
 899            //========Address -- (51),
 900            0x00,0x00,0x00,
 901            0xf8,0xba,0xe2,
 902            0x88,0xab,0x2e,
 903            0xf8,0xaa,0x22,
 904            0x88,0xba,0xe2,
 905            0xf8,0xa2,0x22,
 906            0x00,0x48,0x2e,
 907            0x00,0x00,0x00,
 908            0x00,0x00,0x00,
 909            
 910            //========Address -- (52),
 911            0x00,0x00,0x00,
 912            0x74,0xf4,0xc4,
 913            0x54,0x54,0x44,
 914            0x70,0xf4,0xc0,
 915            0x70,0xf4,0xc0,
C51 COMPILER V9.60.0.0   TFONT_CHINESE_F                                                   09/18/2026 20:40:13 PAGE 16  

 916            0xf0,0xf0,0xe0,
 917            0x58,0x29,0x42,
 918            0x00,0x00,0x00,
 919            0x00,0x00,0x00,
 920            
 921            //========Address -- (53),
 922            0x00,0x00,0x00,
 923            0x24,0x8e,0x0e,
 924            0x93,0x2f,0x00,
 925            0x5d,0x5f,0xe4,
 926            0x55,0x5f,0x44,
 927            0x45,0x4f,0x44,
 928            0x45,0xa1,0x4c,
 929            0x00,0x00,0x00,
 930            0x00,0x00,0x00,
 931            
 932            //========Address -- (54),
 933            0x00,0x00,0x00,
 934            0x24,0x19,0x48,
 935            0xf0,0xd0,0x2e,
 936            0x74,0xc5,0x04,
 937            0x74,0xd5,0x82,
 938            0x40,0xc8,0xe0,
 939            0x58,0x5f,0x42,
 940            0x00,0x00,0x00,
 941            0x00,0x00,0x00,
 942            
 943            //========Address -- (55),
 944            0x00,0x00,0x00,
 945            0x0b,0x2f,0x0e,
 946            0x41,0x2f,0x0c,
 947            0x0b,0x2f,0x0e,
 948            0x51,0x0f,0x4c,
 949            0x15,0x0f,0x4c,
 950            0x91,0x00,0x4c,
 951            0x00,0x00,0x00,
 952            0x00,0x00,0x00,
 953            
 954            //========Address -- (56),
 955            0x00,0x00,0x00,
 956            0x2f,0x0f,0xc0,
 957            0x27,0x52,0x48,
 958            0x2f,0x79,0xc4,
 959            0x57,0x71,0xe4,
 960            0x57,0x71,0xc4,
 961            0x55,0x13,0x00,
 962            0x00,0x00,0x00,
 963            0x00,0x00,0x00,
 964            
 965            //========Address -- (57),
 966            0x00,0x00,0x00,
 967            0x22,0x88,0x00,
 968            0x45,0x8e,0xea,
 969            0xc4,0xaa,0xaa,
 970            0x44,0xaa,0xaa,
 971            0x44,0xaa,0xaa,
 972            0x56,0x26,0xea,
 973            0x00,0x00,0x00,
 974            0x00,0x00,0x00,
 975            
 976            //========Address -- (58),
 977            0x00,0x00,0x00,
C51 COMPILER V9.60.0.0   TFONT_CHINESE_F                                                   09/18/2026 20:40:13 PAGE 17  

 978            0x74,0xf4,0xe0,
 979            0x74,0xf4,0xc0,
 980            0x74,0xf4,0xc0,
 981            0x70,0xf0,0xe2,
 982            0x55,0x55,0x22,
 983            0x80,0x01,0x2c,
 984            0x00,0x00,0x00,
 985            0x00,0x00,0x00,
 986            
 987            //========Address -- (59),
 988            0x00,0x00,0x00,
 989            0x04,0x00,0x0a,
 990            0x44,0x0f,0x8e,
 991            0x4e,0x0e,0x88,
 992            0x44,0xaa,0xaa,
 993            0x44,0xe0,0xcc,
 994            0x6c,0x2d,0xa6,
 995            0x00,0x20,0x20,
 996            0x00,0x00,0x00,
 997            
 998            //========Address -- (5a),
 999            0x00,0x00,0x00,
1000            0x01,0x01,0x00,
1001            0x25,0x95,0x0e,
1002            0xf4,0xab,0x2a,
1003            0x74,0xea,0xaa,
1004            0x74,0xb2,0xa6,
1005            0x56,0x2a,0x02,
1006            0x40,0x10,0xe0,
1007            0x00,0x00,0x00,
1008            
1009            //========Address -- (5b),
1010            0x00,0x00,0x00,
1011            0x00,0x08,0x00,
1012            0x71,0x03,0x0e,
1013            0x1f,0x2e,0x22,
1014            0x13,0x2a,0x22,
1015            0x59,0x62,0x22,
1016            0x11,0x32,0xe2,
1017            0x10,0x00,0x00,
1018            0x00,0x00,0x00,
1019            
1020            //========Address -- (5c),
1021            0x00,0x00,0x00,
1022            0x01,0x00,0x00,
1023            0x17,0x39,0xe2,
1024            0x11,0x12,0x26,
1025            0xf1,0xc3,0x0e,
1026            0x55,0x2e,0x22,
1027            0x57,0x30,0xe0,
1028            0x90,0xf0,0xe0,
1029            0x00,0x00,0x00,
1030            
1031            //========Address -- (5d),
1032            0x00,0x00,0x00,
1033            0x01,0x03,0x0e,
1034            0x55,0xc1,0x80,
1035            0x5f,0x3e,0xe2,
1036            0x15,0x32,0xe2,
1037            0x58,0x7a,0xe2,
1038            0x12,0x31,0xe4,
1039            0xc0,0x20,0x20,
C51 COMPILER V9.60.0.0   TFONT_CHINESE_F                                                   09/18/2026 20:40:13 PAGE 18  

1040            0x00,0x00,0x00,
1041            
1042            //========Address -- (5e),
1043            0x00,0x00,0x00,
1044            0x02,0x0e,0x0a,
1045            0x22,0x2a,0xca,
1046            0xba,0x47,0x4c,
1047            0xaa,0x87,0x2c,
1048            0x22,0x47,0x4c,
1049            0x55,0x42,0x48,
1050            0x80,0xf0,0xe0,
1051            0x00,0x00,0x00,
1052            
1053            //========Address -- (5f),
1054            0x00,0x00,0x00,
1055            0x02,0x01,0x00,
1056            0x1f,0x1d,0x00,
1057            0x04,0x1a,0xe4,
1058            0x48,0x51,0x44,
1059            0x21,0x90,0x48,
1060            0x24,0x85,0x84,
1061            0x80,0x20,0x20,
1062            0x00,0x00,0x00,
1063            
1064            //========Address -- (60),
1065            0x00,0x00,0x00,
1066            0x0f,0x01,0x0e,
1067            0x9f,0x11,0x2e,
1068            0x9f,0x11,0x2e,
1069            0x88,0x44,0x22,
1070            0x88,0x4a,0x22,
1071            0x98,0x10,0x22,
1072            0x80,0x00,0x60,
1073            0x00,0x00,0x00,
1074            
1075            //========Address -- (61),
1076            0x00,0x00,0x00,
1077            0x02,0x05,0x02,
1078            0x22,0xbe,0xac,
1079            0xba,0x7a,0xac,
1080            0xaa,0xf1,0xa0,
1081            0x22,0xf3,0xe8,
1082            0x54,0x59,0x42,
1083            0x80,0x10,0x00,
1084            0x00,0x00,0x00,
1085            
1086            //========Address -- (62),
1087            0x00,0x00,0x00,
1088            0x00,0x04,0x00,
1089            0x07,0x2f,0x0f,
1090            0x11,0x00,0x44,
1091            0x00,0x88,0x88,
1092            0x00,0x52,0x00,
1093            0x01,0x58,0x0c,
1094            0x60,0x00,0x30,
1095            0x00,0x00,0x00,
1096            
1097            //========Address -- (63),
1098            0x00,0x00,0x00,
1099            0x00,0x02,0x00,
1100            0x07,0x2f,0x0f,
1101            0x00,0x27,0x00,
C51 COMPILER V9.60.0.0   TFONT_CHINESE_F                                                   09/18/2026 20:40:13 PAGE 19  

1102            0x00,0xaa,0x88,
1103            0x12,0x22,0x42,
1104            0x50,0xf2,0xd0,
1105            0x00,0x20,0x00,
1106            0x00,0x00,0x00,
1107            
1108            //========Address -- (64),
1109            0x00,0x00,0x00,
1110            0x03,0x0f,0x08,
1111            0x23,0x0f,0x88,
1112            0x2f,0x0f,0x8e,
1113            0x47,0x8b,0x0c,
1114            0x47,0x99,0x44,
1115            0x4f,0xc9,0x84,
1116            0x00,0xa0,0x20,
1117            0x00,0x00,0x00,
1118            
1119            //========Address -- (65),
1120            0x00,0x00,0x00,
1121            0x00,0x04,0x00,
1122            0x00,0x44,0x00,
1123            0x0f,0x4f,0x0e,
1124            0x00,0x4a,0x00,
1125            0x01,0xa1,0x00,
1126            0x12,0x10,0x08,
1127            0xc0,0x00,0x60,
1128            0x00,0x00,0x00,
1129            
1130            //========Address -- (66),
1131            0x00,0x00,0x00,
1132            0x04,0x02,0x00,
1133            0x79,0xb4,0xe8,
1134            0x74,0xd5,0xe2,
1135            0x74,0xd5,0x22,
1136            0x75,0xd1,0x22,
1137            0x45,0x95,0x60,
1138            0x60,0x10,0x00,
1139            0x00,0x00,0x00,
1140            
1141            //========Address -- (67),
1142            0x00,0x00,0x00,
1143            0x00,0x04,0x00,
1144            0xf0,0xf0,0xe0,
1145            0x32,0xf0,0x88,
1146            0x30,0xf0,0x80,
1147            0xf8,0xf0,0xe2,
1148            0x99,0xf1,0x22,
1149            0x90,0xf0,0x60,
1150            0x00,0x00,0x00,
1151            
1152            //========Address -- (68),
1153            0x00,0x00,0x00,
1154            0x00,0x01,0x04,
1155            0x74,0xf1,0xe0,
1156            0x54,0xd1,0x44,
1157            0x55,0xc4,0x8a,
1158            0x58,0xd2,0x62,
1159            0x55,0x42,0x4a,
1160            0x80,0xf0,0xa0,
1161            0x00,0x00,0x00,
1162            
1163            
C51 COMPILER V9.60.0.0   TFONT_CHINESE_F                                                   09/18/2026 20:40:13 PAGE 20  

1164          
1165          };
1166          
1167          
1168          BYTE GetStringPropExtend_CHINESE_F(DWORD index)
1169          {
1170   1      
1171   1        return  tFONT_CHINESE_F[index];
1172   1        
1173   1      }
1174          #endif
1175          
1176          
1177          


MODULE INFORMATION:   STATIC OVERLAYABLE
   CODE SIZE        =     14    ----
   CONSTANT SIZE    =   2835    ----
   XDATA SIZE       =   ----    ----
   PDATA SIZE       =   ----    ----
   DATA SIZE        =   ----    ----
   IDATA SIZE       =   ----    ----
   BIT SIZE         =   ----    ----
END OF MODULE INFORMATION.


C51 COMPILATION COMPLETE.  0 WARNING(S),  0 ERROR(S)
