C51 COMPILER V9.60.0.0   TYPEC_PMIC_MPS_MP4248                                             09/18/2026 20:40:24 PAGE 1   


C51 COMPILER V9.60.0.0, COMPILATION OF MODULE TYPEC_PMIC_MPS_MP4248
OBJECT MODULE PLACED IN .\Output\RL6432_Project\TypeC_Pmic_MPS_MP4248.obj
COMPILER INVOKED BY: C:\Keil_v5\C51\BIN\C51.EXE User\Device\Code\TypeC_Pmic_MPS_MP4248.c LARGE OPTIMIZE(9,SPEED) INCDIR(
                    -.\Output\RL6432;.\Project\Header;.\Pcb;.\Panel;.\Kernel\Device\Header;.\Kernel\Common;.\Kernel\System\Header;.\Kernel\Sc
                    -aler\ScalerFunction\Header;.\Kernel\Scaler\ScalerCommonFunction\Header;.\Kernel\Scaler\ScalerFunction\Lib\Header;.\Kerne
                    -l\Scaler\ScalerCommonFunction\Lib\Header;.\Kernel\Scaler\RL6432_Series_Scaler\Header;.\Kernel\Scaler\RL6432_Series_Commo
                    -n\Header;.\Kernel\Scaler\RL6432_Series_Scaler\Lib\Header;.\Kernel\Scaler\RL6432_Series_Common\Lib\Header;.\Kernel\User C
                    -ommon Function\Header;.\User\RTD Series\RTD2014Function\Header;.\User\RTD Series\RTD2014Osd\Header;.\User\RTD Factory\He
                    -ader;.\User\None Series\NoneFunction\Header;.\User\None Series\NoneOsd\Header;.\User\None Factory\Header) DEFINE(_PROJEC
                    -T=_RL6432_PROJECT,_SCALER_TYPE=_RL6432_SERIES) DEBUG OBJECTEXTEND PRINT(.\Output\RL6432_Project\TypeC_Pmic_MPS_MP4248.ls
                    -t) TABS(2) OBJECT(.\Output\RL6432_Project\TypeC_Pmic_MPS_MP4248.obj)

line level    source

   1          /********************************************************************************/
   2          /*   Copyright (c) 2021 Realtek Semiconductor Corp. All rights reserved.        */
   3          /*                                                                              */
   4          /*   SPDX-License-Identifier: LicenseRef-Realtek-Proprietary                    */
   5          /*                                                                              */
   6          /*   This software component is confidential and proprietary to Realtek         */
   7          /*   Semiconductor Corp. Disclosure, reproduction, redistribution, in whole     */
   8          /*   or in part, of this work and its derivatives without express permission    */
   9          /*   is prohibited.                                                             */
  10          /********************************************************************************/
  11          
  12          //----------------------------------------------------------------------------------------------------
  13          // ID Code      : TypeC_Pmic_MPS_MP4248.c
  14          // Update Note  :
  15          //----------------------------------------------------------------------------------------------------
  16          
  17          #include "UserCommonInclude.h"
  18          
  19          #if(_TYPE_C_PMIC_TYPE == _PMIC_MP4248)
              
              //****************************************************************************
              // LAYER DEFINITIONS / MACROS
              //****************************************************************************
              //--------------------------------------------------
              // Register Addresss
              //--------------------------------------------------
              #define _MP4248_OPEARTION                           0x01
              #define _MP4248_CLEAR_FAULTS                        0x03
              #define _MP4248_VOUT_COMMAND                        0x21
              #define _MP4248_STATUS_WORD                         0x79
              #define _MP4248_STATUS_TEMPERATURE                  0x7D
              #define _MP4248_MFR_CTRL1                           0xD0
              #define _MP4248_MFR_CURRENT_LIMIT                   0xD1
              #define _MP4248_MFR_CTRL2                           0xD2
              #define _MP4248_MFR_CTRL3                           0xD3
              #define _MP4248_MFR_CTRL4                           0xD4
              #define _MP4248_MFR_STATUS_MASK                     0xD8
              #define _MP4248_MFR_OTP_CONFIGURATION_CODE          0xD9
              #define _MP4248_MFR_OTP_REVISION_NUMBER             0xDA
              #define _MP4248_REGISTER_END                        0xFF
              
              //--------------------------------------------------
              // Register Addresss
              //--------------------------------------------------
              #define _MP4248_SUBADDR_LENGTH                      0x01
              #define _MP4248_DATA_LENGTH_1                       0x01
              #define _MP4248_DATA_LENGTH_2                       0x02
C51 COMPILER V9.60.0.0   TYPEC_PMIC_MPS_MP4248                                             09/18/2026 20:40:24 PAGE 2   

              
              //--------------------------------------------------
              // Definitions of Voltage(250mV)
              //--------------------------------------------------
              #define _MP4248_OUTPUT_VOL_0V                       0x0000
              #define _MP4248_OUTPUT_VOL_3V                       0x0800
              #define _MP4248_OUTPUT_VOL_5V                       0x0D56
              #define _MP4248_OUTPUT_VOL_7V                       0x12AB
              #define _MP4248_OUTPUT_VOL_9V                       0x1800
              #define _MP4248_OUTPUT_VOL_12V                      0x2000
              #define _MP4248_OUTPUT_VOL_15V                      0x2800
              #define _MP4248_OUTPUT_VOL_20V                      0x3556
              #define _MP4248_OUTPUT_VOL_28V                      0x4AAB
              
              //--------------------------------------------------
              // Definitions of Current(Rsense 10m ohm)
              //--------------------------------------------------
              #define _MP4248_OUTPUT_CURRENT_LIMIT_1_0A           0x14
              #define _MP4248_OUTPUT_CURRENT_LIMIT_1_5A           0x1E
              #define _MP4248_OUTPUT_CURRENT_LIMIT_2_0A           0x28
              #define _MP4248_OUTPUT_CURRENT_LIMIT_2_5A           0x32
              #define _MP4248_OUTPUT_CURRENT_LIMIT_3_0A           0x3C
              #define _MP4248_OUTPUT_CURRENT_LIMIT_3_25A          0x41
              #define _MP4248_OUTPUT_CURRENT_LIMIT_3_5A           0x46
              #define _MP4248_OUTPUT_CURRENT_LIMIT_4_0A           0x50
              #define _MP4248_OUTPUT_CURRENT_LIMIT_4_5A           0x5A
              #define _MP4248_OUTPUT_CURRENT_LIMIT_5_0A           0x64
              
              //--------------------------------------------------
              // Definitions of Operation Mode
              //--------------------------------------------------
              #define _MP4248_MODE_OFF                            0x00
              #define _MP4248_MODE_ON                             0x80
              
              //--------------------------------------------------
              // Definitions of Discharge Control
              //--------------------------------------------------
              #define _MP4248_DISCHANGE_DISABLE                   0x00
              #define _MP4248_DISCHANGE_ENABLE                    0x01
              
              //--------------------------------------------------
              // Macros of PMIC Default STATUS
              //--------------------------------------------------
              #define _MP4248_OPEARTION_DEFAULT                   0x00
              #define _MP4248_VOUT_COMMAND_HIGH_DEFAULT           HIBYTE(_MP4248_OUTPUT_VOL_5V)
              #define _MP4248_VOUT_COMMAND_LOW_DEFAULT            LOBYTE(_MP4248_OUTPUT_VOL_5V)
              #define _MP4248_MFR_CTRL1_DEFAULT                   0x4F
              #define _MP4248_MFR_CURRENT_LIMIT_DEFAULT           0x6C
              #define _MP4248_MFR_CTRL2_DEFAULT                   0x02
              #define _MP4248_MFR_CTRL3_DEFAULT                   0x86 // Select the Rsens resistor value: 0: 5mo, Defau
             -lt; 1: 10mo
              #define _MP4248_MFR_CTRL4_DEFAULT                   0x27
              #define _MP4248_MFR_STATUS_MASK_DEFAULT             0xBF
              
              
              //****************************************************************************
              // STRUCT / TYPE / ENUM DEFINITTIONS
              //****************************************************************************
              typedef struct
              {
                  BYTE ucOperation; // 0x01 OPERATION  0x00 OFF , 0x80 ON
                  BYTE ucVoutCommand_h; // 0x21 VOUT_COMMAND
C51 COMPILER V9.60.0.0   TYPEC_PMIC_MPS_MP4248                                             09/18/2026 20:40:24 PAGE 3   

                  BYTE ucVoutCommand_l; // 0x21 VOUT_COMMAND
                  BYTE ucMfrCtrl1; // 0xD0 MFR_CTRL1
                  BYTE ucMfrCurrentLimit; // 0xD1 MFR_CURRENT_LIMIT
                  BYTE ucMfrCtrl2; // 0xD2 MFR_CTRL2
                  BYTE ucMfrCtrl3; // 0xD3 MFR_CTRL3
                  BYTE ucMfrCtrl4; // 0xD4 MFR_CTRL4
                  BYTE ucMfrStatusMask; // 0xD8 MFR_STATUS_MASK
              } StructMP4248RegisterMap;
              
              
              //****************************************************************************
              // CODE TABLES
              //****************************************************************************
              StructMP4248RegisterMap code tPMIC_MP4248_INITIAL_TABLE =
              {
                  _MP4248_OPEARTION_DEFAULT,
                  _MP4248_VOUT_COMMAND_HIGH_DEFAULT,
                  _MP4248_VOUT_COMMAND_LOW_DEFAULT,
                  _MP4248_MFR_CTRL1_DEFAULT,
                  _MP4248_MFR_CURRENT_LIMIT_DEFAULT,
                  _MP4248_MFR_CTRL2_DEFAULT,
                  _MP4248_MFR_CTRL3_DEFAULT,
                  _MP4248_MFR_CTRL4_DEFAULT,
                  _MP4248_MFR_STATUS_MASK_DEFAULT,
              };
              
              
              //****************************************************************************
              // VARIABLE DECLARATIONS
              //****************************************************************************
              StructMP4248RegisterMap g_pstPmicMp4248Data;
              
              
              //****************************************************************************
              // FUNCTION DECLARATIONS
              //****************************************************************************
              void ExternalDeviceInterfaceTypeCPmicACOnInitial(void);
              void ExternalDeviceInterfaceTypeCPmicUnattachReset(void);
              void ExternalDeviceInterfaceTypeCPmicUnattachReset_EXINT0(void);
              EnumTypeCPmicControlResult ExternalDeviceInterfaceTypeCPmicVoltageCurrentSetting(EnumTypeCPmicDirection en
             -umPowerDirection, WORD usVoltage, WORD usCurrent);
              EnumTypeCPmicControlResult ExternalDeviceInterfaceTypeCPmicVoltageCurrentSetting_EXINT0(EnumTypeCPmicDirec
             -tion enumPowerDirection, WORD usVoltage, WORD usCurrent);
              EnumTypeCPmicControlResult ExternalDeviceInterfaceTypeCPmicVoltageCurrentSetting_WDINT(EnumTypeCPmicDirect
             -ion enumPowerDirection, WORD usVoltage, WORD usCurrent);
              EnumTypeCPmicControlResult ExternalDeviceInterfaceTypeCPmicTurnOff(void);
              EnumTypeCPmicControlResult ExternalDeviceInterfaceTypeCPmicTurnOff_EXINT0(void);
              EnumTypeCPmicControlResult ExternalDeviceInterfaceTypeCPmicTurnOff_WDINT(void);
              EnumTypeCPmicControlResult ExternalDeviceInterfaceTypeCPmicVbusDischarge(EnumTypeCPmicDischarge enumEn);
              EnumTypeCPmicControlResult ExternalDeviceInterfaceTypeCPmicVbusDischarge_EXINT0(EnumTypeCPmicDischarge enu
             -mEn);
              EnumTypeCPmicControlResult ExternalDeviceInterfaceTypeCPmicVbusDischarge_WDINT(EnumTypeCPmicDischarge enum
             -En);
              EnumTypeCPmicControlResult ExternalDeviceInterfaceTypeCPmicSwitchControl(EnumTypeCPmicSwitchControl enumSw
             -itchControl, EnumTypeCPmicDirection enumPowerDirection);
              EnumTypeCPmicControlResult ExternalDeviceInterfaceTypeCPmicSwitchControl_EXINT0(EnumTypeCPmicSwitchControl
             - enumSwitchControl, EnumTypeCPmicDirection enumPowerDirection);
              EnumTypeCPmicControlResult ExternalDeviceInterfaceTypeCPmicSwitchControl_WDINT(EnumTypeCPmicSwitchControl 
             -enumSwitchControl, EnumTypeCPmicDirection enumPowerDirection);
              #if(_TYPE_C_EMB_PD3_PPS_SUPPORT == _ON)
              EnumTypeCPmicControlResult ExternalDeviceInterfaceTypeCPmicPpsOutputModeSetting(EnumTypeCPmicDirection enu
             -mPowerDirection, EnumPDPdoType enumOutputPdoType);
C51 COMPILER V9.60.0.0   TYPEC_PMIC_MPS_MP4248                                             09/18/2026 20:40:24 PAGE 4   

              EnumTypeCPmicControlResult ExternalDeviceInterfaceTypeCPmicPpsOutputModeSetting_EXINT0(EnumTypeCPmicDirect
             -ion enumPowerDirection, EnumPDPdoType enumOutputPdoType);
              EnumTypeCPmicControlResult ExternalDeviceInterfaceTypeCPmicPpsOutputModeSetting_WDINT(EnumTypeCPmicDirecti
             -on enumPowerDirection, EnumPDPdoType enumOutputPdoType);
              EnumTypeCPmicOperationMode ExternalDeviceInterfaceTypeCPmicReadPpsOperationModeStatus_EXINT0(void);
              #endif
              #if(_TYPE_C_PMIC_DEBUG == _ON)
              EnumTypeCPmicControlResult ExternalDeviceInterfaceTypeCPmicDebugCheckStatus(void);
              #endif
              #if(_TYPE_C_PMIC_FW_OCP_PROTECT_METHOD == _TYPE_C_PMIC_FW_OCP_BY_POLLING_PMIC)
              WORD ExternalDeviceInterfaceTypeCPmicReadPmicAdcCurrentValue(void);
              #endif
              
              
              //****************************************************************************
              // FUNCTION DEFINITIONS
              //****************************************************************************
              //--------------------------------------------------
              // Description  : PMIC Initial Settings
              // Input Value  : None
              // Output Value : None
              //--------------------------------------------------
              void ExternalDeviceInterfaceTypeCPmicACOnInitial(void)
              {
                  // Enable Pin Control
                  PCB_PMIC_POWER(_POWER_ON);
              
                  g_pstPmicMp4248Data = tPMIC_MP4248_INITIAL_TABLE;
              
                  ScalerTypeCPmicIICWrite(_TYPE_C_RX0_PMIC_SLAVE_ADDRESS, _MP4248_OPEARTION, _MP4248_SUBADDR_LENGTH, _MP
             -4248_DATA_LENGTH_1, (BYTE *)(&g_pstPmicMp4248Data.ucOperation));
                  ScalerTypeCPmicIICWrite(_TYPE_C_RX0_PMIC_SLAVE_ADDRESS, _MP4248_VOUT_COMMAND, _MP4248_SUBADDR_LENGTH, 
             -_MP4248_DATA_LENGTH_1, (BYTE *)(&g_pstPmicMp4248Data.ucVoutCommand_l));
                  ScalerTypeCPmicIICWrite(_TYPE_C_RX0_PMIC_SLAVE_ADDRESS, _MP4248_VOUT_COMMAND + 1, _MP4248_SUBADDR_LENG
             -TH, _MP4248_DATA_LENGTH_1, (BYTE *)(&g_pstPmicMp4248Data.ucVoutCommand_h));
                  ScalerTypeCPmicIICWrite(_TYPE_C_RX0_PMIC_SLAVE_ADDRESS, _MP4248_MFR_CTRL1, _MP4248_SUBADDR_LENGTH, _MP
             -4248_DATA_LENGTH_1, (BYTE *)(&g_pstPmicMp4248Data.ucMfrCtrl1));
                  ScalerTypeCPmicIICWrite(_TYPE_C_RX0_PMIC_SLAVE_ADDRESS, _MP4248_MFR_CURRENT_LIMIT, _MP4248_SUBADDR_LEN
             -GTH, _MP4248_DATA_LENGTH_1, (BYTE *)(&g_pstPmicMp4248Data.ucMfrCurrentLimit));
                  ScalerTypeCPmicIICWrite(_TYPE_C_RX0_PMIC_SLAVE_ADDRESS, _MP4248_MFR_CTRL2, _MP4248_SUBADDR_LENGTH, _MP
             -4248_DATA_LENGTH_1, (BYTE *)(&g_pstPmicMp4248Data.ucMfrCtrl2));
                  ScalerTypeCPmicIICWrite(_TYPE_C_RX0_PMIC_SLAVE_ADDRESS, _MP4248_MFR_CTRL3, _MP4248_SUBADDR_LENGTH, _MP
             -4248_DATA_LENGTH_1, (BYTE *)(&g_pstPmicMp4248Data.ucMfrCtrl3));
                  ScalerTypeCPmicIICWrite(_TYPE_C_RX0_PMIC_SLAVE_ADDRESS, _MP4248_MFR_CTRL4, _MP4248_SUBADDR_LENGTH, _MP
             -4248_DATA_LENGTH_1, (BYTE *)(&g_pstPmicMp4248Data.ucMfrCtrl4));
                  ScalerTypeCPmicIICWrite(_TYPE_C_RX0_PMIC_SLAVE_ADDRESS, _MP4248_MFR_STATUS_MASK, _MP4248_SUBADDR_LENGT
             -H, _MP4248_DATA_LENGTH_1, (BYTE *)(&g_pstPmicMp4248Data.ucMfrStatusMask));
              }
              
              //--------------------------------------------------
              // Description  : PMIC Reset Settings
              // Input Value  : None
              // Output Value : None
              //--------------------------------------------------
              void ExternalDeviceInterfaceTypeCPmicUnattachReset(void)
              {
                  // Set PMIC Data initial value
                  g_pstPmicMp4248Data = tPMIC_MP4248_INITIAL_TABLE;
              
                  // Initial Pmic Value
                  ScalerTypeCPmicIICWrite(_TYPE_C_RX0_PMIC_SLAVE_ADDRESS, _MP4248_OPEARTION, _MP4248_SUBADDR_LENGTH, _MP
             -4248_DATA_LENGTH_1, (BYTE *)(&g_pstPmicMp4248Data.ucOperation));
C51 COMPILER V9.60.0.0   TYPEC_PMIC_MPS_MP4248                                             09/18/2026 20:40:24 PAGE 5   

                  ScalerTypeCPmicIICWrite(_TYPE_C_RX0_PMIC_SLAVE_ADDRESS, _MP4248_VOUT_COMMAND, _MP4248_SUBADDR_LENGTH, 
             -_MP4248_DATA_LENGTH_1, (BYTE *)(&g_pstPmicMp4248Data.ucVoutCommand_l));
                  ScalerTypeCPmicIICWrite(_TYPE_C_RX0_PMIC_SLAVE_ADDRESS, _MP4248_VOUT_COMMAND + 1, _MP4248_SUBADDR_LENG
             -TH, _MP4248_DATA_LENGTH_1, (BYTE *)(&g_pstPmicMp4248Data.ucVoutCommand_h));
                  ScalerTypeCPmicIICWrite(_TYPE_C_RX0_PMIC_SLAVE_ADDRESS, _MP4248_MFR_CTRL1, _MP4248_SUBADDR_LENGTH, _MP
             -4248_DATA_LENGTH_1, (BYTE *)(&g_pstPmicMp4248Data.ucMfrCtrl1));
                  ScalerTypeCPmicIICWrite(_TYPE_C_RX0_PMIC_SLAVE_ADDRESS, _MP4248_MFR_CURRENT_LIMIT, _MP4248_SUBADDR_LEN
             -GTH, _MP4248_DATA_LENGTH_1, (BYTE *)(&g_pstPmicMp4248Data.ucMfrCurrentLimit));
                  ScalerTypeCPmicIICWrite(_TYPE_C_RX0_PMIC_SLAVE_ADDRESS, _MP4248_MFR_CTRL2, _MP4248_SUBADDR_LENGTH, _MP
             -4248_DATA_LENGTH_1, (BYTE *)(&g_pstPmicMp4248Data.ucMfrCtrl2));
                  ScalerTypeCPmicIICWrite(_TYPE_C_RX0_PMIC_SLAVE_ADDRESS, _MP4248_MFR_CTRL3, _MP4248_SUBADDR_LENGTH, _MP
             -4248_DATA_LENGTH_1, (BYTE *)(&g_pstPmicMp4248Data.ucMfrCtrl3));
                  ScalerTypeCPmicIICWrite(_TYPE_C_RX0_PMIC_SLAVE_ADDRESS, _MP4248_MFR_CTRL4, _MP4248_SUBADDR_LENGTH, _MP
             -4248_DATA_LENGTH_1, (BYTE *)(&g_pstPmicMp4248Data.ucMfrCtrl4));
                  ScalerTypeCPmicIICWrite(_TYPE_C_RX0_PMIC_SLAVE_ADDRESS, _MP4248_MFR_STATUS_MASK, _MP4248_SUBADDR_LENGT
             -H, _MP4248_DATA_LENGTH_1, (BYTE *)(&g_pstPmicMp4248Data.ucMfrStatusMask));
              }
              
              //--------------------------------------------------
              // Description  : PMIC Reset Settings
              // Input Value  : None
              // Output Value : None
              //--------------------------------------------------
              void ExternalDeviceInterfaceTypeCPmicUnattachReset_EXINT0(void) using 1
              {
                  // Set PMIC Data initial value
                  g_pstPmicMp4248Data = tPMIC_MP4248_INITIAL_TABLE;
              
                  // Initial Pmic Value
                  ScalerTypeCPmicIICWrite_EXINT0(_TYPE_C_RX0_PMIC_SLAVE_ADDRESS, _MP4248_OPEARTION, _MP4248_SUBADDR_LENG
             -TH, _MP4248_DATA_LENGTH_1, (BYTE *)(&g_pstPmicMp4248Data.ucOperation));
                  ScalerTypeCPmicIICWrite_EXINT0(_TYPE_C_RX0_PMIC_SLAVE_ADDRESS, _MP4248_VOUT_COMMAND, _MP4248_SUBADDR_L
             -ENGTH, _MP4248_DATA_LENGTH_1, (BYTE *)(&g_pstPmicMp4248Data.ucVoutCommand_l));
                  ScalerTypeCPmicIICWrite_EXINT0(_TYPE_C_RX0_PMIC_SLAVE_ADDRESS, _MP4248_VOUT_COMMAND + 1, _MP4248_SUBAD
             -DR_LENGTH, _MP4248_DATA_LENGTH_1, (BYTE *)(&g_pstPmicMp4248Data.ucVoutCommand_h));
                  ScalerTypeCPmicIICWrite_EXINT0(_TYPE_C_RX0_PMIC_SLAVE_ADDRESS, _MP4248_MFR_CTRL1, _MP4248_SUBADDR_LENG
             -TH, _MP4248_DATA_LENGTH_1, (BYTE *)(&g_pstPmicMp4248Data.ucMfrCtrl1));
                  ScalerTypeCPmicIICWrite_EXINT0(_TYPE_C_RX0_PMIC_SLAVE_ADDRESS, _MP4248_MFR_CURRENT_LIMIT, _MP4248_SUBA
             -DDR_LENGTH, _MP4248_DATA_LENGTH_1, (BYTE *)(&g_pstPmicMp4248Data.ucMfrCurrentLimit));
                  ScalerTypeCPmicIICWrite_EXINT0(_TYPE_C_RX0_PMIC_SLAVE_ADDRESS, _MP4248_MFR_CTRL2, _MP4248_SUBADDR_LENG
             -TH, _MP4248_DATA_LENGTH_1, (BYTE *)(&g_pstPmicMp4248Data.ucMfrCtrl2));
                  ScalerTypeCPmicIICWrite_EXINT0(_TYPE_C_RX0_PMIC_SLAVE_ADDRESS, _MP4248_MFR_CTRL3, _MP4248_SUBADDR_LENG
             -TH, _MP4248_DATA_LENGTH_1, (BYTE *)(&g_pstPmicMp4248Data.ucMfrCtrl3));
                  ScalerTypeCPmicIICWrite_EXINT0(_TYPE_C_RX0_PMIC_SLAVE_ADDRESS, _MP4248_MFR_CTRL4, _MP4248_SUBADDR_LENG
             -TH, _MP4248_DATA_LENGTH_1, (BYTE *)(&g_pstPmicMp4248Data.ucMfrCtrl4));
                  ScalerTypeCPmicIICWrite_EXINT0(_TYPE_C_RX0_PMIC_SLAVE_ADDRESS, _MP4248_MFR_STATUS_MASK, _MP4248_SUBADD
             -R_LENGTH, _MP4248_DATA_LENGTH_1, (BYTE *)(&g_pstPmicMp4248Data.ucMfrStatusMask));
              }
              
              
              //--------------------------------------------------
              // Description  : Control PMIC to Directed Voltage
              // Input Value  : bPowerDirection : _PD_POWER_SNK / _PD_POWER_SRC
              //                usVoltage : 300 ~ 2100 (Unit = 10mV)
              //                usCurrent : 0 ~ 500 (Unit = 10mA)
              // Output Value : Control result (Fail/Success)
              //--------------------------------------------------
              EnumTypeCPmicControlResult ExternalDeviceInterfaceTypeCPmicVoltageCurrentSetting(EnumTypeCPmicDirection en
             -umPowerDirection, WORD usVoltage, WORD usCurrent)
              {
              #if(_TYPE_C_EMB_PD3_1_EPR_SUPPORT == _ON)
                  if(usVoltage > 2800) // maximum 28V
C51 COMPILER V9.60.0.0   TYPEC_PMIC_MPS_MP4248                                             09/18/2026 20:40:24 PAGE 6   

                  {
                      usVoltage = 2800;
                  }
              #else
                  if(usVoltage > 2000) // maximum 20V
                  {
                      usVoltage = 2000;
                  }
              #endif
              
                  // -------------------------
                  // Operation Mode Setting
                  // -------------------------
                  g_pstPmicMp4248Data.ucOperation = _MP4248_MODE_ON;
              
                  if(ScalerTypeCPmicIICWrite(_TYPE_C_RX0_PMIC_SLAVE_ADDRESS, _MP4248_OPEARTION, _MP4248_SUBADDR_LENGTH, 
             -_MP4248_DATA_LENGTH_1, (BYTE *)(&g_pstPmicMp4248Data.ucOperation)) == _FAIL)
                  {
                      return _TYPE_C_PMIC_CONTROL_FAIL;
                  }
              
                  if(enumPowerDirection == _TYPE_C_PMIC_DIRECTION_SRC)
                  {
                      // ---------------------
                      // Voltage Setting
                      // ---------------------
              
                      if(usVoltage <= (300))
                      {
                          g_pstPmicMp4248Data.ucVoutCommand_h = HIBYTE(_MP4248_OUTPUT_VOL_3V);
                          g_pstPmicMp4248Data.ucVoutCommand_l = LOBYTE(_MP4248_OUTPUT_VOL_3V);
                      }
                      else if(usVoltage <= (500))
                      {
                          g_pstPmicMp4248Data.ucVoutCommand_h = HIBYTE(_MP4248_OUTPUT_VOL_5V);
                          g_pstPmicMp4248Data.ucVoutCommand_l = LOBYTE(_MP4248_OUTPUT_VOL_5V);
                      }
                      else if(usVoltage <= (900))
                      {
                          g_pstPmicMp4248Data.ucVoutCommand_h = HIBYTE(_MP4248_OUTPUT_VOL_9V);
                          g_pstPmicMp4248Data.ucVoutCommand_l = LOBYTE(_MP4248_OUTPUT_VOL_9V);
                      }
                      else if(usVoltage <= (1200))
                      {
                          g_pstPmicMp4248Data.ucVoutCommand_h = HIBYTE(_MP4248_OUTPUT_VOL_12V);
                          g_pstPmicMp4248Data.ucVoutCommand_l = LOBYTE(_MP4248_OUTPUT_VOL_12V);
                      }
                      else if(usVoltage <= (1500))
                      {
                          g_pstPmicMp4248Data.ucVoutCommand_h = HIBYTE(_MP4248_OUTPUT_VOL_15V);
                          g_pstPmicMp4248Data.ucVoutCommand_l = LOBYTE(_MP4248_OUTPUT_VOL_15V);
                      }
                      else if(usVoltage <= (2000))
                      {
                          g_pstPmicMp4248Data.ucVoutCommand_h = HIBYTE(_MP4248_OUTPUT_VOL_20V);
                          g_pstPmicMp4248Data.ucVoutCommand_l = LOBYTE(_MP4248_OUTPUT_VOL_20V);
                      }
              #if(_TYPE_C_EMB_PD3_1_EPR_SUPPORT == _ON)
                      else if(usVoltage <= (2800))
                      {
                          g_pstPmicMp4248Data.ucVoutCommand_h = HIBYTE(_MP4248_OUTPUT_VOL_28V);
                          g_pstPmicMp4248Data.ucVoutCommand_l = LOBYTE(_MP4248_OUTPUT_VOL_28V);
C51 COMPILER V9.60.0.0   TYPEC_PMIC_MPS_MP4248                                             09/18/2026 20:40:24 PAGE 7   

                      }
              #endif
              
                      if((ScalerTypeCPmicIICWrite(_TYPE_C_RX0_PMIC_SLAVE_ADDRESS, _MP4248_VOUT_COMMAND, _MP4248_SUBADDR_
             -LENGTH, _MP4248_DATA_LENGTH_1, (BYTE *)(&g_pstPmicMp4248Data.ucVoutCommand_l)) == _FAIL) ||
                         (ScalerTypeCPmicIICWrite(_TYPE_C_RX0_PMIC_SLAVE_ADDRESS, _MP4248_VOUT_COMMAND + 1, _MP4248_SUBA
             -DDR_LENGTH, _MP4248_DATA_LENGTH_1, (BYTE *)(&g_pstPmicMp4248Data.ucVoutCommand_h)) == _FAIL))
                      {
                          return _TYPE_C_PMIC_CONTROL_FAIL;
                      }
              
                      // ---------------------
                      // Current Setting
                      // ---------------------
              
                      if(usCurrent <= 100) // < 1A (unit: 10mA)
                      {
                          g_pstPmicMp4248Data.ucMfrCurrentLimit = ((g_pstPmicMp4248Data.ucMfrCurrentLimit & _BIT7) | _MP
             -4248_OUTPUT_CURRENT_LIMIT_1_0A);
                      }
                      else if(usCurrent <= 150)
                      {
                          g_pstPmicMp4248Data.ucMfrCurrentLimit = ((g_pstPmicMp4248Data.ucMfrCurrentLimit & _BIT7) | _MP
             -4248_OUTPUT_CURRENT_LIMIT_1_5A);
                      }
                      else if(usCurrent <= 200)
                      {
                          g_pstPmicMp4248Data.ucMfrCurrentLimit = ((g_pstPmicMp4248Data.ucMfrCurrentLimit & _BIT7) | _MP
             -4248_OUTPUT_CURRENT_LIMIT_2_0A);
                      }
                      else if(usCurrent <= 250)
                      {
                          g_pstPmicMp4248Data.ucMfrCurrentLimit = ((g_pstPmicMp4248Data.ucMfrCurrentLimit & _BIT7) | _MP
             -4248_OUTPUT_CURRENT_LIMIT_2_5A);
                      }
                      else if(usCurrent <= 300)
                      {
                          g_pstPmicMp4248Data.ucMfrCurrentLimit = ((g_pstPmicMp4248Data.ucMfrCurrentLimit & _BIT7) | _MP
             -4248_OUTPUT_CURRENT_LIMIT_3_0A);
                      }
                      else if(usCurrent <= 325)
                      {
                          g_pstPmicMp4248Data.ucMfrCurrentLimit = ((g_pstPmicMp4248Data.ucMfrCurrentLimit & _BIT7) | _MP
             -4248_OUTPUT_CURRENT_LIMIT_3_25A);
                      }
                      else if(usCurrent <= 350)
                      {
                          g_pstPmicMp4248Data.ucMfrCurrentLimit = ((g_pstPmicMp4248Data.ucMfrCurrentLimit & _BIT7) | _MP
             -4248_OUTPUT_CURRENT_LIMIT_3_5A);
                      }
                      else if(usCurrent <= 400)
                      {
                          g_pstPmicMp4248Data.ucMfrCurrentLimit = ((g_pstPmicMp4248Data.ucMfrCurrentLimit & _BIT7) | _MP
             -4248_OUTPUT_CURRENT_LIMIT_4_0A);
                      }
                      else if(usCurrent <= 450)
                      {
                          g_pstPmicMp4248Data.ucMfrCurrentLimit = ((g_pstPmicMp4248Data.ucMfrCurrentLimit & _BIT7) | _MP
             -4248_OUTPUT_CURRENT_LIMIT_4_5A);
                      }
                      else
                      {
C51 COMPILER V9.60.0.0   TYPEC_PMIC_MPS_MP4248                                             09/18/2026 20:40:24 PAGE 8   

                          g_pstPmicMp4248Data.ucMfrCurrentLimit = ((g_pstPmicMp4248Data.ucMfrCurrentLimit & _BIT7) | _MP
             -4248_OUTPUT_CURRENT_LIMIT_5_0A);
                      }
              
                      g_pstPmicMp4248Data.ucMfrCurrentLimit = ((g_pstPmicMp4248Data.ucMfrCurrentLimit & _BIT7) | _MP4248
             -_OUTPUT_CURRENT_LIMIT_5_0A); // fix 50MV
              
                      if(ScalerTypeCPmicIICWrite(_TYPE_C_RX0_PMIC_SLAVE_ADDRESS, _MP4248_MFR_CURRENT_LIMIT, _MP4248_SUBA
             -DDR_LENGTH, _MP4248_DATA_LENGTH_1, (BYTE *)(&g_pstPmicMp4248Data.ucMfrCurrentLimit)) == _FAIL)
                      {
                          return _TYPE_C_PMIC_CONTROL_FAIL;
                      }
                  }
              
                  return _TYPE_C_PMIC_CONTROL_SUCCESS;
              }
              
              //--------------------------------------------------
              // Description  : Control PMIC to Directed Voltage
              // Input Value  : bPowerDirection : _PD_POWER_SNK / _PD_POWER_SRC
              //                usVoltage : 300 ~ 2100 (Unit = 10mV)
              //                usCurrent : 0 ~ 500 (Unit = 10mA)
              // Output Value : Control result (Fail/Success)
              //--------------------------------------------------
              EnumTypeCPmicControlResult ExternalDeviceInterfaceTypeCPmicVoltageCurrentSetting_EXINT0(EnumTypeCPmicDirec
             -tion enumPowerDirection, WORD usVoltage, WORD usCurrent) using 1
              {
              #if(_TYPE_C_EMB_PD3_1_EPR_SUPPORT == _ON)
                  if(usVoltage > 2800) // maximum 28V
                  {
                      usVoltage = 2800;
                  }
              #else
                  if(usVoltage > 2000) // maximum 20V
                  {
                      usVoltage = 2000;
                  }
              #endif
              
                  // -------------------------
                  // Operation Mode Setting
                  // -------------------------
                  g_pstPmicMp4248Data.ucOperation = _MP4248_MODE_ON;
              
                  if(ScalerTypeCPmicIICWrite_EXINT0(_TYPE_C_RX0_PMIC_SLAVE_ADDRESS, _MP4248_OPEARTION, _MP4248_SUBADDR_L
             -ENGTH, _MP4248_DATA_LENGTH_1, (BYTE *)(&g_pstPmicMp4248Data.ucOperation)) == _FAIL)
                  {
                      return _TYPE_C_PMIC_CONTROL_FAIL;
                  }
              
                  if(enumPowerDirection == _TYPE_C_PMIC_DIRECTION_SRC)
                  {
                      // ---------------------
                      // Voltage Setting
                      // ---------------------
              
                      if(usVoltage <= (300))
                      {
                          g_pstPmicMp4248Data.ucVoutCommand_h = HIBYTE(_MP4248_OUTPUT_VOL_3V);
                          g_pstPmicMp4248Data.ucVoutCommand_l = LOBYTE(_MP4248_OUTPUT_VOL_3V);
                      }
                      else if(usVoltage <= (500))
C51 COMPILER V9.60.0.0   TYPEC_PMIC_MPS_MP4248                                             09/18/2026 20:40:24 PAGE 9   

                      {
                          g_pstPmicMp4248Data.ucVoutCommand_h = HIBYTE(_MP4248_OUTPUT_VOL_5V);
                          g_pstPmicMp4248Data.ucVoutCommand_l = LOBYTE(_MP4248_OUTPUT_VOL_5V);
                      }
                      else if(usVoltage <= (900))
                      {
                          g_pstPmicMp4248Data.ucVoutCommand_h = HIBYTE(_MP4248_OUTPUT_VOL_9V);
                          g_pstPmicMp4248Data.ucVoutCommand_l = LOBYTE(_MP4248_OUTPUT_VOL_9V);
                      }
                      else if(usVoltage <= (1200))
                      {
                          g_pstPmicMp4248Data.ucVoutCommand_h = HIBYTE(_MP4248_OUTPUT_VOL_12V);
                          g_pstPmicMp4248Data.ucVoutCommand_l = LOBYTE(_MP4248_OUTPUT_VOL_12V);
                      }
                      else if(usVoltage <= (1500))
                      {
                          g_pstPmicMp4248Data.ucVoutCommand_h = HIBYTE(_MP4248_OUTPUT_VOL_15V);
                          g_pstPmicMp4248Data.ucVoutCommand_l = LOBYTE(_MP4248_OUTPUT_VOL_15V);
                      }
                      else if(usVoltage <= (2000))
                      {
                          g_pstPmicMp4248Data.ucVoutCommand_h = HIBYTE(_MP4248_OUTPUT_VOL_20V);
                          g_pstPmicMp4248Data.ucVoutCommand_l = LOBYTE(_MP4248_OUTPUT_VOL_20V);
                      }
              #if(_TYPE_C_EMB_PD3_1_EPR_SUPPORT == _ON)
                      else if(usVoltage <= (2800))
                      {
                          g_pstPmicMp4248Data.ucVoutCommand_h = HIBYTE(_MP4248_OUTPUT_VOL_28V);
                          g_pstPmicMp4248Data.ucVoutCommand_l = LOBYTE(_MP4248_OUTPUT_VOL_28V);
                      }
              #endif
              
                      if((ScalerTypeCPmicIICWrite_EXINT0(_TYPE_C_RX0_PMIC_SLAVE_ADDRESS, _MP4248_VOUT_COMMAND, _MP4248_S
             -UBADDR_LENGTH, _MP4248_DATA_LENGTH_1, (BYTE *)(&g_pstPmicMp4248Data.ucVoutCommand_l)) == _FAIL) ||
                         (ScalerTypeCPmicIICWrite_EXINT0(_TYPE_C_RX0_PMIC_SLAVE_ADDRESS, _MP4248_VOUT_COMMAND + 1, _MP42
             -48_SUBADDR_LENGTH, _MP4248_DATA_LENGTH_1, (BYTE *)(&g_pstPmicMp4248Data.ucVoutCommand_h)) == _FAIL))
                      {
                          return _TYPE_C_PMIC_CONTROL_FAIL;
                      }
              
                      // ---------------------
                      // Current Setting
                      // ---------------------
              
                      if(usCurrent <= 100) // < 1A (unit: 10mA)
                      {
                          g_pstPmicMp4248Data.ucMfrCurrentLimit = ((g_pstPmicMp4248Data.ucMfrCurrentLimit & _BIT7) | _MP
             -4248_OUTPUT_CURRENT_LIMIT_1_0A);
                      }
                      else if(usCurrent <= 150)
                      {
                          g_pstPmicMp4248Data.ucMfrCurrentLimit = ((g_pstPmicMp4248Data.ucMfrCurrentLimit & _BIT7) | _MP
             -4248_OUTPUT_CURRENT_LIMIT_1_5A);
                      }
                      else if(usCurrent <= 200)
                      {
                          g_pstPmicMp4248Data.ucMfrCurrentLimit = ((g_pstPmicMp4248Data.ucMfrCurrentLimit & _BIT7) | _MP
             -4248_OUTPUT_CURRENT_LIMIT_2_0A);
                      }
                      else if(usCurrent <= 250)
                      {
                          g_pstPmicMp4248Data.ucMfrCurrentLimit = ((g_pstPmicMp4248Data.ucMfrCurrentLimit & _BIT7) | _MP
C51 COMPILER V9.60.0.0   TYPEC_PMIC_MPS_MP4248                                             09/18/2026 20:40:24 PAGE 10  

             -4248_OUTPUT_CURRENT_LIMIT_2_5A);
                      }
                      else if(usCurrent <= 300)
                      {
                          g_pstPmicMp4248Data.ucMfrCurrentLimit = ((g_pstPmicMp4248Data.ucMfrCurrentLimit & _BIT7) | _MP
             -4248_OUTPUT_CURRENT_LIMIT_3_0A);
                      }
                      else if(usCurrent <= 325)
                      {
                          g_pstPmicMp4248Data.ucMfrCurrentLimit = ((g_pstPmicMp4248Data.ucMfrCurrentLimit & _BIT7) | _MP
             -4248_OUTPUT_CURRENT_LIMIT_3_25A);
                      }
                      else if(usCurrent <= 350)
                      {
                          g_pstPmicMp4248Data.ucMfrCurrentLimit = ((g_pstPmicMp4248Data.ucMfrCurrentLimit & _BIT7) | _MP
             -4248_OUTPUT_CURRENT_LIMIT_3_5A);
                      }
                      else if(usCurrent <= 400)
                      {
                          g_pstPmicMp4248Data.ucMfrCurrentLimit = ((g_pstPmicMp4248Data.ucMfrCurrentLimit & _BIT7) | _MP
             -4248_OUTPUT_CURRENT_LIMIT_4_0A);
                      }
                      else if(usCurrent <= 450)
                      {
                          g_pstPmicMp4248Data.ucMfrCurrentLimit = ((g_pstPmicMp4248Data.ucMfrCurrentLimit & _BIT7) | _MP
             -4248_OUTPUT_CURRENT_LIMIT_4_5A);
                      }
                      else
                      {
                          g_pstPmicMp4248Data.ucMfrCurrentLimit = ((g_pstPmicMp4248Data.ucMfrCurrentLimit & _BIT7) | _MP
             -4248_OUTPUT_CURRENT_LIMIT_5_0A);
                      }
              
                      g_pstPmicMp4248Data.ucMfrCurrentLimit = ((g_pstPmicMp4248Data.ucMfrCurrentLimit & _BIT7) | _MP4248
             -_OUTPUT_CURRENT_LIMIT_5_0A); // fix 50MV
              
                      if(ScalerTypeCPmicIICWrite_EXINT0(_TYPE_C_RX0_PMIC_SLAVE_ADDRESS, _MP4248_MFR_CURRENT_LIMIT, _MP42
             -48_SUBADDR_LENGTH, _MP4248_DATA_LENGTH_1, (BYTE *)(&g_pstPmicMp4248Data.ucMfrCurrentLimit)) == _FAIL)
                      {
                          return _TYPE_C_PMIC_CONTROL_FAIL;
                      }
                  }
              
                  return _TYPE_C_PMIC_CONTROL_SUCCESS;
              }
              
              //--------------------------------------------------
              // Description  : Control PMIC to Directed Voltage
              // Input Value  : bPowerDirection : _PD_POWER_SNK / _PD_POWER_SRC
              //                usVoltage : 300 ~ 2100 (Unit = 10mV)
              //                usCurrent : 0 ~ 500 (Unit = 10mA)
              // Output Value : Control result (Fail/Success)
              //--------------------------------------------------
              EnumTypeCPmicControlResult ExternalDeviceInterfaceTypeCPmicVoltageCurrentSetting_WDINT(EnumTypeCPmicDirect
             -ion enumPowerDirection, WORD usVoltage, WORD usCurrent) using 3
              {
              #if(_TYPE_C_EMB_PD3_1_EPR_SUPPORT == _ON)
                  if(usVoltage > 2800) // maximum 28V
                  {
                      usVoltage = 2800;
                  }
              #else
C51 COMPILER V9.60.0.0   TYPEC_PMIC_MPS_MP4248                                             09/18/2026 20:40:24 PAGE 11  

                  if(usVoltage > 2000) // maximum 20V
                  {
                      usVoltage = 2000;
                  }
              #endif
              
                  // -------------------------
                  // Operation Mode Setting
                  // -------------------------
                  g_pstPmicMp4248Data.ucOperation = _MP4248_MODE_ON;
              
                  if(ScalerTypeCPmicIICWrite_WDINT(_TYPE_C_RX0_PMIC_SLAVE_ADDRESS, _MP4248_OPEARTION, _MP4248_SUBADDR_LE
             -NGTH, _MP4248_DATA_LENGTH_1, (BYTE *)(&g_pstPmicMp4248Data.ucOperation)) == _FAIL)
                  {
                      return _TYPE_C_PMIC_CONTROL_FAIL;
                  }
              
                  if(enumPowerDirection == _TYPE_C_PMIC_DIRECTION_SRC)
                  {
                      // ---------------------
                      // Voltage Setting
                      // ---------------------
              
                      if(usVoltage <= (300))
                      {
                          g_pstPmicMp4248Data.ucVoutCommand_h = HIBYTE(_MP4248_OUTPUT_VOL_3V);
                          g_pstPmicMp4248Data.ucVoutCommand_l = LOBYTE(_MP4248_OUTPUT_VOL_3V);
                      }
                      else if(usVoltage <= (500))
                      {
                          g_pstPmicMp4248Data.ucVoutCommand_h = HIBYTE(_MP4248_OUTPUT_VOL_5V);
                          g_pstPmicMp4248Data.ucVoutCommand_l = LOBYTE(_MP4248_OUTPUT_VOL_5V);
                      }
                      else if(usVoltage <= (900))
                      {
                          g_pstPmicMp4248Data.ucVoutCommand_h = HIBYTE(_MP4248_OUTPUT_VOL_9V);
                          g_pstPmicMp4248Data.ucVoutCommand_l = LOBYTE(_MP4248_OUTPUT_VOL_9V);
                      }
                      else if(usVoltage <= (1200))
                      {
                          g_pstPmicMp4248Data.ucVoutCommand_h = HIBYTE(_MP4248_OUTPUT_VOL_12V);
                          g_pstPmicMp4248Data.ucVoutCommand_l = LOBYTE(_MP4248_OUTPUT_VOL_12V);
                      }
                      else if(usVoltage <= (1500))
                      {
                          g_pstPmicMp4248Data.ucVoutCommand_h = HIBYTE(_MP4248_OUTPUT_VOL_15V);
                          g_pstPmicMp4248Data.ucVoutCommand_l = LOBYTE(_MP4248_OUTPUT_VOL_15V);
                      }
                      else if(usVoltage <= (2000))
                      {
                          g_pstPmicMp4248Data.ucVoutCommand_h = HIBYTE(_MP4248_OUTPUT_VOL_20V);
                          g_pstPmicMp4248Data.ucVoutCommand_l = LOBYTE(_MP4248_OUTPUT_VOL_20V);
                      }
              #if(_TYPE_C_EMB_PD3_1_EPR_SUPPORT == _ON)
                      else if(usVoltage <= (2800))
                      {
                          g_pstPmicMp4248Data.ucVoutCommand_h = HIBYTE(_MP4248_OUTPUT_VOL_28V);
                          g_pstPmicMp4248Data.ucVoutCommand_l = LOBYTE(_MP4248_OUTPUT_VOL_28V);
                      }
              #endif
              
                      if((ScalerTypeCPmicIICWrite_WDINT(_TYPE_C_RX0_PMIC_SLAVE_ADDRESS, _MP4248_VOUT_COMMAND, _MP4248_SU
C51 COMPILER V9.60.0.0   TYPEC_PMIC_MPS_MP4248                                             09/18/2026 20:40:24 PAGE 12  

             -BADDR_LENGTH, _MP4248_DATA_LENGTH_1, (BYTE *)(&g_pstPmicMp4248Data.ucVoutCommand_l)) == _FAIL) ||
                         (ScalerTypeCPmicIICWrite_WDINT(_TYPE_C_RX0_PMIC_SLAVE_ADDRESS, _MP4248_VOUT_COMMAND + 1, _MP424
             -8_SUBADDR_LENGTH, _MP4248_DATA_LENGTH_1, (BYTE *)(&g_pstPmicMp4248Data.ucVoutCommand_h)) == _FAIL))
                      {
                          return _TYPE_C_PMIC_CONTROL_FAIL;
                      }
              
                      // ---------------------
                      // Current Setting
                      // ---------------------
              
                      if(usCurrent <= 100) // < 1A (unit: 10mA)
                      {
                          g_pstPmicMp4248Data.ucMfrCurrentLimit = ((g_pstPmicMp4248Data.ucMfrCurrentLimit & _BIT7) | _MP
             -4248_OUTPUT_CURRENT_LIMIT_1_0A);
                      }
                      else if(usCurrent <= 150)
                      {
                          g_pstPmicMp4248Data.ucMfrCurrentLimit = ((g_pstPmicMp4248Data.ucMfrCurrentLimit & _BIT7) | _MP
             -4248_OUTPUT_CURRENT_LIMIT_1_5A);
                      }
                      else if(usCurrent <= 200)
                      {
                          g_pstPmicMp4248Data.ucMfrCurrentLimit = ((g_pstPmicMp4248Data.ucMfrCurrentLimit & _BIT7) | _MP
             -4248_OUTPUT_CURRENT_LIMIT_2_0A);
                      }
                      else if(usCurrent <= 250)
                      {
                          g_pstPmicMp4248Data.ucMfrCurrentLimit = ((g_pstPmicMp4248Data.ucMfrCurrentLimit & _BIT7) | _MP
             -4248_OUTPUT_CURRENT_LIMIT_2_5A);
                      }
                      else if(usCurrent <= 300)
                      {
                          g_pstPmicMp4248Data.ucMfrCurrentLimit = ((g_pstPmicMp4248Data.ucMfrCurrentLimit & _BIT7) | _MP
             -4248_OUTPUT_CURRENT_LIMIT_3_0A);
                      }
                      else if(usCurrent <= 325)
                      {
                          g_pstPmicMp4248Data.ucMfrCurrentLimit = ((g_pstPmicMp4248Data.ucMfrCurrentLimit & _BIT7) | _MP
             -4248_OUTPUT_CURRENT_LIMIT_3_25A);
                      }
                      else if(usCurrent <= 350)
                      {
                          g_pstPmicMp4248Data.ucMfrCurrentLimit = ((g_pstPmicMp4248Data.ucMfrCurrentLimit & _BIT7) | _MP
             -4248_OUTPUT_CURRENT_LIMIT_3_5A);
                      }
                      else if(usCurrent <= 400)
                      {
                          g_pstPmicMp4248Data.ucMfrCurrentLimit = ((g_pstPmicMp4248Data.ucMfrCurrentLimit & _BIT7) | _MP
             -4248_OUTPUT_CURRENT_LIMIT_4_0A);
                      }
                      else if(usCurrent <= 450)
                      {
                          g_pstPmicMp4248Data.ucMfrCurrentLimit = ((g_pstPmicMp4248Data.ucMfrCurrentLimit & _BIT7) | _MP
             -4248_OUTPUT_CURRENT_LIMIT_4_5A);
                      }
                      else
                      {
                          g_pstPmicMp4248Data.ucMfrCurrentLimit = ((g_pstPmicMp4248Data.ucMfrCurrentLimit & _BIT7) | _MP
             -4248_OUTPUT_CURRENT_LIMIT_5_0A);
                      }
              
C51 COMPILER V9.60.0.0   TYPEC_PMIC_MPS_MP4248                                             09/18/2026 20:40:24 PAGE 13  

                      g_pstPmicMp4248Data.ucMfrCurrentLimit = ((g_pstPmicMp4248Data.ucMfrCurrentLimit & _BIT7) | _MP4248
             -_OUTPUT_CURRENT_LIMIT_5_0A); // fix 50MV
              
                      if(ScalerTypeCPmicIICWrite_WDINT(_TYPE_C_RX0_PMIC_SLAVE_ADDRESS, _MP4248_MFR_CURRENT_LIMIT, _MP424
             -8_SUBADDR_LENGTH, _MP4248_DATA_LENGTH_1, (BYTE *)(&g_pstPmicMp4248Data.ucMfrCurrentLimit)) == _FAIL)
                      {
                          return _TYPE_C_PMIC_CONTROL_FAIL;
                      }
                  }
              
                  return _TYPE_C_PMIC_CONTROL_SUCCESS;
              }
              
              //--------------------------------------------------
              // Description  : Turn off PMIC
              // Input Value  : None
              // Output Value : Control result (Fail/Success)
              //--------------------------------------------------
              EnumTypeCPmicControlResult ExternalDeviceInterfaceTypeCPmicTurnOff(void)
              {
                  // Set operation mode
                  g_pstPmicMp4248Data.ucOperation = _MP4248_MODE_OFF;
              
                  if(ScalerTypeCPmicIICWrite(_TYPE_C_RX0_PMIC_SLAVE_ADDRESS, _MP4248_OPEARTION, _MP4248_SUBADDR_LENGTH, 
             -_MP4248_DATA_LENGTH_1, (BYTE *)(&g_pstPmicMp4248Data.ucOperation)) == _FAIL)
                  {
                      return _TYPE_C_PMIC_CONTROL_FAIL;
                  }
              
                  // Set PMIC output 5V, avoid Hard Reset Peak Voltage
                  g_pstPmicMp4248Data.ucVoutCommand_h = HIBYTE(_MP4248_OUTPUT_VOL_5V);
                  g_pstPmicMp4248Data.ucVoutCommand_l = LOBYTE(_MP4248_OUTPUT_VOL_5V);
              
                  if((ScalerTypeCPmicIICWrite(_TYPE_C_RX0_PMIC_SLAVE_ADDRESS, _MP4248_VOUT_COMMAND, _MP4248_SUBADDR_LENG
             -TH, _MP4248_DATA_LENGTH_1, (BYTE *)(&g_pstPmicMp4248Data.ucVoutCommand_l)) == _FAIL) ||
                     (ScalerTypeCPmicIICWrite(_TYPE_C_RX0_PMIC_SLAVE_ADDRESS, _MP4248_VOUT_COMMAND + 1, _MP4248_SUBADDR_
             -LENGTH, _MP4248_DATA_LENGTH_1, (BYTE *)(&g_pstPmicMp4248Data.ucVoutCommand_h)) == _FAIL))
                  {
                      return _TYPE_C_PMIC_CONTROL_FAIL;
                  }
              
                  return _TYPE_C_PMIC_CONTROL_SUCCESS;
              }
              
              //--------------------------------------------------
              // Description  : Turn off PMIC
              // Input Value  : None
              // Output Value : Control result (Fail/Success)
              //--------------------------------------------------
              EnumTypeCPmicControlResult ExternalDeviceInterfaceTypeCPmicTurnOff_EXINT0(void) using 1
              {
                  // Set operation mode
                  g_pstPmicMp4248Data.ucOperation = _MP4248_MODE_OFF;
              
                  if(ScalerTypeCPmicIICWrite_EXINT0(_TYPE_C_RX0_PMIC_SLAVE_ADDRESS, _MP4248_OPEARTION, _MP4248_SUBADDR_L
             -ENGTH, _MP4248_DATA_LENGTH_1, (BYTE *)(&g_pstPmicMp4248Data.ucOperation)) == _FAIL)
                  {
                      return _TYPE_C_PMIC_CONTROL_FAIL;
                  }
              
                  // Set PMIC output 5V, avoid Hard Reset Peak Voltage
                  g_pstPmicMp4248Data.ucVoutCommand_h = HIBYTE(_MP4248_OUTPUT_VOL_5V);
C51 COMPILER V9.60.0.0   TYPEC_PMIC_MPS_MP4248                                             09/18/2026 20:40:24 PAGE 14  

                  g_pstPmicMp4248Data.ucVoutCommand_l = LOBYTE(_MP4248_OUTPUT_VOL_5V);
              
                  if((ScalerTypeCPmicIICWrite_EXINT0(_TYPE_C_RX0_PMIC_SLAVE_ADDRESS, _MP4248_VOUT_COMMAND, _MP4248_SUBAD
             -DR_LENGTH, _MP4248_DATA_LENGTH_1, (BYTE *)(&g_pstPmicMp4248Data.ucVoutCommand_l)) == _FAIL) ||
                     (ScalerTypeCPmicIICWrite_EXINT0(_TYPE_C_RX0_PMIC_SLAVE_ADDRESS, _MP4248_VOUT_COMMAND + 1, _MP4248_S
             -UBADDR_LENGTH, _MP4248_DATA_LENGTH_1, (BYTE *)(&g_pstPmicMp4248Data.ucVoutCommand_h)) == _FAIL))
                  {
                      return _TYPE_C_PMIC_CONTROL_FAIL;
                  }
              
                  return _TYPE_C_PMIC_CONTROL_SUCCESS;
              }
              
              //--------------------------------------------------
              // Description  : Turn off PMIC
              // Input Value  : None
              // Output Value : Control result (Fail/Success)
              //--------------------------------------------------
              EnumTypeCPmicControlResult ExternalDeviceInterfaceTypeCPmicTurnOff_WDINT(void) using 3
              {
                  // Set operation mode
                  g_pstPmicMp4248Data.ucOperation = _MP4248_MODE_OFF;
              
                  if(ScalerTypeCPmicIICWrite_WDINT(_TYPE_C_RX0_PMIC_SLAVE_ADDRESS, _MP4248_OPEARTION, _MP4248_SUBADDR_LE
             -NGTH, _MP4248_DATA_LENGTH_1, (BYTE *)(&g_pstPmicMp4248Data.ucOperation)) == _FAIL)
                  {
                      return _TYPE_C_PMIC_CONTROL_FAIL;
                  }
              
                  // Set PMIC output 5V, avoid Hard Reset Peak Voltage
                  g_pstPmicMp4248Data.ucVoutCommand_h = HIBYTE(_MP4248_OUTPUT_VOL_5V);
                  g_pstPmicMp4248Data.ucVoutCommand_l = LOBYTE(_MP4248_OUTPUT_VOL_5V);
              
                  if((ScalerTypeCPmicIICWrite_WDINT(_TYPE_C_RX0_PMIC_SLAVE_ADDRESS, _MP4248_VOUT_COMMAND, _MP4248_SUBADD
             -R_LENGTH, _MP4248_DATA_LENGTH_1, (BYTE *)(&g_pstPmicMp4248Data.ucVoutCommand_l)) == _FAIL) ||
                     (ScalerTypeCPmicIICWrite_WDINT(_TYPE_C_RX0_PMIC_SLAVE_ADDRESS, _MP4248_VOUT_COMMAND + 1, _MP4248_SU
             -BADDR_LENGTH, _MP4248_DATA_LENGTH_1, (BYTE *)(&g_pstPmicMp4248Data.ucVoutCommand_h)) == _FAIL))
                  {
                      return _TYPE_C_PMIC_CONTROL_FAIL;
                  }
              
                  return _TYPE_C_PMIC_CONTROL_SUCCESS;
              }
              
              //--------------------------------------------------
              // Description  : PMIC VBUS Discharge Control
              // Input Value  : enumEn : _ENABLE / _DISABLE
              // Output Value : Control result (Fail/Success)
              //--------------------------------------------------
              EnumTypeCPmicControlResult ExternalDeviceInterfaceTypeCPmicVbusDischarge(EnumTypeCPmicDischarge enumEn)
              {
                  // Set PMIC VBUS Discharge status
                  if(enumEn == _TYPE_C_PMIC_DISCHARGE_ENABLE)
                  {
                      g_pstPmicMp4248Data.ucMfrCtrl1 = ((g_pstPmicMp4248Data.ucMfrCtrl1 & ~(_BIT1)) | (_MP4248_DISCHANGE
             -_ENABLE << 1));
                  }
                  else
                  {
                      g_pstPmicMp4248Data.ucMfrCtrl1 = ((g_pstPmicMp4248Data.ucMfrCtrl1 & ~(_BIT1)) | (_MP4248_DISCHANGE
             -_DISABLE << 1));
                  }
C51 COMPILER V9.60.0.0   TYPEC_PMIC_MPS_MP4248                                             09/18/2026 20:40:24 PAGE 15  

              
                  // PCB Control
                  if(enumEn == _TYPE_C_PMIC_DISCHARGE_ENABLE)
                  {
                      PCB_VBUS_DISCHARGE_CONTROL(_VBUS_DISCHARGE_ON);
                  }
                  else
                  {
                      PCB_VBUS_DISCHARGE_CONTROL(_VBUS_DISCHARGE_OFF);
                  }
              
                  // Disable Pmic VBUS Discharge
                  if(ScalerTypeCPmicIICWrite(_TYPE_C_RX0_PMIC_SLAVE_ADDRESS, _MP4248_MFR_CTRL1, _MP4248_SUBADDR_LENGTH, 
             -_MP4248_DATA_LENGTH_1, (BYTE *)(&g_pstPmicMp4248Data.ucMfrCtrl1)) == _FAIL)
                  {
                      return _TYPE_C_PMIC_CONTROL_FAIL;
                  }
              
                  return _TYPE_C_PMIC_CONTROL_SUCCESS;
              }
              
              //--------------------------------------------------
              // Description  : PMIC VBUS Discharge Control
              // Input Value  : enumEn : _ENABLE / _DISABLE
              // Output Value : Control result (Fail/Success)
              //--------------------------------------------------
              EnumTypeCPmicControlResult ExternalDeviceInterfaceTypeCPmicVbusDischarge_EXINT0(EnumTypeCPmicDischarge enu
             -mEn) using 1
              {
                  // Set PMIC VBUS Discharge status
                  if(enumEn == _TYPE_C_PMIC_DISCHARGE_ENABLE)
                  {
                      g_pstPmicMp4248Data.ucMfrCtrl1 = ((g_pstPmicMp4248Data.ucMfrCtrl1 & ~(_BIT1)) | (_MP4248_DISCHANGE
             -_ENABLE << 1));
                  }
                  else
                  {
                      g_pstPmicMp4248Data.ucMfrCtrl1 = ((g_pstPmicMp4248Data.ucMfrCtrl1 & ~(_BIT1)) | (_MP4248_DISCHANGE
             -_DISABLE << 1));
                  }
              
                  // PCB Control
                  if(enumEn == _TYPE_C_PMIC_DISCHARGE_ENABLE)
                  {
                      PCB_VBUS_DISCHARGE_CONTROL(_VBUS_DISCHARGE_ON);
                  }
                  else
                  {
                      PCB_VBUS_DISCHARGE_CONTROL(_VBUS_DISCHARGE_OFF);
                  }
              
                  // Disable Pmic VBUS Discharge
                  if(ScalerTypeCPmicIICWrite_EXINT0(_TYPE_C_RX0_PMIC_SLAVE_ADDRESS, _MP4248_MFR_CTRL1, _MP4248_SUBADDR_L
             -ENGTH, _MP4248_DATA_LENGTH_1, (BYTE *)(&g_pstPmicMp4248Data.ucMfrCtrl1)) == _FAIL)
                  {
                      return _TYPE_C_PMIC_CONTROL_FAIL;
                  }
              
                  return _TYPE_C_PMIC_CONTROL_SUCCESS;
              }
              
              //--------------------------------------------------
C51 COMPILER V9.60.0.0   TYPEC_PMIC_MPS_MP4248                                             09/18/2026 20:40:24 PAGE 16  

              // Description  : PMIC VBUS Discharge Control
              // Input Value  : enumEn : _ENABLE / _DISABLE
              // Output Value : Control result (Fail/Success)
              //--------------------------------------------------
              EnumTypeCPmicControlResult ExternalDeviceInterfaceTypeCPmicVbusDischarge_WDINT(EnumTypeCPmicDischarge enum
             -En) using 3
              {
                  // Set PMIC VBUS Discharge status
                  if(enumEn == _TYPE_C_PMIC_DISCHARGE_ENABLE)
                  {
                      g_pstPmicMp4248Data.ucMfrCtrl1 = ((g_pstPmicMp4248Data.ucMfrCtrl1 & ~(_BIT1)) | (_MP4248_DISCHANGE
             -_ENABLE << 1));
                  }
                  else
                  {
                      g_pstPmicMp4248Data.ucMfrCtrl1 = ((g_pstPmicMp4248Data.ucMfrCtrl1 & ~(_BIT1)) | (_MP4248_DISCHANGE
             -_DISABLE << 1));
                  }
              
                  // PCB Control
                  if(enumEn == _TYPE_C_PMIC_DISCHARGE_ENABLE)
                  {
                      PCB_VBUS_DISCHARGE_CONTROL(_VBUS_DISCHARGE_ON);
                  }
                  else
                  {
                      PCB_VBUS_DISCHARGE_CONTROL(_VBUS_DISCHARGE_OFF);
                  }
              
                  // Disable Pmic VBUS Discharge
                  if(ScalerTypeCPmicIICWrite_WDINT(_TYPE_C_RX0_PMIC_SLAVE_ADDRESS, _MP4248_MFR_CTRL1, _MP4248_SUBADDR_LE
             -NGTH, _MP4248_DATA_LENGTH_1, (BYTE *)(&g_pstPmicMp4248Data.ucMfrCtrl1)) == _FAIL)
                  {
                      return _TYPE_C_PMIC_CONTROL_FAIL;
                  }
              
                  return _TYPE_C_PMIC_CONTROL_SUCCESS;
              }
              
              //--------------------------------------------------
              // Description  : PMIC Switch Control
              // Input Value  : enumSwitchControl : _ENABLE / _DISABLE
              //                enumPowerDirection : _SRC / _SNK
              // Output Value : Control result (Fail/Success)
              //--------------------------------------------------
              EnumTypeCPmicControlResult ExternalDeviceInterfaceTypeCPmicSwitchControl(EnumTypeCPmicSwitchControl enumSw
             -itchControl, EnumTypeCPmicDirection enumPowerDirection)
              {
                  // PCB Control
                  if(enumSwitchControl == _TYPE_C_PMIC_SWITCH_CONTROL_ENABLE)
                  {
                      if(enumPowerDirection == _TYPE_C_PMIC_DIRECTION_SRC)
                      {
                          PCB_PMIC_VBUS_SINK_CONTROL(_VBUS_SINK_SWITCH_OFF);
                          PCB_PMIC_VBUS_SOURCE_CONTROL(_VBUS_SOURCE_SWITCH_ON);
                      }
                      else
                      {
                          PCB_PMIC_VBUS_SOURCE_CONTROL(_VBUS_SOURCE_SWITCH_OFF);
                          PCB_PMIC_VBUS_SINK_CONTROL(_VBUS_SINK_SWITCH_ON);
                      }
                  }
C51 COMPILER V9.60.0.0   TYPEC_PMIC_MPS_MP4248                                             09/18/2026 20:40:24 PAGE 17  

                  else
                  {
                      PCB_PMIC_VBUS_SOURCE_CONTROL(_VBUS_SOURCE_SWITCH_OFF);
                  }
              
                  return _TYPE_C_PMIC_CONTROL_SUCCESS;
              }
              
              //--------------------------------------------------
              // Description  : PMIC Switch Control
              // Input Value  : enumSwitchControl : _ENABLE / _DISABLE
              //                enumPowerDirection : _SRC / _SNK
              // Output Value : Control result (Fail/Success)
              //--------------------------------------------------
              EnumTypeCPmicControlResult ExternalDeviceInterfaceTypeCPmicSwitchControl_EXINT0(EnumTypeCPmicSwitchControl
             - enumSwitchControl, EnumTypeCPmicDirection enumPowerDirection) using 1
              {
                  // PCB Control
                  if(enumSwitchControl == _TYPE_C_PMIC_SWITCH_CONTROL_ENABLE)
                  {
                      if(enumPowerDirection == _TYPE_C_PMIC_DIRECTION_SRC)
                      {
                          PCB_PMIC_VBUS_SINK_CONTROL(_VBUS_SINK_SWITCH_OFF);
                          PCB_PMIC_VBUS_SOURCE_CONTROL(_VBUS_SOURCE_SWITCH_ON);
                      }
                      else
                      {
                          PCB_PMIC_VBUS_SOURCE_CONTROL(_VBUS_SOURCE_SWITCH_OFF);
                          PCB_PMIC_VBUS_SINK_CONTROL(_VBUS_SINK_SWITCH_ON);
                      }
                  }
                  else
                  {
                      PCB_PMIC_VBUS_SOURCE_CONTROL(_VBUS_SOURCE_SWITCH_OFF);
                  }
              
                  return _TYPE_C_PMIC_CONTROL_SUCCESS;
              }
              
              //--------------------------------------------------
              // Description  : PMIC Switch Control
              // Input Value  : enumSwitchControl : _ENABLE / _DISABLE
              //                enumPowerDirection : _SRC / _SNK
              // Output Value : Control result (Fail/Success)
              //--------------------------------------------------
              EnumTypeCPmicControlResult ExternalDeviceInterfaceTypeCPmicSwitchControl_WDINT(EnumTypeCPmicSwitchControl 
             -enumSwitchControl, EnumTypeCPmicDirection enumPowerDirection) using 3
              {
                  // PCB Control
                  if(enumSwitchControl == _TYPE_C_PMIC_SWITCH_CONTROL_ENABLE)
                  {
                      if(enumPowerDirection == _TYPE_C_PMIC_DIRECTION_SRC)
                      {
                          PCB_PMIC_VBUS_SINK_CONTROL(_VBUS_SINK_SWITCH_OFF);
                          PCB_PMIC_VBUS_SOURCE_CONTROL(_VBUS_SOURCE_SWITCH_ON);
                      }
                      else
                      {
                          PCB_PMIC_VBUS_SOURCE_CONTROL(_VBUS_SOURCE_SWITCH_OFF);
                          PCB_PMIC_VBUS_SINK_CONTROL(_VBUS_SINK_SWITCH_ON);
                      }
                  }
C51 COMPILER V9.60.0.0   TYPEC_PMIC_MPS_MP4248                                             09/18/2026 20:40:24 PAGE 18  

                  else
                  {
                      PCB_PMIC_VBUS_SOURCE_CONTROL(_VBUS_SOURCE_SWITCH_OFF);
                  }
              
                  return _TYPE_C_PMIC_CONTROL_SUCCESS;
              }
              
              #if(_TYPE_C_EMB_PD3_PPS_SUPPORT == _ON)
              //--------------------------------------------------
              // Description  : PMIC Output Mode Setting
              // Input Value  : enumOutputMode : Output Mode (Fixed Voltage/PPS)
              // Output Value : Control result (Fail/Success)
              //--------------------------------------------------
              EnumTypeCPmicControlResult ExternalDeviceInterfaceTypeCPmicPpsOutputModeSetting(EnumTypeCPmicDirection enu
             -mPowerDirection, EnumPDPdoType enumOutputPdoType)
              {
                  enumPowerDirection = enumPowerDirection;
                  enumOutputPdoType = enumOutputPdoType;
              
                  return _TYPE_C_PMIC_CONTROL_SUCCESS;
              }
              
              //--------------------------------------------------
              // Description  : PMIC Output Mode Setting
              // Input Value  : enumOutputMode : Output Mode (Fixed Voltage/PPS)
              // Output Value : Control result (Fail/Success)
              //--------------------------------------------------
              EnumTypeCPmicControlResult ExternalDeviceInterfaceTypeCPmicPpsOutputModeSetting_EXINT0(EnumTypeCPmicDirect
             -ion enumPowerDirection, EnumPDPdoType enumOutputPdoType) using 1
              {
                  enumPowerDirection = enumPowerDirection;
                  enumOutputPdoType = enumOutputPdoType;
              
                  return _TYPE_C_PMIC_CONTROL_SUCCESS;
              }
              
              //--------------------------------------------------
              // Description  : PMIC Output Mode Setting
              // Input Value  : enumOutputMode : Output Mode (Fixed Voltage/PPS)
              // Output Value : Control result (Fail/Success)
              //--------------------------------------------------
              EnumTypeCPmicControlResult ExternalDeviceInterfaceTypeCPmicPpsOutputModeSetting_WDINT(EnumTypeCPmicDirecti
             -on enumPowerDirection, EnumPDPdoType enumOutputPdoType) using 3
              {
                  enumPowerDirection = enumPowerDirection;
                  enumOutputPdoType = enumOutputPdoType;
              
                  return _TYPE_C_PMIC_CONTROL_SUCCESS;
              }
              
              //--------------------------------------------------
              // Description  : PMIC Read Output Status
              // Input Value  : None
              // Output Value : Output Mode (Fixed Voltage/PPS)
              //--------------------------------------------------
              EnumTypeCPmicOperationMode ExternalDeviceInterfaceTypeCPmicReadPpsOperationModeStatus_EXINT0(void) using 1
              {
                  return _TYPE_C_PMIC_NONE_MODE_OPERATION;
              }
              #endif // End of #if(_TYPE_C_EMB_PD3_PPS_SUPPORT == _ON)
              
C51 COMPILER V9.60.0.0   TYPEC_PMIC_MPS_MP4248                                             09/18/2026 20:40:24 PAGE 19  

              #if(_TYPE_C_PMIC_DEBUG == _ON)
              //--------------------------------------------------
              // Description  : PMIC Status
              // Input Value  : None
              // Output Value : Control result (Fail/Success)
              //--------------------------------------------------
              EnumTypeCPmicControlResult ExternalDeviceInterfaceTypeCPmicDebugCheckStatus(void)
              {
                  return _TYPE_C_PMIC_CONTROL_SUCCESS;
              }
              #endif // End of #if(_TYPE_C_PMIC_DEBUG == _ON)
              
              #if(_TYPE_C_PMIC_FW_OCP_PROTECT_METHOD == _TYPE_C_PMIC_FW_OCP_BY_POLLING_PMIC)
              //--------------------------------------------------
              // Description  : PMIC VBUS Current Reading
              // Input Value  : None
              // Output Value : usCurrent : 0 ~ 500 (Unit = 10mA)
              //--------------------------------------------------
              WORD ExternalDeviceInterfaceTypeCPmicReadPmicAdcCurrentValue(void)
              {
                  return 0;
              }
              #endif // End of #if(_TYPE_C_PMIC_FW_OCP_PROTECT_METHOD == _TYPE_C_PMIC_FW_OCP_BY_POLLING_PMIC)
              
              #endif // End of #if(_TYPE_C_PMIC_TYPE == _PMIC_MP4248)
1014          


MODULE INFORMATION:   STATIC OVERLAYABLE
   CODE SIZE        =   ----    ----
   CONSTANT SIZE    =   ----    ----
   XDATA SIZE       =   ----    ----
   PDATA SIZE       =   ----    ----
   DATA SIZE        =   ----    ----
   IDATA SIZE       =   ----    ----
   BIT SIZE         =   ----    ----
END OF MODULE INFORMATION.


C51 COMPILATION COMPLETE.  0 WARNING(S),  0 ERROR(S)
