C51 COMPILER V9.60.0.0   USERCOMMONGLOBALDIMMING                                           09/18/2026 20:39:49 PAGE 1   


C51 COMPILER V9.60.0.0, COMPILATION OF MODULE USERCOMMONGLOBALDIMMING
OBJECT MODULE PLACED IN .\Output\RL6432_Project\UserCommonGlobalDimming.obj
COMPILER INVOKED BY: C:\Keil_v5\C51\BIN\C51.EXE Kernel\User Common Function\Code\UserCommonGlobalDimming.c LARGE OPTIMIZ
                    -E(9,SPEED) INCDIR(.\Output\RL6432;.\Project\Header;.\Pcb;.\Panel;.\Kernel\Device\Header;.\Kernel\Common;.\Kernel\System\
                    -Header;.\Kernel\Scaler\ScalerFunction\Header;.\Kernel\Scaler\ScalerCommonFunction\Header;.\Kernel\Scaler\ScalerFunction\
                    -Lib\Header;.\Kernel\Scaler\ScalerCommonFunction\Lib\Header;.\Kernel\Scaler\RL6432_Series_Scaler\Header;.\Kernel\Scaler\R
                    -L6432_Series_Common\Header;.\Kernel\Scaler\RL6432_Series_Scaler\Lib\Header;.\Kernel\Scaler\RL6432_Series_Common\Lib\Head
                    -er;.\Kernel\User Common Function\Header;.\User\RTD Series\RTD2014Function\Header;.\User\RTD Series\RTD2014Osd\Header;.\U
                    -ser\RTD Factory\Header;.\User\None Series\NoneFunction\Header;.\User\None Series\NoneOsd\Header;.\User\None Factory\Head
                    -er) DEFINE(_PROJECT=_RL6432_PROJECT,_SCALER_TYPE=_RL6432_SERIES) DEBUG OBJECTEXTEND PRINT(.\Output\RL6432_Project\UserCo
                    -mmonGlobalDimming.lst) TABS(2) OBJECT(.\Output\RL6432_Project\UserCommonGlobalDimming.obj)

line level    source

   1          /********************************************************************************/
   2          /*   Copyright (c) 2021 Realtek Semiconductor Corp. All rights reserved.        */
   3          /*                                                                              */
   4          /*   SPDX-License-Identifier: LicenseRef-Realtek-Proprietary                    */
   5          /*                                                                              */
   6          /*   This software component is confidential and proprietary to Realtek         */
   7          /*   Semiconductor Corp. Disclosure, reproduction, redistribution, in whole     */
   8          /*   or in part, of this work and its derivatives without express permission    */
   9          /*   is prohibited.                                                             */
  10          /********************************************************************************/
  11          
  12          //----------------------------------------------------------------------------------------------------
  13          // ID Code      : UserCommonGlobalDimming.c No.0000
  14          // Update Note  :
  15          //----------------------------------------------------------------------------------------------------
  16          
  17          #define __USER_COMMON_GLOBAL_DIMMING__
  18          
  19          #include "UserCommonInclude.h"
  20          
  21          #if(_GLOBAL_DIMMING_SUPPORT == _ON)
              
              #pragma OT(8)
              
              //****************************************************************************
              // DEFINITIONS / MACROS
              //****************************************************************************
              #define _GD_TRIGGER_VALUE                       1
              
              //****************************************************************************
              // STRUCT / TYPE / ENUM DEFINITTIONS
              //****************************************************************************
              
              
              //****************************************************************************
              // CODE TABLES
              //****************************************************************************
              WORD code tGDHDRToneMappingLv540[256] =
              {
              #include _GD_HDR_TONE_MAPPING_LV540
              };
              
              WORD code tGDHDR2084Lv[256] =
              {
              #include _GD_HDR_2084_LV
              };
              
C51 COMPILER V9.60.0.0   USERCOMMONGLOBALDIMMING                                           09/18/2026 20:39:49 PAGE 2   

              #if(_GLOBAL_DIMMING_HDR_FINE_TUNE_MODE_SUPPORT == _ON)
              WORD code tGDHDR2084Lv_PWM[256] =
              {
              #include _GD_HDR_2084_LV_PWM
              };
              
              WORD code tGDHDRToneMappingLv540_PWM[256] =
              {
              #include _GD_HDR_TM_LV540_PWM
              };
              #endif
              
              WORD code tGDSDRGamma22Lv[256] =
              {
              #include _GD_SDR_GAMMA_22_LV
              };
              
              WORD code tGDSDRGamma24Lv[256] =
              {
              #include _GD_SDR_GAMMA_24_LV
              };
              
              WORD code tGDSDRGamma26Lv[256] =
              {
              #include _GD_SDR_GAMMA_26_LV
              };
              
              WORD code tGDSDROGCCase1Lv[256] =
              {
              #include _GD_SDR_OGC_CASE_1_LV
              };
              
              WORD code tGDSDROGCCase2Lv[256] =
              {
              #include _GD_SDR_OGC_CASE_2_LV
              };
              
              WORD code tGDSDROGCCase3Lv[256] =
              {
              #include _GD_SDR_OGC_CASE_3_LV
              };
              
              WORD code tGDSDROGCCase4Lv[256] =
              {
              #include _GD_SDR_OGC_CASE_4_LV
              };
              
              WORD code tGDSDROGCCase5Lv[256] =
              {
              #include _GD_SDR_OGC_CASE_5_LV
              };
              
              WORD code tGDSDROGCCase6Lv[256] =
              {
              #include _GD_SDR_OGC_CASE_6_LV
              };
              
              WORD code tStepRTable[256] =
              {
              #include _GD_STEP_R_TABLE
              };
              
C51 COMPILER V9.60.0.0   USERCOMMONGLOBALDIMMING                                           09/18/2026 20:39:49 PAGE 3   

              #if((_DEVICE_LED_DRIVER_TYPE == _DEVICE_LED_DRIVER_NONE) || (_GLOBAL_DIMMING_ONLINE_CALIBRATION_SUPPORT ==
             - _ON))
              WORD code tGDPWMLUT[_GD_PANEL_PWM_MAX + 1] =
              {
              #include _GD_PWM_LUT_TABLE
              };
              #endif
              
              //****************************************************************************
              // VARIABLE DECLARATIONS
              //****************************************************************************
              WORD g_usGDLastDCRMaxY = 255;
              WORD g_usGDDCRToLV;
              #if(_GLOBAL_DIMMING_HDR_FINE_TUNE_MODE_SUPPORT == _ON)
              WORD g_usColorGDDCRToLV_PWM;
              #endif
              WORD g_usGDApplyLV;
              WORD g_usGDLastApplyLV = _GD_PANEL_LV_MAX;
              WORD g_usGDApplyPWM;
              WORD g_usLastApplyPWM = _GD_PANEL_PWM_MAX;
              WORD g_usGDLastDeltaPWM = _GD_PANEL_PWM_MAX;
              WORD g_usGDR;
              WORD g_usLastGainValue = 0x200;
              BYTE g_pucSRGBMatrixHalf[24];
              WORD g_usGDLastBlackPer;
              WORD g_usGDCurrentBlackPer;
              #if(_GLOBAL_DIMMING_ONLINE_CALIBRATION_SUPPORT == _ON)
              BYTE g_ucColorOnlineTable;
              #endif
              
              
              
              //****************************************************************************
              // FUNCTION DECLARATIONS
              //****************************************************************************
              void UserCommonGlobalDimmingHandler(void);
              EnumGDStatus UserCommonGlobalDimmingGetEnableStatus(void);
              void UserCommonGlobalDimmingAdjust(void);
              void UserCommonGlobalDimmingDCRToLv(WORD usDCRMaxY, WORD *pusDCRToLV);
              void UserCommonGlobalDimmingStepToTarget(WORD *pusApplyLv, WORD *pusTargetLv, WORD *pusLastApplyLv, WORD u
             -sDCRResult, WORD *pusLastDCRResult);
              void UserCommonGlobalDimmingCalPWMValue(WORD usApplyLv);
              void UserCommonGlobalDimmingInitialSetting(bit bEn);
              void UserCommonGlobalDimmingSetGainValue(void);
              void UserCommonGlobalDimmingEnable(bit bEn);
              void UserCommonGlobalDimmingSetPWMValue(WORD usPWM);
              #if(_GLOBAL_DIMMING_LOW_SENSITIVITY_SUPPORT == _ON)
              WORD UserCommonGlobalDimmingLowSensitivityTatget(WORD usDCRMaxY, WORD usLastDCRMaxY);
              #endif
              void UserCommonGlobalDimmingBlackPerCal(void);
              
              #if(_GLOBAL_DIMMING_PATTERN_ESTIMATE == _ON)
              bit UserCommonGlobalDimmingPatternEstimate(EnumGDPatternType enumPatternType);
              #endif
              #if(_GLOBAL_DIMMING_ONLINE_CALIBRATION_SUPPORT == _ON)
              WORD UserCommonGlobalDimmingGetWordFromFlash(BYTE ucBank, BYTE ucPage, WORD usStartAddress, WORD usIndex, 
             -BYTE ucSwap);
              #endif
              WORD UserCommonGlobalDimmingGetPWMTableValue(WORD usIndex);
              
              //****************************************************************************
              // FUNCTION DEFINITIONS
C51 COMPILER V9.60.0.0   USERCOMMONGLOBALDIMMING                                           09/18/2026 20:39:49 PAGE 4   

              //****************************************************************************
              //--------------------------------------------------
              // Description  :
              // Input Value  :
              // Output Value :
              //--------------------------------------------------
              void UserCommonGlobalDimmingHandler(void)
              {
                  if(UserCommonGlobalDimmingGetEnableStatus() == _GD_ENABLE)
                  {
              #if(_GLOBAL_DIMMING_PATTERN_ESTIMATE == _ON)
                      ScalerMeasureGlobalDimmingPatternEstimateStart();
              #endif
                      UserCommonGlobalDimmingAdjust();
                  }
              }
              
              //--------------------------------------------------
              // Description  : Judge Global Dimming ON or OFF
              // Input Value  : None
              // Output Value : GD_ENABLE OR GD_DISABLE
              //--------------------------------------------------
              EnumGDStatus UserCommonGlobalDimmingGetEnableStatus(void)
              {
              #if((_OGC_SUPPORT == _ON) || (_OCC_SUPPORT == _ON) || (_OGC_DICOM_SUPPORT == _ON) || (_UNIFORMITY_SUPPORT 
             -== _ON))
              #if(_GLOBAL_DIMMING_OCC_TOOL_SUPPORT == _ON)
                  if(GET_ON_LINE_GD_HDR_CALIBRATION_STATUS() == _ON)
                  {
                      return _GD_ENABLE;
                  }
              #endif
              #endif
              
              #if(_LOCAL_DIMMING_SUPPORT == _ON)
                  if(UserInterfaceGetLocalDimmingStatus() == _LD_ENABLE)
                  {
                      return _GD_DISABLE;
                  }
              #endif
              
              #if(_FREESYNC_II_SUPPORT == _ON)
                  if(GET_FREESYNC_II_BACKLIGHT_CONTROL_ENABLE_SETTING() == _ON)
                  {
                      return _GD_DISABLE;
                  }
              #endif
              
                  if((GET_ON_LINE_CALIBRATION_STATUS() == _CALIBRATION_OFF) &&
                     (UserInterfaceGetGlobalDimmingStatus() == _GD_ENABLE))
                  {
              #if(_HDR10_SUPPORT == _ON)
                      if(UserCommonHDRGetHDR10Status() == _HDR10_ON)
                      {
                          return _GD_ENABLE;
                      }
                      else
              #endif
                      {
                          if(UserInterfaceSDROCCOGCMode() == _SDR_CALIBRATION_BY_OGC_TOOL)
                          {
                              return _GD_ENABLE;
C51 COMPILER V9.60.0.0   USERCOMMONGLOBALDIMMING                                           09/18/2026 20:39:49 PAGE 5   

                          }
                          else
                          {
                              return _GD_DISABLE;
                          }
                      }
                  }
              
                  return _GD_DISABLE;
              }
              
              //--------------------------------------------------
              // Description  :
              // Input Value  :
              // Output Value :
              //--------------------------------------------------
              void UserCommonGlobalDimmingAdjust(void)
              {
                  WORD usDCRMaxY = 0;
                  UserCommonGlobalDimmingBlackPerCal();
              #if(_GLOBAL_DIMMING_DARK_SENSITIVITY_SUPPORT == _ON)
                  if(g_usGDCurrentBlackPer < _GLOBAL_DIMMING_ACTIVE_THD)
                  {
                      usDCRMaxY = 255;
                  }
                  else
              #endif
                  {
              #if(_DISPLAY_HDR_VERSION == _DISPLAY_HDR_VERSION_1_0)
                      usDCRMaxY = ScalerColorDCRReadResult(_DCR_Y_MAX_VAL);
              #elif(_DISPLAY_HDR_VERSION == _DISPLAY_HDR_VERSION_1_1)
                      WORD usMaxR = ScalerColorDCRReadResult(_DCR_HIGH_LV_VAL_R);
                      WORD usMaxG = ScalerColorDCRReadResult(_DCR_HIGH_LV_VAL_G);
                      WORD usMaxB = ScalerColorDCRReadResult(_DCR_HIGH_LV_VAL_B);
                      usDCRMaxY = MAXOF(usMaxR, usMaxG);
                      usDCRMaxY = MAXOF(usDCRMaxY, usMaxB);
              #endif
                      usDCRMaxY = (usDCRMaxY >> 2);
              #if(_GLOBAL_DIMMING_LOW_SENSITIVITY_SUPPORT == _ON)
                      usDCRMaxY = UserCommonGlobalDimmingLowSensitivityTatget(usDCRMaxY, g_usGDLastDCRMaxY);
              #endif
                  }
              
              
                  UserCommonGlobalDimmingDCRToLv(usDCRMaxY, &g_usGDDCRToLV);
                  UserCommonGlobalDimmingStepToTarget(&g_usGDApplyLV, &g_usGDDCRToLV, &g_usGDLastApplyLV, usDCRMaxY, &g_
             -usGDLastDCRMaxY);
                  UserCommonGlobalDimmingSetGainValue();
                  UserCommonGlobalDimmingCalPWMValue(g_usGDApplyLV);
              }
              
              //--------------------------------------------------
              // Description  :
              // Input Value  :
              // Output Value :
              //--------------------------------------------------
              void UserCommonGlobalDimmingDCRToLv(WORD usDCRMaxY, WORD *pusDCRToLV)
              {
              #if((_OGC_SUPPORT == _ON) || (_OCC_SUPPORT == _ON) || (_OGC_DICOM_SUPPORT == _ON) || (_UNIFORMITY_SUPPORT 
             -== _ON))
              #if(_GLOBAL_DIMMING_OCC_TOOL_SUPPORT == _ON)
                  if(GET_ON_LINE_GD_HDR_CALIBRATION_STATUS() == _ON)
C51 COMPILER V9.60.0.0   USERCOMMONGLOBALDIMMING                                           09/18/2026 20:39:49 PAGE 6   

                  {
                      *pusDCRToLV = tGDHDR2084Lv[usDCRMaxY];
              #if(_GLOBAL_DIMMING_HDR_FINE_TUNE_MODE_SUPPORT == _ON)
                      g_usColorGDDCRToLV_PWM = tGDHDR2084Lv_PWM[usDCRMaxY];
              #endif
                      return;
                  }
              #endif
              #endif
              
              #if(_HDR10_SUPPORT == _ON)
                  if(UserCommonHDRGetHDR10Status() == _HDR10_ON)
                  {
              #if(_HDR10_LIGHT_ENHANCE_SUPPORT == _ON)
                      WORD usLightEnhanceCode = 0;
                      BYTE ucGainValue = UserInterfaceHDRGetHDR10LightEnhanceGain();
              
                      if(ucGainValue > 160)
                      {
                          ucGainValue = 160;
                      }
                      else if(ucGainValue < 100)
                      {
                          ucGainValue = 100;
                      }
              
                      usLightEnhanceCode = (usDCRMaxY * ucGainValue / 100);
                      if(usLightEnhanceCode > 255)
                      {
                          usLightEnhanceCode = 255;
                      }
                      usDCRMaxY = usLightEnhanceCode;
              #endif
              
                      if(UserCommonHDRGetHDR10LvType() == _HDR10_MAX_MASTERING_LV_TYPE_NOTM)
                      {
                          *pusDCRToLV = tGDHDR2084Lv[usDCRMaxY];
              #if(_GLOBAL_DIMMING_HDR_FINE_TUNE_MODE_SUPPORT == _ON)
                          g_usColorGDDCRToLV_PWM = tGDHDR2084Lv_PWM[usDCRMaxY];
              #endif
                      }
                      else
                      {
                          *pusDCRToLV = tGDHDRToneMappingLv540[usDCRMaxY];
              #if(_GLOBAL_DIMMING_HDR_FINE_TUNE_MODE_SUPPORT == _ON)
                          g_usColorGDDCRToLV_PWM = tGDHDRToneMappingLv540_PWM[usDCRMaxY];
              #endif
                      }
                  }
                  else
              #endif
                  {
                      if(UserInterfaceGetSDRPCMMode() != _SDR_NONE_OCC)
                      {
                          switch(UserInterfaceGetSDRPCMMode())
                          {
                              case _SDR_SRGB:
                              case _SDR_ADOBE_RGB:
              
                                  *pusDCRToLV = tGDSDRGamma22Lv[usDCRMaxY];
                                  break;
              
C51 COMPILER V9.60.0.0   USERCOMMONGLOBALDIMMING                                           09/18/2026 20:39:49 PAGE 7   

                              case _SDR_EBU_MODE:
                              case _SDR_REC_709:
              
                                  *pusDCRToLV = tGDSDRGamma24Lv[usDCRMaxY];
                                  break;
              
                              case _SDR_DCI_P3:
              
                                  *pusDCRToLV = tGDSDRGamma26Lv[usDCRMaxY];
                                  break;
              
                              default:
                                  break;
                          }
                      }
                      else if(UserInterfaceGetSDROGCMode() != _SDR_NONE_OGC)
                      {
                          switch(UserInterfaceGetSDROGCMode())
                          {
                              case _SDR_OGC_CASE_1:
                                  *pusDCRToLV = tGDSDROGCCase1Lv[usDCRMaxY];
                                  break;
              
                              case _SDR_OGC_CASE_2:
              
                                  *pusDCRToLV = tGDSDROGCCase2Lv[usDCRMaxY];
                                  break;
              
                              case _SDR_OGC_CASE_3:
              
                                  *pusDCRToLV = tGDSDROGCCase3Lv[usDCRMaxY];
                                  break;
              
                              case _SDR_OGC_CASE_4:
              
                                  *pusDCRToLV = tGDSDROGCCase4Lv[usDCRMaxY];
                                  break;
              
                              case _SDR_OGC_CASE_5:
              
                                  *pusDCRToLV = tGDSDROGCCase5Lv[usDCRMaxY];
                                  break;
              
                              case _SDR_OGC_CASE_6:
              
                                  *pusDCRToLV = tGDSDROGCCase6Lv[usDCRMaxY];
                                  break;
              
                              default:
                                  break;
                          }
                      }
                      else
                      {
                          *pusDCRToLV = tGDSDRGamma22Lv[usDCRMaxY];
                      }
                  }
              }
              
              //--------------------------------------------------
              // Description  :
              // Input Value  :
C51 COMPILER V9.60.0.0   USERCOMMONGLOBALDIMMING                                           09/18/2026 20:39:49 PAGE 8   

              // Output Value :
              //--------------------------------------------------
              void UserCommonGlobalDimmingStepToTarget(WORD *pusApplyLv, WORD *pusTargetLv, WORD *pusLastApplyLv, WORD u
             -sDCRResult, WORD *pusLastDCRResult)
              {
                  if(usDCRResult > *pusLastDCRResult)
                  {
              #if(_GLOBAL_DIMMING_DARK_SENSITIVITY_SUPPORT == _ON)
                      if(g_usGDLastBlackPer >= _GLOBAL_DIMMING_ONE_STEP_THD)
                      {
                          g_usGDR = 1024;
                          DebugMessageHDR("one step", 0x00);
                      }
                      else
              #endif
                      {
                          if((*pusTargetLv - *pusLastApplyLv) == (tGDHDRToneMappingLv540[255] - tGDHDRToneMappingLv540[0
             -]))
                          {
                              g_usGDR = 1024;
                          }
                          else
                          {
                              g_usGDR = tStepRTable[usDCRResult - *pusLastDCRResult];
                          }
                      }
                  }
                  else
                  {
              #if(_FREESYNC_II_SUPPORT == _ON)
                      if((GET_FREESYNC_ENABLED() == _TRUE) &&
                         (g_usGDLastBlackPer >= _GLOBAL_DIMMING_ONE_STEP_THD) &&
                         (usDCRResult == 0) &&
                         (*pusLastApplyLv == tGDHDR2084Lv[255]))
                      {
                          g_usGDR = 1024;
                      }
                      else
              #endif
                      {
                          g_usGDR = tStepRTable[(*pusLastDCRResult) - usDCRResult];
                      }
                  }
              
              #if((_OGC_SUPPORT == _ON) || (_OCC_SUPPORT == _ON) || (_OGC_DICOM_SUPPORT == _ON) || (_UNIFORMITY_SUPPORT 
             -== _ON))
              #if(_GLOBAL_DIMMING_OCC_TOOL_SUPPORT == _ON)
                  if(GET_ON_LINE_GD_HDR_CALIBRATION_STATUS() == _ON)
                  {
                      g_usGDR = 1024;
                  }
              #endif
              #endif
              
                  *pusApplyLv = ((((DWORD)g_usGDR * *pusTargetLv) + ((DWORD)(1024 - g_usGDR) * *pusLastApplyLv)) + 512) 
             -/ 1024;
              
                  if(*pusApplyLv == *pusLastApplyLv)
                  {
                      if((*pusApplyLv > *pusTargetLv) && (*pusApplyLv != 0))
                      {
                          *pusApplyLv = *pusApplyLv - 1;
C51 COMPILER V9.60.0.0   USERCOMMONGLOBALDIMMING                                           09/18/2026 20:39:49 PAGE 9   

                      }
                      else if(*pusApplyLv < *pusTargetLv)
                      {
                          *pusApplyLv = *pusApplyLv + 1;
                      }
                  }
              
                  *pusLastApplyLv = *pusApplyLv;
                  *pusLastDCRResult = usDCRResult;
              }
              
              //--------------------------------------------------
              // Description  : Set driver PWM
              // Input Value  : Panel Apply PWM
              // Output Value : void
              //--------------------------------------------------
              void UserCommonGlobalDimmingCalPWMValue(WORD usApplyLv)
              {
                  WORD usPWM = _GD_PANEL_PWM_MAX;
                  WORD usMaxDelPWM = _GD_PANEL_PWM_MAX;
              
              #if(_GLOBAL_DIMMING_HDR_FINE_TUNE_MODE_SUPPORT == _ON)
              #if(_ULTRA_HDR_SUPPORT == _ON)
              #if(_HDR10_SUPPORT == _ON)
                  if(UserCommonHDRGetHDR10Status() == _HDR10_ON)
                  {
                      usApplyLv = g_usColorGDDCRToLV_PWM;
                  }
              #endif
              #endif
              #endif
              
                  usPWM = ((DWORD)(usApplyLv) * _GD_PANEL_PWM_MAX) / _GD_PANEL_LV_MAX;
              
                  if(usPWM > _GD_PANEL_PWM_MAX)
                  {
                      usPWM = _GD_PANEL_PWM_MAX;
                  }
                  else if(usPWM < _GD_PANEL_PWM_MIN)
                  {
                      usPWM = _GD_PANEL_PWM_MIN;
                  }
              
                  usMaxDelPWM = ((((DWORD)g_usGDR * usPWM) + ((DWORD)(1024 - g_usGDR) * g_usLastApplyPWM))) / 1024;
              
                  if(usMaxDelPWM == g_usLastApplyPWM)
                  {
                      if((usMaxDelPWM > usPWM) && (usMaxDelPWM > _GD_PANEL_PWM_MIN))
                      {
                          usMaxDelPWM = usMaxDelPWM - 1;
                      }
                      else if(usMaxDelPWM < usPWM)
                      {
                          usMaxDelPWM = usMaxDelPWM + 1;
                      }
                  }
              
                  if(usPWM > g_usLastApplyPWM)
                  {
                      if(usPWM > usMaxDelPWM)
                      {
                          usPWM = usMaxDelPWM;
C51 COMPILER V9.60.0.0   USERCOMMONGLOBALDIMMING                                           09/18/2026 20:39:49 PAGE 10  

                      }
                  }
                  else
                  {
                      if(usPWM < usMaxDelPWM)
                      {
                          usPWM = usMaxDelPWM;
                      }
                  }
              
                  g_usLastApplyPWM = usPWM;
                  UserCommonGlobalDimmingSetPWMValue(UserCommonGlobalDimmingGetPWMTableValue(usPWM));
              
                  DebugMessageHDR("usPWM", usPWM);
              }
              
              //--------------------------------------------------
              // Description  : Global dimming initial setting
              // Input Value  : void
              // Output Value : void
              //--------------------------------------------------
              void UserCommonGlobalDimmingInitialSetting(bit bEn)
              {
                  BYTE pucSRGBMatrixOriginal[24] = {0};
                  SWORD shSRGBValueOriginal = 0;
                  SWORD shDiagoanlValueHalf = 0;
                  BYTE ucI = 0;
                  BYTE ucDecimalNum = 0;
                  BYTE ucShiftNum = 0;
              
                  // SRGB
              #if(_HDR10_SUPPORT == _ON)
                  if(UserCommonHDRGetHDR10Status() == _HDR10_ON)
                  {
                      WORD usHDRColorMatrixFlashAddress = UserCommonHDRGetHDR10ColorMatrix();
                      UserCommonFlashRead(_OGC_FLASH_BANK, usHDRColorMatrixFlashAddress, 18, pucSRGBMatrixOriginal);
                      ucDecimalNum = 11;
                  }
                  else
              #endif
                  {
                      if(UserInterfaceGetSDRPCMMode() != _SDR_NONE_OCC)
                      {
                          switch(UserInterfaceGetSDRPCMMode())
                          {
                              case _SDR_SRGB:
                                  UserCommonFlashRead(_OGC_FLASH_BANK, _OCC_SRGBMATRIX_ADDRESS, 18, pucSRGBMatrixOrigina
             -l);
                                  ucDecimalNum = 12;
                                  break;
              
                              case _SDR_ADOBE_RGB:
                                  UserCommonFlashRead(_OGC_FLASH_BANK, _OCC_ADOBEMATRIX_ADDRESS, 18, pucSRGBMatrixOrigin
             -al);
                                  ucDecimalNum = 12;
                                  break;
              
                              case _SDR_EBU_MODE:
                                  UserCommonFlashRead(_OGC_FLASH_BANK, _OCC_EBU_ADDRESS, 18, pucSRGBMatrixOriginal);
                                  ucDecimalNum = 12;
                                  break;
              
C51 COMPILER V9.60.0.0   USERCOMMONGLOBALDIMMING                                           09/18/2026 20:39:49 PAGE 11  

                              case _SDR_REC_709:
                                  UserCommonFlashRead(_OGC_FLASH_BANK, _OCC_REC709_ADDRESS, 18, pucSRGBMatrixOriginal);
                                  ucDecimalNum = 12;
                                  break;
              
                              case _SDR_DCI_P3:
                                  UserCommonFlashRead(_OGC_FLASH_BANK, _OCC_DCIP3_ADDRESS, 18, pucSRGBMatrixOriginal);
                                  ucDecimalNum = 12;
                                  break;
              
                              default:
                                  break;
                          }
                      }
                      else if(UserInterfaceGetSDROGCMode() != _SDR_NONE_OGC)
                      {
                          ucDecimalNum = 9;
                      }
              #if(_OCC_PCM_GAMMA_SUPPORT == _ON)
                      else
                      {
                          DWORD ulAddress = UserCommonAdjustOCCPCMGammaGetsRGBCTTableAddress(UserInterfaceGetSDRPCMOCCGa
             -mmaMode(), _OGC_NORMAL_TYPE);
                          UserCommonFlashRead(_OGC_FLASH_BANK, ulAddress, 18, pucSRGBMatrixOriginal);
                          ucDecimalNum = 11;
                      }
              #endif
                  }
              
                  if(ucDecimalNum == 0)
                  {
                      return;
                  }
              
              #if(_HDR10_SUPPORT == _ON)
              #if((_OGC_SUPPORT == _ON) || (_OCC_SUPPORT == _ON) || (_OGC_DICOM_SUPPORT == _ON) || (_UNIFORMITY_SUPPORT 
             -== _ON))
              #if(_GLOBAL_DIMMING_OCC_TOOL_SUPPORT == _ON)
                  if(GET_ON_LINE_GD_HDR_CALIBRATION_STATUS() == _ON)
                  {
                      UserCommonFlashRead(_OGC_FLASH_BANK, _OCC_HDR10_BT2020_MATRIX_ADDRESS, 18, pucSRGBMatrixOriginal);
                  }
              #endif
              #endif
              #endif
              
                  ucShiftNum = (ucDecimalNum - 9);
              
                  if(bEn == _ENABLE)
                  {
                      for(ucI = 0; ucI < 9; ucI++)
                      {
                          SWORD shValue = (((WORD)(pucSRGBMatrixOriginal[2 * ucI] & 0x01) << 15) |
                                           ((WORD)pucSRGBMatrixOriginal[(2 * ucI) + 1] << 7) |
                                           ((pucSRGBMatrixOriginal[2 * ucI] & 0xE0) >> 1));
                          shValue >>= 4;
              
                          shSRGBValueOriginal = (shValue + (ucShiftNum >> 1)) >> ucShiftNum;
              
                          if((ucI % 4) == 0)
                          {
                              shDiagoanlValueHalf = ((shSRGBValueOriginal + 0x201) >> 1) - 0x200;
C51 COMPILER V9.60.0.0   USERCOMMONGLOBALDIMMING                                           09/18/2026 20:39:49 PAGE 12  

                          }
                          else
                          {
                              shDiagoanlValueHalf = (shSRGBValueOriginal + 1) >> 1;
                          }
                          g_pucSRGBMatrixHalf[2 * ucI] = ((shDiagoanlValueHalf & 0x07) << 5) | ((shDiagoanlValueHalf >> 
             -11) & 0x01);
                          g_pucSRGBMatrixHalf[2 * ucI + 1] = (shDiagoanlValueHalf >> 3) & 0xFF;
                      }
                      ScalerColorSRGBAdjust(g_pucSRGBMatrixHalf, _SRGB_3_BIT_SHIFT_LEFT);
                  }
                  else
                  {
                      if(ucDecimalNum == 11)
                      {
                          ScalerColorSRGBAdjust(pucSRGBMatrixOriginal, _SRGB_1_BIT_SHIFT_LEFT);
                      }
                      else if(ucDecimalNum == 12)
                      {
                          ScalerColorSRGBAdjust(pucSRGBMatrixOriginal, _SRGB_0_BIT_SHIFT_LEFT);
                      }
                      else if(ucDecimalNum == 9)
                      {
                          ScalerColorSRGBAdjust(pucSRGBMatrixOriginal, _SRGB_3_BIT_SHIFT_LEFT);
                      }
                  }
                  // for Black percentage
                  g_usGDLastBlackPer = 0;
                  g_usGDCurrentBlackPer = 0;
                  ScalerColorDCRAdjust(_GLOBAL_DIMMING_BLACK_THD, _GLOBAL_DIMMING_WHITE_THD, _MEASURE_Y);
              
              #if(_GLOBAL_DIMMING_PATTERN_ESTIMATE == _ON)
                  ScalerMeasureGlobalDimmingPatternEstimateInitial();
              #endif
              #if(_GLOBAL_DIMMING_ONLINE_CALIBRATION_SUPPORT == _ON)
                  UserCommonFlashRead(_OGC_FLASH_BANK, ((WORD)_OGC_FLASH_PAGE << 12) + _GD_FINISH_ADDRESS, 1, &g_ucColor
             -OnlineTable);
              #endif
              }
              
              
              //--------------------------------------------------
              // Description  :Apply Gain Value
              // Input Value  : void
              // Output Value : void
              //--------------------------------------------------
              void UserCommonGlobalDimmingSetGainValue(void)
              {
                  WORD usGainValue = 0;
                  WORD usApplyGainValue = 0;
                  BYTE pucSRGBMatrix[24] = {0};
                  BYTE ucI = 0;
              
              #if(_GLOBAL_DIMMING_DARK_MODE_SUPPORT == _ON)
                  if(g_usGDApplyLV < _GD_DARK_MODE_THD)
                  {
                      WORD usGap = _GD_DARK_MODE_THD - _GD_DARK_MODE_MIN;
                      if(g_usGDApplyLV < _GD_DARK_MODE_MIN)
                      {
                          g_usGDApplyLV = _GD_DARK_MODE_MIN;
                      }
                      usGainValue = (1 + 4 * (g_usGDApplyLV - _GD_DARK_MODE_MIN) / (usGap)) << 9;
C51 COMPILER V9.60.0.0   USERCOMMONGLOBALDIMMING                                           09/18/2026 20:39:49 PAGE 13  

                  }
                  else
              #endif
                  {
                      usGainValue = (((DWORD)_GD_PANEL_LV_MAX << 9) / g_usGDApplyLV);
                  }
              
                  usApplyGainValue = ((((DWORD)g_usGDR * usGainValue) + ((DWORD)g_usLastGainValue * (1024 - g_usGDR))) +
             - 512) / 1024;
              
                  if(usApplyGainValue == g_usLastGainValue)
                  {
                      if(usApplyGainValue < usGainValue)
                      {
                          usApplyGainValue = usApplyGainValue + 1;
                      }
                      else if((usApplyGainValue > usGainValue) && (usApplyGainValue > 512))
                      {
                          usApplyGainValue = usApplyGainValue - 1;
                      }
                  }
              
                  usApplyGainValue = (usApplyGainValue > _GLOBAL_DIMMING_MAX_GAIN) ? _GLOBAL_DIMMING_MAX_GAIN : usApplyG
             -ainValue;
                  usApplyGainValue = (usApplyGainValue < _GLOBAL_DIMMING_MIN_GAIN) ? _GLOBAL_DIMMING_MIN_GAIN : usApplyG
             -ainValue;
              
                  DebugMessageHDR("usApplyGainValue", usApplyGainValue);
              
                  g_usLastGainValue = usApplyGainValue;
              
                  for(ucI = 0; ucI < 9; ucI++)
                  {
                      SDWORD lSRGBApplylValue = 0;
                      SWORD shValue = (((WORD)(g_pucSRGBMatrixHalf[2 * ucI] & 0x01) << 15) |
                                       ((WORD)g_pucSRGBMatrixHalf[(2 * ucI) + 1] << 7) |
                                       ((g_pucSRGBMatrixHalf[2 * ucI] & 0xE0) >> 1));
                      shValue >>= 4;
              
                      if((ucI % 4) == 0)
                      {
                          lSRGBApplylValue = (((SDWORD)shValue * (SDWORD)usApplyGainValue + 0x100) >> 9) +
                                             ((((SDWORD)usApplyGainValue * 0x200) + 0x100) >> 9) - 0x200;
                      }
                      else
                      {
                          lSRGBApplylValue = ((SDWORD)shValue * (SDWORD)usApplyGainValue + 0x100) >> 9;
                      }
              
                      if(lSRGBApplylValue > _GLOBAL_DIMMING_SRGB_MAX)
                      {
                          DebugMessageHDR("lSRGBApplylValue", lSRGBApplylValue);
                          lSRGBApplylValue = _GLOBAL_DIMMING_SRGB_MAX;
                      }
              
                      pucSRGBMatrix[2 * ucI] = ((lSRGBApplylValue & 0x07) << 5) | ((lSRGBApplylValue >> 11) & 0x01);
                      pucSRGBMatrix[2 * ucI + 1] = (lSRGBApplylValue >> 3) & 0xFF;
                  }
              
                  ScalerColorSRGBAdjust(pucSRGBMatrix, _SRGB_3_BIT_SHIFT_LEFT);
              }
              
C51 COMPILER V9.60.0.0   USERCOMMONGLOBALDIMMING                                           09/18/2026 20:39:49 PAGE 14  

              //--------------------------------------------------
              // Description  : Enable Global Dimming Function in OSD
              // Input Value  : _Enable or _Disable
              // Output Value : void
              //--------------------------------------------------
              void UserCommonGlobalDimmingEnable(bit bEn)
              {
                  ScalerTimerWaitForEvent(_EVENT_DEN_STOP);
                  ScalerColorOutputGammaEnable(_FUNCTION_OFF);
                  ScalerColorSRGBEnable(_FUNCTION_OFF);
                  ScalerColorPCMInputGammaEnable(_FUNCTION_OFF);
              
                  UserCommonGlobalDimmingInitialSetting(bEn);
              
              #if(_HDR10_SUPPORT == _ON)
                  if(UserCommonHDRGetHDR10Status() == _HDR10_ON)
                  {
                      WORD usOCCGammaTableArray = ((bEn == _ON) ? _DIMMING_OCC_GAMMA10_ADDRESS : _OCC_GAMMA10_ADDRESS);
              
                      ScalerColorPCMOutputGammaAdjust(g_pucDISP_CALIBRATION_FLASH + usOCCGammaTableArray, _OGC_FLASH_BAN
             -K);
              
                      ScalerTimerWaitForEvent(_EVENT_DEN_STOP);
                      ScalerColorOutputGammaEnable(_FUNCTION_ON);
                      ScalerColorSRGBEnable(_FUNCTION_ON);
                      ScalerColorPCMInputGammaEnable(_FUNCTION_ON);
                  }
                  else
              #endif
                  {
                      UserInterfaceGlobalDimmingAdjustPCM();
                  }
              }
              
              //--------------------------------------------------
              // Description  : Set PWM value
              // Input Value  : PWM value, 0~2048
              // Output Value : void
              //--------------------------------------------------
              void UserCommonGlobalDimmingSetPWMValue(WORD usPWM)
              {
                  UserInterfaceGlobalDimmingAdjustPWM(usPWM);
              }
              
              #if(_GLOBAL_DIMMING_LOW_SENSITIVITY_SUPPORT == _ON)
              //--------------------------------------------------
              // Description  : Set PWM value
              // Input Value  : PWM value, 0~2048
              // Output Value : void
              //--------------------------------------------------
              WORD UserCommonGlobalDimmingLowSensitivityTatget(WORD usDCRMaxY, WORD usLastDCRMaxY)
              {
                  if(abs(usDCRMaxY - usLastDCRMaxY) > _GD_TRIGGER_VALUE)
                  {
                      return usDCRMaxY;
                  }
              
                  return usLastDCRMaxY;
              }
              #endif
              
              
C51 COMPILER V9.60.0.0   USERCOMMONGLOBALDIMMING                                           09/18/2026 20:39:49 PAGE 15  

              //--------------------------------------------------
              // Description  : Cacualte black percentage for current frame and last frmae
              // Input Value  : void
              // Output Value : void
              //--------------------------------------------------
              void UserCommonGlobalDimmingBlackPerCal(void)
              {
                  DWORD ulpanelsize = 0;
                  DWORD ulCurrentTotalBlack = 0;
                  g_usGDLastBlackPer = g_usGDCurrentBlackPer;
                  ulpanelsize = ((DWORD)_PANEL_DH_WIDTH) * ((DWORD)_PANEL_DV_HEIGHT);
                  ulCurrentTotalBlack = ulpanelsize - ScalerColorDCRReadResult(_DCR_ABOVE_TH1_NUM);
                  g_usGDCurrentBlackPer = GET_DWORD_MUL_DIV(ulCurrentTotalBlack, 1000, ulpanelsize);
                  DebugMessageHDR("ulCurrentTotalBlack", ulCurrentTotalBlack);
                  DebugMessageHDR("ulpanelsize", ulpanelsize);
                  DebugMessageHDR("g_usGDCurrentBlackPer", g_usGDCurrentBlackPer);
                  DebugMessageHDR("g_usGDLastBlackPer", g_usGDLastBlackPer);
              }
              
              #if(_GLOBAL_DIMMING_PATTERN_ESTIMATE == _ON)
              //--------------------------------------------------
              // Description  : Cacualte black percentage for current frame and last frmae
              // Input Value  : void
              // Output Value : void
              //--------------------------------------------------
              bit UserCommonGlobalDimmingPatternEstimate(EnumGDPatternType enumPatternType)
              {
                  bit bStatus = _FALSE;
              
                  switch(enumPatternType)
                  {
                      case _GD_PATTERN_MIDDLE_BLACK:
                          if((g_usGDCurrentBlackPer > 850) &&
                             (g_usGDCurrentBlackPer < 950) &&
                             (g_usGDDCRToLV == tGDHDR2084Lv[255]))
                          {
                              if(ScalerMeasureGlobalDimmingPatternEstimateGetResult(_AUTO_GREEN_CHANNEL) < 2)
                              {
                                  bStatus = _TRUE;
                              }
                          }
                          break;
              
                      default:
                          break;
                  }
              
                  return bStatus;
              }
              #endif
              
              #if(_GLOBAL_DIMMING_ONLINE_CALIBRATION_SUPPORT == _ON)
              //--------------------------------------------------
              // Description  : Get Word from calibration data in flash
              // Input Value  : BYTE ucBank, BYTE ucPage, WORD usStartAddress, WORD usIndex, BYTE bSwap
              // Output Value : WORD data
              //--------------------------------------------------
              WORD UserCommonGlobalDimmingGetWordFromFlash(BYTE ucBank, BYTE ucPage, WORD usStartAddress, WORD usIndex, 
             -BYTE ucSwap)
              {
                  BYTE pucData[2] = {0};
                  WORD usCombineData = 0;
C51 COMPILER V9.60.0.0   USERCOMMONGLOBALDIMMING                                           09/18/2026 20:39:49 PAGE 16  

                  UserCommonFlashRead(ucBank, ((WORD)ucPage << 12) | (usStartAddress + 2 * usIndex), 2, pucData);
                  if(ucSwap == _TRUE)
                  {
                      usCombineData = (pucData[0] << 8) | pucData[1];
                  }
                  else
                  {
                      usCombineData = (pucData[1] << 8) | pucData[0];
                  }
                  return usCombineData;
              }
              #endif
              //--------------------------------------------------
              // Description  : Get PWM LUT value
              // Input Value  : WORD usOfflineValue, WORD usIndex
              // Output Value : PWM LUT value
              //--------------------------------------------------
              WORD UserCommonGlobalDimmingGetPWMTableValue(WORD usIndex)
              {
              #if(_GLOBAL_DIMMING_ONLINE_CALIBRATION_SUPPORT == _ON)
                  if(g_ucColorOnlineTable == _TRUE)
                  {
                      return UserCommonGlobalDimmingGetWordFromFlash(_OGC_FLASH_BANK, _OGC_FLASH_PAGE, _OCC_GLOBAL_DIMMI
             -NG_PWMLUT_ADDRESS, usIndex, _TRUE);
                  }
                  else
              #endif
                  {
              #if(_DEVICE_LED_DRIVER_TYPE == _DEVICE_LED_DRIVER_NONE)
                      return tGDPWMLUT[usIndex];
              #else
                      return usIndex;
              #endif
                  }
              }
              #endif // End of #if(_Global_DIMMING_SUPPORT == _ON)


MODULE INFORMATION:   STATIC OVERLAYABLE
   CODE SIZE        =   ----    ----
   CONSTANT SIZE    =   ----    ----
   XDATA SIZE       =   ----    ----
   PDATA SIZE       =   ----    ----
   DATA SIZE        =   ----    ----
   IDATA SIZE       =   ----    ----
   BIT SIZE         =   ----    ----
END OF MODULE INFORMATION.


C51 COMPILATION COMPLETE.  0 WARNING(S),  0 ERROR(S)
