C51 COMPILER V8.12   USERCOMMONFWUPDATESIGNATURETABLE                                      09/16/2026 20:28:57 PAGE 1   


C51 COMPILER V8.12, COMPILATION OF MODULE USERCOMMONFWUPDATESIGNATURETABLE
OBJECT MODULE PLACED IN .\Output\RL6432_Project\UserCommonFwUpdateSignatureTable.obj
COMPILER INVOKED BY: c:\Keil\C51\BIN\C51.EXE Kernel\User Common Function\Code\UserCommonFwUpdateSignatureTable.c LARGE O
                    -PTIMIZE(9,SPEED) INCDIR(.\Output\RL6432;.\Project\Header;.\Pcb;.\Panel;.\Kernel\Device\Header;.\Kernel\Common;.\Kernel\S
                    -ystem\Header;.\Kernel\Scaler\ScalerFunction\Header;.\Kernel\Scaler\ScalerCommonFunction\Header;.\Kernel\Scaler\ScalerFun
                    -ction\Lib\Header;.\Kernel\Scaler\ScalerCommonFunction\Lib\Header;.\Kernel\Scaler\RL6432_Series_Scaler\Header;.\Kernel\Sc
                    -aler\RL6432_Series_Common\Header;.\Kernel\Scaler\RL6432_Series_Scaler\Lib\Header;.\Kernel\Scaler\RL6432_Series_Common\Li
                    -b\Header;.\Kernel\User Common Function\Header;.\User\RTD Series\RTD2014Function\Header;.\User\RTD Series\RTD2014Osd\Head
                    -er;.\User\RTD Factory\Header;.\User\None Series\NoneFunction\Header;.\User\None Series\NoneOsd\Header;.\User\None Factor
                    -y\Header) DEFINE(_PROJECT=_RL6432_PROJECT,_SCALER_TYPE=_RL6432_SERIES) DEBUG OBJECTEXTEND PRINT(.\Output\RL6432_Project\
                    -UserCommonFwUpdateSignatureTable.lst) OBJECT(.\Output\RL6432_Project\UserCommonFwUpdateSignatureTable.obj)

line level    source

   1          /********************************************************************************/
   2          /*   Copyright (c) 2021 Realtek Semiconductor Corp. All rights reserved.        */
   3          /*                                                                              */
   4          /*   SPDX-License-Identifier: LicenseRef-Realtek-Proprietary                    */
   5          /*                                                                              */
   6          /*   This software component is confidential and proprietary to Realtek         */
   7          /*   Semiconductor Corp. Disclosure, reproduction, redistribution, in whole     */
   8          /*   or in part, of this work and its derivatives without express permission    */
   9          /*   is prohibited.                                                             */
  10          /********************************************************************************/
  11          
  12          //----------------------------------------------------------------------------------------------------
  13          // ID Code      : UserCommonFwUpdateSignatureTable.c No.0000
  14          // Update Note  :
  15          //----------------------------------------------------------------------------------------------------
  16          
  17          #define __USER_COMMON_FW_UPDATE_SIGNATURE_TABLE__
  18          
  19          #include "UserCommonInclude.h"
  20          
  21          #if(_FW_UPDATE_FOREGROUND_SUPPORT == _ON)
              //****************************************************************************
              // DEFINITIONS / MACROS
              //****************************************************************************
              
              //****************************************************************************
              // STRUCT / TYPE / ENUM DEFINITTIONS
              //****************************************************************************
              
              //****************************************************************************
              // CODE TABLES
              //****************************************************************************
              #if(_FW_UPDATE_CHECK_TYPE == _FW_UPDATE_CHECK_RTK_RSA2048)
              // 4K byte is reserved for RSA2048 Signature Info
              BYTE code tFW_UPDATE_SIGNATURE_TABLE[] =
              {
              #include <UserCommonDualBankUser1KTable.h>
              #include <UserCommonDualBankUser1KTable.h>
              #include <UserCommonDualBankUser1KTable.h>
              #include <UserCommonDualBankUser1KTable.h>
              };
              #endif
              
              //****************************************************************************
              // VARIABLE DECLARATIONS
              //****************************************************************************
              
C51 COMPILER V8.12   USERCOMMONFWUPDATESIGNATURETABLE                                      09/16/2026 20:28:57 PAGE 2   

              //****************************************************************************
              // FUNCTION DECLARATIONS
              //****************************************************************************
              
              //****************************************************************************
              // FUNCTION DEFINITIONS
              //****************************************************************************
              
              
              #endif
  58          


MODULE INFORMATION:   STATIC OVERLAYABLE
   CODE SIZE        =   ----    ----
   CONSTANT SIZE    =   ----    ----
   XDATA SIZE       =   ----    ----
   PDATA SIZE       =   ----    ----
   DATA SIZE        =   ----    ----
   IDATA SIZE       =   ----    ----
   BIT SIZE         =   ----    ----
END OF MODULE INFORMATION.


C51 COMPILATION COMPLETE.  0 WARNING(S),  0 ERROR(S)
