C51 COMPILER V9.60.0.0   USERCOMMONCEC                                                     09/20/2026 19:44:41 PAGE 1   


C51 COMPILER V9.60.0.0, COMPILATION OF MODULE USERCOMMONCEC
OBJECT MODULE PLACED IN .\Output\RL6432_Project\UserCommonCec.obj
COMPILER INVOKED BY: C:\Keil_v5\C51\BIN\C51.EXE Kernel\User Common Function\Code\UserCommonCec.c LARGE OPTIMIZE(9,SPEED)
                    - INCDIR(.\Output\RL6432;.\Project\Header;.\Pcb;.\Panel;.\Kernel\Device\Header;.\Kernel\Common;.\Kernel\System\Header;.\K
                    -ernel\Scaler\ScalerFunction\Header;.\Kernel\Scaler\ScalerCommonFunction\Header;.\Kernel\Scaler\ScalerFunction\Lib\Header
                    -;.\Kernel\Scaler\ScalerCommonFunction\Lib\Header;.\Kernel\Scaler\RL6432_Series_Scaler\Header;.\Kernel\Scaler\RL6432_Seri
                    -es_Common\Header;.\Kernel\Scaler\RL6432_Series_Scaler\Lib\Header;.\Kernel\Scaler\RL6432_Series_Common\Lib\Header;.\Kerne
                    -l\User Common Function\Header;.\User\RTD Series\RTD2014Function\Header;.\User\RTD Series\RTD2014Osd\Header;.\User\RTD Fa
                    -ctory\Header;.\User\None Series\NoneFunction\Header;.\User\None Series\NoneOsd\Header;.\User\None Factory\Header) DEFINE
                    -(_PROJECT=_RL6432_PROJECT,_SCALER_TYPE=_RL6432_SERIES) DEBUG OBJECTEXTEND PRINT(.\Output\RL6432_Project\UserCommonCec.ls
                    -t) TABS(2) OBJECT(.\Output\RL6432_Project\UserCommonCec.obj)

line level    source

   1          /********************************************************************************/
   2          /*   Copyright (c) 2021 Realtek Semiconductor Corp. All rights reserved.        */
   3          /*                                                                              */
   4          /*   SPDX-License-Identifier: LicenseRef-Realtek-Proprietary                    */
   5          /*                                                                              */
   6          /*   This software component is confidential and proprietary to Realtek         */
   7          /*   Semiconductor Corp. Disclosure, reproduction, redistribution, in whole     */
   8          /*   or in part, of this work and its derivatives without express permission    */
   9          /*   is prohibited.                                                             */
  10          /********************************************************************************/
  11          
  12          //----------------------------------------------------------------------------------------------------
  13          // ID Code      : UserCommonCec.c No.0000
  14          // Update Note  :
  15          //----------------------------------------------------------------------------------------------------
  16          
  17          #define __USER_COMMON_CEC__
  18          
  19          #include "UserCommonInclude.h"
  20          
  21          #if(_HDMI_CEC_SUPPORT == _ON)
              
              //****************************************************************************
              // DEFINITIONS / MACROS
              //****************************************************************************
              
              
              //****************************************************************************
              // STRUCT / TYPE / ENUM DEFINITTIONS
              //****************************************************************************
              
              
              //****************************************************************************
              // CODE TABLES
              //****************************************************************************
              
              
              //****************************************************************************
              // VARIABLE DECLARATIONS
              //****************************************************************************
              
              
              //****************************************************************************
              // FUNCTION DECLARATIONS
              //****************************************************************************
              void UserCommonCecReceiveNotify(void);
              void UserCommonCecTransmitInfoPrepare(void);
C51 COMPILER V9.60.0.0   USERCOMMONCEC                                                     09/20/2026 19:44:41 PAGE 2   

              
              
              //****************************************************************************
              // FUNCTION DEFINITIONS
              //****************************************************************************
              //--------------------------------------------------
              // Description  : Received CEC RX INFO bypass to User
              // Input Value  : None
              // Output Value : None
              //--------------------------------------------------
              void UserCommonCecReceiveNotify(void)
              {
                  if(GET_CEC_RX_READ_DONE() == _TRUE)
                  {
                      StructCecRxReceivedInfo stCecRxInfo;
                      memcpy(&stCecRxInfo, &g_stCecRxReceivedInfo, sizeof(StructCecRxReceivedInfo));
              
                      DebugMessageCEC("CEC RX Read: HB ", g_stCecRxReceivedInfo.ucReceivedHb);
                      for(pData[0] = 0; pData[0] < g_stCecRxReceivedInfo.ucDbLength; pData[0]++)
                      {
                          DebugMessageCEC("CEC RX Read: DB ", g_stCecRxReceivedInfo.pucReceivedDb[pData[0]]);
                      }
              
                      // <Polling Message won't Notify User>
                      if(g_stCecRxReceivedInfo.ucDbLength > 0)
                      {
                          // Pass Cec Rx Info to User
                          UserInterfaceCecReceivedNotify(&stCecRxInfo);
              
                          SET_CEC_RX_MSG_ANALYZING();
                      }
              
                      CLR_CEC_RX_READ_DONE();
              
                      // reset Cec rx struct
                      memset(&g_stCecRxReceivedInfo, 0, sizeof(g_stCecRxReceivedInfo));
                  }
              }
              
              //--------------------------------------------------
              // Description  : Catch Cec Tx
              // Input Value  : None
              // Output Value : None
              //--------------------------------------------------
              void UserCommonCecTransmitInfoPrepare(void)
              {
                  if(ScalerCecGetTxState() == _CEC_TX_IDLE_STATE)
                  {
                      StructCecTxTransmitInfo stCecTxInfo;
                      memset(&stCecTxInfo, 0, sizeof(StructCecTxTransmitInfo));
              
                      if(UserInterfaceCecTransmitInfoPrepare(&stCecTxInfo) == _TRUE)
                      {
                          memcpy(&g_stCecTxTransmitInfo, &stCecTxInfo, sizeof(StructCecTxTransmitInfo));
              
                          SET_CEC_TX_START();
                      }
                  }
              }
              #endif


C51 COMPILER V9.60.0.0   USERCOMMONCEC                                                     09/20/2026 19:44:41 PAGE 3   

MODULE INFORMATION:   STATIC OVERLAYABLE
   CODE SIZE        =   ----    ----
   CONSTANT SIZE    =   ----    ----
   XDATA SIZE       =   ----    ----
   PDATA SIZE       =   ----    ----
   DATA SIZE        =   ----    ----
   IDATA SIZE       =   ----    ----
   BIT SIZE         =   ----    ----
END OF MODULE INFORMATION.


C51 COMPILATION COMPLETE.  0 WARNING(S),  0 ERROR(S)
